interactions:
- request:
    body: ''
    headers:
      Authorization:
      - <TOKEN>
      accept:
      - application/vnd.github.machine-man-preview+json
      host:
      - api.github.com
    method: GET
    uri: https://api.github.com/user
  response:
    content: '{"login":"mergify-test1","id":38494943,"node_id":"MDQ6VXNlcjM4NDk0OTQz","avatar_url":"https://avatars.githubusercontent.com/u/38494943?v=4","gravatar_id":"","url":"https://api.github.com/users/mergify-test1","html_url":"https://github.com/mergify-test1","followers_url":"https://api.github.com/users/mergify-test1/followers","following_url":"https://api.github.com/users/mergify-test1/following{/other_user}","gists_url":"https://api.github.com/users/mergify-test1/gists{/gist_id}","starred_url":"https://api.github.com/users/mergify-test1/starred{/owner}{/repo}","subscriptions_url":"https://api.github.com/users/mergify-test1/subscriptions","organizations_url":"https://api.github.com/users/mergify-test1/orgs","repos_url":"https://api.github.com/users/mergify-test1/repos","events_url":"https://api.github.com/users/mergify-test1/events{/privacy}","received_events_url":"https://api.github.com/users/mergify-test1/received_events","type":"User","site_admin":false,"name":"mergify-test-user-1","company":"@mergifyio","blog":"https://mergify.io","location":null,"email":null,"hireable":null,"bio":"This
      account is for testing purpose of the workflow of the GitHub App @mergifyio","twitter_username":"mergifyio","public_repos":0,"public_gists":0,"followers":0,"following":0,"created_at":"2018-04-18T10:42:59Z","updated_at":"2021-06-15T14:56:34Z","private_gists":0,"total_private_repos":0,"owned_private_repos":0,"disk_usage":0,"collaborators":0,"two_factor_authentication":false,"plan":{"name":"free","space":976562499,"collaborators":0,"private_repos":10000}}'
    headers:
      Content-Length:
      - '1560'
      Content-Type:
      - application/json; charset=utf-8
      X-Accepted-OAuth-Scopes:
      - ''
      X-GitHub-Media-Type:
      - github.v3; param=machine-man-preview; format=json
      X-OAuth-Scopes:
      - admin:enterprise, admin:gpg_key, admin:org, admin:org_hook, admin:public_key,
        admin:repo_hook, delete:packages, delete_repo, gist, notifications, repo,
        user, workflow, write:discussion, write:packages
    http_version: HTTP/1.1
    status_code: 200
- request:
    body: ''
    headers:
      Authorization:
      - <TOKEN>
      accept:
      - application/vnd.github.machine-man-preview+json
      host:
      - api.github.com
    method: GET
    uri: https://api.github.com/user
  response:
    content: '{"login":"mergify-test1","id":38494943,"node_id":"MDQ6VXNlcjM4NDk0OTQz","avatar_url":"https://avatars.githubusercontent.com/u/38494943?v=4","gravatar_id":"","url":"https://api.github.com/users/mergify-test1","html_url":"https://github.com/mergify-test1","followers_url":"https://api.github.com/users/mergify-test1/followers","following_url":"https://api.github.com/users/mergify-test1/following{/other_user}","gists_url":"https://api.github.com/users/mergify-test1/gists{/gist_id}","starred_url":"https://api.github.com/users/mergify-test1/starred{/owner}{/repo}","subscriptions_url":"https://api.github.com/users/mergify-test1/subscriptions","organizations_url":"https://api.github.com/users/mergify-test1/orgs","repos_url":"https://api.github.com/users/mergify-test1/repos","events_url":"https://api.github.com/users/mergify-test1/events{/privacy}","received_events_url":"https://api.github.com/users/mergify-test1/received_events","type":"User","site_admin":false,"name":"mergify-test-user-1","company":"@mergifyio","blog":"https://mergify.io","location":null,"email":null,"hireable":null,"bio":"This
      account is for testing purpose of the workflow of the GitHub App @mergifyio","twitter_username":"mergifyio","public_repos":0,"public_gists":0,"followers":0,"following":0,"created_at":"2018-04-18T10:42:59Z","updated_at":"2021-06-15T14:56:34Z","private_gists":0,"total_private_repos":0,"owned_private_repos":0,"disk_usage":0,"collaborators":0,"two_factor_authentication":false,"plan":{"name":"free","space":976562499,"collaborators":0,"private_repos":10000}}'
    headers:
      Content-Encoding:
      - gzip
      Content-Type:
      - application/json; charset=utf-8
      Transfer-Encoding:
      - chunked
      X-Accepted-OAuth-Scopes:
      - ''
      X-GitHub-Media-Type:
      - github.v3; param=machine-man-preview; format=json
      X-OAuth-Scopes:
      - admin:enterprise, admin:gpg_key, admin:org, admin:org_hook, admin:public_key,
        admin:repo_hook, delete:packages, delete_repo, gist, notifications, repo,
        user, workflow, write:discussion, write:packages
    http_version: HTTP/1.1
    status_code: 200
- request:
    body: ''
    headers:
      Authorization:
      - <TOKEN>
      accept:
      - application/vnd.github.machine-man-preview+json
      host:
      - api.github.com
    method: GET
    uri: https://api.github.com/user
  response:
    content: '{"login":"mergify-test2","id":38495008,"node_id":"MDQ6VXNlcjM4NDk1MDA4","avatar_url":"https://avatars.githubusercontent.com/u/38495008?v=4","gravatar_id":"","url":"https://api.github.com/users/mergify-test2","html_url":"https://github.com/mergify-test2","followers_url":"https://api.github.com/users/mergify-test2/followers","following_url":"https://api.github.com/users/mergify-test2/following{/other_user}","gists_url":"https://api.github.com/users/mergify-test2/gists{/gist_id}","starred_url":"https://api.github.com/users/mergify-test2/starred{/owner}{/repo}","subscriptions_url":"https://api.github.com/users/mergify-test2/subscriptions","organizations_url":"https://api.github.com/users/mergify-test2/orgs","repos_url":"https://api.github.com/users/mergify-test2/repos","events_url":"https://api.github.com/users/mergify-test2/events{/privacy}","received_events_url":"https://api.github.com/users/mergify-test2/received_events","type":"User","site_admin":false,"name":"mergify-test-user-2","company":"@mergifyio","blog":"https://mergify.io","location":null,"email":null,"hireable":null,"bio":"This
      account is for integration testing purpose of the workflow of the GitHub App
      @mergifyio","twitter_username":"mergifyio","public_repos":1,"public_gists":0,"followers":0,"following":0,"created_at":"2018-04-18T10:45:18Z","updated_at":"2021-06-15T14:56:35Z"}'
    headers:
      Content-Length:
      - '1358'
      Content-Type:
      - application/json; charset=utf-8
      X-Accepted-OAuth-Scopes:
      - ''
      X-GitHub-Media-Type:
      - github.v3; param=machine-man-preview; format=json
      X-OAuth-Scopes:
      - repo, workflow
    http_version: HTTP/1.1
    status_code: 200
- request:
    body: ''
    headers:
      Authorization:
      - <TOKEN>
      accept:
      - application/vnd.github.machine-man-preview+json
      host:
      - api.github.com
    method: GET
    uri: https://api.github.com/user
  response:
    content: '{"login":"mergify-test2","id":38495008,"node_id":"MDQ6VXNlcjM4NDk1MDA4","avatar_url":"https://avatars.githubusercontent.com/u/38495008?v=4","gravatar_id":"","url":"https://api.github.com/users/mergify-test2","html_url":"https://github.com/mergify-test2","followers_url":"https://api.github.com/users/mergify-test2/followers","following_url":"https://api.github.com/users/mergify-test2/following{/other_user}","gists_url":"https://api.github.com/users/mergify-test2/gists{/gist_id}","starred_url":"https://api.github.com/users/mergify-test2/starred{/owner}{/repo}","subscriptions_url":"https://api.github.com/users/mergify-test2/subscriptions","organizations_url":"https://api.github.com/users/mergify-test2/orgs","repos_url":"https://api.github.com/users/mergify-test2/repos","events_url":"https://api.github.com/users/mergify-test2/events{/privacy}","received_events_url":"https://api.github.com/users/mergify-test2/received_events","type":"User","site_admin":false,"name":"mergify-test-user-2","company":"@mergifyio","blog":"https://mergify.io","location":null,"email":null,"hireable":null,"bio":"This
      account is for integration testing purpose of the workflow of the GitHub App
      @mergifyio","twitter_username":"mergifyio","public_repos":1,"public_gists":0,"followers":0,"following":0,"created_at":"2018-04-18T10:45:18Z","updated_at":"2021-06-15T14:56:35Z"}'
    headers:
      Content-Encoding:
      - gzip
      Content-Type:
      - application/json; charset=utf-8
      Transfer-Encoding:
      - chunked
      X-Accepted-OAuth-Scopes:
      - ''
      X-GitHub-Media-Type:
      - github.v3; param=machine-man-preview; format=json
      X-OAuth-Scopes:
      - repo, workflow
    http_version: HTTP/1.1
    status_code: 200
- request:
    body: ''
    headers:
      Authorization:
      - <TOKEN>
      accept:
      - application/vnd.github.machine-man-preview+json
      host:
      - api.github.com
    method: GET
    uri: https://api.github.com/user/40527191/installation
  response:
    content: '{"id":15398551,"account":{"login":"mergifyio-testing","id":40527191,"node_id":"MDEyOk9yZ2FuaXphdGlvbjQwNTI3MTkx","avatar_url":"https://avatars.githubusercontent.com/u/40527191?v=4","gravatar_id":"","url":"https://api.github.com/users/mergifyio-testing","html_url":"https://github.com/mergifyio-testing","followers_url":"https://api.github.com/users/mergifyio-testing/followers","following_url":"https://api.github.com/users/mergifyio-testing/following{/other_user}","gists_url":"https://api.github.com/users/mergifyio-testing/gists{/gist_id}","starred_url":"https://api.github.com/users/mergifyio-testing/starred{/owner}{/repo}","subscriptions_url":"https://api.github.com/users/mergifyio-testing/subscriptions","organizations_url":"https://api.github.com/users/mergifyio-testing/orgs","repos_url":"https://api.github.com/users/mergifyio-testing/repos","events_url":"https://api.github.com/users/mergifyio-testing/events{/privacy}","received_events_url":"https://api.github.com/users/mergifyio-testing/received_events","type":"Organization","site_admin":false},"repository_selection":"all","access_tokens_url":"https://api.github.com/app/installations/15398551/access_tokens","repositories_url":"https://api.github.com/installation/repositories","html_url":"https://github.com/organizations/mergifyio-testing/settings/installations/15398551","app_id":11221,"app_slug":"mergify-test","target_id":40527191,"target_type":"Organization","permissions":{"pages":"write","checks":"write","issues":"write","members":"read","contents":"write","metadata":"read","statuses":"read","pull_requests":"write"},"events":["check_run","check_suite","issue_comment","pull_request","pull_request_review","pull_request_review_comment","push","status"],"created_at":"2021-03-15T16:12:17.000Z","updated_at":"2021-03-15T16:12:17.000Z","single_file_name":null,"has_multiple_single_files":false,"single_file_paths":[],"suspended_by":null,"suspended_at":null}'
    headers:
      Content-Length:
      - '1932'
      Content-Type:
      - application/json; charset=utf-8
      X-GitHub-Media-Type:
      - github.v3; param=machine-man-preview; format=json
    http_version: HTTP/1.1
    status_code: 200
- request:
    body: ''
    headers:
      Authorization:
      - <TOKEN>
      accept:
      - application/vnd.github.machine-man-preview+json
      content-length:
      - '0'
      host:
      - api.github.com
    method: POST
    uri: https://api.github.com/app/installations/15398551/access_tokens
  response:
    content: '{"token": "<TOKEN>", "expires_at": "2021-07-12T17:46:18Z", "permissions":
      {"members": "read", "checks": "write", "contents": "write", "issues": "write",
      "metadata": "read", "pages": "write", "pull_requests": "write", "statuses":
      "read"}, "repository_selection": "all"}'
    headers:
      Content-Length:
      - '279'
      Content-Type:
      - application/json; charset=utf-8
      X-GitHub-Media-Type:
      - github.v3; param=machine-man-preview; format=json
    http_version: HTTP/1.1
    status_code: 201
- request:
    body: ''
    headers:
      Authorization:
      - <TOKEN>
      accept:
      - application/vnd.github.machine-man-preview+json
      host:
      - api.github.com
    method: GET
    uri: https://api.github.com/repositories/258840104
  response:
    content: '{"id":258840104,"node_id":"MDEwOlJlcG9zaXRvcnkyNTg4NDAxMDQ=","name":"functional-testing-repo","full_name":"mergifyio-testing/functional-testing-repo","private":false,"owner":{"login":"mergifyio-testing","id":40527191,"node_id":"MDEyOk9yZ2FuaXphdGlvbjQwNTI3MTkx","avatar_url":"https://avatars.githubusercontent.com/u/40527191?v=4","gravatar_id":"","url":"https://api.github.com/users/mergifyio-testing","html_url":"https://github.com/mergifyio-testing","followers_url":"https://api.github.com/users/mergifyio-testing/followers","following_url":"https://api.github.com/users/mergifyio-testing/following{/other_user}","gists_url":"https://api.github.com/users/mergifyio-testing/gists{/gist_id}","starred_url":"https://api.github.com/users/mergifyio-testing/starred{/owner}{/repo}","subscriptions_url":"https://api.github.com/users/mergifyio-testing/subscriptions","organizations_url":"https://api.github.com/users/mergifyio-testing/orgs","repos_url":"https://api.github.com/users/mergifyio-testing/repos","events_url":"https://api.github.com/users/mergifyio-testing/events{/privacy}","received_events_url":"https://api.github.com/users/mergifyio-testing/received_events","type":"Organization","site_admin":false},"html_url":"https://github.com/mergifyio-testing/functional-testing-repo","description":"Mergify","fork":false,"url":"https://api.github.com/repos/mergifyio-testing/functional-testing-repo","forks_url":"https://api.github.com/repos/mergifyio-testing/functional-testing-repo/forks","keys_url":"https://api.github.com/repos/mergifyio-testing/functional-testing-repo/keys{/key_id}","collaborators_url":"https://api.github.com/repos/mergifyio-testing/functional-testing-repo/collaborators{/collaborator}","teams_url":"https://api.github.com/repos/mergifyio-testing/functional-testing-repo/teams","hooks_url":"https://api.github.com/repos/mergifyio-testing/functional-testing-repo/hooks","issue_events_url":"https://api.github.com/repos/mergifyio-testing/functional-testing-repo/issues/events{/number}","events_url":"https://api.github.com/repos/mergifyio-testing/functional-testing-repo/events","assignees_url":"https://api.github.com/repos/mergifyio-testing/functional-testing-repo/assignees{/user}","branches_url":"https://api.github.com/repos/mergifyio-testing/functional-testing-repo/branches{/branch}","tags_url":"https://api.github.com/repos/mergifyio-testing/functional-testing-repo/tags","blobs_url":"https://api.github.com/repos/mergifyio-testing/functional-testing-repo/git/blobs{/sha}","git_tags_url":"https://api.github.com/repos/mergifyio-testing/functional-testing-repo/git/tags{/sha}","git_refs_url":"https://api.github.com/repos/mergifyio-testing/functional-testing-repo/git/refs{/sha}","trees_url":"https://api.github.com/repos/mergifyio-testing/functional-testing-repo/git/trees{/sha}","statuses_url":"https://api.github.com/repos/mergifyio-testing/functional-testing-repo/statuses/{sha}","languages_url":"https://api.github.com/repos/mergifyio-testing/functional-testing-repo/languages","stargazers_url":"https://api.github.com/repos/mergifyio-testing/functional-testing-repo/stargazers","contributors_url":"https://api.github.com/repos/mergifyio-testing/functional-testing-repo/contributors","subscribers_url":"https://api.github.com/repos/mergifyio-testing/functional-testing-repo/subscribers","subscription_url":"https://api.github.com/repos/mergifyio-testing/functional-testing-repo/subscription","commits_url":"https://api.github.com/repos/mergifyio-testing/functional-testing-repo/commits{/sha}","git_commits_url":"https://api.github.com/repos/mergifyio-testing/functional-testing-repo/git/commits{/sha}","comments_url":"https://api.github.com/repos/mergifyio-testing/functional-testing-repo/comments{/number}","issue_comment_url":"https://api.github.com/repos/mergifyio-testing/functional-testing-repo/issues/comments{/number}","contents_url":"https://api.github.com/repos/mergifyio-testing/functional-testing-repo/contents/{+path}","compare_url":"https://api.github.com/repos/mergifyio-testing/functional-testing-repo/compare/{base}...{head}","merges_url":"https://api.github.com/repos/mergifyio-testing/functional-testing-repo/merges","archive_url":"https://api.github.com/repos/mergifyio-testing/functional-testing-repo/{archive_format}{/ref}","downloads_url":"https://api.github.com/repos/mergifyio-testing/functional-testing-repo/downloads","issues_url":"https://api.github.com/repos/mergifyio-testing/functional-testing-repo/issues{/number}","pulls_url":"https://api.github.com/repos/mergifyio-testing/functional-testing-repo/pulls{/number}","milestones_url":"https://api.github.com/repos/mergifyio-testing/functional-testing-repo/milestones{/number}","notifications_url":"https://api.github.com/repos/mergifyio-testing/functional-testing-repo/notifications{?since,all,participating}","labels_url":"https://api.github.com/repos/mergifyio-testing/functional-testing-repo/labels{/name}","releases_url":"https://api.github.com/repos/mergifyio-testing/functional-testing-repo/releases{/id}","deployments_url":"https://api.github.com/repos/mergifyio-testing/functional-testing-repo/deployments","created_at":"2020-04-25T17:58:44Z","updated_at":"2021-07-12T16:44:14Z","pushed_at":"2021-07-12T16:46:15Z","git_url":"git://github.com/mergifyio-testing/functional-testing-repo.git","ssh_url":"git@github.com:mergifyio-testing/functional-testing-repo.git","clone_url":"https://github.com/mergifyio-testing/functional-testing-repo.git","svn_url":"https://github.com/mergifyio-testing/functional-testing-repo","homepage":null,"size":2,"stargazers_count":0,"watchers_count":0,"language":null,"has_issues":true,"has_projects":true,"has_downloads":true,"has_wiki":true,"has_pages":false,"forks_count":1,"mirror_url":null,"archived":false,"disabled":false,"open_issues_count":0,"license":null,"forks":1,"open_issues":0,"watchers":0,"default_branch":"master","permissions":{"admin":false,"push":false,"pull":false},"temp_clone_token":"","allow_squash_merge":true,"allow_merge_commit":true,"allow_rebase_merge":true,"delete_branch_on_merge":false,"organization":{"login":"mergifyio-testing","id":40527191,"node_id":"MDEyOk9yZ2FuaXphdGlvbjQwNTI3MTkx","avatar_url":"https://avatars.githubusercontent.com/u/40527191?v=4","gravatar_id":"","url":"https://api.github.com/users/mergifyio-testing","html_url":"https://github.com/mergifyio-testing","followers_url":"https://api.github.com/users/mergifyio-testing/followers","following_url":"https://api.github.com/users/mergifyio-testing/following{/other_user}","gists_url":"https://api.github.com/users/mergifyio-testing/gists{/gist_id}","starred_url":"https://api.github.com/users/mergifyio-testing/starred{/owner}{/repo}","subscriptions_url":"https://api.github.com/users/mergifyio-testing/subscriptions","organizations_url":"https://api.github.com/users/mergifyio-testing/orgs","repos_url":"https://api.github.com/users/mergifyio-testing/repos","events_url":"https://api.github.com/users/mergifyio-testing/events{/privacy}","received_events_url":"https://api.github.com/users/mergifyio-testing/received_events","type":"Organization","site_admin":false},"network_count":1,"subscribers_count":1}'
    headers:
      Content-Encoding:
      - gzip
      Content-Type:
      - application/json; charset=utf-8
      Transfer-Encoding:
      - chunked
      X-GitHub-Media-Type:
      - github.v3; param=machine-man-preview; format=json
    http_version: HTTP/1.1
    status_code: 200
- request:
    body: whatdataisthat
    headers:
      X-Hub-Signature:
      - <SIGNATURE>
      accept:
      - '*/*'
      content-length:
      - '14'
      host:
      - test-forwarder.mergify.io
    method: DELETE
    uri: https://test-forwarder.mergify.io/events/github.com/11221
  response:
    content: Event queued
    headers:
      Connection:
      - keep-alive
      Content-Length:
      - '12'
      alt-svc:
      - h3-27=":443"; ma=86400, h3-28=":443"; ma=86400, h3-29=":443"; ma=86400, h3=":443";
        ma=86400
    http_version: HTTP/1.1
    status_code: 202
- request:
    body: '{"default_branch": "20210712164616/test_simulator_with_wrong_pull_request_url/master"}'
    headers:
      Authorization:
      - <TOKEN>
      accept:
      - application/vnd.github.machine-man-preview+json
      content-length:
      - '86'
      content-type:
      - application/json
      host:
      - api.github.com
    method: PATCH
    uri: https://api.github.com/repos/mergifyio-testing/functional-testing-repo
  response:
    content: '{"id":258840104,"node_id":"MDEwOlJlcG9zaXRvcnkyNTg4NDAxMDQ=","name":"functional-testing-repo","full_name":"mergifyio-testing/functional-testing-repo","private":false,"owner":{"login":"mergifyio-testing","id":40527191,"node_id":"MDEyOk9yZ2FuaXphdGlvbjQwNTI3MTkx","avatar_url":"https://avatars.githubusercontent.com/u/40527191?v=4","gravatar_id":"","url":"https://api.github.com/users/mergifyio-testing","html_url":"https://github.com/mergifyio-testing","followers_url":"https://api.github.com/users/mergifyio-testing/followers","following_url":"https://api.github.com/users/mergifyio-testing/following{/other_user}","gists_url":"https://api.github.com/users/mergifyio-testing/gists{/gist_id}","starred_url":"https://api.github.com/users/mergifyio-testing/starred{/owner}{/repo}","subscriptions_url":"https://api.github.com/users/mergifyio-testing/subscriptions","organizations_url":"https://api.github.com/users/mergifyio-testing/orgs","repos_url":"https://api.github.com/users/mergifyio-testing/repos","events_url":"https://api.github.com/users/mergifyio-testing/events{/privacy}","received_events_url":"https://api.github.com/users/mergifyio-testing/received_events","type":"Organization","site_admin":false},"html_url":"https://github.com/mergifyio-testing/functional-testing-repo","description":"Mergify","fork":false,"url":"https://api.github.com/repos/mergifyio-testing/functional-testing-repo","forks_url":"https://api.github.com/repos/mergifyio-testing/functional-testing-repo/forks","keys_url":"https://api.github.com/repos/mergifyio-testing/functional-testing-repo/keys{/key_id}","collaborators_url":"https://api.github.com/repos/mergifyio-testing/functional-testing-repo/collaborators{/collaborator}","teams_url":"https://api.github.com/repos/mergifyio-testing/functional-testing-repo/teams","hooks_url":"https://api.github.com/repos/mergifyio-testing/functional-testing-repo/hooks","issue_events_url":"https://api.github.com/repos/mergifyio-testing/functional-testing-repo/issues/events{/number}","events_url":"https://api.github.com/repos/mergifyio-testing/functional-testing-repo/events","assignees_url":"https://api.github.com/repos/mergifyio-testing/functional-testing-repo/assignees{/user}","branches_url":"https://api.github.com/repos/mergifyio-testing/functional-testing-repo/branches{/branch}","tags_url":"https://api.github.com/repos/mergifyio-testing/functional-testing-repo/tags","blobs_url":"https://api.github.com/repos/mergifyio-testing/functional-testing-repo/git/blobs{/sha}","git_tags_url":"https://api.github.com/repos/mergifyio-testing/functional-testing-repo/git/tags{/sha}","git_refs_url":"https://api.github.com/repos/mergifyio-testing/functional-testing-repo/git/refs{/sha}","trees_url":"https://api.github.com/repos/mergifyio-testing/functional-testing-repo/git/trees{/sha}","statuses_url":"https://api.github.com/repos/mergifyio-testing/functional-testing-repo/statuses/{sha}","languages_url":"https://api.github.com/repos/mergifyio-testing/functional-testing-repo/languages","stargazers_url":"https://api.github.com/repos/mergifyio-testing/functional-testing-repo/stargazers","contributors_url":"https://api.github.com/repos/mergifyio-testing/functional-testing-repo/contributors","subscribers_url":"https://api.github.com/repos/mergifyio-testing/functional-testing-repo/subscribers","subscription_url":"https://api.github.com/repos/mergifyio-testing/functional-testing-repo/subscription","commits_url":"https://api.github.com/repos/mergifyio-testing/functional-testing-repo/commits{/sha}","git_commits_url":"https://api.github.com/repos/mergifyio-testing/functional-testing-repo/git/commits{/sha}","comments_url":"https://api.github.com/repos/mergifyio-testing/functional-testing-repo/comments{/number}","issue_comment_url":"https://api.github.com/repos/mergifyio-testing/functional-testing-repo/issues/comments{/number}","contents_url":"https://api.github.com/repos/mergifyio-testing/functional-testing-repo/contents/{+path}","compare_url":"https://api.github.com/repos/mergifyio-testing/functional-testing-repo/compare/{base}...{head}","merges_url":"https://api.github.com/repos/mergifyio-testing/functional-testing-repo/merges","archive_url":"https://api.github.com/repos/mergifyio-testing/functional-testing-repo/{archive_format}{/ref}","downloads_url":"https://api.github.com/repos/mergifyio-testing/functional-testing-repo/downloads","issues_url":"https://api.github.com/repos/mergifyio-testing/functional-testing-repo/issues{/number}","pulls_url":"https://api.github.com/repos/mergifyio-testing/functional-testing-repo/pulls{/number}","milestones_url":"https://api.github.com/repos/mergifyio-testing/functional-testing-repo/milestones{/number}","notifications_url":"https://api.github.com/repos/mergifyio-testing/functional-testing-repo/notifications{?since,all,participating}","labels_url":"https://api.github.com/repos/mergifyio-testing/functional-testing-repo/labels{/name}","releases_url":"https://api.github.com/repos/mergifyio-testing/functional-testing-repo/releases{/id}","deployments_url":"https://api.github.com/repos/mergifyio-testing/functional-testing-repo/deployments","created_at":"2020-04-25T17:58:44Z","updated_at":"2021-07-12T16:44:14Z","pushed_at":"2021-07-12T16:46:21Z","git_url":"git://github.com/mergifyio-testing/functional-testing-repo.git","ssh_url":"git@github.com:mergifyio-testing/functional-testing-repo.git","clone_url":"https://github.com/mergifyio-testing/functional-testing-repo.git","svn_url":"https://github.com/mergifyio-testing/functional-testing-repo","homepage":null,"size":2,"stargazers_count":0,"watchers_count":0,"language":null,"has_issues":true,"has_projects":true,"has_downloads":true,"has_wiki":true,"has_pages":false,"forks_count":1,"mirror_url":null,"archived":false,"disabled":false,"open_issues_count":0,"license":null,"forks":1,"open_issues":0,"watchers":0,"default_branch":"20210712164616/test_simulator_with_wrong_pull_request_url/master","permissions":{"admin":true,"push":true,"pull":true},"allow_squash_merge":true,"allow_merge_commit":true,"allow_rebase_merge":true,"delete_branch_on_merge":false,"organization":{"login":"mergifyio-testing","id":40527191,"node_id":"MDEyOk9yZ2FuaXphdGlvbjQwNTI3MTkx","avatar_url":"https://avatars.githubusercontent.com/u/40527191?v=4","gravatar_id":"","url":"https://api.github.com/users/mergifyio-testing","html_url":"https://github.com/mergifyio-testing","followers_url":"https://api.github.com/users/mergifyio-testing/followers","following_url":"https://api.github.com/users/mergifyio-testing/following{/other_user}","gists_url":"https://api.github.com/users/mergifyio-testing/gists{/gist_id}","starred_url":"https://api.github.com/users/mergifyio-testing/starred{/owner}{/repo}","subscriptions_url":"https://api.github.com/users/mergifyio-testing/subscriptions","organizations_url":"https://api.github.com/users/mergifyio-testing/orgs","repos_url":"https://api.github.com/users/mergifyio-testing/repos","events_url":"https://api.github.com/users/mergifyio-testing/events{/privacy}","received_events_url":"https://api.github.com/users/mergifyio-testing/received_events","type":"Organization","site_admin":false},"network_count":1,"subscribers_count":1}'
    headers:
      Content-Encoding:
      - gzip
      Content-Type:
      - application/json; charset=utf-8
      Transfer-Encoding:
      - chunked
      X-Accepted-OAuth-Scopes:
      - ''
      X-GitHub-Media-Type:
      - github.v3; param=machine-man-preview; format=json
      X-OAuth-Scopes:
      - admin:enterprise, admin:gpg_key, admin:org, admin:org_hook, admin:public_key,
        admin:repo_hook, delete:packages, delete_repo, gist, notifications, repo,
        user, workflow, write:discussion, write:packages
    http_version: HTTP/1.1
    status_code: 200
- request:
    body: '{"base": "20210712164616/test_simulator_with_wrong_pull_request_url/master",
      "head": "mergify-test2:20210712164616/test_simulator_with_wrong_pull_request_url/fork/pr1",
      "title": "test_simulator_with_wrong_pull_request_url: pull request n1 from fork",
      "body": "test_simulator_with_wrong_pull_request_url: pull request n1 from fork",
      "draft": false}'
    headers:
      Authorization:
      - <TOKEN>
      accept:
      - application/vnd.github.machine-man-preview+json
      content-length:
      - '347'
      content-type:
      - application/json
      host:
      - api.github.com
    method: POST
    uri: https://api.github.com/repos/mergifyio-testing/functional-testing-repo/pulls
  response:
    content: '{"url":"https://api.github.com/repos/mergifyio-testing/functional-testing-repo/pulls/14660","id":688001589,"node_id":"MDExOlB1bGxSZXF1ZXN0Njg4MDAxNTg5","html_url":"https://github.com/mergifyio-testing/functional-testing-repo/pull/14660","diff_url":"https://github.com/mergifyio-testing/functional-testing-repo/pull/14660.diff","patch_url":"https://github.com/mergifyio-testing/functional-testing-repo/pull/14660.patch","issue_url":"https://api.github.com/repos/mergifyio-testing/functional-testing-repo/issues/14660","number":14660,"state":"open","locked":false,"title":"test_simulator_with_wrong_pull_request_url:
      pull request n1 from fork","user":{"login":"mergify-test2","id":38495008,"node_id":"MDQ6VXNlcjM4NDk1MDA4","avatar_url":"https://avatars.githubusercontent.com/u/38495008?v=4","gravatar_id":"","url":"https://api.github.com/users/mergify-test2","html_url":"https://github.com/mergify-test2","followers_url":"https://api.github.com/users/mergify-test2/followers","following_url":"https://api.github.com/users/mergify-test2/following{/other_user}","gists_url":"https://api.github.com/users/mergify-test2/gists{/gist_id}","starred_url":"https://api.github.com/users/mergify-test2/starred{/owner}{/repo}","subscriptions_url":"https://api.github.com/users/mergify-test2/subscriptions","organizations_url":"https://api.github.com/users/mergify-test2/orgs","repos_url":"https://api.github.com/users/mergify-test2/repos","events_url":"https://api.github.com/users/mergify-test2/events{/privacy}","received_events_url":"https://api.github.com/users/mergify-test2/received_events","type":"User","site_admin":false},"body":"test_simulator_with_wrong_pull_request_url:
      pull request n1 from fork","created_at":"2021-07-12T16:46:29Z","updated_at":"2021-07-12T16:46:29Z","closed_at":null,"merged_at":null,"merge_commit_sha":null,"assignee":null,"assignees":[],"requested_reviewers":[],"requested_teams":[],"labels":[],"milestone":null,"draft":false,"commits_url":"https://api.github.com/repos/mergifyio-testing/functional-testing-repo/pulls/14660/commits","review_comments_url":"https://api.github.com/repos/mergifyio-testing/functional-testing-repo/pulls/14660/comments","review_comment_url":"https://api.github.com/repos/mergifyio-testing/functional-testing-repo/pulls/comments{/number}","comments_url":"https://api.github.com/repos/mergifyio-testing/functional-testing-repo/issues/14660/comments","statuses_url":"https://api.github.com/repos/mergifyio-testing/functional-testing-repo/statuses/c6337d2e928c2dc3781b7a680a45802847850c1d","head":{"label":"mergify-test2:20210712164616/test_simulator_with_wrong_pull_request_url/fork/pr1","ref":"20210712164616/test_simulator_with_wrong_pull_request_url/fork/pr1","sha":"c6337d2e928c2dc3781b7a680a45802847850c1d","user":{"login":"mergify-test2","id":38495008,"node_id":"MDQ6VXNlcjM4NDk1MDA4","avatar_url":"https://avatars.githubusercontent.com/u/38495008?v=4","gravatar_id":"","url":"https://api.github.com/users/mergify-test2","html_url":"https://github.com/mergify-test2","followers_url":"https://api.github.com/users/mergify-test2/followers","following_url":"https://api.github.com/users/mergify-test2/following{/other_user}","gists_url":"https://api.github.com/users/mergify-test2/gists{/gist_id}","starred_url":"https://api.github.com/users/mergify-test2/starred{/owner}{/repo}","subscriptions_url":"https://api.github.com/users/mergify-test2/subscriptions","organizations_url":"https://api.github.com/users/mergify-test2/orgs","repos_url":"https://api.github.com/users/mergify-test2/repos","events_url":"https://api.github.com/users/mergify-test2/events{/privacy}","received_events_url":"https://api.github.com/users/mergify-test2/received_events","type":"User","site_admin":false},"repo":{"id":258840424,"node_id":"MDEwOlJlcG9zaXRvcnkyNTg4NDA0MjQ=","name":"functional-testing-repo","full_name":"mergify-test2/functional-testing-repo","private":false,"owner":{"login":"mergify-test2","id":38495008,"node_id":"MDQ6VXNlcjM4NDk1MDA4","avatar_url":"https://avatars.githubusercontent.com/u/38495008?v=4","gravatar_id":"","url":"https://api.github.com/users/mergify-test2","html_url":"https://github.com/mergify-test2","followers_url":"https://api.github.com/users/mergify-test2/followers","following_url":"https://api.github.com/users/mergify-test2/following{/other_user}","gists_url":"https://api.github.com/users/mergify-test2/gists{/gist_id}","starred_url":"https://api.github.com/users/mergify-test2/starred{/owner}{/repo}","subscriptions_url":"https://api.github.com/users/mergify-test2/subscriptions","organizations_url":"https://api.github.com/users/mergify-test2/orgs","repos_url":"https://api.github.com/users/mergify-test2/repos","events_url":"https://api.github.com/users/mergify-test2/events{/privacy}","received_events_url":"https://api.github.com/users/mergify-test2/received_events","type":"User","site_admin":false},"html_url":"https://github.com/mergify-test2/functional-testing-repo","description":null,"fork":true,"url":"https://api.github.com/repos/mergify-test2/functional-testing-repo","forks_url":"https://api.github.com/repos/mergify-test2/functional-testing-repo/forks","keys_url":"https://api.github.com/repos/mergify-test2/functional-testing-repo/keys{/key_id}","collaborators_url":"https://api.github.com/repos/mergify-test2/functional-testing-repo/collaborators{/collaborator}","teams_url":"https://api.github.com/repos/mergify-test2/functional-testing-repo/teams","hooks_url":"https://api.github.com/repos/mergify-test2/functional-testing-repo/hooks","issue_events_url":"https://api.github.com/repos/mergify-test2/functional-testing-repo/issues/events{/number}","events_url":"https://api.github.com/repos/mergify-test2/functional-testing-repo/events","assignees_url":"https://api.github.com/repos/mergify-test2/functional-testing-repo/assignees{/user}","branches_url":"https://api.github.com/repos/mergify-test2/functional-testing-repo/branches{/branch}","tags_url":"https://api.github.com/repos/mergify-test2/functional-testing-repo/tags","blobs_url":"https://api.github.com/repos/mergify-test2/functional-testing-repo/git/blobs{/sha}","git_tags_url":"https://api.github.com/repos/mergify-test2/functional-testing-repo/git/tags{/sha}","git_refs_url":"https://api.github.com/repos/mergify-test2/functional-testing-repo/git/refs{/sha}","trees_url":"https://api.github.com/repos/mergify-test2/functional-testing-repo/git/trees{/sha}","statuses_url":"https://api.github.com/repos/mergify-test2/functional-testing-repo/statuses/{sha}","languages_url":"https://api.github.com/repos/mergify-test2/functional-testing-repo/languages","stargazers_url":"https://api.github.com/repos/mergify-test2/functional-testing-repo/stargazers","contributors_url":"https://api.github.com/repos/mergify-test2/functional-testing-repo/contributors","subscribers_url":"https://api.github.com/repos/mergify-test2/functional-testing-repo/subscribers","subscription_url":"https://api.github.com/repos/mergify-test2/functional-testing-repo/subscription","commits_url":"https://api.github.com/repos/mergify-test2/functional-testing-repo/commits{/sha}","git_commits_url":"https://api.github.com/repos/mergify-test2/functional-testing-repo/git/commits{/sha}","comments_url":"https://api.github.com/repos/mergify-test2/functional-testing-repo/comments{/number}","issue_comment_url":"https://api.github.com/repos/mergify-test2/functional-testing-repo/issues/comments{/number}","contents_url":"https://api.github.com/repos/mergify-test2/functional-testing-repo/contents/{+path}","compare_url":"https://api.github.com/repos/mergify-test2/functional-testing-repo/compare/{base}...{head}","merges_url":"https://api.github.com/repos/mergify-test2/functional-testing-repo/merges","archive_url":"https://api.github.com/repos/mergify-test2/functional-testing-repo/{archive_format}{/ref}","downloads_url":"https://api.github.com/repos/mergify-test2/functional-testing-repo/downloads","issues_url":"https://api.github.com/repos/mergify-test2/functional-testing-repo/issues{/number}","pulls_url":"https://api.github.com/repos/mergify-test2/functional-testing-repo/pulls{/number}","milestones_url":"https://api.github.com/repos/mergify-test2/functional-testing-repo/milestones{/number}","notifications_url":"https://api.github.com/repos/mergify-test2/functional-testing-repo/notifications{?since,all,participating}","labels_url":"https://api.github.com/repos/mergify-test2/functional-testing-repo/labels{/name}","releases_url":"https://api.github.com/repos/mergify-test2/functional-testing-repo/releases{/id}","deployments_url":"https://api.github.com/repos/mergify-test2/functional-testing-repo/deployments","created_at":"2020-04-25T18:00:21Z","updated_at":"2021-03-22T15:47:04Z","pushed_at":"2021-07-12T16:46:28Z","git_url":"git://github.com/mergify-test2/functional-testing-repo.git","ssh_url":"git@github.com:mergify-test2/functional-testing-repo.git","clone_url":"https://github.com/mergify-test2/functional-testing-repo.git","svn_url":"https://github.com/mergify-test2/functional-testing-repo","homepage":null,"size":2359,"stargazers_count":0,"watchers_count":0,"language":null,"has_issues":false,"has_projects":true,"has_downloads":true,"has_wiki":true,"has_pages":false,"forks_count":0,"mirror_url":null,"archived":false,"disabled":false,"open_issues_count":0,"license":null,"forks":0,"open_issues":0,"watchers":0,"default_branch":"20210322154655/test_draft/master"}},"base":{"label":"mergifyio-testing:20210712164616/test_simulator_with_wrong_pull_request_url/master","ref":"20210712164616/test_simulator_with_wrong_pull_request_url/master","sha":"40a85aaa1861925f2d881de3bfeabe354ac21a8f","user":{"login":"mergifyio-testing","id":40527191,"node_id":"MDEyOk9yZ2FuaXphdGlvbjQwNTI3MTkx","avatar_url":"https://avatars.githubusercontent.com/u/40527191?v=4","gravatar_id":"","url":"https://api.github.com/users/mergifyio-testing","html_url":"https://github.com/mergifyio-testing","followers_url":"https://api.github.com/users/mergifyio-testing/followers","following_url":"https://api.github.com/users/mergifyio-testing/following{/other_user}","gists_url":"https://api.github.com/users/mergifyio-testing/gists{/gist_id}","starred_url":"https://api.github.com/users/mergifyio-testing/starred{/owner}{/repo}","subscriptions_url":"https://api.github.com/users/mergifyio-testing/subscriptions","organizations_url":"https://api.github.com/users/mergifyio-testing/orgs","repos_url":"https://api.github.com/users/mergifyio-testing/repos","events_url":"https://api.github.com/users/mergifyio-testing/events{/privacy}","received_events_url":"https://api.github.com/users/mergifyio-testing/received_events","type":"Organization","site_admin":false},"repo":{"id":258840104,"node_id":"MDEwOlJlcG9zaXRvcnkyNTg4NDAxMDQ=","name":"functional-testing-repo","full_name":"mergifyio-testing/functional-testing-repo","private":false,"owner":{"login":"mergifyio-testing","id":40527191,"node_id":"MDEyOk9yZ2FuaXphdGlvbjQwNTI3MTkx","avatar_url":"https://avatars.githubusercontent.com/u/40527191?v=4","gravatar_id":"","url":"https://api.github.com/users/mergifyio-testing","html_url":"https://github.com/mergifyio-testing","followers_url":"https://api.github.com/users/mergifyio-testing/followers","following_url":"https://api.github.com/users/mergifyio-testing/following{/other_user}","gists_url":"https://api.github.com/users/mergifyio-testing/gists{/gist_id}","starred_url":"https://api.github.com/users/mergifyio-testing/starred{/owner}{/repo}","subscriptions_url":"https://api.github.com/users/mergifyio-testing/subscriptions","organizations_url":"https://api.github.com/users/mergifyio-testing/orgs","repos_url":"https://api.github.com/users/mergifyio-testing/repos","events_url":"https://api.github.com/users/mergifyio-testing/events{/privacy}","received_events_url":"https://api.github.com/users/mergifyio-testing/received_events","type":"Organization","site_admin":false},"html_url":"https://github.com/mergifyio-testing/functional-testing-repo","description":"Mergify","fork":false,"url":"https://api.github.com/repos/mergifyio-testing/functional-testing-repo","forks_url":"https://api.github.com/repos/mergifyio-testing/functional-testing-repo/forks","keys_url":"https://api.github.com/repos/mergifyio-testing/functional-testing-repo/keys{/key_id}","collaborators_url":"https://api.github.com/repos/mergifyio-testing/functional-testing-repo/collaborators{/collaborator}","teams_url":"https://api.github.com/repos/mergifyio-testing/functional-testing-repo/teams","hooks_url":"https://api.github.com/repos/mergifyio-testing/functional-testing-repo/hooks","issue_events_url":"https://api.github.com/repos/mergifyio-testing/functional-testing-repo/issues/events{/number}","events_url":"https://api.github.com/repos/mergifyio-testing/functional-testing-repo/events","assignees_url":"https://api.github.com/repos/mergifyio-testing/functional-testing-repo/assignees{/user}","branches_url":"https://api.github.com/repos/mergifyio-testing/functional-testing-repo/branches{/branch}","tags_url":"https://api.github.com/repos/mergifyio-testing/functional-testing-repo/tags","blobs_url":"https://api.github.com/repos/mergifyio-testing/functional-testing-repo/git/blobs{/sha}","git_tags_url":"https://api.github.com/repos/mergifyio-testing/functional-testing-repo/git/tags{/sha}","git_refs_url":"https://api.github.com/repos/mergifyio-testing/functional-testing-repo/git/refs{/sha}","trees_url":"https://api.github.com/repos/mergifyio-testing/functional-testing-repo/git/trees{/sha}","statuses_url":"https://api.github.com/repos/mergifyio-testing/functional-testing-repo/statuses/{sha}","languages_url":"https://api.github.com/repos/mergifyio-testing/functional-testing-repo/languages","stargazers_url":"https://api.github.com/repos/mergifyio-testing/functional-testing-repo/stargazers","contributors_url":"https://api.github.com/repos/mergifyio-testing/functional-testing-repo/contributors","subscribers_url":"https://api.github.com/repos/mergifyio-testing/functional-testing-repo/subscribers","subscription_url":"https://api.github.com/repos/mergifyio-testing/functional-testing-repo/subscription","commits_url":"https://api.github.com/repos/mergifyio-testing/functional-testing-repo/commits{/sha}","git_commits_url":"https://api.github.com/repos/mergifyio-testing/functional-testing-repo/git/commits{/sha}","comments_url":"https://api.github.com/repos/mergifyio-testing/functional-testing-repo/comments{/number}","issue_comment_url":"https://api.github.com/repos/mergifyio-testing/functional-testing-repo/issues/comments{/number}","contents_url":"https://api.github.com/repos/mergifyio-testing/functional-testing-repo/contents/{+path}","compare_url":"https://api.github.com/repos/mergifyio-testing/functional-testing-repo/compare/{base}...{head}","merges_url":"https://api.github.com/repos/mergifyio-testing/functional-testing-repo/merges","archive_url":"https://api.github.com/repos/mergifyio-testing/functional-testing-repo/{archive_format}{/ref}","downloads_url":"https://api.github.com/repos/mergifyio-testing/functional-testing-repo/downloads","issues_url":"https://api.github.com/repos/mergifyio-testing/functional-testing-repo/issues{/number}","pulls_url":"https://api.github.com/repos/mergifyio-testing/functional-testing-repo/pulls{/number}","milestones_url":"https://api.github.com/repos/mergifyio-testing/functional-testing-repo/milestones{/number}","notifications_url":"https://api.github.com/repos/mergifyio-testing/functional-testing-repo/notifications{?since,all,participating}","labels_url":"https://api.github.com/repos/mergifyio-testing/functional-testing-repo/labels{/name}","releases_url":"https://api.github.com/repos/mergifyio-testing/functional-testing-repo/releases{/id}","deployments_url":"https://api.github.com/repos/mergifyio-testing/functional-testing-repo/deployments","created_at":"2020-04-25T17:58:44Z","updated_at":"2021-07-12T16:44:14Z","pushed_at":"2021-07-12T16:46:21Z","git_url":"git://github.com/mergifyio-testing/functional-testing-repo.git","ssh_url":"git@github.com:mergifyio-testing/functional-testing-repo.git","clone_url":"https://github.com/mergifyio-testing/functional-testing-repo.git","svn_url":"https://github.com/mergifyio-testing/functional-testing-repo","homepage":null,"size":2,"stargazers_count":0,"watchers_count":0,"language":null,"has_issues":true,"has_projects":true,"has_downloads":true,"has_wiki":true,"has_pages":false,"forks_count":1,"mirror_url":null,"archived":false,"disabled":false,"open_issues_count":1,"license":null,"forks":1,"open_issues":1,"watchers":0,"default_branch":"20210712164616/test_simulator_with_wrong_pull_request_url/master"}},"_links":{"self":{"href":"https://api.github.com/repos/mergifyio-testing/functional-testing-repo/pulls/14660"},"html":{"href":"https://github.com/mergifyio-testing/functional-testing-repo/pull/14660"},"issue":{"href":"https://api.github.com/repos/mergifyio-testing/functional-testing-repo/issues/14660"},"comments":{"href":"https://api.github.com/repos/mergifyio-testing/functional-testing-repo/issues/14660/comments"},"review_comments":{"href":"https://api.github.com/repos/mergifyio-testing/functional-testing-repo/pulls/14660/comments"},"review_comment":{"href":"https://api.github.com/repos/mergifyio-testing/functional-testing-repo/pulls/comments{/number}"},"commits":{"href":"https://api.github.com/repos/mergifyio-testing/functional-testing-repo/pulls/14660/commits"},"statuses":{"href":"https://api.github.com/repos/mergifyio-testing/functional-testing-repo/statuses/c6337d2e928c2dc3781b7a680a45802847850c1d"}},"author_association":"NONE","auto_merge":null,"active_lock_reason":null,"merged":false,"mergeable":null,"rebaseable":null,"mergeable_state":"unknown","merged_by":null,"comments":0,"review_comments":0,"maintainer_can_modify":true,"commits":1,"additions":0,"deletions":0,"changed_files":1}'
    headers:
      Content-Length:
      - '17823'
      Content-Type:
      - application/json; charset=utf-8
      Location:
      - https://api.github.com/repos/mergifyio-testing/functional-testing-repo/pulls/14660
      X-Accepted-OAuth-Scopes:
      - ''
      X-GitHub-Media-Type:
      - github.v3; param=machine-man-preview; format=json
      X-OAuth-Scopes:
      - repo, workflow
    http_version: HTTP/1.1
    status_code: 201
- request:
    body: whatdataisthat
    headers:
      X-Hub-Signature:
      - <SIGNATURE>
      accept:
      - '*/*'
      content-length:
      - '14'
      host:
      - test-forwarder.mergify.io
    method: GET
    uri: https://test-forwarder.mergify.io/events/github.com/11221?counter=1
  response:
    content: '[{"id":"b032ae22-e330-11eb-8792-319cc36b2faf","type":"push","payload":{"ref":"refs/heads/20210712164616/test_simulator_with_wrong_pull_request_url/master","before":"0000000000000000000000000000000000000000","after":"40a85aaa1861925f2d881de3bfeabe354ac21a8f","repository":{"id":258840104,"node_id":"MDEwOlJlcG9zaXRvcnkyNTg4NDAxMDQ=","name":"functional-testing-repo","full_name":"mergifyio-testing/functional-testing-repo","private":false,"owner":{"name":"mergifyio-testing","email":null,"login":"mergifyio-testing","id":40527191,"node_id":"MDEyOk9yZ2FuaXphdGlvbjQwNTI3MTkx","avatar_url":"https://avatars.githubusercontent.com/u/40527191?v=4","gravatar_id":"","url":"https://api.github.com/users/mergifyio-testing","html_url":"https://github.com/mergifyio-testing","followers_url":"https://api.github.com/users/mergifyio-testing/followers","following_url":"https://api.github.com/users/mergifyio-testing/following{/other_user}","gists_url":"https://api.github.com/users/mergifyio-testing/gists{/gist_id}","starred_url":"https://api.github.com/users/mergifyio-testing/starred{/owner}{/repo}","subscriptions_url":"https://api.github.com/users/mergifyio-testing/subscriptions","organizations_url":"https://api.github.com/users/mergifyio-testing/orgs","repos_url":"https://api.github.com/users/mergifyio-testing/repos","events_url":"https://api.github.com/users/mergifyio-testing/events{/privacy}","received_events_url":"https://api.github.com/users/mergifyio-testing/received_events","type":"Organization","site_admin":false},"html_url":"https://github.com/mergifyio-testing/functional-testing-repo","description":"Mergify","fork":false,"url":"https://github.com/mergifyio-testing/functional-testing-repo","forks_url":"https://api.github.com/repos/mergifyio-testing/functional-testing-repo/forks","keys_url":"https://api.github.com/repos/mergifyio-testing/functional-testing-repo/keys{/key_id}","collaborators_url":"https://api.github.com/repos/mergifyio-testing/functional-testing-repo/collaborators{/collaborator}","teams_url":"https://api.github.com/repos/mergifyio-testing/functional-testing-repo/teams","hooks_url":"https://api.github.com/repos/mergifyio-testing/functional-testing-repo/hooks","issue_events_url":"https://api.github.com/repos/mergifyio-testing/functional-testing-repo/issues/events{/number}","events_url":"https://api.github.com/repos/mergifyio-testing/functional-testing-repo/events","assignees_url":"https://api.github.com/repos/mergifyio-testing/functional-testing-repo/assignees{/user}","branches_url":"https://api.github.com/repos/mergifyio-testing/functional-testing-repo/branches{/branch}","tags_url":"https://api.github.com/repos/mergifyio-testing/functional-testing-repo/tags","blobs_url":"https://api.github.com/repos/mergifyio-testing/functional-testing-repo/git/blobs{/sha}","git_tags_url":"https://api.github.com/repos/mergifyio-testing/functional-testing-repo/git/tags{/sha}","git_refs_url":"https://api.github.com/repos/mergifyio-testing/functional-testing-repo/git/refs{/sha}","trees_url":"https://api.github.com/repos/mergifyio-testing/functional-testing-repo/git/trees{/sha}","statuses_url":"https://api.github.com/repos/mergifyio-testing/functional-testing-repo/statuses/{sha}","languages_url":"https://api.github.com/repos/mergifyio-testing/functional-testing-repo/languages","stargazers_url":"https://api.github.com/repos/mergifyio-testing/functional-testing-repo/stargazers","contributors_url":"https://api.github.com/repos/mergifyio-testing/functional-testing-repo/contributors","subscribers_url":"https://api.github.com/repos/mergifyio-testing/functional-testing-repo/subscribers","subscription_url":"https://api.github.com/repos/mergifyio-testing/functional-testing-repo/subscription","commits_url":"https://api.github.com/repos/mergifyio-testing/functional-testing-repo/commits{/sha}","git_commits_url":"https://api.github.com/repos/mergifyio-testing/functional-testing-repo/git/commits{/sha}","comments_url":"https://api.github.com/repos/mergifyio-testing/functional-testing-repo/comments{/number}","issue_comment_url":"https://api.github.com/repos/mergifyio-testing/functional-testing-repo/issues/comments{/number}","contents_url":"https://api.github.com/repos/mergifyio-testing/functional-testing-repo/contents/{+path}","compare_url":"https://api.github.com/repos/mergifyio-testing/functional-testing-repo/compare/{base}...{head}","merges_url":"https://api.github.com/repos/mergifyio-testing/functional-testing-repo/merges","archive_url":"https://api.github.com/repos/mergifyio-testing/functional-testing-repo/{archive_format}{/ref}","downloads_url":"https://api.github.com/repos/mergifyio-testing/functional-testing-repo/downloads","issues_url":"https://api.github.com/repos/mergifyio-testing/functional-testing-repo/issues{/number}","pulls_url":"https://api.github.com/repos/mergifyio-testing/functional-testing-repo/pulls{/number}","milestones_url":"https://api.github.com/repos/mergifyio-testing/functional-testing-repo/milestones{/number}","notifications_url":"https://api.github.com/repos/mergifyio-testing/functional-testing-repo/notifications{?since,all,participating}","labels_url":"https://api.github.com/repos/mergifyio-testing/functional-testing-repo/labels{/name}","releases_url":"https://api.github.com/repos/mergifyio-testing/functional-testing-repo/releases{/id}","deployments_url":"https://api.github.com/repos/mergifyio-testing/functional-testing-repo/deployments","created_at":1587837524,"updated_at":"2021-07-12T16:44:14Z","pushed_at":1626108381,"git_url":"git://github.com/mergifyio-testing/functional-testing-repo.git","ssh_url":"git@github.com:mergifyio-testing/functional-testing-repo.git","clone_url":"https://github.com/mergifyio-testing/functional-testing-repo.git","svn_url":"https://github.com/mergifyio-testing/functional-testing-repo","homepage":null,"size":2,"stargazers_count":0,"watchers_count":0,"language":null,"has_issues":true,"has_projects":true,"has_downloads":true,"has_wiki":true,"has_pages":false,"forks_count":1,"mirror_url":null,"archived":false,"disabled":false,"open_issues_count":0,"license":null,"forks":1,"open_issues":0,"watchers":0,"default_branch":"master","stargazers":0,"master_branch":"master","organization":"mergifyio-testing"},"pusher":{"name":"mergify-test1","email":"38494943+mergify-test1@users.noreply.github.com"},"organization":{"login":"mergifyio-testing","id":40527191,"node_id":"MDEyOk9yZ2FuaXphdGlvbjQwNTI3MTkx","url":"https://api.github.com/orgs/mergifyio-testing","repos_url":"https://api.github.com/orgs/mergifyio-testing/repos","events_url":"https://api.github.com/orgs/mergifyio-testing/events","hooks_url":"https://api.github.com/orgs/mergifyio-testing/hooks","issues_url":"https://api.github.com/orgs/mergifyio-testing/issues","members_url":"https://api.github.com/orgs/mergifyio-testing/members{/member}","public_members_url":"https://api.github.com/orgs/mergifyio-testing/public_members{/member}","avatar_url":"https://avatars.githubusercontent.com/u/40527191?v=4","description":"This
      account is for testing purpose of the workflow of the GitHub App @Mergifyio"},"sender":{"login":"mergify-test1","id":38494943,"node_id":"MDQ6VXNlcjM4NDk0OTQz","avatar_url":"https://avatars.githubusercontent.com/u/38494943?v=4","gravatar_id":"","url":"https://api.github.com/users/mergify-test1","html_url":"https://github.com/mergify-test1","followers_url":"https://api.github.com/users/mergify-test1/followers","following_url":"https://api.github.com/users/mergify-test1/following{/other_user}","gists_url":"https://api.github.com/users/mergify-test1/gists{/gist_id}","starred_url":"https://api.github.com/users/mergify-test1/starred{/owner}{/repo}","subscriptions_url":"https://api.github.com/users/mergify-test1/subscriptions","organizations_url":"https://api.github.com/users/mergify-test1/orgs","repos_url":"https://api.github.com/users/mergify-test1/repos","events_url":"https://api.github.com/users/mergify-test1/events{/privacy}","received_events_url":"https://api.github.com/users/mergify-test1/received_events","type":"User","site_admin":false},"installation":{"id":15398551,"node_id":"MDIzOkludGVncmF0aW9uSW5zdGFsbGF0aW9uMTUzOTg1NTE="},"created":true,"deleted":false,"forced":false,"base_ref":null,"compare":"https://github.com/mergifyio-testing/functional-testing-repo/commit/40a85aaa1861","commits":[{"id":"40a85aaa1861925f2d881de3bfeabe354ac21a8f","tree_id":"f39493e6ba97694b7b0b4b8cf48d94f8a9334674","distinct":true,"message":"initial
      commit","timestamp":"2021-07-12T18:46:19+02:00","url":"https://github.com/mergifyio-testing/functional-testing-repo/commit/40a85aaa1861925f2d881de3bfeabe354ac21a8f","author":{"name":"mergify-tester","email":"noreply@mergify.io"},"committer":{"name":"mergify-tester","email":"noreply@mergify.io"},"added":[".mergify.yml"],"removed":[],"modified":[]}],"head_commit":{"id":"40a85aaa1861925f2d881de3bfeabe354ac21a8f","tree_id":"f39493e6ba97694b7b0b4b8cf48d94f8a9334674","distinct":true,"message":"initial
      commit","timestamp":"2021-07-12T18:46:19+02:00","url":"https://github.com/mergifyio-testing/functional-testing-repo/commit/40a85aaa1861925f2d881de3bfeabe354ac21a8f","author":{"name":"mergify-tester","email":"noreply@mergify.io"},"committer":{"name":"mergify-tester","email":"noreply@mergify.io"},"added":[".mergify.yml"],"removed":[],"modified":[]}}},{"id":"b069ef40-e330-11eb-92d9-c4391df53e3f","type":"check_suite","payload":{"action":"requested","check_suite":{"id":3218053067,"node_id":"MDEwOkNoZWNrU3VpdGUzMjE4MDUzMDY3","head_branch":"20210712164616/test_simulator_with_wrong_pull_request_url/master","head_sha":"40a85aaa1861925f2d881de3bfeabe354ac21a8f","status":"queued","conclusion":null,"url":"https://api.github.com/repos/mergifyio-testing/functional-testing-repo/check-suites/3218053067","before":"0000000000000000000000000000000000000000","after":"40a85aaa1861925f2d881de3bfeabe354ac21a8f","pull_requests":[],"app":{"id":11221,"slug":"mergify-test","node_id":"MDM6QXBwMTEyMjE=","owner":{"login":"mergifyio-testing","id":40527191,"node_id":"MDEyOk9yZ2FuaXphdGlvbjQwNTI3MTkx","avatar_url":"https://avatars.githubusercontent.com/u/40527191?v=4","gravatar_id":"","url":"https://api.github.com/users/mergifyio-testing","html_url":"https://github.com/mergifyio-testing","followers_url":"https://api.github.com/users/mergifyio-testing/followers","following_url":"https://api.github.com/users/mergifyio-testing/following{/other_user}","gists_url":"https://api.github.com/users/mergifyio-testing/gists{/gist_id}","starred_url":"https://api.github.com/users/mergifyio-testing/starred{/owner}{/repo}","subscriptions_url":"https://api.github.com/users/mergifyio-testing/subscriptions","organizations_url":"https://api.github.com/users/mergifyio-testing/orgs","repos_url":"https://api.github.com/users/mergifyio-testing/repos","events_url":"https://api.github.com/users/mergifyio-testing/events{/privacy}","received_events_url":"https://api.github.com/users/mergifyio-testing/received_events","type":"Organization","site_admin":false},"name":"Mergify-test","description":"Test
      version of Mergify.","external_url":"https://mergify.io","html_url":"https://github.com/apps/mergify-test","created_at":"2018-04-18T13:55:11Z","updated_at":"2021-03-15T16:12:09Z","permissions":{"checks":"write","contents":"write","emails":"read","issues":"write","members":"read","metadata":"read","pages":"write","pull_requests":"write","statuses":"read"},"events":["check_run","check_suite","issue_comment","pull_request","pull_request_review","pull_request_review_comment","push","status"]},"created_at":"2021-07-12T16:46:22Z","updated_at":"2021-07-12T16:46:22Z","latest_check_runs_count":0,"check_runs_url":"https://api.github.com/repos/mergifyio-testing/functional-testing-repo/check-suites/3218053067/check-runs","head_commit":{"id":"40a85aaa1861925f2d881de3bfeabe354ac21a8f","tree_id":"f39493e6ba97694b7b0b4b8cf48d94f8a9334674","message":"initial
      commit","timestamp":"2021-07-12T16:46:19Z","author":{"name":"mergify-tester","email":"noreply@mergify.io"},"committer":{"name":"mergify-tester","email":"noreply@mergify.io"}}},"repository":{"id":258840104,"node_id":"MDEwOlJlcG9zaXRvcnkyNTg4NDAxMDQ=","name":"functional-testing-repo","full_name":"mergifyio-testing/functional-testing-repo","private":false,"owner":{"login":"mergifyio-testing","id":40527191,"node_id":"MDEyOk9yZ2FuaXphdGlvbjQwNTI3MTkx","avatar_url":"https://avatars.githubusercontent.com/u/40527191?v=4","gravatar_id":"","url":"https://api.github.com/users/mergifyio-testing","html_url":"https://github.com/mergifyio-testing","followers_url":"https://api.github.com/users/mergifyio-testing/followers","following_url":"https://api.github.com/users/mergifyio-testing/following{/other_user}","gists_url":"https://api.github.com/users/mergifyio-testing/gists{/gist_id}","starred_url":"https://api.github.com/users/mergifyio-testing/starred{/owner}{/repo}","subscriptions_url":"https://api.github.com/users/mergifyio-testing/subscriptions","organizations_url":"https://api.github.com/users/mergifyio-testing/orgs","repos_url":"https://api.github.com/users/mergifyio-testing/repos","events_url":"https://api.github.com/users/mergifyio-testing/events{/privacy}","received_events_url":"https://api.github.com/users/mergifyio-testing/received_events","type":"Organization","site_admin":false},"html_url":"https://github.com/mergifyio-testing/functional-testing-repo","description":"Mergify","fork":false,"url":"https://api.github.com/repos/mergifyio-testing/functional-testing-repo","forks_url":"https://api.github.com/repos/mergifyio-testing/functional-testing-repo/forks","keys_url":"https://api.github.com/repos/mergifyio-testing/functional-testing-repo/keys{/key_id}","collaborators_url":"https://api.github.com/repos/mergifyio-testing/functional-testing-repo/collaborators{/collaborator}","teams_url":"https://api.github.com/repos/mergifyio-testing/functional-testing-repo/teams","hooks_url":"https://api.github.com/repos/mergifyio-testing/functional-testing-repo/hooks","issue_events_url":"https://api.github.com/repos/mergifyio-testing/functional-testing-repo/issues/events{/number}","events_url":"https://api.github.com/repos/mergifyio-testing/functional-testing-repo/events","assignees_url":"https://api.github.com/repos/mergifyio-testing/functional-testing-repo/assignees{/user}","branches_url":"https://api.github.com/repos/mergifyio-testing/functional-testing-repo/branches{/branch}","tags_url":"https://api.github.com/repos/mergifyio-testing/functional-testing-repo/tags","blobs_url":"https://api.github.com/repos/mergifyio-testing/functional-testing-repo/git/blobs{/sha}","git_tags_url":"https://api.github.com/repos/mergifyio-testing/functional-testing-repo/git/tags{/sha}","git_refs_url":"https://api.github.com/repos/mergifyio-testing/functional-testing-repo/git/refs{/sha}","trees_url":"https://api.github.com/repos/mergifyio-testing/functional-testing-repo/git/trees{/sha}","statuses_url":"https://api.github.com/repos/mergifyio-testing/functional-testing-repo/statuses/{sha}","languages_url":"https://api.github.com/repos/mergifyio-testing/functional-testing-repo/languages","stargazers_url":"https://api.github.com/repos/mergifyio-testing/functional-testing-repo/stargazers","contributors_url":"https://api.github.com/repos/mergifyio-testing/functional-testing-repo/contributors","subscribers_url":"https://api.github.com/repos/mergifyio-testing/functional-testing-repo/subscribers","subscription_url":"https://api.github.com/repos/mergifyio-testing/functional-testing-repo/subscription","commits_url":"https://api.github.com/repos/mergifyio-testing/functional-testing-repo/commits{/sha}","git_commits_url":"https://api.github.com/repos/mergifyio-testing/functional-testing-repo/git/commits{/sha}","comments_url":"https://api.github.com/repos/mergifyio-testing/functional-testing-repo/comments{/number}","issue_comment_url":"https://api.github.com/repos/mergifyio-testing/functional-testing-repo/issues/comments{/number}","contents_url":"https://api.github.com/repos/mergifyio-testing/functional-testing-repo/contents/{+path}","compare_url":"https://api.github.com/repos/mergifyio-testing/functional-testing-repo/compare/{base}...{head}","merges_url":"https://api.github.com/repos/mergifyio-testing/functional-testing-repo/merges","archive_url":"https://api.github.com/repos/mergifyio-testing/functional-testing-repo/{archive_format}{/ref}","downloads_url":"https://api.github.com/repos/mergifyio-testing/functional-testing-repo/downloads","issues_url":"https://api.github.com/repos/mergifyio-testing/functional-testing-repo/issues{/number}","pulls_url":"https://api.github.com/repos/mergifyio-testing/functional-testing-repo/pulls{/number}","milestones_url":"https://api.github.com/repos/mergifyio-testing/functional-testing-repo/milestones{/number}","notifications_url":"https://api.github.com/repos/mergifyio-testing/functional-testing-repo/notifications{?since,all,participating}","labels_url":"https://api.github.com/repos/mergifyio-testing/functional-testing-repo/labels{/name}","releases_url":"https://api.github.com/repos/mergifyio-testing/functional-testing-repo/releases{/id}","deployments_url":"https://api.github.com/repos/mergifyio-testing/functional-testing-repo/deployments","created_at":"2020-04-25T17:58:44Z","updated_at":"2021-07-12T16:44:14Z","pushed_at":"2021-07-12T16:46:21Z","git_url":"git://github.com/mergifyio-testing/functional-testing-repo.git","ssh_url":"git@github.com:mergifyio-testing/functional-testing-repo.git","clone_url":"https://github.com/mergifyio-testing/functional-testing-repo.git","svn_url":"https://github.com/mergifyio-testing/functional-testing-repo","homepage":null,"size":2,"stargazers_count":0,"watchers_count":0,"language":null,"has_issues":true,"has_projects":true,"has_downloads":true,"has_wiki":true,"has_pages":false,"forks_count":1,"mirror_url":null,"archived":false,"disabled":false,"open_issues_count":0,"license":null,"forks":1,"open_issues":0,"watchers":0,"default_branch":"master"},"organization":{"login":"mergifyio-testing","id":40527191,"node_id":"MDEyOk9yZ2FuaXphdGlvbjQwNTI3MTkx","url":"https://api.github.com/orgs/mergifyio-testing","repos_url":"https://api.github.com/orgs/mergifyio-testing/repos","events_url":"https://api.github.com/orgs/mergifyio-testing/events","hooks_url":"https://api.github.com/orgs/mergifyio-testing/hooks","issues_url":"https://api.github.com/orgs/mergifyio-testing/issues","members_url":"https://api.github.com/orgs/mergifyio-testing/members{/member}","public_members_url":"https://api.github.com/orgs/mergifyio-testing/public_members{/member}","avatar_url":"https://avatars.githubusercontent.com/u/40527191?v=4","description":"This
      account is for testing purpose of the workflow of the GitHub App @Mergifyio"},"sender":{"login":"mergify-test1","id":38494943,"node_id":"MDQ6VXNlcjM4NDk0OTQz","avatar_url":"https://avatars.githubusercontent.com/u/38494943?v=4","gravatar_id":"","url":"https://api.github.com/users/mergify-test1","html_url":"https://github.com/mergify-test1","followers_url":"https://api.github.com/users/mergify-test1/followers","following_url":"https://api.github.com/users/mergify-test1/following{/other_user}","gists_url":"https://api.github.com/users/mergify-test1/gists{/gist_id}","starred_url":"https://api.github.com/users/mergify-test1/starred{/owner}{/repo}","subscriptions_url":"https://api.github.com/users/mergify-test1/subscriptions","organizations_url":"https://api.github.com/users/mergify-test1/orgs","repos_url":"https://api.github.com/users/mergify-test1/repos","events_url":"https://api.github.com/users/mergify-test1/events{/privacy}","received_events_url":"https://api.github.com/users/mergify-test1/received_events","type":"User","site_admin":false},"installation":{"id":15398551,"node_id":"MDIzOkludGVncmF0aW9uSW5zdGFsbGF0aW9uMTUzOTg1NTE="}}},{"id":"b4a91f90-e330-11eb-8360-2aecbc3f3232","type":"pull_request","payload":{"action":"opened","number":14660,"pull_request":{"url":"https://api.github.com/repos/mergifyio-testing/functional-testing-repo/pulls/14660","id":688001589,"node_id":"MDExOlB1bGxSZXF1ZXN0Njg4MDAxNTg5","html_url":"https://github.com/mergifyio-testing/functional-testing-repo/pull/14660","diff_url":"https://github.com/mergifyio-testing/functional-testing-repo/pull/14660.diff","patch_url":"https://github.com/mergifyio-testing/functional-testing-repo/pull/14660.patch","issue_url":"https://api.github.com/repos/mergifyio-testing/functional-testing-repo/issues/14660","number":14660,"state":"open","locked":false,"title":"test_simulator_with_wrong_pull_request_url:
      pull request n1 from fork","user":{"login":"mergify-test2","id":38495008,"node_id":"MDQ6VXNlcjM4NDk1MDA4","avatar_url":"https://avatars.githubusercontent.com/u/38495008?v=4","gravatar_id":"","url":"https://api.github.com/users/mergify-test2","html_url":"https://github.com/mergify-test2","followers_url":"https://api.github.com/users/mergify-test2/followers","following_url":"https://api.github.com/users/mergify-test2/following{/other_user}","gists_url":"https://api.github.com/users/mergify-test2/gists{/gist_id}","starred_url":"https://api.github.com/users/mergify-test2/starred{/owner}{/repo}","subscriptions_url":"https://api.github.com/users/mergify-test2/subscriptions","organizations_url":"https://api.github.com/users/mergify-test2/orgs","repos_url":"https://api.github.com/users/mergify-test2/repos","events_url":"https://api.github.com/users/mergify-test2/events{/privacy}","received_events_url":"https://api.github.com/users/mergify-test2/received_events","type":"User","site_admin":false},"body":"test_simulator_with_wrong_pull_request_url:
      pull request n1 from fork","created_at":"2021-07-12T16:46:29Z","updated_at":"2021-07-12T16:46:29Z","closed_at":null,"merged_at":null,"merge_commit_sha":null,"assignee":null,"assignees":[],"requested_reviewers":[],"requested_teams":[],"labels":[],"milestone":null,"draft":false,"commits_url":"https://api.github.com/repos/mergifyio-testing/functional-testing-repo/pulls/14660/commits","review_comments_url":"https://api.github.com/repos/mergifyio-testing/functional-testing-repo/pulls/14660/comments","review_comment_url":"https://api.github.com/repos/mergifyio-testing/functional-testing-repo/pulls/comments{/number}","comments_url":"https://api.github.com/repos/mergifyio-testing/functional-testing-repo/issues/14660/comments","statuses_url":"https://api.github.com/repos/mergifyio-testing/functional-testing-repo/statuses/c6337d2e928c2dc3781b7a680a45802847850c1d","head":{"label":"mergify-test2:20210712164616/test_simulator_with_wrong_pull_request_url/fork/pr1","ref":"20210712164616/test_simulator_with_wrong_pull_request_url/fork/pr1","sha":"c6337d2e928c2dc3781b7a680a45802847850c1d","user":{"login":"mergify-test2","id":38495008,"node_id":"MDQ6VXNlcjM4NDk1MDA4","avatar_url":"https://avatars.githubusercontent.com/u/38495008?v=4","gravatar_id":"","url":"https://api.github.com/users/mergify-test2","html_url":"https://github.com/mergify-test2","followers_url":"https://api.github.com/users/mergify-test2/followers","following_url":"https://api.github.com/users/mergify-test2/following{/other_user}","gists_url":"https://api.github.com/users/mergify-test2/gists{/gist_id}","starred_url":"https://api.github.com/users/mergify-test2/starred{/owner}{/repo}","subscriptions_url":"https://api.github.com/users/mergify-test2/subscriptions","organizations_url":"https://api.github.com/users/mergify-test2/orgs","repos_url":"https://api.github.com/users/mergify-test2/repos","events_url":"https://api.github.com/users/mergify-test2/events{/privacy}","received_events_url":"https://api.github.com/users/mergify-test2/received_events","type":"User","site_admin":false},"repo":{"id":258840424,"node_id":"MDEwOlJlcG9zaXRvcnkyNTg4NDA0MjQ=","name":"functional-testing-repo","full_name":"mergify-test2/functional-testing-repo","private":false,"owner":{"login":"mergify-test2","id":38495008,"node_id":"MDQ6VXNlcjM4NDk1MDA4","avatar_url":"https://avatars.githubusercontent.com/u/38495008?v=4","gravatar_id":"","url":"https://api.github.com/users/mergify-test2","html_url":"https://github.com/mergify-test2","followers_url":"https://api.github.com/users/mergify-test2/followers","following_url":"https://api.github.com/users/mergify-test2/following{/other_user}","gists_url":"https://api.github.com/users/mergify-test2/gists{/gist_id}","starred_url":"https://api.github.com/users/mergify-test2/starred{/owner}{/repo}","subscriptions_url":"https://api.github.com/users/mergify-test2/subscriptions","organizations_url":"https://api.github.com/users/mergify-test2/orgs","repos_url":"https://api.github.com/users/mergify-test2/repos","events_url":"https://api.github.com/users/mergify-test2/events{/privacy}","received_events_url":"https://api.github.com/users/mergify-test2/received_events","type":"User","site_admin":false},"html_url":"https://github.com/mergify-test2/functional-testing-repo","description":null,"fork":true,"url":"https://api.github.com/repos/mergify-test2/functional-testing-repo","forks_url":"https://api.github.com/repos/mergify-test2/functional-testing-repo/forks","keys_url":"https://api.github.com/repos/mergify-test2/functional-testing-repo/keys{/key_id}","collaborators_url":"https://api.github.com/repos/mergify-test2/functional-testing-repo/collaborators{/collaborator}","teams_url":"https://api.github.com/repos/mergify-test2/functional-testing-repo/teams","hooks_url":"https://api.github.com/repos/mergify-test2/functional-testing-repo/hooks","issue_events_url":"https://api.github.com/repos/mergify-test2/functional-testing-repo/issues/events{/number}","events_url":"https://api.github.com/repos/mergify-test2/functional-testing-repo/events","assignees_url":"https://api.github.com/repos/mergify-test2/functional-testing-repo/assignees{/user}","branches_url":"https://api.github.com/repos/mergify-test2/functional-testing-repo/branches{/branch}","tags_url":"https://api.github.com/repos/mergify-test2/functional-testing-repo/tags","blobs_url":"https://api.github.com/repos/mergify-test2/functional-testing-repo/git/blobs{/sha}","git_tags_url":"https://api.github.com/repos/mergify-test2/functional-testing-repo/git/tags{/sha}","git_refs_url":"https://api.github.com/repos/mergify-test2/functional-testing-repo/git/refs{/sha}","trees_url":"https://api.github.com/repos/mergify-test2/functional-testing-repo/git/trees{/sha}","statuses_url":"https://api.github.com/repos/mergify-test2/functional-testing-repo/statuses/{sha}","languages_url":"https://api.github.com/repos/mergify-test2/functional-testing-repo/languages","stargazers_url":"https://api.github.com/repos/mergify-test2/functional-testing-repo/stargazers","contributors_url":"https://api.github.com/repos/mergify-test2/functional-testing-repo/contributors","subscribers_url":"https://api.github.com/repos/mergify-test2/functional-testing-repo/subscribers","subscription_url":"https://api.github.com/repos/mergify-test2/functional-testing-repo/subscription","commits_url":"https://api.github.com/repos/mergify-test2/functional-testing-repo/commits{/sha}","git_commits_url":"https://api.github.com/repos/mergify-test2/functional-testing-repo/git/commits{/sha}","comments_url":"https://api.github.com/repos/mergify-test2/functional-testing-repo/comments{/number}","issue_comment_url":"https://api.github.com/repos/mergify-test2/functional-testing-repo/issues/comments{/number}","contents_url":"https://api.github.com/repos/mergify-test2/functional-testing-repo/contents/{+path}","compare_url":"https://api.github.com/repos/mergify-test2/functional-testing-repo/compare/{base}...{head}","merges_url":"https://api.github.com/repos/mergify-test2/functional-testing-repo/merges","archive_url":"https://api.github.com/repos/mergify-test2/functional-testing-repo/{archive_format}{/ref}","downloads_url":"https://api.github.com/repos/mergify-test2/functional-testing-repo/downloads","issues_url":"https://api.github.com/repos/mergify-test2/functional-testing-repo/issues{/number}","pulls_url":"https://api.github.com/repos/mergify-test2/functional-testing-repo/pulls{/number}","milestones_url":"https://api.github.com/repos/mergify-test2/functional-testing-repo/milestones{/number}","notifications_url":"https://api.github.com/repos/mergify-test2/functional-testing-repo/notifications{?since,all,participating}","labels_url":"https://api.github.com/repos/mergify-test2/functional-testing-repo/labels{/name}","releases_url":"https://api.github.com/repos/mergify-test2/functional-testing-repo/releases{/id}","deployments_url":"https://api.github.com/repos/mergify-test2/functional-testing-repo/deployments","created_at":"2020-04-25T18:00:21Z","updated_at":"2021-03-22T15:47:04Z","pushed_at":"2021-07-12T16:46:28Z","git_url":"git://github.com/mergify-test2/functional-testing-repo.git","ssh_url":"git@github.com:mergify-test2/functional-testing-repo.git","clone_url":"https://github.com/mergify-test2/functional-testing-repo.git","svn_url":"https://github.com/mergify-test2/functional-testing-repo","homepage":null,"size":2359,"stargazers_count":0,"watchers_count":0,"language":null,"has_issues":false,"has_projects":true,"has_downloads":true,"has_wiki":true,"has_pages":false,"forks_count":0,"mirror_url":null,"archived":false,"disabled":false,"open_issues_count":0,"license":null,"forks":0,"open_issues":0,"watchers":0,"default_branch":"20210322154655/test_draft/master","allow_squash_merge":true,"allow_merge_commit":true,"allow_rebase_merge":true,"delete_branch_on_merge":false}},"base":{"label":"mergifyio-testing:20210712164616/test_simulator_with_wrong_pull_request_url/master","ref":"20210712164616/test_simulator_with_wrong_pull_request_url/master","sha":"40a85aaa1861925f2d881de3bfeabe354ac21a8f","user":{"login":"mergifyio-testing","id":40527191,"node_id":"MDEyOk9yZ2FuaXphdGlvbjQwNTI3MTkx","avatar_url":"https://avatars.githubusercontent.com/u/40527191?v=4","gravatar_id":"","url":"https://api.github.com/users/mergifyio-testing","html_url":"https://github.com/mergifyio-testing","followers_url":"https://api.github.com/users/mergifyio-testing/followers","following_url":"https://api.github.com/users/mergifyio-testing/following{/other_user}","gists_url":"https://api.github.com/users/mergifyio-testing/gists{/gist_id}","starred_url":"https://api.github.com/users/mergifyio-testing/starred{/owner}{/repo}","subscriptions_url":"https://api.github.com/users/mergifyio-testing/subscriptions","organizations_url":"https://api.github.com/users/mergifyio-testing/orgs","repos_url":"https://api.github.com/users/mergifyio-testing/repos","events_url":"https://api.github.com/users/mergifyio-testing/events{/privacy}","received_events_url":"https://api.github.com/users/mergifyio-testing/received_events","type":"Organization","site_admin":false},"repo":{"id":258840104,"node_id":"MDEwOlJlcG9zaXRvcnkyNTg4NDAxMDQ=","name":"functional-testing-repo","full_name":"mergifyio-testing/functional-testing-repo","private":false,"owner":{"login":"mergifyio-testing","id":40527191,"node_id":"MDEyOk9yZ2FuaXphdGlvbjQwNTI3MTkx","avatar_url":"https://avatars.githubusercontent.com/u/40527191?v=4","gravatar_id":"","url":"https://api.github.com/users/mergifyio-testing","html_url":"https://github.com/mergifyio-testing","followers_url":"https://api.github.com/users/mergifyio-testing/followers","following_url":"https://api.github.com/users/mergifyio-testing/following{/other_user}","gists_url":"https://api.github.com/users/mergifyio-testing/gists{/gist_id}","starred_url":"https://api.github.com/users/mergifyio-testing/starred{/owner}{/repo}","subscriptions_url":"https://api.github.com/users/mergifyio-testing/subscriptions","organizations_url":"https://api.github.com/users/mergifyio-testing/orgs","repos_url":"https://api.github.com/users/mergifyio-testing/repos","events_url":"https://api.github.com/users/mergifyio-testing/events{/privacy}","received_events_url":"https://api.github.com/users/mergifyio-testing/received_events","type":"Organization","site_admin":false},"html_url":"https://github.com/mergifyio-testing/functional-testing-repo","description":"Mergify","fork":false,"url":"https://api.github.com/repos/mergifyio-testing/functional-testing-repo","forks_url":"https://api.github.com/repos/mergifyio-testing/functional-testing-repo/forks","keys_url":"https://api.github.com/repos/mergifyio-testing/functional-testing-repo/keys{/key_id}","collaborators_url":"https://api.github.com/repos/mergifyio-testing/functional-testing-repo/collaborators{/collaborator}","teams_url":"https://api.github.com/repos/mergifyio-testing/functional-testing-repo/teams","hooks_url":"https://api.github.com/repos/mergifyio-testing/functional-testing-repo/hooks","issue_events_url":"https://api.github.com/repos/mergifyio-testing/functional-testing-repo/issues/events{/number}","events_url":"https://api.github.com/repos/mergifyio-testing/functional-testing-repo/events","assignees_url":"https://api.github.com/repos/mergifyio-testing/functional-testing-repo/assignees{/user}","branches_url":"https://api.github.com/repos/mergifyio-testing/functional-testing-repo/branches{/branch}","tags_url":"https://api.github.com/repos/mergifyio-testing/functional-testing-repo/tags","blobs_url":"https://api.github.com/repos/mergifyio-testing/functional-testing-repo/git/blobs{/sha}","git_tags_url":"https://api.github.com/repos/mergifyio-testing/functional-testing-repo/git/tags{/sha}","git_refs_url":"https://api.github.com/repos/mergifyio-testing/functional-testing-repo/git/refs{/sha}","trees_url":"https://api.github.com/repos/mergifyio-testing/functional-testing-repo/git/trees{/sha}","statuses_url":"https://api.github.com/repos/mergifyio-testing/functional-testing-repo/statuses/{sha}","languages_url":"https://api.github.com/repos/mergifyio-testing/functional-testing-repo/languages","stargazers_url":"https://api.github.com/repos/mergifyio-testing/functional-testing-repo/stargazers","contributors_url":"https://api.github.com/repos/mergifyio-testing/functional-testing-repo/contributors","subscribers_url":"https://api.github.com/repos/mergifyio-testing/functional-testing-repo/subscribers","subscription_url":"https://api.github.com/repos/mergifyio-testing/functional-testing-repo/subscription","commits_url":"https://api.github.com/repos/mergifyio-testing/functional-testing-repo/commits{/sha}","git_commits_url":"https://api.github.com/repos/mergifyio-testing/functional-testing-repo/git/commits{/sha}","comments_url":"https://api.github.com/repos/mergifyio-testing/functional-testing-repo/comments{/number}","issue_comment_url":"https://api.github.com/repos/mergifyio-testing/functional-testing-repo/issues/comments{/number}","contents_url":"https://api.github.com/repos/mergifyio-testing/functional-testing-repo/contents/{+path}","compare_url":"https://api.github.com/repos/mergifyio-testing/functional-testing-repo/compare/{base}...{head}","merges_url":"https://api.github.com/repos/mergifyio-testing/functional-testing-repo/merges","archive_url":"https://api.github.com/repos/mergifyio-testing/functional-testing-repo/{archive_format}{/ref}","downloads_url":"https://api.github.com/repos/mergifyio-testing/functional-testing-repo/downloads","issues_url":"https://api.github.com/repos/mergifyio-testing/functional-testing-repo/issues{/number}","pulls_url":"https://api.github.com/repos/mergifyio-testing/functional-testing-repo/pulls{/number}","milestones_url":"https://api.github.com/repos/mergifyio-testing/functional-testing-repo/milestones{/number}","notifications_url":"https://api.github.com/repos/mergifyio-testing/functional-testing-repo/notifications{?since,all,participating}","labels_url":"https://api.github.com/repos/mergifyio-testing/functional-testing-repo/labels{/name}","releases_url":"https://api.github.com/repos/mergifyio-testing/functional-testing-repo/releases{/id}","deployments_url":"https://api.github.com/repos/mergifyio-testing/functional-testing-repo/deployments","created_at":"2020-04-25T17:58:44Z","updated_at":"2021-07-12T16:44:14Z","pushed_at":"2021-07-12T16:46:21Z","git_url":"git://github.com/mergifyio-testing/functional-testing-repo.git","ssh_url":"git@github.com:mergifyio-testing/functional-testing-repo.git","clone_url":"https://github.com/mergifyio-testing/functional-testing-repo.git","svn_url":"https://github.com/mergifyio-testing/functional-testing-repo","homepage":null,"size":2,"stargazers_count":0,"watchers_count":0,"language":null,"has_issues":true,"has_projects":true,"has_downloads":true,"has_wiki":true,"has_pages":false,"forks_count":1,"mirror_url":null,"archived":false,"disabled":false,"open_issues_count":1,"license":null,"forks":1,"open_issues":1,"watchers":0,"default_branch":"20210712164616/test_simulator_with_wrong_pull_request_url/master","allow_squash_merge":true,"allow_merge_commit":true,"allow_rebase_merge":true,"delete_branch_on_merge":false}},"_links":{"self":{"href":"https://api.github.com/repos/mergifyio-testing/functional-testing-repo/pulls/14660"},"html":{"href":"https://github.com/mergifyio-testing/functional-testing-repo/pull/14660"},"issue":{"href":"https://api.github.com/repos/mergifyio-testing/functional-testing-repo/issues/14660"},"comments":{"href":"https://api.github.com/repos/mergifyio-testing/functional-testing-repo/issues/14660/comments"},"review_comments":{"href":"https://api.github.com/repos/mergifyio-testing/functional-testing-repo/pulls/14660/comments"},"review_comment":{"href":"https://api.github.com/repos/mergifyio-testing/functional-testing-repo/pulls/comments{/number}"},"commits":{"href":"https://api.github.com/repos/mergifyio-testing/functional-testing-repo/pulls/14660/commits"},"statuses":{"href":"https://api.github.com/repos/mergifyio-testing/functional-testing-repo/statuses/c6337d2e928c2dc3781b7a680a45802847850c1d"}},"author_association":"NONE","auto_merge":null,"active_lock_reason":null,"merged":false,"mergeable":null,"rebaseable":null,"mergeable_state":"unknown","merged_by":null,"comments":0,"review_comments":0,"maintainer_can_modify":true,"commits":1,"additions":0,"deletions":0,"changed_files":1},"repository":{"id":258840104,"node_id":"MDEwOlJlcG9zaXRvcnkyNTg4NDAxMDQ=","name":"functional-testing-repo","full_name":"mergifyio-testing/functional-testing-repo","private":false,"owner":{"login":"mergifyio-testing","id":40527191,"node_id":"MDEyOk9yZ2FuaXphdGlvbjQwNTI3MTkx","avatar_url":"https://avatars.githubusercontent.com/u/40527191?v=4","gravatar_id":"","url":"https://api.github.com/users/mergifyio-testing","html_url":"https://github.com/mergifyio-testing","followers_url":"https://api.github.com/users/mergifyio-testing/followers","following_url":"https://api.github.com/users/mergifyio-testing/following{/other_user}","gists_url":"https://api.github.com/users/mergifyio-testing/gists{/gist_id}","starred_url":"https://api.github.com/users/mergifyio-testing/starred{/owner}{/repo}","subscriptions_url":"https://api.github.com/users/mergifyio-testing/subscriptions","organizations_url":"https://api.github.com/users/mergifyio-testing/orgs","repos_url":"https://api.github.com/users/mergifyio-testing/repos","events_url":"https://api.github.com/users/mergifyio-testing/events{/privacy}","received_events_url":"https://api.github.com/users/mergifyio-testing/received_events","type":"Organization","site_admin":false},"html_url":"https://github.com/mergifyio-testing/functional-testing-repo","description":"Mergify","fork":false,"url":"https://api.github.com/repos/mergifyio-testing/functional-testing-repo","forks_url":"https://api.github.com/repos/mergifyio-testing/functional-testing-repo/forks","keys_url":"https://api.github.com/repos/mergifyio-testing/functional-testing-repo/keys{/key_id}","collaborators_url":"https://api.github.com/repos/mergifyio-testing/functional-testing-repo/collaborators{/collaborator}","teams_url":"https://api.github.com/repos/mergifyio-testing/functional-testing-repo/teams","hooks_url":"https://api.github.com/repos/mergifyio-testing/functional-testing-repo/hooks","issue_events_url":"https://api.github.com/repos/mergifyio-testing/functional-testing-repo/issues/events{/number}","events_url":"https://api.github.com/repos/mergifyio-testing/functional-testing-repo/events","assignees_url":"https://api.github.com/repos/mergifyio-testing/functional-testing-repo/assignees{/user}","branches_url":"https://api.github.com/repos/mergifyio-testing/functional-testing-repo/branches{/branch}","tags_url":"https://api.github.com/repos/mergifyio-testing/functional-testing-repo/tags","blobs_url":"https://api.github.com/repos/mergifyio-testing/functional-testing-repo/git/blobs{/sha}","git_tags_url":"https://api.github.com/repos/mergifyio-testing/functional-testing-repo/git/tags{/sha}","git_refs_url":"https://api.github.com/repos/mergifyio-testing/functional-testing-repo/git/refs{/sha}","trees_url":"https://api.github.com/repos/mergifyio-testing/functional-testing-repo/git/trees{/sha}","statuses_url":"https://api.github.com/repos/mergifyio-testing/functional-testing-repo/statuses/{sha}","languages_url":"https://api.github.com/repos/mergifyio-testing/functional-testing-repo/languages","stargazers_url":"https://api.github.com/repos/mergifyio-testing/functional-testing-repo/stargazers","contributors_url":"https://api.github.com/repos/mergifyio-testing/functional-testing-repo/contributors","subscribers_url":"https://api.github.com/repos/mergifyio-testing/functional-testing-repo/subscribers","subscription_url":"https://api.github.com/repos/mergifyio-testing/functional-testing-repo/subscription","commits_url":"https://api.github.com/repos/mergifyio-testing/functional-testing-repo/commits{/sha}","git_commits_url":"https://api.github.com/repos/mergifyio-testing/functional-testing-repo/git/commits{/sha}","comments_url":"https://api.github.com/repos/mergifyio-testing/functional-testing-repo/comments{/number}","issue_comment_url":"https://api.github.com/repos/mergifyio-testing/functional-testing-repo/issues/comments{/number}","contents_url":"https://api.github.com/repos/mergifyio-testing/functional-testing-repo/contents/{+path}","compare_url":"https://api.github.com/repos/mergifyio-testing/functional-testing-repo/compare/{base}...{head}","merges_url":"https://api.github.com/repos/mergifyio-testing/functional-testing-repo/merges","archive_url":"https://api.github.com/repos/mergifyio-testing/functional-testing-repo/{archive_format}{/ref}","downloads_url":"https://api.github.com/repos/mergifyio-testing/functional-testing-repo/downloads","issues_url":"https://api.github.com/repos/mergifyio-testing/functional-testing-repo/issues{/number}","pulls_url":"https://api.github.com/repos/mergifyio-testing/functional-testing-repo/pulls{/number}","milestones_url":"https://api.github.com/repos/mergifyio-testing/functional-testing-repo/milestones{/number}","notifications_url":"https://api.github.com/repos/mergifyio-testing/functional-testing-repo/notifications{?since,all,participating}","labels_url":"https://api.github.com/repos/mergifyio-testing/functional-testing-repo/labels{/name}","releases_url":"https://api.github.com/repos/mergifyio-testing/functional-testing-repo/releases{/id}","deployments_url":"https://api.github.com/repos/mergifyio-testing/functional-testing-repo/deployments","created_at":"2020-04-25T17:58:44Z","updated_at":"2021-07-12T16:44:14Z","pushed_at":"2021-07-12T16:46:21Z","git_url":"git://github.com/mergifyio-testing/functional-testing-repo.git","ssh_url":"git@github.com:mergifyio-testing/functional-testing-repo.git","clone_url":"https://github.com/mergifyio-testing/functional-testing-repo.git","svn_url":"https://github.com/mergifyio-testing/functional-testing-repo","homepage":null,"size":2,"stargazers_count":0,"watchers_count":0,"language":null,"has_issues":true,"has_projects":true,"has_downloads":true,"has_wiki":true,"has_pages":false,"forks_count":1,"mirror_url":null,"archived":false,"disabled":false,"open_issues_count":1,"license":null,"forks":1,"open_issues":1,"watchers":0,"default_branch":"20210712164616/test_simulator_with_wrong_pull_request_url/master"},"organization":{"login":"mergifyio-testing","id":40527191,"node_id":"MDEyOk9yZ2FuaXphdGlvbjQwNTI3MTkx","url":"https://api.github.com/orgs/mergifyio-testing","repos_url":"https://api.github.com/orgs/mergifyio-testing/repos","events_url":"https://api.github.com/orgs/mergifyio-testing/events","hooks_url":"https://api.github.com/orgs/mergifyio-testing/hooks","issues_url":"https://api.github.com/orgs/mergifyio-testing/issues","members_url":"https://api.github.com/orgs/mergifyio-testing/members{/member}","public_members_url":"https://api.github.com/orgs/mergifyio-testing/public_members{/member}","avatar_url":"https://avatars.githubusercontent.com/u/40527191?v=4","description":"This
      account is for testing purpose of the workflow of the GitHub App @Mergifyio"},"sender":{"login":"mergify-test2","id":38495008,"node_id":"MDQ6VXNlcjM4NDk1MDA4","avatar_url":"https://avatars.githubusercontent.com/u/38495008?v=4","gravatar_id":"","url":"https://api.github.com/users/mergify-test2","html_url":"https://github.com/mergify-test2","followers_url":"https://api.github.com/users/mergify-test2/followers","following_url":"https://api.github.com/users/mergify-test2/following{/other_user}","gists_url":"https://api.github.com/users/mergify-test2/gists{/gist_id}","starred_url":"https://api.github.com/users/mergify-test2/starred{/owner}{/repo}","subscriptions_url":"https://api.github.com/users/mergify-test2/subscriptions","organizations_url":"https://api.github.com/users/mergify-test2/orgs","repos_url":"https://api.github.com/users/mergify-test2/repos","events_url":"https://api.github.com/users/mergify-test2/events{/privacy}","received_events_url":"https://api.github.com/users/mergify-test2/received_events","type":"User","site_admin":false},"installation":{"id":15398551,"node_id":"MDIzOkludGVncmF0aW9uSW5zdGFsbGF0aW9uMTUzOTg1NTE="}}}]'
    headers:
      Connection:
      - keep-alive
      Content-Encoding:
      - gzip
      Content-Type:
      - application/json
      Transfer-Encoding:
      - chunked
      alt-svc:
      - h3-27=":443"; ma=86400, h3-28=":443"; ma=86400, h3-29=":443"; ma=86400, h3=":443";
        ma=86400
    http_version: HTTP/1.1
    status_code: 200
- request:
    body: ''
    headers:
      Authorization:
      - <TOKEN>
      accept:
      - application/vnd.github.machine-man-preview+json
      host:
      - api.github.com
    method: GET
    uri: https://api.github.com/repos/mergifyio-testing/functional-testing-repo/pulls/14660
  response:
    content: '{"url":"https://api.github.com/repos/mergifyio-testing/functional-testing-repo/pulls/14660","id":688001589,"node_id":"MDExOlB1bGxSZXF1ZXN0Njg4MDAxNTg5","html_url":"https://github.com/mergifyio-testing/functional-testing-repo/pull/14660","diff_url":"https://github.com/mergifyio-testing/functional-testing-repo/pull/14660.diff","patch_url":"https://github.com/mergifyio-testing/functional-testing-repo/pull/14660.patch","issue_url":"https://api.github.com/repos/mergifyio-testing/functional-testing-repo/issues/14660","number":14660,"state":"open","locked":false,"title":"test_simulator_with_wrong_pull_request_url:
      pull request n1 from fork","user":{"login":"mergify-test2","id":38495008,"node_id":"MDQ6VXNlcjM4NDk1MDA4","avatar_url":"https://avatars.githubusercontent.com/u/38495008?v=4","gravatar_id":"","url":"https://api.github.com/users/mergify-test2","html_url":"https://github.com/mergify-test2","followers_url":"https://api.github.com/users/mergify-test2/followers","following_url":"https://api.github.com/users/mergify-test2/following{/other_user}","gists_url":"https://api.github.com/users/mergify-test2/gists{/gist_id}","starred_url":"https://api.github.com/users/mergify-test2/starred{/owner}{/repo}","subscriptions_url":"https://api.github.com/users/mergify-test2/subscriptions","organizations_url":"https://api.github.com/users/mergify-test2/orgs","repos_url":"https://api.github.com/users/mergify-test2/repos","events_url":"https://api.github.com/users/mergify-test2/events{/privacy}","received_events_url":"https://api.github.com/users/mergify-test2/received_events","type":"User","site_admin":false},"body":"test_simulator_with_wrong_pull_request_url:
      pull request n1 from fork","created_at":"2021-07-12T16:46:29Z","updated_at":"2021-07-12T16:46:29Z","closed_at":null,"merged_at":null,"merge_commit_sha":"caa361c3ca367be91bbed993269ec68c2208c188","assignee":null,"assignees":[],"requested_reviewers":[],"requested_teams":[],"labels":[],"milestone":null,"draft":false,"commits_url":"https://api.github.com/repos/mergifyio-testing/functional-testing-repo/pulls/14660/commits","review_comments_url":"https://api.github.com/repos/mergifyio-testing/functional-testing-repo/pulls/14660/comments","review_comment_url":"https://api.github.com/repos/mergifyio-testing/functional-testing-repo/pulls/comments{/number}","comments_url":"https://api.github.com/repos/mergifyio-testing/functional-testing-repo/issues/14660/comments","statuses_url":"https://api.github.com/repos/mergifyio-testing/functional-testing-repo/statuses/c6337d2e928c2dc3781b7a680a45802847850c1d","head":{"label":"mergify-test2:20210712164616/test_simulator_with_wrong_pull_request_url/fork/pr1","ref":"20210712164616/test_simulator_with_wrong_pull_request_url/fork/pr1","sha":"c6337d2e928c2dc3781b7a680a45802847850c1d","user":{"login":"mergify-test2","id":38495008,"node_id":"MDQ6VXNlcjM4NDk1MDA4","avatar_url":"https://avatars.githubusercontent.com/u/38495008?v=4","gravatar_id":"","url":"https://api.github.com/users/mergify-test2","html_url":"https://github.com/mergify-test2","followers_url":"https://api.github.com/users/mergify-test2/followers","following_url":"https://api.github.com/users/mergify-test2/following{/other_user}","gists_url":"https://api.github.com/users/mergify-test2/gists{/gist_id}","starred_url":"https://api.github.com/users/mergify-test2/starred{/owner}{/repo}","subscriptions_url":"https://api.github.com/users/mergify-test2/subscriptions","organizations_url":"https://api.github.com/users/mergify-test2/orgs","repos_url":"https://api.github.com/users/mergify-test2/repos","events_url":"https://api.github.com/users/mergify-test2/events{/privacy}","received_events_url":"https://api.github.com/users/mergify-test2/received_events","type":"User","site_admin":false},"repo":{"id":258840424,"node_id":"MDEwOlJlcG9zaXRvcnkyNTg4NDA0MjQ=","name":"functional-testing-repo","full_name":"mergify-test2/functional-testing-repo","private":false,"owner":{"login":"mergify-test2","id":38495008,"node_id":"MDQ6VXNlcjM4NDk1MDA4","avatar_url":"https://avatars.githubusercontent.com/u/38495008?v=4","gravatar_id":"","url":"https://api.github.com/users/mergify-test2","html_url":"https://github.com/mergify-test2","followers_url":"https://api.github.com/users/mergify-test2/followers","following_url":"https://api.github.com/users/mergify-test2/following{/other_user}","gists_url":"https://api.github.com/users/mergify-test2/gists{/gist_id}","starred_url":"https://api.github.com/users/mergify-test2/starred{/owner}{/repo}","subscriptions_url":"https://api.github.com/users/mergify-test2/subscriptions","organizations_url":"https://api.github.com/users/mergify-test2/orgs","repos_url":"https://api.github.com/users/mergify-test2/repos","events_url":"https://api.github.com/users/mergify-test2/events{/privacy}","received_events_url":"https://api.github.com/users/mergify-test2/received_events","type":"User","site_admin":false},"html_url":"https://github.com/mergify-test2/functional-testing-repo","description":null,"fork":true,"url":"https://api.github.com/repos/mergify-test2/functional-testing-repo","forks_url":"https://api.github.com/repos/mergify-test2/functional-testing-repo/forks","keys_url":"https://api.github.com/repos/mergify-test2/functional-testing-repo/keys{/key_id}","collaborators_url":"https://api.github.com/repos/mergify-test2/functional-testing-repo/collaborators{/collaborator}","teams_url":"https://api.github.com/repos/mergify-test2/functional-testing-repo/teams","hooks_url":"https://api.github.com/repos/mergify-test2/functional-testing-repo/hooks","issue_events_url":"https://api.github.com/repos/mergify-test2/functional-testing-repo/issues/events{/number}","events_url":"https://api.github.com/repos/mergify-test2/functional-testing-repo/events","assignees_url":"https://api.github.com/repos/mergify-test2/functional-testing-repo/assignees{/user}","branches_url":"https://api.github.com/repos/mergify-test2/functional-testing-repo/branches{/branch}","tags_url":"https://api.github.com/repos/mergify-test2/functional-testing-repo/tags","blobs_url":"https://api.github.com/repos/mergify-test2/functional-testing-repo/git/blobs{/sha}","git_tags_url":"https://api.github.com/repos/mergify-test2/functional-testing-repo/git/tags{/sha}","git_refs_url":"https://api.github.com/repos/mergify-test2/functional-testing-repo/git/refs{/sha}","trees_url":"https://api.github.com/repos/mergify-test2/functional-testing-repo/git/trees{/sha}","statuses_url":"https://api.github.com/repos/mergify-test2/functional-testing-repo/statuses/{sha}","languages_url":"https://api.github.com/repos/mergify-test2/functional-testing-repo/languages","stargazers_url":"https://api.github.com/repos/mergify-test2/functional-testing-repo/stargazers","contributors_url":"https://api.github.com/repos/mergify-test2/functional-testing-repo/contributors","subscribers_url":"https://api.github.com/repos/mergify-test2/functional-testing-repo/subscribers","subscription_url":"https://api.github.com/repos/mergify-test2/functional-testing-repo/subscription","commits_url":"https://api.github.com/repos/mergify-test2/functional-testing-repo/commits{/sha}","git_commits_url":"https://api.github.com/repos/mergify-test2/functional-testing-repo/git/commits{/sha}","comments_url":"https://api.github.com/repos/mergify-test2/functional-testing-repo/comments{/number}","issue_comment_url":"https://api.github.com/repos/mergify-test2/functional-testing-repo/issues/comments{/number}","contents_url":"https://api.github.com/repos/mergify-test2/functional-testing-repo/contents/{+path}","compare_url":"https://api.github.com/repos/mergify-test2/functional-testing-repo/compare/{base}...{head}","merges_url":"https://api.github.com/repos/mergify-test2/functional-testing-repo/merges","archive_url":"https://api.github.com/repos/mergify-test2/functional-testing-repo/{archive_format}{/ref}","downloads_url":"https://api.github.com/repos/mergify-test2/functional-testing-repo/downloads","issues_url":"https://api.github.com/repos/mergify-test2/functional-testing-repo/issues{/number}","pulls_url":"https://api.github.com/repos/mergify-test2/functional-testing-repo/pulls{/number}","milestones_url":"https://api.github.com/repos/mergify-test2/functional-testing-repo/milestones{/number}","notifications_url":"https://api.github.com/repos/mergify-test2/functional-testing-repo/notifications{?since,all,participating}","labels_url":"https://api.github.com/repos/mergify-test2/functional-testing-repo/labels{/name}","releases_url":"https://api.github.com/repos/mergify-test2/functional-testing-repo/releases{/id}","deployments_url":"https://api.github.com/repos/mergify-test2/functional-testing-repo/deployments","created_at":"2020-04-25T18:00:21Z","updated_at":"2021-03-22T15:47:04Z","pushed_at":"2021-07-12T16:46:28Z","git_url":"git://github.com/mergify-test2/functional-testing-repo.git","ssh_url":"git@github.com:mergify-test2/functional-testing-repo.git","clone_url":"https://github.com/mergify-test2/functional-testing-repo.git","svn_url":"https://github.com/mergify-test2/functional-testing-repo","homepage":null,"size":2359,"stargazers_count":0,"watchers_count":0,"language":null,"has_issues":false,"has_projects":true,"has_downloads":true,"has_wiki":true,"has_pages":false,"forks_count":0,"mirror_url":null,"archived":false,"disabled":false,"open_issues_count":0,"license":null,"forks":0,"open_issues":0,"watchers":0,"default_branch":"20210322154655/test_draft/master"}},"base":{"label":"mergifyio-testing:20210712164616/test_simulator_with_wrong_pull_request_url/master","ref":"20210712164616/test_simulator_with_wrong_pull_request_url/master","sha":"40a85aaa1861925f2d881de3bfeabe354ac21a8f","user":{"login":"mergifyio-testing","id":40527191,"node_id":"MDEyOk9yZ2FuaXphdGlvbjQwNTI3MTkx","avatar_url":"https://avatars.githubusercontent.com/u/40527191?v=4","gravatar_id":"","url":"https://api.github.com/users/mergifyio-testing","html_url":"https://github.com/mergifyio-testing","followers_url":"https://api.github.com/users/mergifyio-testing/followers","following_url":"https://api.github.com/users/mergifyio-testing/following{/other_user}","gists_url":"https://api.github.com/users/mergifyio-testing/gists{/gist_id}","starred_url":"https://api.github.com/users/mergifyio-testing/starred{/owner}{/repo}","subscriptions_url":"https://api.github.com/users/mergifyio-testing/subscriptions","organizations_url":"https://api.github.com/users/mergifyio-testing/orgs","repos_url":"https://api.github.com/users/mergifyio-testing/repos","events_url":"https://api.github.com/users/mergifyio-testing/events{/privacy}","received_events_url":"https://api.github.com/users/mergifyio-testing/received_events","type":"Organization","site_admin":false},"repo":{"id":258840104,"node_id":"MDEwOlJlcG9zaXRvcnkyNTg4NDAxMDQ=","name":"functional-testing-repo","full_name":"mergifyio-testing/functional-testing-repo","private":false,"owner":{"login":"mergifyio-testing","id":40527191,"node_id":"MDEyOk9yZ2FuaXphdGlvbjQwNTI3MTkx","avatar_url":"https://avatars.githubusercontent.com/u/40527191?v=4","gravatar_id":"","url":"https://api.github.com/users/mergifyio-testing","html_url":"https://github.com/mergifyio-testing","followers_url":"https://api.github.com/users/mergifyio-testing/followers","following_url":"https://api.github.com/users/mergifyio-testing/following{/other_user}","gists_url":"https://api.github.com/users/mergifyio-testing/gists{/gist_id}","starred_url":"https://api.github.com/users/mergifyio-testing/starred{/owner}{/repo}","subscriptions_url":"https://api.github.com/users/mergifyio-testing/subscriptions","organizations_url":"https://api.github.com/users/mergifyio-testing/orgs","repos_url":"https://api.github.com/users/mergifyio-testing/repos","events_url":"https://api.github.com/users/mergifyio-testing/events{/privacy}","received_events_url":"https://api.github.com/users/mergifyio-testing/received_events","type":"Organization","site_admin":false},"html_url":"https://github.com/mergifyio-testing/functional-testing-repo","description":"Mergify","fork":false,"url":"https://api.github.com/repos/mergifyio-testing/functional-testing-repo","forks_url":"https://api.github.com/repos/mergifyio-testing/functional-testing-repo/forks","keys_url":"https://api.github.com/repos/mergifyio-testing/functional-testing-repo/keys{/key_id}","collaborators_url":"https://api.github.com/repos/mergifyio-testing/functional-testing-repo/collaborators{/collaborator}","teams_url":"https://api.github.com/repos/mergifyio-testing/functional-testing-repo/teams","hooks_url":"https://api.github.com/repos/mergifyio-testing/functional-testing-repo/hooks","issue_events_url":"https://api.github.com/repos/mergifyio-testing/functional-testing-repo/issues/events{/number}","events_url":"https://api.github.com/repos/mergifyio-testing/functional-testing-repo/events","assignees_url":"https://api.github.com/repos/mergifyio-testing/functional-testing-repo/assignees{/user}","branches_url":"https://api.github.com/repos/mergifyio-testing/functional-testing-repo/branches{/branch}","tags_url":"https://api.github.com/repos/mergifyio-testing/functional-testing-repo/tags","blobs_url":"https://api.github.com/repos/mergifyio-testing/functional-testing-repo/git/blobs{/sha}","git_tags_url":"https://api.github.com/repos/mergifyio-testing/functional-testing-repo/git/tags{/sha}","git_refs_url":"https://api.github.com/repos/mergifyio-testing/functional-testing-repo/git/refs{/sha}","trees_url":"https://api.github.com/repos/mergifyio-testing/functional-testing-repo/git/trees{/sha}","statuses_url":"https://api.github.com/repos/mergifyio-testing/functional-testing-repo/statuses/{sha}","languages_url":"https://api.github.com/repos/mergifyio-testing/functional-testing-repo/languages","stargazers_url":"https://api.github.com/repos/mergifyio-testing/functional-testing-repo/stargazers","contributors_url":"https://api.github.com/repos/mergifyio-testing/functional-testing-repo/contributors","subscribers_url":"https://api.github.com/repos/mergifyio-testing/functional-testing-repo/subscribers","subscription_url":"https://api.github.com/repos/mergifyio-testing/functional-testing-repo/subscription","commits_url":"https://api.github.com/repos/mergifyio-testing/functional-testing-repo/commits{/sha}","git_commits_url":"https://api.github.com/repos/mergifyio-testing/functional-testing-repo/git/commits{/sha}","comments_url":"https://api.github.com/repos/mergifyio-testing/functional-testing-repo/comments{/number}","issue_comment_url":"https://api.github.com/repos/mergifyio-testing/functional-testing-repo/issues/comments{/number}","contents_url":"https://api.github.com/repos/mergifyio-testing/functional-testing-repo/contents/{+path}","compare_url":"https://api.github.com/repos/mergifyio-testing/functional-testing-repo/compare/{base}...{head}","merges_url":"https://api.github.com/repos/mergifyio-testing/functional-testing-repo/merges","archive_url":"https://api.github.com/repos/mergifyio-testing/functional-testing-repo/{archive_format}{/ref}","downloads_url":"https://api.github.com/repos/mergifyio-testing/functional-testing-repo/downloads","issues_url":"https://api.github.com/repos/mergifyio-testing/functional-testing-repo/issues{/number}","pulls_url":"https://api.github.com/repos/mergifyio-testing/functional-testing-repo/pulls{/number}","milestones_url":"https://api.github.com/repos/mergifyio-testing/functional-testing-repo/milestones{/number}","notifications_url":"https://api.github.com/repos/mergifyio-testing/functional-testing-repo/notifications{?since,all,participating}","labels_url":"https://api.github.com/repos/mergifyio-testing/functional-testing-repo/labels{/name}","releases_url":"https://api.github.com/repos/mergifyio-testing/functional-testing-repo/releases{/id}","deployments_url":"https://api.github.com/repos/mergifyio-testing/functional-testing-repo/deployments","created_at":"2020-04-25T17:58:44Z","updated_at":"2021-07-12T16:44:14Z","pushed_at":"2021-07-12T16:46:29Z","git_url":"git://github.com/mergifyio-testing/functional-testing-repo.git","ssh_url":"git@github.com:mergifyio-testing/functional-testing-repo.git","clone_url":"https://github.com/mergifyio-testing/functional-testing-repo.git","svn_url":"https://github.com/mergifyio-testing/functional-testing-repo","homepage":null,"size":2,"stargazers_count":0,"watchers_count":0,"language":null,"has_issues":true,"has_projects":true,"has_downloads":true,"has_wiki":true,"has_pages":false,"forks_count":1,"mirror_url":null,"archived":false,"disabled":false,"open_issues_count":1,"license":null,"forks":1,"open_issues":1,"watchers":0,"default_branch":"20210712164616/test_simulator_with_wrong_pull_request_url/master"}},"_links":{"self":{"href":"https://api.github.com/repos/mergifyio-testing/functional-testing-repo/pulls/14660"},"html":{"href":"https://github.com/mergifyio-testing/functional-testing-repo/pull/14660"},"issue":{"href":"https://api.github.com/repos/mergifyio-testing/functional-testing-repo/issues/14660"},"comments":{"href":"https://api.github.com/repos/mergifyio-testing/functional-testing-repo/issues/14660/comments"},"review_comments":{"href":"https://api.github.com/repos/mergifyio-testing/functional-testing-repo/pulls/14660/comments"},"review_comment":{"href":"https://api.github.com/repos/mergifyio-testing/functional-testing-repo/pulls/comments{/number}"},"commits":{"href":"https://api.github.com/repos/mergifyio-testing/functional-testing-repo/pulls/14660/commits"},"statuses":{"href":"https://api.github.com/repos/mergifyio-testing/functional-testing-repo/statuses/c6337d2e928c2dc3781b7a680a45802847850c1d"}},"author_association":"FIRST_TIME_CONTRIBUTOR","auto_merge":null,"active_lock_reason":null,"merged":false,"mergeable":true,"rebaseable":true,"mergeable_state":"clean","merged_by":null,"comments":0,"review_comments":0,"maintainer_can_modify":true,"commits":1,"additions":0,"deletions":0,"changed_files":1}'
    headers:
      Content-Encoding:
      - gzip
      Content-Type:
      - application/json; charset=utf-8
      Transfer-Encoding:
      - chunked
      X-Accepted-OAuth-Scopes:
      - ''
      X-GitHub-Media-Type:
      - github.v3; param=machine-man-preview; format=json
      X-OAuth-Scopes:
      - admin:enterprise, admin:gpg_key, admin:org, admin:org_hook, admin:public_key,
        admin:repo_hook, delete:packages, delete_repo, gist, notifications, repo,
        user, workflow, write:discussion, write:packages
    http_version: HTTP/1.1
    status_code: 200
- request:
    body: ''
    headers:
      Authorization:
      - <TOKEN>
      accept:
      - application/vnd.github.machine-man-preview+json
      host:
      - api.github.com
    method: GET
    uri: https://api.github.com/repos/mergifyio-testing/functional-testing-repo/pulls/14660/commits?per_page=100
  response:
    content: '[{"sha":"c6337d2e928c2dc3781b7a680a45802847850c1d","node_id":"MDY6Q29tbWl0MjU4ODQwNDI0OmM2MzM3ZDJlOTI4YzJkYzM3ODFiN2E2ODBhNDU4MDI4NDc4NTBjMWQ=","commit":{"author":{"name":"mergify-tester","email":"noreply@mergify.io","date":"2021-07-12T16:46:25Z"},"committer":{"name":"mergify-tester","email":"noreply@mergify.io","date":"2021-07-12T16:46:25Z"},"message":"test_simulator_with_wrong_pull_request_url:
      pull request n1 from fork","tree":{"sha":"e0f616198ec840bdc181a78334702004440405e9","url":"https://api.github.com/repos/mergifyio-testing/functional-testing-repo/git/trees/e0f616198ec840bdc181a78334702004440405e9"},"url":"https://api.github.com/repos/mergifyio-testing/functional-testing-repo/git/commits/c6337d2e928c2dc3781b7a680a45802847850c1d","comment_count":0,"verification":{"verified":false,"reason":"unsigned","signature":null,"payload":null}},"url":"https://api.github.com/repos/mergifyio-testing/functional-testing-repo/commits/c6337d2e928c2dc3781b7a680a45802847850c1d","html_url":"https://github.com/mergifyio-testing/functional-testing-repo/commit/c6337d2e928c2dc3781b7a680a45802847850c1d","comments_url":"https://api.github.com/repos/mergifyio-testing/functional-testing-repo/commits/c6337d2e928c2dc3781b7a680a45802847850c1d/comments","author":null,"committer":null,"parents":[{"sha":"40a85aaa1861925f2d881de3bfeabe354ac21a8f","url":"https://api.github.com/repos/mergifyio-testing/functional-testing-repo/commits/40a85aaa1861925f2d881de3bfeabe354ac21a8f","html_url":"https://github.com/mergifyio-testing/functional-testing-repo/commit/40a85aaa1861925f2d881de3bfeabe354ac21a8f"}]}]'
    headers:
      Content-Encoding:
      - gzip
      Content-Type:
      - application/json; charset=utf-8
      Transfer-Encoding:
      - chunked
      X-Accepted-OAuth-Scopes:
      - ''
      X-GitHub-Media-Type:
      - github.v3; param=machine-man-preview; format=json
      X-OAuth-Scopes:
      - admin:enterprise, admin:gpg_key, admin:org, admin:org_hook, admin:public_key,
        admin:repo_hook, delete:packages, delete_repo, gist, notifications, repo,
        user, workflow, write:discussion, write:packages
    http_version: HTTP/1.1
    status_code: 200
- request:
    body: ''
    headers:
      Authorization:
      - <TOKEN>
      accept:
      - application/vnd.github.machine-man-preview+json
      host:
      - api.github.com
    method: GET
    uri: https://api.github.com/user
  response:
    content: '{"login":"mergify-test2","id":38495008,"node_id":"MDQ6VXNlcjM4NDk1MDA4","avatar_url":"https://avatars.githubusercontent.com/u/38495008?v=4","gravatar_id":"","url":"https://api.github.com/users/mergify-test2","html_url":"https://github.com/mergify-test2","followers_url":"https://api.github.com/users/mergify-test2/followers","following_url":"https://api.github.com/users/mergify-test2/following{/other_user}","gists_url":"https://api.github.com/users/mergify-test2/gists{/gist_id}","starred_url":"https://api.github.com/users/mergify-test2/starred{/owner}{/repo}","subscriptions_url":"https://api.github.com/users/mergify-test2/subscriptions","organizations_url":"https://api.github.com/users/mergify-test2/orgs","repos_url":"https://api.github.com/users/mergify-test2/repos","events_url":"https://api.github.com/users/mergify-test2/events{/privacy}","received_events_url":"https://api.github.com/users/mergify-test2/received_events","type":"User","site_admin":false,"name":"mergify-test-user-2","company":"@mergifyio","blog":"https://mergify.io","location":null,"email":null,"hireable":null,"bio":"This
      account is for integration testing purpose of the workflow of the GitHub App
      @mergifyio","twitter_username":"mergifyio","public_repos":1,"public_gists":0,"followers":0,"following":0,"created_at":"2018-04-18T10:45:18Z","updated_at":"2021-06-15T14:56:35Z"}'
    headers:
      Content-Encoding:
      - gzip
      Content-Type:
      - application/json; charset=utf-8
      Transfer-Encoding:
      - chunked
      X-Accepted-OAuth-Scopes:
      - ''
      X-GitHub-Media-Type:
      - github.v3; param=machine-man-preview; format=json
      X-OAuth-Scopes:
      - repo, workflow
    http_version: HTTP/1.1
    status_code: 200
- request:
    body: ''
    headers:
      Authorization:
      - <TOKEN>
      accept:
      - application/vnd.github.machine-man-preview+json
      host:
      - api.github.com
    method: GET
    uri: https://api.github.com/user
  response:
    content: '{"login":"mergify-test2","id":38495008,"node_id":"MDQ6VXNlcjM4NDk1MDA4","avatar_url":"https://avatars.githubusercontent.com/u/38495008?v=4","gravatar_id":"","url":"https://api.github.com/users/mergify-test2","html_url":"https://github.com/mergify-test2","followers_url":"https://api.github.com/users/mergify-test2/followers","following_url":"https://api.github.com/users/mergify-test2/following{/other_user}","gists_url":"https://api.github.com/users/mergify-test2/gists{/gist_id}","starred_url":"https://api.github.com/users/mergify-test2/starred{/owner}{/repo}","subscriptions_url":"https://api.github.com/users/mergify-test2/subscriptions","organizations_url":"https://api.github.com/users/mergify-test2/orgs","repos_url":"https://api.github.com/users/mergify-test2/repos","events_url":"https://api.github.com/users/mergify-test2/events{/privacy}","received_events_url":"https://api.github.com/users/mergify-test2/received_events","type":"User","site_admin":false,"name":"mergify-test-user-2","company":"@mergifyio","blog":"https://mergify.io","location":null,"email":null,"hireable":null,"bio":"This
      account is for integration testing purpose of the workflow of the GitHub App
      @mergifyio","twitter_username":"mergifyio","public_repos":1,"public_gists":0,"followers":0,"following":0,"created_at":"2018-04-18T10:45:18Z","updated_at":"2021-06-15T14:56:35Z"}'
    headers:
      Content-Length:
      - '1358'
      Content-Type:
      - application/json; charset=utf-8
      X-Accepted-OAuth-Scopes:
      - ''
      X-GitHub-Media-Type:
      - github.v3; param=machine-man-preview; format=json
      X-OAuth-Scopes:
      - repo, workflow
    http_version: HTTP/1.1
    status_code: 200
- request:
    body: ''
    headers:
      Authorization:
      - <TOKEN>
      accept:
      - application/vnd.github.machine-man-preview+json
      host:
      - api.github.com
    method: GET
    uri: https://api.github.com/repos/mergifyio-testing/functional-testing-repo/pulls/14660424242
  response:
    content: '{"message":"Not Found","documentation_url":"https://docs.github.com/rest/reference/pulls#get-a-pull-request"}'
    headers:
      Content-Encoding:
      - gzip
      Content-Type:
      - application/json; charset=utf-8
      Transfer-Encoding:
      - chunked
      X-Accepted-OAuth-Scopes:
      - repo
      X-GitHub-Media-Type:
      - github.v3; param=machine-man-preview; format=json
      X-OAuth-Scopes:
      - repo, workflow
    http_version: HTTP/1.1
    status_code: 404
- request:
    body: '{"default_branch": "master"}'
    headers:
      Authorization:
      - <TOKEN>
      accept:
      - application/vnd.github.machine-man-preview+json
      content-length:
      - '28'
      content-type:
      - application/json
      host:
      - api.github.com
    method: PATCH
    uri: https://api.github.com/repos/mergifyio-testing/functional-testing-repo
  response:
    content: '{"id":258840104,"node_id":"MDEwOlJlcG9zaXRvcnkyNTg4NDAxMDQ=","name":"functional-testing-repo","full_name":"mergifyio-testing/functional-testing-repo","private":false,"owner":{"login":"mergifyio-testing","id":40527191,"node_id":"MDEyOk9yZ2FuaXphdGlvbjQwNTI3MTkx","avatar_url":"https://avatars.githubusercontent.com/u/40527191?v=4","gravatar_id":"","url":"https://api.github.com/users/mergifyio-testing","html_url":"https://github.com/mergifyio-testing","followers_url":"https://api.github.com/users/mergifyio-testing/followers","following_url":"https://api.github.com/users/mergifyio-testing/following{/other_user}","gists_url":"https://api.github.com/users/mergifyio-testing/gists{/gist_id}","starred_url":"https://api.github.com/users/mergifyio-testing/starred{/owner}{/repo}","subscriptions_url":"https://api.github.com/users/mergifyio-testing/subscriptions","organizations_url":"https://api.github.com/users/mergifyio-testing/orgs","repos_url":"https://api.github.com/users/mergifyio-testing/repos","events_url":"https://api.github.com/users/mergifyio-testing/events{/privacy}","received_events_url":"https://api.github.com/users/mergifyio-testing/received_events","type":"Organization","site_admin":false},"html_url":"https://github.com/mergifyio-testing/functional-testing-repo","description":"Mergify","fork":false,"url":"https://api.github.com/repos/mergifyio-testing/functional-testing-repo","forks_url":"https://api.github.com/repos/mergifyio-testing/functional-testing-repo/forks","keys_url":"https://api.github.com/repos/mergifyio-testing/functional-testing-repo/keys{/key_id}","collaborators_url":"https://api.github.com/repos/mergifyio-testing/functional-testing-repo/collaborators{/collaborator}","teams_url":"https://api.github.com/repos/mergifyio-testing/functional-testing-repo/teams","hooks_url":"https://api.github.com/repos/mergifyio-testing/functional-testing-repo/hooks","issue_events_url":"https://api.github.com/repos/mergifyio-testing/functional-testing-repo/issues/events{/number}","events_url":"https://api.github.com/repos/mergifyio-testing/functional-testing-repo/events","assignees_url":"https://api.github.com/repos/mergifyio-testing/functional-testing-repo/assignees{/user}","branches_url":"https://api.github.com/repos/mergifyio-testing/functional-testing-repo/branches{/branch}","tags_url":"https://api.github.com/repos/mergifyio-testing/functional-testing-repo/tags","blobs_url":"https://api.github.com/repos/mergifyio-testing/functional-testing-repo/git/blobs{/sha}","git_tags_url":"https://api.github.com/repos/mergifyio-testing/functional-testing-repo/git/tags{/sha}","git_refs_url":"https://api.github.com/repos/mergifyio-testing/functional-testing-repo/git/refs{/sha}","trees_url":"https://api.github.com/repos/mergifyio-testing/functional-testing-repo/git/trees{/sha}","statuses_url":"https://api.github.com/repos/mergifyio-testing/functional-testing-repo/statuses/{sha}","languages_url":"https://api.github.com/repos/mergifyio-testing/functional-testing-repo/languages","stargazers_url":"https://api.github.com/repos/mergifyio-testing/functional-testing-repo/stargazers","contributors_url":"https://api.github.com/repos/mergifyio-testing/functional-testing-repo/contributors","subscribers_url":"https://api.github.com/repos/mergifyio-testing/functional-testing-repo/subscribers","subscription_url":"https://api.github.com/repos/mergifyio-testing/functional-testing-repo/subscription","commits_url":"https://api.github.com/repos/mergifyio-testing/functional-testing-repo/commits{/sha}","git_commits_url":"https://api.github.com/repos/mergifyio-testing/functional-testing-repo/git/commits{/sha}","comments_url":"https://api.github.com/repos/mergifyio-testing/functional-testing-repo/comments{/number}","issue_comment_url":"https://api.github.com/repos/mergifyio-testing/functional-testing-repo/issues/comments{/number}","contents_url":"https://api.github.com/repos/mergifyio-testing/functional-testing-repo/contents/{+path}","compare_url":"https://api.github.com/repos/mergifyio-testing/functional-testing-repo/compare/{base}...{head}","merges_url":"https://api.github.com/repos/mergifyio-testing/functional-testing-repo/merges","archive_url":"https://api.github.com/repos/mergifyio-testing/functional-testing-repo/{archive_format}{/ref}","downloads_url":"https://api.github.com/repos/mergifyio-testing/functional-testing-repo/downloads","issues_url":"https://api.github.com/repos/mergifyio-testing/functional-testing-repo/issues{/number}","pulls_url":"https://api.github.com/repos/mergifyio-testing/functional-testing-repo/pulls{/number}","milestones_url":"https://api.github.com/repos/mergifyio-testing/functional-testing-repo/milestones{/number}","notifications_url":"https://api.github.com/repos/mergifyio-testing/functional-testing-repo/notifications{?since,all,participating}","labels_url":"https://api.github.com/repos/mergifyio-testing/functional-testing-repo/labels{/name}","releases_url":"https://api.github.com/repos/mergifyio-testing/functional-testing-repo/releases{/id}","deployments_url":"https://api.github.com/repos/mergifyio-testing/functional-testing-repo/deployments","created_at":"2020-04-25T17:58:44Z","updated_at":"2021-07-12T16:44:14Z","pushed_at":"2021-07-12T16:46:29Z","git_url":"git://github.com/mergifyio-testing/functional-testing-repo.git","ssh_url":"git@github.com:mergifyio-testing/functional-testing-repo.git","clone_url":"https://github.com/mergifyio-testing/functional-testing-repo.git","svn_url":"https://github.com/mergifyio-testing/functional-testing-repo","homepage":null,"size":2,"stargazers_count":0,"watchers_count":0,"language":null,"has_issues":true,"has_projects":true,"has_downloads":true,"has_wiki":true,"has_pages":false,"forks_count":1,"mirror_url":null,"archived":false,"disabled":false,"open_issues_count":1,"license":null,"forks":1,"open_issues":1,"watchers":0,"default_branch":"master","permissions":{"admin":true,"push":true,"pull":true},"allow_squash_merge":true,"allow_merge_commit":true,"allow_rebase_merge":true,"delete_branch_on_merge":false,"organization":{"login":"mergifyio-testing","id":40527191,"node_id":"MDEyOk9yZ2FuaXphdGlvbjQwNTI3MTkx","avatar_url":"https://avatars.githubusercontent.com/u/40527191?v=4","gravatar_id":"","url":"https://api.github.com/users/mergifyio-testing","html_url":"https://github.com/mergifyio-testing","followers_url":"https://api.github.com/users/mergifyio-testing/followers","following_url":"https://api.github.com/users/mergifyio-testing/following{/other_user}","gists_url":"https://api.github.com/users/mergifyio-testing/gists{/gist_id}","starred_url":"https://api.github.com/users/mergifyio-testing/starred{/owner}{/repo}","subscriptions_url":"https://api.github.com/users/mergifyio-testing/subscriptions","organizations_url":"https://api.github.com/users/mergifyio-testing/orgs","repos_url":"https://api.github.com/users/mergifyio-testing/repos","events_url":"https://api.github.com/users/mergifyio-testing/events{/privacy}","received_events_url":"https://api.github.com/users/mergifyio-testing/received_events","type":"Organization","site_admin":false},"network_count":1,"subscribers_count":1}'
    headers:
      Content-Encoding:
      - gzip
      Content-Type:
      - application/json; charset=utf-8
      Transfer-Encoding:
      - chunked
      X-Accepted-OAuth-Scopes:
      - ''
      X-GitHub-Media-Type:
      - github.v3; param=machine-man-preview; format=json
      X-OAuth-Scopes:
      - admin:enterprise, admin:gpg_key, admin:org, admin:org_hook, admin:public_key,
        admin:repo_hook, delete:packages, delete_repo, gist, notifications, repo,
        user, workflow, write:discussion, write:packages
    http_version: HTTP/1.1
    status_code: 200
- request:
    body: ''
    headers:
      Authorization:
      - <TOKEN>
      accept:
      - application/vnd.github.machine-man-preview+json
      host:
      - api.github.com
    method: GET
    uri: https://api.github.com/repos/mergifyio-testing/functional-testing-repo/branches?per_page=100
  response:
    content: '[{"name":"20210712164616/test_simulator_with_wrong_pull_request_url/master","commit":{"sha":"40a85aaa1861925f2d881de3bfeabe354ac21a8f","url":"https://api.github.com/repos/mergifyio-testing/functional-testing-repo/commits/40a85aaa1861925f2d881de3bfeabe354ac21a8f"},"protected":false,"protection":{"enabled":false,"required_status_checks":{"enforcement_level":"off","contexts":[]}},"protection_url":"https://api.github.com/repos/mergifyio-testing/functional-testing-repo/branches/20210712164616/test_simulator_with_wrong_pull_request_url/master/protection"},{"name":"master","commit":{"sha":"27464562aef6d453be8d457072181f9ef9627083","url":"https://api.github.com/repos/mergifyio-testing/functional-testing-repo/commits/27464562aef6d453be8d457072181f9ef9627083"},"protected":true,"protection":{"enabled":true,"required_status_checks":{"enforcement_level":"non_admins","contexts":["Summary","continuous-integration/fake-ci"]}},"protection_url":"https://api.github.com/repos/mergifyio-testing/functional-testing-repo/branches/master/protection"}]'
    headers:
      Content-Encoding:
      - gzip
      Content-Type:
      - application/json; charset=utf-8
      Transfer-Encoding:
      - chunked
      X-Accepted-OAuth-Scopes:
      - ''
      X-GitHub-Media-Type:
      - github.v3; param=machine-man-preview; format=json
      X-OAuth-Scopes:
      - admin:enterprise, admin:gpg_key, admin:org, admin:org_hook, admin:public_key,
        admin:repo_hook, delete:packages, delete_repo, gist, notifications, repo,
        user, workflow, write:discussion, write:packages
    http_version: HTTP/1.1
    status_code: 200
- request:
    body: ''
    headers:
      Authorization:
      - <TOKEN>
      accept:
      - application/vnd.github.machine-man-preview+json
      host:
      - api.github.com
    method: DELETE
    uri: https://api.github.com/repos/mergifyio-testing/functional-testing-repo/git/refs/heads/20210712164616/test_simulator_with_wrong_pull_request_url/master
  response:
    content: ''
    headers:
      X-Accepted-OAuth-Scopes:
      - repo
      X-GitHub-Media-Type:
      - github.v3; param=machine-man-preview; format=json
      X-OAuth-Scopes:
      - admin:enterprise, admin:gpg_key, admin:org, admin:org_hook, admin:public_key,
        admin:repo_hook, delete:packages, delete_repo, gist, notifications, repo,
        user, workflow, write:discussion, write:packages
    http_version: HTTP/1.1
    status_code: 204
- request:
    body: ''
    headers:
      Authorization:
      - <TOKEN>
      accept:
      - application/vnd.github.machine-man-preview+json
      host:
      - api.github.com
    method: GET
    uri: https://api.github.com/repos/mergifyio-testing/functional-testing-repo/labels?per_page=100
  response:
    content: '[]'
    headers:
      Content-Length:
      - '2'
      Content-Type:
      - application/json; charset=utf-8
      X-Accepted-OAuth-Scopes:
      - repo
      X-GitHub-Media-Type:
      - github.v3; param=machine-man-preview; format=json
      X-OAuth-Scopes:
      - admin:enterprise, admin:gpg_key, admin:org, admin:org_hook, admin:public_key,
        admin:repo_hook, delete:packages, delete_repo, gist, notifications, repo,
        user, workflow, write:discussion, write:packages
    http_version: HTTP/1.1
    status_code: 200
- request:
    body: ''
    headers:
      Authorization:
      - <TOKEN>
      accept:
      - application/vnd.github.machine-man-preview+json
      host:
      - api.github.com
    method: GET
    uri: https://api.github.com/repos/mergifyio-testing/functional-testing-repo/pulls?per_page=100
  response:
    content: '[{"url":"https://api.github.com/repos/mergifyio-testing/functional-testing-repo/pulls/14660","id":688001589,"node_id":"MDExOlB1bGxSZXF1ZXN0Njg4MDAxNTg5","html_url":"https://github.com/mergifyio-testing/functional-testing-repo/pull/14660","diff_url":"https://github.com/mergifyio-testing/functional-testing-repo/pull/14660.diff","patch_url":"https://github.com/mergifyio-testing/functional-testing-repo/pull/14660.patch","issue_url":"https://api.github.com/repos/mergifyio-testing/functional-testing-repo/issues/14660","number":14660,"state":"open","locked":false,"title":"test_simulator_with_wrong_pull_request_url:
      pull request n1 from fork","user":{"login":"mergify-test2","id":38495008,"node_id":"MDQ6VXNlcjM4NDk1MDA4","avatar_url":"https://avatars.githubusercontent.com/u/38495008?v=4","gravatar_id":"","url":"https://api.github.com/users/mergify-test2","html_url":"https://github.com/mergify-test2","followers_url":"https://api.github.com/users/mergify-test2/followers","following_url":"https://api.github.com/users/mergify-test2/following{/other_user}","gists_url":"https://api.github.com/users/mergify-test2/gists{/gist_id}","starred_url":"https://api.github.com/users/mergify-test2/starred{/owner}{/repo}","subscriptions_url":"https://api.github.com/users/mergify-test2/subscriptions","organizations_url":"https://api.github.com/users/mergify-test2/orgs","repos_url":"https://api.github.com/users/mergify-test2/repos","events_url":"https://api.github.com/users/mergify-test2/events{/privacy}","received_events_url":"https://api.github.com/users/mergify-test2/received_events","type":"User","site_admin":false},"body":"test_simulator_with_wrong_pull_request_url:
      pull request n1 from fork","created_at":"2021-07-12T16:46:29Z","updated_at":"2021-07-12T16:46:29Z","closed_at":null,"merged_at":null,"merge_commit_sha":"caa361c3ca367be91bbed993269ec68c2208c188","assignee":null,"assignees":[],"requested_reviewers":[],"requested_teams":[],"labels":[],"milestone":null,"draft":false,"commits_url":"https://api.github.com/repos/mergifyio-testing/functional-testing-repo/pulls/14660/commits","review_comments_url":"https://api.github.com/repos/mergifyio-testing/functional-testing-repo/pulls/14660/comments","review_comment_url":"https://api.github.com/repos/mergifyio-testing/functional-testing-repo/pulls/comments{/number}","comments_url":"https://api.github.com/repos/mergifyio-testing/functional-testing-repo/issues/14660/comments","statuses_url":"https://api.github.com/repos/mergifyio-testing/functional-testing-repo/statuses/c6337d2e928c2dc3781b7a680a45802847850c1d","head":{"label":"mergify-test2:20210712164616/test_simulator_with_wrong_pull_request_url/fork/pr1","ref":"20210712164616/test_simulator_with_wrong_pull_request_url/fork/pr1","sha":"c6337d2e928c2dc3781b7a680a45802847850c1d","user":{"login":"mergify-test2","id":38495008,"node_id":"MDQ6VXNlcjM4NDk1MDA4","avatar_url":"https://avatars.githubusercontent.com/u/38495008?v=4","gravatar_id":"","url":"https://api.github.com/users/mergify-test2","html_url":"https://github.com/mergify-test2","followers_url":"https://api.github.com/users/mergify-test2/followers","following_url":"https://api.github.com/users/mergify-test2/following{/other_user}","gists_url":"https://api.github.com/users/mergify-test2/gists{/gist_id}","starred_url":"https://api.github.com/users/mergify-test2/starred{/owner}{/repo}","subscriptions_url":"https://api.github.com/users/mergify-test2/subscriptions","organizations_url":"https://api.github.com/users/mergify-test2/orgs","repos_url":"https://api.github.com/users/mergify-test2/repos","events_url":"https://api.github.com/users/mergify-test2/events{/privacy}","received_events_url":"https://api.github.com/users/mergify-test2/received_events","type":"User","site_admin":false},"repo":{"id":258840424,"node_id":"MDEwOlJlcG9zaXRvcnkyNTg4NDA0MjQ=","name":"functional-testing-repo","full_name":"mergify-test2/functional-testing-repo","private":false,"owner":{"login":"mergify-test2","id":38495008,"node_id":"MDQ6VXNlcjM4NDk1MDA4","avatar_url":"https://avatars.githubusercontent.com/u/38495008?v=4","gravatar_id":"","url":"https://api.github.com/users/mergify-test2","html_url":"https://github.com/mergify-test2","followers_url":"https://api.github.com/users/mergify-test2/followers","following_url":"https://api.github.com/users/mergify-test2/following{/other_user}","gists_url":"https://api.github.com/users/mergify-test2/gists{/gist_id}","starred_url":"https://api.github.com/users/mergify-test2/starred{/owner}{/repo}","subscriptions_url":"https://api.github.com/users/mergify-test2/subscriptions","organizations_url":"https://api.github.com/users/mergify-test2/orgs","repos_url":"https://api.github.com/users/mergify-test2/repos","events_url":"https://api.github.com/users/mergify-test2/events{/privacy}","received_events_url":"https://api.github.com/users/mergify-test2/received_events","type":"User","site_admin":false},"html_url":"https://github.com/mergify-test2/functional-testing-repo","description":null,"fork":true,"url":"https://api.github.com/repos/mergify-test2/functional-testing-repo","forks_url":"https://api.github.com/repos/mergify-test2/functional-testing-repo/forks","keys_url":"https://api.github.com/repos/mergify-test2/functional-testing-repo/keys{/key_id}","collaborators_url":"https://api.github.com/repos/mergify-test2/functional-testing-repo/collaborators{/collaborator}","teams_url":"https://api.github.com/repos/mergify-test2/functional-testing-repo/teams","hooks_url":"https://api.github.com/repos/mergify-test2/functional-testing-repo/hooks","issue_events_url":"https://api.github.com/repos/mergify-test2/functional-testing-repo/issues/events{/number}","events_url":"https://api.github.com/repos/mergify-test2/functional-testing-repo/events","assignees_url":"https://api.github.com/repos/mergify-test2/functional-testing-repo/assignees{/user}","branches_url":"https://api.github.com/repos/mergify-test2/functional-testing-repo/branches{/branch}","tags_url":"https://api.github.com/repos/mergify-test2/functional-testing-repo/tags","blobs_url":"https://api.github.com/repos/mergify-test2/functional-testing-repo/git/blobs{/sha}","git_tags_url":"https://api.github.com/repos/mergify-test2/functional-testing-repo/git/tags{/sha}","git_refs_url":"https://api.github.com/repos/mergify-test2/functional-testing-repo/git/refs{/sha}","trees_url":"https://api.github.com/repos/mergify-test2/functional-testing-repo/git/trees{/sha}","statuses_url":"https://api.github.com/repos/mergify-test2/functional-testing-repo/statuses/{sha}","languages_url":"https://api.github.com/repos/mergify-test2/functional-testing-repo/languages","stargazers_url":"https://api.github.com/repos/mergify-test2/functional-testing-repo/stargazers","contributors_url":"https://api.github.com/repos/mergify-test2/functional-testing-repo/contributors","subscribers_url":"https://api.github.com/repos/mergify-test2/functional-testing-repo/subscribers","subscription_url":"https://api.github.com/repos/mergify-test2/functional-testing-repo/subscription","commits_url":"https://api.github.com/repos/mergify-test2/functional-testing-repo/commits{/sha}","git_commits_url":"https://api.github.com/repos/mergify-test2/functional-testing-repo/git/commits{/sha}","comments_url":"https://api.github.com/repos/mergify-test2/functional-testing-repo/comments{/number}","issue_comment_url":"https://api.github.com/repos/mergify-test2/functional-testing-repo/issues/comments{/number}","contents_url":"https://api.github.com/repos/mergify-test2/functional-testing-repo/contents/{+path}","compare_url":"https://api.github.com/repos/mergify-test2/functional-testing-repo/compare/{base}...{head}","merges_url":"https://api.github.com/repos/mergify-test2/functional-testing-repo/merges","archive_url":"https://api.github.com/repos/mergify-test2/functional-testing-repo/{archive_format}{/ref}","downloads_url":"https://api.github.com/repos/mergify-test2/functional-testing-repo/downloads","issues_url":"https://api.github.com/repos/mergify-test2/functional-testing-repo/issues{/number}","pulls_url":"https://api.github.com/repos/mergify-test2/functional-testing-repo/pulls{/number}","milestones_url":"https://api.github.com/repos/mergify-test2/functional-testing-repo/milestones{/number}","notifications_url":"https://api.github.com/repos/mergify-test2/functional-testing-repo/notifications{?since,all,participating}","labels_url":"https://api.github.com/repos/mergify-test2/functional-testing-repo/labels{/name}","releases_url":"https://api.github.com/repos/mergify-test2/functional-testing-repo/releases{/id}","deployments_url":"https://api.github.com/repos/mergify-test2/functional-testing-repo/deployments","created_at":"2020-04-25T18:00:21Z","updated_at":"2021-03-22T15:47:04Z","pushed_at":"2021-07-12T16:46:28Z","git_url":"git://github.com/mergify-test2/functional-testing-repo.git","ssh_url":"git@github.com:mergify-test2/functional-testing-repo.git","clone_url":"https://github.com/mergify-test2/functional-testing-repo.git","svn_url":"https://github.com/mergify-test2/functional-testing-repo","homepage":null,"size":2359,"stargazers_count":0,"watchers_count":0,"language":null,"has_issues":false,"has_projects":true,"has_downloads":true,"has_wiki":true,"has_pages":false,"forks_count":0,"mirror_url":null,"archived":false,"disabled":false,"open_issues_count":0,"license":null,"forks":0,"open_issues":0,"watchers":0,"default_branch":"20210322154655/test_draft/master"}},"base":{"label":"mergifyio-testing:20210712164616/test_simulator_with_wrong_pull_request_url/master","ref":"20210712164616/test_simulator_with_wrong_pull_request_url/master","sha":"40a85aaa1861925f2d881de3bfeabe354ac21a8f","user":{"login":"mergifyio-testing","id":40527191,"node_id":"MDEyOk9yZ2FuaXphdGlvbjQwNTI3MTkx","avatar_url":"https://avatars.githubusercontent.com/u/40527191?v=4","gravatar_id":"","url":"https://api.github.com/users/mergifyio-testing","html_url":"https://github.com/mergifyio-testing","followers_url":"https://api.github.com/users/mergifyio-testing/followers","following_url":"https://api.github.com/users/mergifyio-testing/following{/other_user}","gists_url":"https://api.github.com/users/mergifyio-testing/gists{/gist_id}","starred_url":"https://api.github.com/users/mergifyio-testing/starred{/owner}{/repo}","subscriptions_url":"https://api.github.com/users/mergifyio-testing/subscriptions","organizations_url":"https://api.github.com/users/mergifyio-testing/orgs","repos_url":"https://api.github.com/users/mergifyio-testing/repos","events_url":"https://api.github.com/users/mergifyio-testing/events{/privacy}","received_events_url":"https://api.github.com/users/mergifyio-testing/received_events","type":"Organization","site_admin":false},"repo":{"id":258840104,"node_id":"MDEwOlJlcG9zaXRvcnkyNTg4NDAxMDQ=","name":"functional-testing-repo","full_name":"mergifyio-testing/functional-testing-repo","private":false,"owner":{"login":"mergifyio-testing","id":40527191,"node_id":"MDEyOk9yZ2FuaXphdGlvbjQwNTI3MTkx","avatar_url":"https://avatars.githubusercontent.com/u/40527191?v=4","gravatar_id":"","url":"https://api.github.com/users/mergifyio-testing","html_url":"https://github.com/mergifyio-testing","followers_url":"https://api.github.com/users/mergifyio-testing/followers","following_url":"https://api.github.com/users/mergifyio-testing/following{/other_user}","gists_url":"https://api.github.com/users/mergifyio-testing/gists{/gist_id}","starred_url":"https://api.github.com/users/mergifyio-testing/starred{/owner}{/repo}","subscriptions_url":"https://api.github.com/users/mergifyio-testing/subscriptions","organizations_url":"https://api.github.com/users/mergifyio-testing/orgs","repos_url":"https://api.github.com/users/mergifyio-testing/repos","events_url":"https://api.github.com/users/mergifyio-testing/events{/privacy}","received_events_url":"https://api.github.com/users/mergifyio-testing/received_events","type":"Organization","site_admin":false},"html_url":"https://github.com/mergifyio-testing/functional-testing-repo","description":"Mergify","fork":false,"url":"https://api.github.com/repos/mergifyio-testing/functional-testing-repo","forks_url":"https://api.github.com/repos/mergifyio-testing/functional-testing-repo/forks","keys_url":"https://api.github.com/repos/mergifyio-testing/functional-testing-repo/keys{/key_id}","collaborators_url":"https://api.github.com/repos/mergifyio-testing/functional-testing-repo/collaborators{/collaborator}","teams_url":"https://api.github.com/repos/mergifyio-testing/functional-testing-repo/teams","hooks_url":"https://api.github.com/repos/mergifyio-testing/functional-testing-repo/hooks","issue_events_url":"https://api.github.com/repos/mergifyio-testing/functional-testing-repo/issues/events{/number}","events_url":"https://api.github.com/repos/mergifyio-testing/functional-testing-repo/events","assignees_url":"https://api.github.com/repos/mergifyio-testing/functional-testing-repo/assignees{/user}","branches_url":"https://api.github.com/repos/mergifyio-testing/functional-testing-repo/branches{/branch}","tags_url":"https://api.github.com/repos/mergifyio-testing/functional-testing-repo/tags","blobs_url":"https://api.github.com/repos/mergifyio-testing/functional-testing-repo/git/blobs{/sha}","git_tags_url":"https://api.github.com/repos/mergifyio-testing/functional-testing-repo/git/tags{/sha}","git_refs_url":"https://api.github.com/repos/mergifyio-testing/functional-testing-repo/git/refs{/sha}","trees_url":"https://api.github.com/repos/mergifyio-testing/functional-testing-repo/git/trees{/sha}","statuses_url":"https://api.github.com/repos/mergifyio-testing/functional-testing-repo/statuses/{sha}","languages_url":"https://api.github.com/repos/mergifyio-testing/functional-testing-repo/languages","stargazers_url":"https://api.github.com/repos/mergifyio-testing/functional-testing-repo/stargazers","contributors_url":"https://api.github.com/repos/mergifyio-testing/functional-testing-repo/contributors","subscribers_url":"https://api.github.com/repos/mergifyio-testing/functional-testing-repo/subscribers","subscription_url":"https://api.github.com/repos/mergifyio-testing/functional-testing-repo/subscription","commits_url":"https://api.github.com/repos/mergifyio-testing/functional-testing-repo/commits{/sha}","git_commits_url":"https://api.github.com/repos/mergifyio-testing/functional-testing-repo/git/commits{/sha}","comments_url":"https://api.github.com/repos/mergifyio-testing/functional-testing-repo/comments{/number}","issue_comment_url":"https://api.github.com/repos/mergifyio-testing/functional-testing-repo/issues/comments{/number}","contents_url":"https://api.github.com/repos/mergifyio-testing/functional-testing-repo/contents/{+path}","compare_url":"https://api.github.com/repos/mergifyio-testing/functional-testing-repo/compare/{base}...{head}","merges_url":"https://api.github.com/repos/mergifyio-testing/functional-testing-repo/merges","archive_url":"https://api.github.com/repos/mergifyio-testing/functional-testing-repo/{archive_format}{/ref}","downloads_url":"https://api.github.com/repos/mergifyio-testing/functional-testing-repo/downloads","issues_url":"https://api.github.com/repos/mergifyio-testing/functional-testing-repo/issues{/number}","pulls_url":"https://api.github.com/repos/mergifyio-testing/functional-testing-repo/pulls{/number}","milestones_url":"https://api.github.com/repos/mergifyio-testing/functional-testing-repo/milestones{/number}","notifications_url":"https://api.github.com/repos/mergifyio-testing/functional-testing-repo/notifications{?since,all,participating}","labels_url":"https://api.github.com/repos/mergifyio-testing/functional-testing-repo/labels{/name}","releases_url":"https://api.github.com/repos/mergifyio-testing/functional-testing-repo/releases{/id}","deployments_url":"https://api.github.com/repos/mergifyio-testing/functional-testing-repo/deployments","created_at":"2020-04-25T17:58:44Z","updated_at":"2021-07-12T16:44:14Z","pushed_at":"2021-07-12T16:46:34Z","git_url":"git://github.com/mergifyio-testing/functional-testing-repo.git","ssh_url":"git@github.com:mergifyio-testing/functional-testing-repo.git","clone_url":"https://github.com/mergifyio-testing/functional-testing-repo.git","svn_url":"https://github.com/mergifyio-testing/functional-testing-repo","homepage":null,"size":2,"stargazers_count":0,"watchers_count":0,"language":null,"has_issues":true,"has_projects":true,"has_downloads":true,"has_wiki":true,"has_pages":false,"forks_count":1,"mirror_url":null,"archived":false,"disabled":false,"open_issues_count":1,"license":null,"forks":1,"open_issues":1,"watchers":0,"default_branch":"master"}},"_links":{"self":{"href":"https://api.github.com/repos/mergifyio-testing/functional-testing-repo/pulls/14660"},"html":{"href":"https://github.com/mergifyio-testing/functional-testing-repo/pull/14660"},"issue":{"href":"https://api.github.com/repos/mergifyio-testing/functional-testing-repo/issues/14660"},"comments":{"href":"https://api.github.com/repos/mergifyio-testing/functional-testing-repo/issues/14660/comments"},"review_comments":{"href":"https://api.github.com/repos/mergifyio-testing/functional-testing-repo/pulls/14660/comments"},"review_comment":{"href":"https://api.github.com/repos/mergifyio-testing/functional-testing-repo/pulls/comments{/number}"},"commits":{"href":"https://api.github.com/repos/mergifyio-testing/functional-testing-repo/pulls/14660/commits"},"statuses":{"href":"https://api.github.com/repos/mergifyio-testing/functional-testing-repo/statuses/c6337d2e928c2dc3781b7a680a45802847850c1d"}},"author_association":"NONE","auto_merge":null,"active_lock_reason":null}]'
    headers:
      Content-Encoding:
      - gzip
      Content-Type:
      - application/json; charset=utf-8
      Transfer-Encoding:
      - chunked
      X-Accepted-OAuth-Scopes:
      - ''
      X-GitHub-Media-Type:
      - github.v3; param=machine-man-preview; format=json
      X-OAuth-Scopes:
      - admin:enterprise, admin:gpg_key, admin:org, admin:org_hook, admin:public_key,
        admin:repo_hook, delete:packages, delete_repo, gist, notifications, repo,
        user, workflow, write:discussion, write:packages
    http_version: HTTP/1.1
    status_code: 200
- request:
    body: '{"state": "closed"}'
    headers:
      Authorization:
      - <TOKEN>
      accept:
      - application/vnd.github.machine-man-preview+json
      content-length:
      - '19'
      content-type:
      - application/json
      host:
      - api.github.com
    method: PATCH
    uri: https://api.github.com/repos/mergifyio-testing/functional-testing-repo/pulls/14660
  response:
    content: '{"url":"https://api.github.com/repos/mergifyio-testing/functional-testing-repo/pulls/14660","id":688001589,"node_id":"MDExOlB1bGxSZXF1ZXN0Njg4MDAxNTg5","html_url":"https://github.com/mergifyio-testing/functional-testing-repo/pull/14660","diff_url":"https://github.com/mergifyio-testing/functional-testing-repo/pull/14660.diff","patch_url":"https://github.com/mergifyio-testing/functional-testing-repo/pull/14660.patch","issue_url":"https://api.github.com/repos/mergifyio-testing/functional-testing-repo/issues/14660","number":14660,"state":"closed","locked":false,"title":"test_simulator_with_wrong_pull_request_url:
      pull request n1 from fork","user":{"login":"mergify-test2","id":38495008,"node_id":"MDQ6VXNlcjM4NDk1MDA4","avatar_url":"https://avatars.githubusercontent.com/u/38495008?v=4","gravatar_id":"","url":"https://api.github.com/users/mergify-test2","html_url":"https://github.com/mergify-test2","followers_url":"https://api.github.com/users/mergify-test2/followers","following_url":"https://api.github.com/users/mergify-test2/following{/other_user}","gists_url":"https://api.github.com/users/mergify-test2/gists{/gist_id}","starred_url":"https://api.github.com/users/mergify-test2/starred{/owner}{/repo}","subscriptions_url":"https://api.github.com/users/mergify-test2/subscriptions","organizations_url":"https://api.github.com/users/mergify-test2/orgs","repos_url":"https://api.github.com/users/mergify-test2/repos","events_url":"https://api.github.com/users/mergify-test2/events{/privacy}","received_events_url":"https://api.github.com/users/mergify-test2/received_events","type":"User","site_admin":false},"body":"test_simulator_with_wrong_pull_request_url:
      pull request n1 from fork","created_at":"2021-07-12T16:46:29Z","updated_at":"2021-07-12T16:46:35Z","closed_at":"2021-07-12T16:46:34Z","merged_at":null,"merge_commit_sha":"caa361c3ca367be91bbed993269ec68c2208c188","assignee":null,"assignees":[],"requested_reviewers":[],"requested_teams":[],"labels":[],"milestone":null,"draft":false,"commits_url":"https://api.github.com/repos/mergifyio-testing/functional-testing-repo/pulls/14660/commits","review_comments_url":"https://api.github.com/repos/mergifyio-testing/functional-testing-repo/pulls/14660/comments","review_comment_url":"https://api.github.com/repos/mergifyio-testing/functional-testing-repo/pulls/comments{/number}","comments_url":"https://api.github.com/repos/mergifyio-testing/functional-testing-repo/issues/14660/comments","statuses_url":"https://api.github.com/repos/mergifyio-testing/functional-testing-repo/statuses/c6337d2e928c2dc3781b7a680a45802847850c1d","head":{"label":"mergify-test2:20210712164616/test_simulator_with_wrong_pull_request_url/fork/pr1","ref":"20210712164616/test_simulator_with_wrong_pull_request_url/fork/pr1","sha":"c6337d2e928c2dc3781b7a680a45802847850c1d","user":{"login":"mergify-test2","id":38495008,"node_id":"MDQ6VXNlcjM4NDk1MDA4","avatar_url":"https://avatars.githubusercontent.com/u/38495008?v=4","gravatar_id":"","url":"https://api.github.com/users/mergify-test2","html_url":"https://github.com/mergify-test2","followers_url":"https://api.github.com/users/mergify-test2/followers","following_url":"https://api.github.com/users/mergify-test2/following{/other_user}","gists_url":"https://api.github.com/users/mergify-test2/gists{/gist_id}","starred_url":"https://api.github.com/users/mergify-test2/starred{/owner}{/repo}","subscriptions_url":"https://api.github.com/users/mergify-test2/subscriptions","organizations_url":"https://api.github.com/users/mergify-test2/orgs","repos_url":"https://api.github.com/users/mergify-test2/repos","events_url":"https://api.github.com/users/mergify-test2/events{/privacy}","received_events_url":"https://api.github.com/users/mergify-test2/received_events","type":"User","site_admin":false},"repo":{"id":258840424,"node_id":"MDEwOlJlcG9zaXRvcnkyNTg4NDA0MjQ=","name":"functional-testing-repo","full_name":"mergify-test2/functional-testing-repo","private":false,"owner":{"login":"mergify-test2","id":38495008,"node_id":"MDQ6VXNlcjM4NDk1MDA4","avatar_url":"https://avatars.githubusercontent.com/u/38495008?v=4","gravatar_id":"","url":"https://api.github.com/users/mergify-test2","html_url":"https://github.com/mergify-test2","followers_url":"https://api.github.com/users/mergify-test2/followers","following_url":"https://api.github.com/users/mergify-test2/following{/other_user}","gists_url":"https://api.github.com/users/mergify-test2/gists{/gist_id}","starred_url":"https://api.github.com/users/mergify-test2/starred{/owner}{/repo}","subscriptions_url":"https://api.github.com/users/mergify-test2/subscriptions","organizations_url":"https://api.github.com/users/mergify-test2/orgs","repos_url":"https://api.github.com/users/mergify-test2/repos","events_url":"https://api.github.com/users/mergify-test2/events{/privacy}","received_events_url":"https://api.github.com/users/mergify-test2/received_events","type":"User","site_admin":false},"html_url":"https://github.com/mergify-test2/functional-testing-repo","description":null,"fork":true,"url":"https://api.github.com/repos/mergify-test2/functional-testing-repo","forks_url":"https://api.github.com/repos/mergify-test2/functional-testing-repo/forks","keys_url":"https://api.github.com/repos/mergify-test2/functional-testing-repo/keys{/key_id}","collaborators_url":"https://api.github.com/repos/mergify-test2/functional-testing-repo/collaborators{/collaborator}","teams_url":"https://api.github.com/repos/mergify-test2/functional-testing-repo/teams","hooks_url":"https://api.github.com/repos/mergify-test2/functional-testing-repo/hooks","issue_events_url":"https://api.github.com/repos/mergify-test2/functional-testing-repo/issues/events{/number}","events_url":"https://api.github.com/repos/mergify-test2/functional-testing-repo/events","assignees_url":"https://api.github.com/repos/mergify-test2/functional-testing-repo/assignees{/user}","branches_url":"https://api.github.com/repos/mergify-test2/functional-testing-repo/branches{/branch}","tags_url":"https://api.github.com/repos/mergify-test2/functional-testing-repo/tags","blobs_url":"https://api.github.com/repos/mergify-test2/functional-testing-repo/git/blobs{/sha}","git_tags_url":"https://api.github.com/repos/mergify-test2/functional-testing-repo/git/tags{/sha}","git_refs_url":"https://api.github.com/repos/mergify-test2/functional-testing-repo/git/refs{/sha}","trees_url":"https://api.github.com/repos/mergify-test2/functional-testing-repo/git/trees{/sha}","statuses_url":"https://api.github.com/repos/mergify-test2/functional-testing-repo/statuses/{sha}","languages_url":"https://api.github.com/repos/mergify-test2/functional-testing-repo/languages","stargazers_url":"https://api.github.com/repos/mergify-test2/functional-testing-repo/stargazers","contributors_url":"https://api.github.com/repos/mergify-test2/functional-testing-repo/contributors","subscribers_url":"https://api.github.com/repos/mergify-test2/functional-testing-repo/subscribers","subscription_url":"https://api.github.com/repos/mergify-test2/functional-testing-repo/subscription","commits_url":"https://api.github.com/repos/mergify-test2/functional-testing-repo/commits{/sha}","git_commits_url":"https://api.github.com/repos/mergify-test2/functional-testing-repo/git/commits{/sha}","comments_url":"https://api.github.com/repos/mergify-test2/functional-testing-repo/comments{/number}","issue_comment_url":"https://api.github.com/repos/mergify-test2/functional-testing-repo/issues/comments{/number}","contents_url":"https://api.github.com/repos/mergify-test2/functional-testing-repo/contents/{+path}","compare_url":"https://api.github.com/repos/mergify-test2/functional-testing-repo/compare/{base}...{head}","merges_url":"https://api.github.com/repos/mergify-test2/functional-testing-repo/merges","archive_url":"https://api.github.com/repos/mergify-test2/functional-testing-repo/{archive_format}{/ref}","downloads_url":"https://api.github.com/repos/mergify-test2/functional-testing-repo/downloads","issues_url":"https://api.github.com/repos/mergify-test2/functional-testing-repo/issues{/number}","pulls_url":"https://api.github.com/repos/mergify-test2/functional-testing-repo/pulls{/number}","milestones_url":"https://api.github.com/repos/mergify-test2/functional-testing-repo/milestones{/number}","notifications_url":"https://api.github.com/repos/mergify-test2/functional-testing-repo/notifications{?since,all,participating}","labels_url":"https://api.github.com/repos/mergify-test2/functional-testing-repo/labels{/name}","releases_url":"https://api.github.com/repos/mergify-test2/functional-testing-repo/releases{/id}","deployments_url":"https://api.github.com/repos/mergify-test2/functional-testing-repo/deployments","created_at":"2020-04-25T18:00:21Z","updated_at":"2021-03-22T15:47:04Z","pushed_at":"2021-07-12T16:46:28Z","git_url":"git://github.com/mergify-test2/functional-testing-repo.git","ssh_url":"git@github.com:mergify-test2/functional-testing-repo.git","clone_url":"https://github.com/mergify-test2/functional-testing-repo.git","svn_url":"https://github.com/mergify-test2/functional-testing-repo","homepage":null,"size":2359,"stargazers_count":0,"watchers_count":0,"language":null,"has_issues":false,"has_projects":true,"has_downloads":true,"has_wiki":true,"has_pages":false,"forks_count":0,"mirror_url":null,"archived":false,"disabled":false,"open_issues_count":0,"license":null,"forks":0,"open_issues":0,"watchers":0,"default_branch":"20210322154655/test_draft/master"}},"base":{"label":"mergifyio-testing:20210712164616/test_simulator_with_wrong_pull_request_url/master","ref":"20210712164616/test_simulator_with_wrong_pull_request_url/master","sha":"40a85aaa1861925f2d881de3bfeabe354ac21a8f","user":{"login":"mergifyio-testing","id":40527191,"node_id":"MDEyOk9yZ2FuaXphdGlvbjQwNTI3MTkx","avatar_url":"https://avatars.githubusercontent.com/u/40527191?v=4","gravatar_id":"","url":"https://api.github.com/users/mergifyio-testing","html_url":"https://github.com/mergifyio-testing","followers_url":"https://api.github.com/users/mergifyio-testing/followers","following_url":"https://api.github.com/users/mergifyio-testing/following{/other_user}","gists_url":"https://api.github.com/users/mergifyio-testing/gists{/gist_id}","starred_url":"https://api.github.com/users/mergifyio-testing/starred{/owner}{/repo}","subscriptions_url":"https://api.github.com/users/mergifyio-testing/subscriptions","organizations_url":"https://api.github.com/users/mergifyio-testing/orgs","repos_url":"https://api.github.com/users/mergifyio-testing/repos","events_url":"https://api.github.com/users/mergifyio-testing/events{/privacy}","received_events_url":"https://api.github.com/users/mergifyio-testing/received_events","type":"Organization","site_admin":false},"repo":{"id":258840104,"node_id":"MDEwOlJlcG9zaXRvcnkyNTg4NDAxMDQ=","name":"functional-testing-repo","full_name":"mergifyio-testing/functional-testing-repo","private":false,"owner":{"login":"mergifyio-testing","id":40527191,"node_id":"MDEyOk9yZ2FuaXphdGlvbjQwNTI3MTkx","avatar_url":"https://avatars.githubusercontent.com/u/40527191?v=4","gravatar_id":"","url":"https://api.github.com/users/mergifyio-testing","html_url":"https://github.com/mergifyio-testing","followers_url":"https://api.github.com/users/mergifyio-testing/followers","following_url":"https://api.github.com/users/mergifyio-testing/following{/other_user}","gists_url":"https://api.github.com/users/mergifyio-testing/gists{/gist_id}","starred_url":"https://api.github.com/users/mergifyio-testing/starred{/owner}{/repo}","subscriptions_url":"https://api.github.com/users/mergifyio-testing/subscriptions","organizations_url":"https://api.github.com/users/mergifyio-testing/orgs","repos_url":"https://api.github.com/users/mergifyio-testing/repos","events_url":"https://api.github.com/users/mergifyio-testing/events{/privacy}","received_events_url":"https://api.github.com/users/mergifyio-testing/received_events","type":"Organization","site_admin":false},"html_url":"https://github.com/mergifyio-testing/functional-testing-repo","description":"Mergify","fork":false,"url":"https://api.github.com/repos/mergifyio-testing/functional-testing-repo","forks_url":"https://api.github.com/repos/mergifyio-testing/functional-testing-repo/forks","keys_url":"https://api.github.com/repos/mergifyio-testing/functional-testing-repo/keys{/key_id}","collaborators_url":"https://api.github.com/repos/mergifyio-testing/functional-testing-repo/collaborators{/collaborator}","teams_url":"https://api.github.com/repos/mergifyio-testing/functional-testing-repo/teams","hooks_url":"https://api.github.com/repos/mergifyio-testing/functional-testing-repo/hooks","issue_events_url":"https://api.github.com/repos/mergifyio-testing/functional-testing-repo/issues/events{/number}","events_url":"https://api.github.com/repos/mergifyio-testing/functional-testing-repo/events","assignees_url":"https://api.github.com/repos/mergifyio-testing/functional-testing-repo/assignees{/user}","branches_url":"https://api.github.com/repos/mergifyio-testing/functional-testing-repo/branches{/branch}","tags_url":"https://api.github.com/repos/mergifyio-testing/functional-testing-repo/tags","blobs_url":"https://api.github.com/repos/mergifyio-testing/functional-testing-repo/git/blobs{/sha}","git_tags_url":"https://api.github.com/repos/mergifyio-testing/functional-testing-repo/git/tags{/sha}","git_refs_url":"https://api.github.com/repos/mergifyio-testing/functional-testing-repo/git/refs{/sha}","trees_url":"https://api.github.com/repos/mergifyio-testing/functional-testing-repo/git/trees{/sha}","statuses_url":"https://api.github.com/repos/mergifyio-testing/functional-testing-repo/statuses/{sha}","languages_url":"https://api.github.com/repos/mergifyio-testing/functional-testing-repo/languages","stargazers_url":"https://api.github.com/repos/mergifyio-testing/functional-testing-repo/stargazers","contributors_url":"https://api.github.com/repos/mergifyio-testing/functional-testing-repo/contributors","subscribers_url":"https://api.github.com/repos/mergifyio-testing/functional-testing-repo/subscribers","subscription_url":"https://api.github.com/repos/mergifyio-testing/functional-testing-repo/subscription","commits_url":"https://api.github.com/repos/mergifyio-testing/functional-testing-repo/commits{/sha}","git_commits_url":"https://api.github.com/repos/mergifyio-testing/functional-testing-repo/git/commits{/sha}","comments_url":"https://api.github.com/repos/mergifyio-testing/functional-testing-repo/comments{/number}","issue_comment_url":"https://api.github.com/repos/mergifyio-testing/functional-testing-repo/issues/comments{/number}","contents_url":"https://api.github.com/repos/mergifyio-testing/functional-testing-repo/contents/{+path}","compare_url":"https://api.github.com/repos/mergifyio-testing/functional-testing-repo/compare/{base}...{head}","merges_url":"https://api.github.com/repos/mergifyio-testing/functional-testing-repo/merges","archive_url":"https://api.github.com/repos/mergifyio-testing/functional-testing-repo/{archive_format}{/ref}","downloads_url":"https://api.github.com/repos/mergifyio-testing/functional-testing-repo/downloads","issues_url":"https://api.github.com/repos/mergifyio-testing/functional-testing-repo/issues{/number}","pulls_url":"https://api.github.com/repos/mergifyio-testing/functional-testing-repo/pulls{/number}","milestones_url":"https://api.github.com/repos/mergifyio-testing/functional-testing-repo/milestones{/number}","notifications_url":"https://api.github.com/repos/mergifyio-testing/functional-testing-repo/notifications{?since,all,participating}","labels_url":"https://api.github.com/repos/mergifyio-testing/functional-testing-repo/labels{/name}","releases_url":"https://api.github.com/repos/mergifyio-testing/functional-testing-repo/releases{/id}","deployments_url":"https://api.github.com/repos/mergifyio-testing/functional-testing-repo/deployments","created_at":"2020-04-25T17:58:44Z","updated_at":"2021-07-12T16:44:14Z","pushed_at":"2021-07-12T16:46:34Z","git_url":"git://github.com/mergifyio-testing/functional-testing-repo.git","ssh_url":"git@github.com:mergifyio-testing/functional-testing-repo.git","clone_url":"https://github.com/mergifyio-testing/functional-testing-repo.git","svn_url":"https://github.com/mergifyio-testing/functional-testing-repo","homepage":null,"size":2,"stargazers_count":0,"watchers_count":0,"language":null,"has_issues":true,"has_projects":true,"has_downloads":true,"has_wiki":true,"has_pages":false,"forks_count":1,"mirror_url":null,"archived":false,"disabled":false,"open_issues_count":0,"license":null,"forks":1,"open_issues":0,"watchers":0,"default_branch":"master"}},"_links":{"self":{"href":"https://api.github.com/repos/mergifyio-testing/functional-testing-repo/pulls/14660"},"html":{"href":"https://github.com/mergifyio-testing/functional-testing-repo/pull/14660"},"issue":{"href":"https://api.github.com/repos/mergifyio-testing/functional-testing-repo/issues/14660"},"comments":{"href":"https://api.github.com/repos/mergifyio-testing/functional-testing-repo/issues/14660/comments"},"review_comments":{"href":"https://api.github.com/repos/mergifyio-testing/functional-testing-repo/pulls/14660/comments"},"review_comment":{"href":"https://api.github.com/repos/mergifyio-testing/functional-testing-repo/pulls/comments{/number}"},"commits":{"href":"https://api.github.com/repos/mergifyio-testing/functional-testing-repo/pulls/14660/commits"},"statuses":{"href":"https://api.github.com/repos/mergifyio-testing/functional-testing-repo/statuses/c6337d2e928c2dc3781b7a680a45802847850c1d"}},"author_association":"NONE","auto_merge":null,"active_lock_reason":null,"merged":false,"mergeable":false,"rebaseable":false,"mergeable_state":"dirty","merged_by":null,"comments":0,"review_comments":0,"maintainer_can_modify":false,"commits":1,"additions":0,"deletions":0,"changed_files":1}'
    headers:
      Content-Encoding:
      - gzip
      Content-Type:
      - application/json; charset=utf-8
      Transfer-Encoding:
      - chunked
      X-Accepted-OAuth-Scopes:
      - ''
      X-GitHub-Media-Type:
      - github.v3; param=machine-man-preview; format=json
      X-OAuth-Scopes:
      - admin:enterprise, admin:gpg_key, admin:org, admin:org_hook, admin:public_key,
        admin:repo_hook, delete:packages, delete_repo, gist, notifications, repo,
        user, workflow, write:discussion, write:packages
    http_version: HTTP/1.1
    status_code: 200
- request:
    body: whatdataisthat
    headers:
      X-Hub-Signature:
      - <SIGNATURE>
      accept:
      - '*/*'
      content-length:
      - '14'
      host:
      - test-forwarder.mergify.io
    method: DELETE
    uri: https://test-forwarder.mergify.io/events/github.com/11221
  response:
    content: Event queued
    headers:
      Connection:
      - keep-alive
      Content-Length:
      - '12'
      alt-svc:
      - h3-27=":443"; ma=86400, h3-28=":443"; ma=86400, h3-29=":443"; ma=86400, h3=":443";
        ma=86400
    http_version: HTTP/1.1
    status_code: 202
version: 1
