interactions:
- request:
    body: ''
    headers:
      Authorization:
      - <TOKEN>
      accept:
      - application/vnd.github.machine-man-preview+json
      host:
      - api.github.com
    method: GET
    uri: https://api.github.com/user
  response:
    content: '{"login":"mergify-test1","id":38494943,"node_id":"MDQ6VXNlcjM4NDk0OTQz","avatar_url":"https://avatars.githubusercontent.com/u/38494943?v=4","gravatar_id":"","url":"https://api.github.com/users/mergify-test1","html_url":"https://github.com/mergify-test1","followers_url":"https://api.github.com/users/mergify-test1/followers","following_url":"https://api.github.com/users/mergify-test1/following{/other_user}","gists_url":"https://api.github.com/users/mergify-test1/gists{/gist_id}","starred_url":"https://api.github.com/users/mergify-test1/starred{/owner}{/repo}","subscriptions_url":"https://api.github.com/users/mergify-test1/subscriptions","organizations_url":"https://api.github.com/users/mergify-test1/orgs","repos_url":"https://api.github.com/users/mergify-test1/repos","events_url":"https://api.github.com/users/mergify-test1/events{/privacy}","received_events_url":"https://api.github.com/users/mergify-test1/received_events","type":"User","site_admin":false,"name":"mergify-test-user-1","company":"@mergifyio","blog":"","location":null,"email":null,"hireable":null,"bio":"This
      account is for testing purpose of the workflow of Github App @mergifyio","twitter_username":null,"public_repos":0,"public_gists":0,"followers":0,"following":0,"created_at":"2018-04-18T10:42:59Z","updated_at":"2021-03-15T15:30:34Z","private_gists":0,"total_private_repos":0,"owned_private_repos":0,"disk_usage":0,"collaborators":0,"two_factor_authentication":false,"plan":{"name":"free","space":976562499,"collaborators":0,"private_repos":10000}}'
    headers:
      Content-Length:
      - '1531'
      Content-Type:
      - application/json; charset=utf-8
      X-Accepted-OAuth-Scopes:
      - ''
      X-GitHub-Media-Type:
      - github.v3; param=machine-man-preview; format=json
      X-OAuth-Scopes:
      - admin:enterprise, admin:gpg_key, admin:org, admin:org_hook, admin:public_key,
        admin:repo_hook, delete:packages, delete_repo, gist, notifications, repo,
        user, workflow, write:discussion, write:packages
    http_version: HTTP/1.1
    status_code: 200
- request:
    body: ''
    headers:
      Authorization:
      - <TOKEN>
      accept:
      - application/vnd.github.machine-man-preview+json
      host:
      - api.github.com
    method: GET
    uri: https://api.github.com/user
  response:
    content: '{"login":"mergify-test1","id":38494943,"node_id":"MDQ6VXNlcjM4NDk0OTQz","avatar_url":"https://avatars.githubusercontent.com/u/38494943?v=4","gravatar_id":"","url":"https://api.github.com/users/mergify-test1","html_url":"https://github.com/mergify-test1","followers_url":"https://api.github.com/users/mergify-test1/followers","following_url":"https://api.github.com/users/mergify-test1/following{/other_user}","gists_url":"https://api.github.com/users/mergify-test1/gists{/gist_id}","starred_url":"https://api.github.com/users/mergify-test1/starred{/owner}{/repo}","subscriptions_url":"https://api.github.com/users/mergify-test1/subscriptions","organizations_url":"https://api.github.com/users/mergify-test1/orgs","repos_url":"https://api.github.com/users/mergify-test1/repos","events_url":"https://api.github.com/users/mergify-test1/events{/privacy}","received_events_url":"https://api.github.com/users/mergify-test1/received_events","type":"User","site_admin":false,"name":"mergify-test-user-1","company":"@mergifyio","blog":"","location":null,"email":null,"hireable":null,"bio":"This
      account is for testing purpose of the workflow of Github App @mergifyio","twitter_username":null,"public_repos":0,"public_gists":0,"followers":0,"following":0,"created_at":"2018-04-18T10:42:59Z","updated_at":"2021-03-15T15:30:34Z","private_gists":0,"total_private_repos":0,"owned_private_repos":0,"disk_usage":0,"collaborators":0,"two_factor_authentication":false,"plan":{"name":"free","space":976562499,"collaborators":0,"private_repos":10000}}'
    headers:
      Content-Encoding:
      - gzip
      Content-Type:
      - application/json; charset=utf-8
      Transfer-Encoding:
      - chunked
      X-Accepted-OAuth-Scopes:
      - ''
      X-GitHub-Media-Type:
      - github.v3; param=machine-man-preview; format=json
      X-OAuth-Scopes:
      - admin:enterprise, admin:gpg_key, admin:org, admin:org_hook, admin:public_key,
        admin:repo_hook, delete:packages, delete_repo, gist, notifications, repo,
        user, workflow, write:discussion, write:packages
    http_version: HTTP/1.1
    status_code: 200
- request:
    body: ''
    headers:
      Authorization:
      - <TOKEN>
      accept:
      - application/vnd.github.machine-man-preview+json
      host:
      - api.github.com
    method: GET
    uri: https://api.github.com/user
  response:
    content: '{"login":"mergify-test2","id":38495008,"node_id":"MDQ6VXNlcjM4NDk1MDA4","avatar_url":"https://avatars.githubusercontent.com/u/38495008?v=4","gravatar_id":"","url":"https://api.github.com/users/mergify-test2","html_url":"https://github.com/mergify-test2","followers_url":"https://api.github.com/users/mergify-test2/followers","following_url":"https://api.github.com/users/mergify-test2/following{/other_user}","gists_url":"https://api.github.com/users/mergify-test2/gists{/gist_id}","starred_url":"https://api.github.com/users/mergify-test2/starred{/owner}{/repo}","subscriptions_url":"https://api.github.com/users/mergify-test2/subscriptions","organizations_url":"https://api.github.com/users/mergify-test2/orgs","repos_url":"https://api.github.com/users/mergify-test2/repos","events_url":"https://api.github.com/users/mergify-test2/events{/privacy}","received_events_url":"https://api.github.com/users/mergify-test2/received_events","type":"User","site_admin":false,"name":"mergify-test-user-2","company":"@mergifyio","blog":"","location":null,"email":null,"hireable":null,"bio":"This
      account is for integration testing purpose of the workflow of Github App @mergifyio","twitter_username":null,"public_repos":2,"public_gists":0,"followers":0,"following":0,"created_at":"2018-04-18T10:45:18Z","updated_at":"2021-03-15T15:30:34Z"}'
    headers:
      Content-Length:
      - '1329'
      Content-Type:
      - application/json; charset=utf-8
      X-Accepted-OAuth-Scopes:
      - ''
      X-GitHub-Media-Type:
      - github.v3; param=machine-man-preview; format=json
      X-OAuth-Scopes:
      - repo, workflow
    http_version: HTTP/1.1
    status_code: 200
- request:
    body: ''
    headers:
      Authorization:
      - <TOKEN>
      accept:
      - application/vnd.github.machine-man-preview+json
      host:
      - api.github.com
    method: GET
    uri: https://api.github.com/user
  response:
    content: '{"login":"mergify-test2","id":38495008,"node_id":"MDQ6VXNlcjM4NDk1MDA4","avatar_url":"https://avatars.githubusercontent.com/u/38495008?v=4","gravatar_id":"","url":"https://api.github.com/users/mergify-test2","html_url":"https://github.com/mergify-test2","followers_url":"https://api.github.com/users/mergify-test2/followers","following_url":"https://api.github.com/users/mergify-test2/following{/other_user}","gists_url":"https://api.github.com/users/mergify-test2/gists{/gist_id}","starred_url":"https://api.github.com/users/mergify-test2/starred{/owner}{/repo}","subscriptions_url":"https://api.github.com/users/mergify-test2/subscriptions","organizations_url":"https://api.github.com/users/mergify-test2/orgs","repos_url":"https://api.github.com/users/mergify-test2/repos","events_url":"https://api.github.com/users/mergify-test2/events{/privacy}","received_events_url":"https://api.github.com/users/mergify-test2/received_events","type":"User","site_admin":false,"name":"mergify-test-user-2","company":"@mergifyio","blog":"","location":null,"email":null,"hireable":null,"bio":"This
      account is for integration testing purpose of the workflow of Github App @mergifyio","twitter_username":null,"public_repos":2,"public_gists":0,"followers":0,"following":0,"created_at":"2018-04-18T10:45:18Z","updated_at":"2021-03-15T15:30:34Z"}'
    headers:
      Content-Encoding:
      - gzip
      Content-Type:
      - application/json; charset=utf-8
      Transfer-Encoding:
      - chunked
      X-Accepted-OAuth-Scopes:
      - ''
      X-GitHub-Media-Type:
      - github.v3; param=machine-man-preview; format=json
      X-OAuth-Scopes:
      - repo, workflow
    http_version: HTTP/1.1
    status_code: 200
- request:
    body: whatdataisthat
    headers:
      X-Hub-Signature:
      - <SIGNATURE>
      accept:
      - '*/*'
      content-length:
      - '14'
      host:
      - test-forwarder.mergify.io
    method: DELETE
    uri: https://test-forwarder.mergify.io/events-testing
  response:
    content: Event queued
    headers:
      Connection:
      - keep-alive
      Content-Length:
      - '12'
      Set-Cookie:
      - __cfduid=dcecdbbf6ec78f57183120185a579f1661616482688; expires=Thu, 22-Apr-21
        06:58:08 GMT; path=/; domain=.mergify.io; HttpOnly; SameSite=Lax; Secure
      alt-svc:
      - h3-27=":443"; ma=86400, h3-28=":443"; ma=86400, h3-29=":443"; ma=86400
    http_version: HTTP/1.1
    status_code: 202
- request:
    body: '{"default_branch": "20210323065807/test_short_teams/master"}'
    headers:
      accept:
      - application/vnd.github.machine-man-preview+json
      content-length:
      - '60'
      content-type:
      - application/json
      host:
      - api.github.com
    method: PATCH
    uri: https://api.github.com/repos/mergifyio-testing/functional-testing-repo
  response:
    content: '{"id":258840104,"node_id":"MDEwOlJlcG9zaXRvcnkyNTg4NDAxMDQ=","name":"functional-testing-repo","full_name":"mergifyio-testing/functional-testing-repo","private":false,"owner":{"login":"mergifyio-testing","id":40527191,"node_id":"MDEyOk9yZ2FuaXphdGlvbjQwNTI3MTkx","avatar_url":"https://avatars.githubusercontent.com/u/40527191?v=4","gravatar_id":"","url":"https://api.github.com/users/mergifyio-testing","html_url":"https://github.com/mergifyio-testing","followers_url":"https://api.github.com/users/mergifyio-testing/followers","following_url":"https://api.github.com/users/mergifyio-testing/following{/other_user}","gists_url":"https://api.github.com/users/mergifyio-testing/gists{/gist_id}","starred_url":"https://api.github.com/users/mergifyio-testing/starred{/owner}{/repo}","subscriptions_url":"https://api.github.com/users/mergifyio-testing/subscriptions","organizations_url":"https://api.github.com/users/mergifyio-testing/orgs","repos_url":"https://api.github.com/users/mergifyio-testing/repos","events_url":"https://api.github.com/users/mergifyio-testing/events{/privacy}","received_events_url":"https://api.github.com/users/mergifyio-testing/received_events","type":"Organization","site_admin":false},"html_url":"https://github.com/mergifyio-testing/functional-testing-repo","description":"Mergify","fork":false,"url":"https://api.github.com/repos/mergifyio-testing/functional-testing-repo","forks_url":"https://api.github.com/repos/mergifyio-testing/functional-testing-repo/forks","keys_url":"https://api.github.com/repos/mergifyio-testing/functional-testing-repo/keys{/key_id}","collaborators_url":"https://api.github.com/repos/mergifyio-testing/functional-testing-repo/collaborators{/collaborator}","teams_url":"https://api.github.com/repos/mergifyio-testing/functional-testing-repo/teams","hooks_url":"https://api.github.com/repos/mergifyio-testing/functional-testing-repo/hooks","issue_events_url":"https://api.github.com/repos/mergifyio-testing/functional-testing-repo/issues/events{/number}","events_url":"https://api.github.com/repos/mergifyio-testing/functional-testing-repo/events","assignees_url":"https://api.github.com/repos/mergifyio-testing/functional-testing-repo/assignees{/user}","branches_url":"https://api.github.com/repos/mergifyio-testing/functional-testing-repo/branches{/branch}","tags_url":"https://api.github.com/repos/mergifyio-testing/functional-testing-repo/tags","blobs_url":"https://api.github.com/repos/mergifyio-testing/functional-testing-repo/git/blobs{/sha}","git_tags_url":"https://api.github.com/repos/mergifyio-testing/functional-testing-repo/git/tags{/sha}","git_refs_url":"https://api.github.com/repos/mergifyio-testing/functional-testing-repo/git/refs{/sha}","trees_url":"https://api.github.com/repos/mergifyio-testing/functional-testing-repo/git/trees{/sha}","statuses_url":"https://api.github.com/repos/mergifyio-testing/functional-testing-repo/statuses/{sha}","languages_url":"https://api.github.com/repos/mergifyio-testing/functional-testing-repo/languages","stargazers_url":"https://api.github.com/repos/mergifyio-testing/functional-testing-repo/stargazers","contributors_url":"https://api.github.com/repos/mergifyio-testing/functional-testing-repo/contributors","subscribers_url":"https://api.github.com/repos/mergifyio-testing/functional-testing-repo/subscribers","subscription_url":"https://api.github.com/repos/mergifyio-testing/functional-testing-repo/subscription","commits_url":"https://api.github.com/repos/mergifyio-testing/functional-testing-repo/commits{/sha}","git_commits_url":"https://api.github.com/repos/mergifyio-testing/functional-testing-repo/git/commits{/sha}","comments_url":"https://api.github.com/repos/mergifyio-testing/functional-testing-repo/comments{/number}","issue_comment_url":"https://api.github.com/repos/mergifyio-testing/functional-testing-repo/issues/comments{/number}","contents_url":"https://api.github.com/repos/mergifyio-testing/functional-testing-repo/contents/{+path}","compare_url":"https://api.github.com/repos/mergifyio-testing/functional-testing-repo/compare/{base}...{head}","merges_url":"https://api.github.com/repos/mergifyio-testing/functional-testing-repo/merges","archive_url":"https://api.github.com/repos/mergifyio-testing/functional-testing-repo/{archive_format}{/ref}","downloads_url":"https://api.github.com/repos/mergifyio-testing/functional-testing-repo/downloads","issues_url":"https://api.github.com/repos/mergifyio-testing/functional-testing-repo/issues{/number}","pulls_url":"https://api.github.com/repos/mergifyio-testing/functional-testing-repo/pulls{/number}","milestones_url":"https://api.github.com/repos/mergifyio-testing/functional-testing-repo/milestones{/number}","notifications_url":"https://api.github.com/repos/mergifyio-testing/functional-testing-repo/notifications{?since,all,participating}","labels_url":"https://api.github.com/repos/mergifyio-testing/functional-testing-repo/labels{/name}","releases_url":"https://api.github.com/repos/mergifyio-testing/functional-testing-repo/releases{/id}","deployments_url":"https://api.github.com/repos/mergifyio-testing/functional-testing-repo/deployments","created_at":"2020-04-25T17:58:44Z","updated_at":"2021-03-23T06:56:24Z","pushed_at":"2021-03-23T06:58:10Z","git_url":"git://github.com/mergifyio-testing/functional-testing-repo.git","ssh_url":"git@github.com:mergifyio-testing/functional-testing-repo.git","clone_url":"https://github.com/mergifyio-testing/functional-testing-repo.git","svn_url":"https://github.com/mergifyio-testing/functional-testing-repo","homepage":null,"size":2,"stargazers_count":1,"watchers_count":1,"language":null,"has_issues":true,"has_projects":true,"has_downloads":true,"has_wiki":true,"has_pages":false,"forks_count":1,"mirror_url":null,"archived":false,"disabled":false,"open_issues_count":0,"license":null,"forks":1,"open_issues":0,"watchers":1,"default_branch":"20210323065807/test_short_teams/master","permissions":{"admin":true,"push":true,"pull":true},"allow_squash_merge":true,"allow_merge_commit":true,"allow_rebase_merge":true,"delete_branch_on_merge":false,"organization":{"login":"mergifyio-testing","id":40527191,"node_id":"MDEyOk9yZ2FuaXphdGlvbjQwNTI3MTkx","avatar_url":"https://avatars.githubusercontent.com/u/40527191?v=4","gravatar_id":"","url":"https://api.github.com/users/mergifyio-testing","html_url":"https://github.com/mergifyio-testing","followers_url":"https://api.github.com/users/mergifyio-testing/followers","following_url":"https://api.github.com/users/mergifyio-testing/following{/other_user}","gists_url":"https://api.github.com/users/mergifyio-testing/gists{/gist_id}","starred_url":"https://api.github.com/users/mergifyio-testing/starred{/owner}{/repo}","subscriptions_url":"https://api.github.com/users/mergifyio-testing/subscriptions","organizations_url":"https://api.github.com/users/mergifyio-testing/orgs","repos_url":"https://api.github.com/users/mergifyio-testing/repos","events_url":"https://api.github.com/users/mergifyio-testing/events{/privacy}","received_events_url":"https://api.github.com/users/mergifyio-testing/received_events","type":"Organization","site_admin":false},"network_count":1,"subscribers_count":0}'
    headers:
      Content-Encoding:
      - gzip
      Content-Type:
      - application/json; charset=utf-8
      Transfer-Encoding:
      - chunked
      X-Accepted-OAuth-Scopes:
      - ''
      X-GitHub-Media-Type:
      - github.v3; param=machine-man-preview; format=json
      X-OAuth-Scopes:
      - admin:enterprise, admin:gpg_key, admin:org, admin:org_hook, admin:public_key,
        admin:repo_hook, delete:packages, delete_repo, gist, notifications, repo,
        user, workflow, write:discussion, write:packages
    http_version: HTTP/1.1
    status_code: 200
- request:
    body: '{"base": "20210323065807/test_short_teams/master", "head": "mergify-test2:20210323065807/test_short_teams/fork/pr1",
      "title": "test_short_teams: pull request n1 from fork", "body": "test_short_teams:
      pull request n1 from fork", "draft": false}'
    headers:
      accept:
      - application/vnd.github.machine-man-preview+json
      content-length:
      - '243'
      content-type:
      - application/json
      host:
      - api.github.com
    method: POST
    uri: https://api.github.com/repos/mergifyio-testing/functional-testing-repo/pulls
  response:
    content: '{"url":"https://api.github.com/repos/mergifyio-testing/functional-testing-repo/pulls/9646","id":598599253,"node_id":"MDExOlB1bGxSZXF1ZXN0NTk4NTk5MjUz","html_url":"https://github.com/mergifyio-testing/functional-testing-repo/pull/9646","diff_url":"https://github.com/mergifyio-testing/functional-testing-repo/pull/9646.diff","patch_url":"https://github.com/mergifyio-testing/functional-testing-repo/pull/9646.patch","issue_url":"https://api.github.com/repos/mergifyio-testing/functional-testing-repo/issues/9646","number":9646,"state":"open","locked":false,"title":"test_short_teams:
      pull request n1 from fork","user":{"login":"mergify-test2","id":38495008,"node_id":"MDQ6VXNlcjM4NDk1MDA4","avatar_url":"https://avatars.githubusercontent.com/u/38495008?v=4","gravatar_id":"","url":"https://api.github.com/users/mergify-test2","html_url":"https://github.com/mergify-test2","followers_url":"https://api.github.com/users/mergify-test2/followers","following_url":"https://api.github.com/users/mergify-test2/following{/other_user}","gists_url":"https://api.github.com/users/mergify-test2/gists{/gist_id}","starred_url":"https://api.github.com/users/mergify-test2/starred{/owner}{/repo}","subscriptions_url":"https://api.github.com/users/mergify-test2/subscriptions","organizations_url":"https://api.github.com/users/mergify-test2/orgs","repos_url":"https://api.github.com/users/mergify-test2/repos","events_url":"https://api.github.com/users/mergify-test2/events{/privacy}","received_events_url":"https://api.github.com/users/mergify-test2/received_events","type":"User","site_admin":false},"body":"test_short_teams:
      pull request n1 from fork","created_at":"2021-03-23T06:58:16Z","updated_at":"2021-03-23T06:58:16Z","closed_at":null,"merged_at":null,"merge_commit_sha":null,"assignee":null,"assignees":[],"requested_reviewers":[],"requested_teams":[],"labels":[],"milestone":null,"draft":false,"commits_url":"https://api.github.com/repos/mergifyio-testing/functional-testing-repo/pulls/9646/commits","review_comments_url":"https://api.github.com/repos/mergifyio-testing/functional-testing-repo/pulls/9646/comments","review_comment_url":"https://api.github.com/repos/mergifyio-testing/functional-testing-repo/pulls/comments{/number}","comments_url":"https://api.github.com/repos/mergifyio-testing/functional-testing-repo/issues/9646/comments","statuses_url":"https://api.github.com/repos/mergifyio-testing/functional-testing-repo/statuses/7900d05b87ea9b88e01af6d50baf594ac94a300f","head":{"label":"mergify-test2:20210323065807/test_short_teams/fork/pr1","ref":"20210323065807/test_short_teams/fork/pr1","sha":"7900d05b87ea9b88e01af6d50baf594ac94a300f","user":{"login":"mergify-test2","id":38495008,"node_id":"MDQ6VXNlcjM4NDk1MDA4","avatar_url":"https://avatars.githubusercontent.com/u/38495008?v=4","gravatar_id":"","url":"https://api.github.com/users/mergify-test2","html_url":"https://github.com/mergify-test2","followers_url":"https://api.github.com/users/mergify-test2/followers","following_url":"https://api.github.com/users/mergify-test2/following{/other_user}","gists_url":"https://api.github.com/users/mergify-test2/gists{/gist_id}","starred_url":"https://api.github.com/users/mergify-test2/starred{/owner}{/repo}","subscriptions_url":"https://api.github.com/users/mergify-test2/subscriptions","organizations_url":"https://api.github.com/users/mergify-test2/orgs","repos_url":"https://api.github.com/users/mergify-test2/repos","events_url":"https://api.github.com/users/mergify-test2/events{/privacy}","received_events_url":"https://api.github.com/users/mergify-test2/received_events","type":"User","site_admin":false},"repo":{"id":258840424,"node_id":"MDEwOlJlcG9zaXRvcnkyNTg4NDA0MjQ=","name":"functional-testing-repo","full_name":"mergify-test2/functional-testing-repo","private":false,"owner":{"login":"mergify-test2","id":38495008,"node_id":"MDQ6VXNlcjM4NDk1MDA4","avatar_url":"https://avatars.githubusercontent.com/u/38495008?v=4","gravatar_id":"","url":"https://api.github.com/users/mergify-test2","html_url":"https://github.com/mergify-test2","followers_url":"https://api.github.com/users/mergify-test2/followers","following_url":"https://api.github.com/users/mergify-test2/following{/other_user}","gists_url":"https://api.github.com/users/mergify-test2/gists{/gist_id}","starred_url":"https://api.github.com/users/mergify-test2/starred{/owner}{/repo}","subscriptions_url":"https://api.github.com/users/mergify-test2/subscriptions","organizations_url":"https://api.github.com/users/mergify-test2/orgs","repos_url":"https://api.github.com/users/mergify-test2/repos","events_url":"https://api.github.com/users/mergify-test2/events{/privacy}","received_events_url":"https://api.github.com/users/mergify-test2/received_events","type":"User","site_admin":false},"html_url":"https://github.com/mergify-test2/functional-testing-repo","description":null,"fork":true,"url":"https://api.github.com/repos/mergify-test2/functional-testing-repo","forks_url":"https://api.github.com/repos/mergify-test2/functional-testing-repo/forks","keys_url":"https://api.github.com/repos/mergify-test2/functional-testing-repo/keys{/key_id}","collaborators_url":"https://api.github.com/repos/mergify-test2/functional-testing-repo/collaborators{/collaborator}","teams_url":"https://api.github.com/repos/mergify-test2/functional-testing-repo/teams","hooks_url":"https://api.github.com/repos/mergify-test2/functional-testing-repo/hooks","issue_events_url":"https://api.github.com/repos/mergify-test2/functional-testing-repo/issues/events{/number}","events_url":"https://api.github.com/repos/mergify-test2/functional-testing-repo/events","assignees_url":"https://api.github.com/repos/mergify-test2/functional-testing-repo/assignees{/user}","branches_url":"https://api.github.com/repos/mergify-test2/functional-testing-repo/branches{/branch}","tags_url":"https://api.github.com/repos/mergify-test2/functional-testing-repo/tags","blobs_url":"https://api.github.com/repos/mergify-test2/functional-testing-repo/git/blobs{/sha}","git_tags_url":"https://api.github.com/repos/mergify-test2/functional-testing-repo/git/tags{/sha}","git_refs_url":"https://api.github.com/repos/mergify-test2/functional-testing-repo/git/refs{/sha}","trees_url":"https://api.github.com/repos/mergify-test2/functional-testing-repo/git/trees{/sha}","statuses_url":"https://api.github.com/repos/mergify-test2/functional-testing-repo/statuses/{sha}","languages_url":"https://api.github.com/repos/mergify-test2/functional-testing-repo/languages","stargazers_url":"https://api.github.com/repos/mergify-test2/functional-testing-repo/stargazers","contributors_url":"https://api.github.com/repos/mergify-test2/functional-testing-repo/contributors","subscribers_url":"https://api.github.com/repos/mergify-test2/functional-testing-repo/subscribers","subscription_url":"https://api.github.com/repos/mergify-test2/functional-testing-repo/subscription","commits_url":"https://api.github.com/repos/mergify-test2/functional-testing-repo/commits{/sha}","git_commits_url":"https://api.github.com/repos/mergify-test2/functional-testing-repo/git/commits{/sha}","comments_url":"https://api.github.com/repos/mergify-test2/functional-testing-repo/comments{/number}","issue_comment_url":"https://api.github.com/repos/mergify-test2/functional-testing-repo/issues/comments{/number}","contents_url":"https://api.github.com/repos/mergify-test2/functional-testing-repo/contents/{+path}","compare_url":"https://api.github.com/repos/mergify-test2/functional-testing-repo/compare/{base}...{head}","merges_url":"https://api.github.com/repos/mergify-test2/functional-testing-repo/merges","archive_url":"https://api.github.com/repos/mergify-test2/functional-testing-repo/{archive_format}{/ref}","downloads_url":"https://api.github.com/repos/mergify-test2/functional-testing-repo/downloads","issues_url":"https://api.github.com/repos/mergify-test2/functional-testing-repo/issues{/number}","pulls_url":"https://api.github.com/repos/mergify-test2/functional-testing-repo/pulls{/number}","milestones_url":"https://api.github.com/repos/mergify-test2/functional-testing-repo/milestones{/number}","notifications_url":"https://api.github.com/repos/mergify-test2/functional-testing-repo/notifications{?since,all,participating}","labels_url":"https://api.github.com/repos/mergify-test2/functional-testing-repo/labels{/name}","releases_url":"https://api.github.com/repos/mergify-test2/functional-testing-repo/releases{/id}","deployments_url":"https://api.github.com/repos/mergify-test2/functional-testing-repo/deployments","created_at":"2020-04-25T18:00:21Z","updated_at":"2021-03-22T15:47:04Z","pushed_at":"2021-03-23T06:58:15Z","git_url":"git://github.com/mergify-test2/functional-testing-repo.git","ssh_url":"git@github.com:mergify-test2/functional-testing-repo.git","clone_url":"https://github.com/mergify-test2/functional-testing-repo.git","svn_url":"https://github.com/mergify-test2/functional-testing-repo","homepage":null,"size":141,"stargazers_count":0,"watchers_count":0,"language":null,"has_issues":false,"has_projects":true,"has_downloads":true,"has_wiki":true,"has_pages":false,"forks_count":0,"mirror_url":null,"archived":false,"disabled":false,"open_issues_count":0,"license":null,"forks":0,"open_issues":0,"watchers":0,"default_branch":"20210322154655/test_draft/master"}},"base":{"label":"mergifyio-testing:20210323065807/test_short_teams/master","ref":"20210323065807/test_short_teams/master","sha":"3657a2ef95a88dfacf393f26d6dace7c8243e234","user":{"login":"mergifyio-testing","id":40527191,"node_id":"MDEyOk9yZ2FuaXphdGlvbjQwNTI3MTkx","avatar_url":"https://avatars.githubusercontent.com/u/40527191?v=4","gravatar_id":"","url":"https://api.github.com/users/mergifyio-testing","html_url":"https://github.com/mergifyio-testing","followers_url":"https://api.github.com/users/mergifyio-testing/followers","following_url":"https://api.github.com/users/mergifyio-testing/following{/other_user}","gists_url":"https://api.github.com/users/mergifyio-testing/gists{/gist_id}","starred_url":"https://api.github.com/users/mergifyio-testing/starred{/owner}{/repo}","subscriptions_url":"https://api.github.com/users/mergifyio-testing/subscriptions","organizations_url":"https://api.github.com/users/mergifyio-testing/orgs","repos_url":"https://api.github.com/users/mergifyio-testing/repos","events_url":"https://api.github.com/users/mergifyio-testing/events{/privacy}","received_events_url":"https://api.github.com/users/mergifyio-testing/received_events","type":"Organization","site_admin":false},"repo":{"id":258840104,"node_id":"MDEwOlJlcG9zaXRvcnkyNTg4NDAxMDQ=","name":"functional-testing-repo","full_name":"mergifyio-testing/functional-testing-repo","private":false,"owner":{"login":"mergifyio-testing","id":40527191,"node_id":"MDEyOk9yZ2FuaXphdGlvbjQwNTI3MTkx","avatar_url":"https://avatars.githubusercontent.com/u/40527191?v=4","gravatar_id":"","url":"https://api.github.com/users/mergifyio-testing","html_url":"https://github.com/mergifyio-testing","followers_url":"https://api.github.com/users/mergifyio-testing/followers","following_url":"https://api.github.com/users/mergifyio-testing/following{/other_user}","gists_url":"https://api.github.com/users/mergifyio-testing/gists{/gist_id}","starred_url":"https://api.github.com/users/mergifyio-testing/starred{/owner}{/repo}","subscriptions_url":"https://api.github.com/users/mergifyio-testing/subscriptions","organizations_url":"https://api.github.com/users/mergifyio-testing/orgs","repos_url":"https://api.github.com/users/mergifyio-testing/repos","events_url":"https://api.github.com/users/mergifyio-testing/events{/privacy}","received_events_url":"https://api.github.com/users/mergifyio-testing/received_events","type":"Organization","site_admin":false},"html_url":"https://github.com/mergifyio-testing/functional-testing-repo","description":"Mergify","fork":false,"url":"https://api.github.com/repos/mergifyio-testing/functional-testing-repo","forks_url":"https://api.github.com/repos/mergifyio-testing/functional-testing-repo/forks","keys_url":"https://api.github.com/repos/mergifyio-testing/functional-testing-repo/keys{/key_id}","collaborators_url":"https://api.github.com/repos/mergifyio-testing/functional-testing-repo/collaborators{/collaborator}","teams_url":"https://api.github.com/repos/mergifyio-testing/functional-testing-repo/teams","hooks_url":"https://api.github.com/repos/mergifyio-testing/functional-testing-repo/hooks","issue_events_url":"https://api.github.com/repos/mergifyio-testing/functional-testing-repo/issues/events{/number}","events_url":"https://api.github.com/repos/mergifyio-testing/functional-testing-repo/events","assignees_url":"https://api.github.com/repos/mergifyio-testing/functional-testing-repo/assignees{/user}","branches_url":"https://api.github.com/repos/mergifyio-testing/functional-testing-repo/branches{/branch}","tags_url":"https://api.github.com/repos/mergifyio-testing/functional-testing-repo/tags","blobs_url":"https://api.github.com/repos/mergifyio-testing/functional-testing-repo/git/blobs{/sha}","git_tags_url":"https://api.github.com/repos/mergifyio-testing/functional-testing-repo/git/tags{/sha}","git_refs_url":"https://api.github.com/repos/mergifyio-testing/functional-testing-repo/git/refs{/sha}","trees_url":"https://api.github.com/repos/mergifyio-testing/functional-testing-repo/git/trees{/sha}","statuses_url":"https://api.github.com/repos/mergifyio-testing/functional-testing-repo/statuses/{sha}","languages_url":"https://api.github.com/repos/mergifyio-testing/functional-testing-repo/languages","stargazers_url":"https://api.github.com/repos/mergifyio-testing/functional-testing-repo/stargazers","contributors_url":"https://api.github.com/repos/mergifyio-testing/functional-testing-repo/contributors","subscribers_url":"https://api.github.com/repos/mergifyio-testing/functional-testing-repo/subscribers","subscription_url":"https://api.github.com/repos/mergifyio-testing/functional-testing-repo/subscription","commits_url":"https://api.github.com/repos/mergifyio-testing/functional-testing-repo/commits{/sha}","git_commits_url":"https://api.github.com/repos/mergifyio-testing/functional-testing-repo/git/commits{/sha}","comments_url":"https://api.github.com/repos/mergifyio-testing/functional-testing-repo/comments{/number}","issue_comment_url":"https://api.github.com/repos/mergifyio-testing/functional-testing-repo/issues/comments{/number}","contents_url":"https://api.github.com/repos/mergifyio-testing/functional-testing-repo/contents/{+path}","compare_url":"https://api.github.com/repos/mergifyio-testing/functional-testing-repo/compare/{base}...{head}","merges_url":"https://api.github.com/repos/mergifyio-testing/functional-testing-repo/merges","archive_url":"https://api.github.com/repos/mergifyio-testing/functional-testing-repo/{archive_format}{/ref}","downloads_url":"https://api.github.com/repos/mergifyio-testing/functional-testing-repo/downloads","issues_url":"https://api.github.com/repos/mergifyio-testing/functional-testing-repo/issues{/number}","pulls_url":"https://api.github.com/repos/mergifyio-testing/functional-testing-repo/pulls{/number}","milestones_url":"https://api.github.com/repos/mergifyio-testing/functional-testing-repo/milestones{/number}","notifications_url":"https://api.github.com/repos/mergifyio-testing/functional-testing-repo/notifications{?since,all,participating}","labels_url":"https://api.github.com/repos/mergifyio-testing/functional-testing-repo/labels{/name}","releases_url":"https://api.github.com/repos/mergifyio-testing/functional-testing-repo/releases{/id}","deployments_url":"https://api.github.com/repos/mergifyio-testing/functional-testing-repo/deployments","created_at":"2020-04-25T17:58:44Z","updated_at":"2021-03-23T06:56:24Z","pushed_at":"2021-03-23T06:58:10Z","git_url":"git://github.com/mergifyio-testing/functional-testing-repo.git","ssh_url":"git@github.com:mergifyio-testing/functional-testing-repo.git","clone_url":"https://github.com/mergifyio-testing/functional-testing-repo.git","svn_url":"https://github.com/mergifyio-testing/functional-testing-repo","homepage":null,"size":2,"stargazers_count":1,"watchers_count":1,"language":null,"has_issues":true,"has_projects":true,"has_downloads":true,"has_wiki":true,"has_pages":false,"forks_count":1,"mirror_url":null,"archived":false,"disabled":false,"open_issues_count":1,"license":null,"forks":1,"open_issues":1,"watchers":1,"default_branch":"20210323065807/test_short_teams/master"}},"_links":{"self":{"href":"https://api.github.com/repos/mergifyio-testing/functional-testing-repo/pulls/9646"},"html":{"href":"https://github.com/mergifyio-testing/functional-testing-repo/pull/9646"},"issue":{"href":"https://api.github.com/repos/mergifyio-testing/functional-testing-repo/issues/9646"},"comments":{"href":"https://api.github.com/repos/mergifyio-testing/functional-testing-repo/issues/9646/comments"},"review_comments":{"href":"https://api.github.com/repos/mergifyio-testing/functional-testing-repo/pulls/9646/comments"},"review_comment":{"href":"https://api.github.com/repos/mergifyio-testing/functional-testing-repo/pulls/comments{/number}"},"commits":{"href":"https://api.github.com/repos/mergifyio-testing/functional-testing-repo/pulls/9646/commits"},"statuses":{"href":"https://api.github.com/repos/mergifyio-testing/functional-testing-repo/statuses/7900d05b87ea9b88e01af6d50baf594ac94a300f"}},"author_association":"NONE","auto_merge":null,"active_lock_reason":null,"merged":false,"mergeable":null,"rebaseable":null,"mergeable_state":"unknown","merged_by":null,"comments":0,"review_comments":0,"maintainer_can_modify":true,"commits":1,"additions":0,"deletions":0,"changed_files":1}'
    headers:
      Content-Length:
      - '17625'
      Content-Type:
      - application/json; charset=utf-8
      Location:
      - https://api.github.com/repos/mergifyio-testing/functional-testing-repo/pulls/9646
      X-Accepted-OAuth-Scopes:
      - ''
      X-GitHub-Media-Type:
      - github.v3; param=machine-man-preview; format=json
      X-OAuth-Scopes:
      - repo, workflow
    http_version: HTTP/1.1
    status_code: 201
- request:
    body: whatdataisthat
    headers:
      X-Hub-Signature:
      - <SIGNATURE>
      accept:
      - '*/*'
      content-length:
      - '14'
      cookie:
      - __cfduid=dcecdbbf6ec78f57183120185a579f1661616482688
      host:
      - test-forwarder.mergify.io
    method: GET
    uri: https://test-forwarder.mergify.io/events-testing?counter=1
  response:
    content: '[{"id":"218135c8-8ba5-11eb-8c4a-223687cfbc47","type":"push","payload":{"ref":"refs/heads/20210323065807/test_short_teams/master","before":"0000000000000000000000000000000000000000","after":"3657a2ef95a88dfacf393f26d6dace7c8243e234","repository":{"id":258840104,"node_id":"MDEwOlJlcG9zaXRvcnkyNTg4NDAxMDQ=","name":"functional-testing-repo","full_name":"mergifyio-testing/functional-testing-repo","private":false,"owner":{"name":"mergifyio-testing","email":null,"login":"mergifyio-testing","id":40527191,"node_id":"MDEyOk9yZ2FuaXphdGlvbjQwNTI3MTkx","avatar_url":"https://avatars.githubusercontent.com/u/40527191?v=4","gravatar_id":"","url":"https://api.github.com/users/mergifyio-testing","html_url":"https://github.com/mergifyio-testing","followers_url":"https://api.github.com/users/mergifyio-testing/followers","following_url":"https://api.github.com/users/mergifyio-testing/following{/other_user}","gists_url":"https://api.github.com/users/mergifyio-testing/gists{/gist_id}","starred_url":"https://api.github.com/users/mergifyio-testing/starred{/owner}{/repo}","subscriptions_url":"https://api.github.com/users/mergifyio-testing/subscriptions","organizations_url":"https://api.github.com/users/mergifyio-testing/orgs","repos_url":"https://api.github.com/users/mergifyio-testing/repos","events_url":"https://api.github.com/users/mergifyio-testing/events{/privacy}","received_events_url":"https://api.github.com/users/mergifyio-testing/received_events","type":"Organization","site_admin":false},"html_url":"https://github.com/mergifyio-testing/functional-testing-repo","description":"Mergify","fork":false,"url":"https://github.com/mergifyio-testing/functional-testing-repo","forks_url":"https://api.github.com/repos/mergifyio-testing/functional-testing-repo/forks","keys_url":"https://api.github.com/repos/mergifyio-testing/functional-testing-repo/keys{/key_id}","collaborators_url":"https://api.github.com/repos/mergifyio-testing/functional-testing-repo/collaborators{/collaborator}","teams_url":"https://api.github.com/repos/mergifyio-testing/functional-testing-repo/teams","hooks_url":"https://api.github.com/repos/mergifyio-testing/functional-testing-repo/hooks","issue_events_url":"https://api.github.com/repos/mergifyio-testing/functional-testing-repo/issues/events{/number}","events_url":"https://api.github.com/repos/mergifyio-testing/functional-testing-repo/events","assignees_url":"https://api.github.com/repos/mergifyio-testing/functional-testing-repo/assignees{/user}","branches_url":"https://api.github.com/repos/mergifyio-testing/functional-testing-repo/branches{/branch}","tags_url":"https://api.github.com/repos/mergifyio-testing/functional-testing-repo/tags","blobs_url":"https://api.github.com/repos/mergifyio-testing/functional-testing-repo/git/blobs{/sha}","git_tags_url":"https://api.github.com/repos/mergifyio-testing/functional-testing-repo/git/tags{/sha}","git_refs_url":"https://api.github.com/repos/mergifyio-testing/functional-testing-repo/git/refs{/sha}","trees_url":"https://api.github.com/repos/mergifyio-testing/functional-testing-repo/git/trees{/sha}","statuses_url":"https://api.github.com/repos/mergifyio-testing/functional-testing-repo/statuses/{sha}","languages_url":"https://api.github.com/repos/mergifyio-testing/functional-testing-repo/languages","stargazers_url":"https://api.github.com/repos/mergifyio-testing/functional-testing-repo/stargazers","contributors_url":"https://api.github.com/repos/mergifyio-testing/functional-testing-repo/contributors","subscribers_url":"https://api.github.com/repos/mergifyio-testing/functional-testing-repo/subscribers","subscription_url":"https://api.github.com/repos/mergifyio-testing/functional-testing-repo/subscription","commits_url":"https://api.github.com/repos/mergifyio-testing/functional-testing-repo/commits{/sha}","git_commits_url":"https://api.github.com/repos/mergifyio-testing/functional-testing-repo/git/commits{/sha}","comments_url":"https://api.github.com/repos/mergifyio-testing/functional-testing-repo/comments{/number}","issue_comment_url":"https://api.github.com/repos/mergifyio-testing/functional-testing-repo/issues/comments{/number}","contents_url":"https://api.github.com/repos/mergifyio-testing/functional-testing-repo/contents/{+path}","compare_url":"https://api.github.com/repos/mergifyio-testing/functional-testing-repo/compare/{base}...{head}","merges_url":"https://api.github.com/repos/mergifyio-testing/functional-testing-repo/merges","archive_url":"https://api.github.com/repos/mergifyio-testing/functional-testing-repo/{archive_format}{/ref}","downloads_url":"https://api.github.com/repos/mergifyio-testing/functional-testing-repo/downloads","issues_url":"https://api.github.com/repos/mergifyio-testing/functional-testing-repo/issues{/number}","pulls_url":"https://api.github.com/repos/mergifyio-testing/functional-testing-repo/pulls{/number}","milestones_url":"https://api.github.com/repos/mergifyio-testing/functional-testing-repo/milestones{/number}","notifications_url":"https://api.github.com/repos/mergifyio-testing/functional-testing-repo/notifications{?since,all,participating}","labels_url":"https://api.github.com/repos/mergifyio-testing/functional-testing-repo/labels{/name}","releases_url":"https://api.github.com/repos/mergifyio-testing/functional-testing-repo/releases{/id}","deployments_url":"https://api.github.com/repos/mergifyio-testing/functional-testing-repo/deployments","created_at":1587837524,"updated_at":"2021-03-23T06:56:24Z","pushed_at":1616482690,"git_url":"git://github.com/mergifyio-testing/functional-testing-repo.git","ssh_url":"git@github.com:mergifyio-testing/functional-testing-repo.git","clone_url":"https://github.com/mergifyio-testing/functional-testing-repo.git","svn_url":"https://github.com/mergifyio-testing/functional-testing-repo","homepage":null,"size":2,"stargazers_count":1,"watchers_count":1,"language":null,"has_issues":true,"has_projects":true,"has_downloads":true,"has_wiki":true,"has_pages":false,"forks_count":1,"mirror_url":null,"archived":false,"disabled":false,"open_issues_count":0,"license":null,"forks":1,"open_issues":0,"watchers":1,"default_branch":"master","stargazers":1,"master_branch":"master","organization":"mergifyio-testing"},"pusher":{"name":"mergify-test1","email":"38494943+mergify-test1@users.noreply.github.com"},"organization":{"login":"mergifyio-testing","id":40527191,"node_id":"MDEyOk9yZ2FuaXphdGlvbjQwNTI3MTkx","url":"https://api.github.com/orgs/mergifyio-testing","repos_url":"https://api.github.com/orgs/mergifyio-testing/repos","events_url":"https://api.github.com/orgs/mergifyio-testing/events","hooks_url":"https://api.github.com/orgs/mergifyio-testing/hooks","issues_url":"https://api.github.com/orgs/mergifyio-testing/issues","members_url":"https://api.github.com/orgs/mergifyio-testing/members{/member}","public_members_url":"https://api.github.com/orgs/mergifyio-testing/public_members{/member}","avatar_url":"https://avatars.githubusercontent.com/u/40527191?v=4","description":"This
      account is for testing purpose of the workflow of Github App @Mergifyio"},"sender":{"login":"mergify-test1","id":38494943,"node_id":"MDQ6VXNlcjM4NDk0OTQz","avatar_url":"https://avatars.githubusercontent.com/u/38494943?v=4","gravatar_id":"","url":"https://api.github.com/users/mergify-test1","html_url":"https://github.com/mergify-test1","followers_url":"https://api.github.com/users/mergify-test1/followers","following_url":"https://api.github.com/users/mergify-test1/following{/other_user}","gists_url":"https://api.github.com/users/mergify-test1/gists{/gist_id}","starred_url":"https://api.github.com/users/mergify-test1/starred{/owner}{/repo}","subscriptions_url":"https://api.github.com/users/mergify-test1/subscriptions","organizations_url":"https://api.github.com/users/mergify-test1/orgs","repos_url":"https://api.github.com/users/mergify-test1/repos","events_url":"https://api.github.com/users/mergify-test1/events{/privacy}","received_events_url":"https://api.github.com/users/mergify-test1/received_events","type":"User","site_admin":false},"installation":{"id":15398551,"node_id":"MDIzOkludGVncmF0aW9uSW5zdGFsbGF0aW9uMTUzOTg1NTE="},"created":true,"deleted":false,"forced":false,"base_ref":null,"compare":"https://github.com/mergifyio-testing/functional-testing-repo/commit/3657a2ef95a8","commits":[{"id":"3657a2ef95a88dfacf393f26d6dace7c8243e234","tree_id":"a29777d0466824eaaa53645f3d6766f15614786f","distinct":true,"message":"initial
      commit","timestamp":"2021-03-23T07:58:09+01:00","url":"https://github.com/mergifyio-testing/functional-testing-repo/commit/3657a2ef95a88dfacf393f26d6dace7c8243e234","author":{"name":"mergify-tester","email":"noreply@mergify.io"},"committer":{"name":"mergify-tester","email":"noreply@mergify.io"},"added":[".mergify.yml"],"removed":[],"modified":[]}],"head_commit":{"id":"3657a2ef95a88dfacf393f26d6dace7c8243e234","tree_id":"a29777d0466824eaaa53645f3d6766f15614786f","distinct":true,"message":"initial
      commit","timestamp":"2021-03-23T07:58:09+01:00","url":"https://github.com/mergifyio-testing/functional-testing-repo/commit/3657a2ef95a88dfacf393f26d6dace7c8243e234","author":{"name":"mergify-tester","email":"noreply@mergify.io"},"committer":{"name":"mergify-tester","email":"noreply@mergify.io"},"added":[".mergify.yml"],"removed":[],"modified":[]}}},{"id":"21b4bdd0-8ba5-11eb-97ce-bdd812dfd7c0","type":"check_suite","payload":{"action":"requested","check_suite":{"id":2321781810,"node_id":"MDEwOkNoZWNrU3VpdGUyMzIxNzgxODEw","head_branch":"20210323065807/test_short_teams/master","head_sha":"3657a2ef95a88dfacf393f26d6dace7c8243e234","status":"queued","conclusion":null,"url":"https://api.github.com/repos/mergifyio-testing/functional-testing-repo/check-suites/2321781810","before":"0000000000000000000000000000000000000000","after":"3657a2ef95a88dfacf393f26d6dace7c8243e234","pull_requests":[],"app":{"id":11221,"slug":"mergify-test","node_id":"MDM6QXBwMTEyMjE=","owner":{"login":"mergifyio-testing","id":40527191,"node_id":"MDEyOk9yZ2FuaXphdGlvbjQwNTI3MTkx","avatar_url":"https://avatars.githubusercontent.com/u/40527191?v=4","gravatar_id":"","url":"https://api.github.com/users/mergifyio-testing","html_url":"https://github.com/mergifyio-testing","followers_url":"https://api.github.com/users/mergifyio-testing/followers","following_url":"https://api.github.com/users/mergifyio-testing/following{/other_user}","gists_url":"https://api.github.com/users/mergifyio-testing/gists{/gist_id}","starred_url":"https://api.github.com/users/mergifyio-testing/starred{/owner}{/repo}","subscriptions_url":"https://api.github.com/users/mergifyio-testing/subscriptions","organizations_url":"https://api.github.com/users/mergifyio-testing/orgs","repos_url":"https://api.github.com/users/mergifyio-testing/repos","events_url":"https://api.github.com/users/mergifyio-testing/events{/privacy}","received_events_url":"https://api.github.com/users/mergifyio-testing/received_events","type":"Organization","site_admin":false},"name":"Mergify-test","description":"Test
      version of Mergify.","external_url":"https://mergify.io","html_url":"https://github.com/apps/mergify-test","created_at":"2018-04-18T13:55:11Z","updated_at":"2021-03-15T16:12:09Z","permissions":{"checks":"write","contents":"write","emails":"read","issues":"write","members":"read","metadata":"read","pages":"write","pull_requests":"write","statuses":"read"},"events":["check_run","check_suite","issue_comment","pull_request","pull_request_review","pull_request_review_comment","push","status"]},"created_at":"2021-03-23T06:58:11Z","updated_at":"2021-03-23T06:58:11Z","latest_check_runs_count":0,"check_runs_url":"https://api.github.com/repos/mergifyio-testing/functional-testing-repo/check-suites/2321781810/check-runs","head_commit":{"id":"3657a2ef95a88dfacf393f26d6dace7c8243e234","tree_id":"a29777d0466824eaaa53645f3d6766f15614786f","message":"initial
      commit","timestamp":"2021-03-23T06:58:09Z","author":{"name":"mergify-tester","email":"noreply@mergify.io"},"committer":{"name":"mergify-tester","email":"noreply@mergify.io"}}},"repository":{"id":258840104,"node_id":"MDEwOlJlcG9zaXRvcnkyNTg4NDAxMDQ=","name":"functional-testing-repo","full_name":"mergifyio-testing/functional-testing-repo","private":false,"owner":{"login":"mergifyio-testing","id":40527191,"node_id":"MDEyOk9yZ2FuaXphdGlvbjQwNTI3MTkx","avatar_url":"https://avatars.githubusercontent.com/u/40527191?v=4","gravatar_id":"","url":"https://api.github.com/users/mergifyio-testing","html_url":"https://github.com/mergifyio-testing","followers_url":"https://api.github.com/users/mergifyio-testing/followers","following_url":"https://api.github.com/users/mergifyio-testing/following{/other_user}","gists_url":"https://api.github.com/users/mergifyio-testing/gists{/gist_id}","starred_url":"https://api.github.com/users/mergifyio-testing/starred{/owner}{/repo}","subscriptions_url":"https://api.github.com/users/mergifyio-testing/subscriptions","organizations_url":"https://api.github.com/users/mergifyio-testing/orgs","repos_url":"https://api.github.com/users/mergifyio-testing/repos","events_url":"https://api.github.com/users/mergifyio-testing/events{/privacy}","received_events_url":"https://api.github.com/users/mergifyio-testing/received_events","type":"Organization","site_admin":false},"html_url":"https://github.com/mergifyio-testing/functional-testing-repo","description":"Mergify","fork":false,"url":"https://api.github.com/repos/mergifyio-testing/functional-testing-repo","forks_url":"https://api.github.com/repos/mergifyio-testing/functional-testing-repo/forks","keys_url":"https://api.github.com/repos/mergifyio-testing/functional-testing-repo/keys{/key_id}","collaborators_url":"https://api.github.com/repos/mergifyio-testing/functional-testing-repo/collaborators{/collaborator}","teams_url":"https://api.github.com/repos/mergifyio-testing/functional-testing-repo/teams","hooks_url":"https://api.github.com/repos/mergifyio-testing/functional-testing-repo/hooks","issue_events_url":"https://api.github.com/repos/mergifyio-testing/functional-testing-repo/issues/events{/number}","events_url":"https://api.github.com/repos/mergifyio-testing/functional-testing-repo/events","assignees_url":"https://api.github.com/repos/mergifyio-testing/functional-testing-repo/assignees{/user}","branches_url":"https://api.github.com/repos/mergifyio-testing/functional-testing-repo/branches{/branch}","tags_url":"https://api.github.com/repos/mergifyio-testing/functional-testing-repo/tags","blobs_url":"https://api.github.com/repos/mergifyio-testing/functional-testing-repo/git/blobs{/sha}","git_tags_url":"https://api.github.com/repos/mergifyio-testing/functional-testing-repo/git/tags{/sha}","git_refs_url":"https://api.github.com/repos/mergifyio-testing/functional-testing-repo/git/refs{/sha}","trees_url":"https://api.github.com/repos/mergifyio-testing/functional-testing-repo/git/trees{/sha}","statuses_url":"https://api.github.com/repos/mergifyio-testing/functional-testing-repo/statuses/{sha}","languages_url":"https://api.github.com/repos/mergifyio-testing/functional-testing-repo/languages","stargazers_url":"https://api.github.com/repos/mergifyio-testing/functional-testing-repo/stargazers","contributors_url":"https://api.github.com/repos/mergifyio-testing/functional-testing-repo/contributors","subscribers_url":"https://api.github.com/repos/mergifyio-testing/functional-testing-repo/subscribers","subscription_url":"https://api.github.com/repos/mergifyio-testing/functional-testing-repo/subscription","commits_url":"https://api.github.com/repos/mergifyio-testing/functional-testing-repo/commits{/sha}","git_commits_url":"https://api.github.com/repos/mergifyio-testing/functional-testing-repo/git/commits{/sha}","comments_url":"https://api.github.com/repos/mergifyio-testing/functional-testing-repo/comments{/number}","issue_comment_url":"https://api.github.com/repos/mergifyio-testing/functional-testing-repo/issues/comments{/number}","contents_url":"https://api.github.com/repos/mergifyio-testing/functional-testing-repo/contents/{+path}","compare_url":"https://api.github.com/repos/mergifyio-testing/functional-testing-repo/compare/{base}...{head}","merges_url":"https://api.github.com/repos/mergifyio-testing/functional-testing-repo/merges","archive_url":"https://api.github.com/repos/mergifyio-testing/functional-testing-repo/{archive_format}{/ref}","downloads_url":"https://api.github.com/repos/mergifyio-testing/functional-testing-repo/downloads","issues_url":"https://api.github.com/repos/mergifyio-testing/functional-testing-repo/issues{/number}","pulls_url":"https://api.github.com/repos/mergifyio-testing/functional-testing-repo/pulls{/number}","milestones_url":"https://api.github.com/repos/mergifyio-testing/functional-testing-repo/milestones{/number}","notifications_url":"https://api.github.com/repos/mergifyio-testing/functional-testing-repo/notifications{?since,all,participating}","labels_url":"https://api.github.com/repos/mergifyio-testing/functional-testing-repo/labels{/name}","releases_url":"https://api.github.com/repos/mergifyio-testing/functional-testing-repo/releases{/id}","deployments_url":"https://api.github.com/repos/mergifyio-testing/functional-testing-repo/deployments","created_at":"2020-04-25T17:58:44Z","updated_at":"2021-03-23T06:56:24Z","pushed_at":"2021-03-23T06:58:10Z","git_url":"git://github.com/mergifyio-testing/functional-testing-repo.git","ssh_url":"git@github.com:mergifyio-testing/functional-testing-repo.git","clone_url":"https://github.com/mergifyio-testing/functional-testing-repo.git","svn_url":"https://github.com/mergifyio-testing/functional-testing-repo","homepage":null,"size":2,"stargazers_count":1,"watchers_count":1,"language":null,"has_issues":true,"has_projects":true,"has_downloads":true,"has_wiki":true,"has_pages":false,"forks_count":1,"mirror_url":null,"archived":false,"disabled":false,"open_issues_count":0,"license":null,"forks":1,"open_issues":0,"watchers":1,"default_branch":"master"},"organization":{"login":"mergifyio-testing","id":40527191,"node_id":"MDEyOk9yZ2FuaXphdGlvbjQwNTI3MTkx","url":"https://api.github.com/orgs/mergifyio-testing","repos_url":"https://api.github.com/orgs/mergifyio-testing/repos","events_url":"https://api.github.com/orgs/mergifyio-testing/events","hooks_url":"https://api.github.com/orgs/mergifyio-testing/hooks","issues_url":"https://api.github.com/orgs/mergifyio-testing/issues","members_url":"https://api.github.com/orgs/mergifyio-testing/members{/member}","public_members_url":"https://api.github.com/orgs/mergifyio-testing/public_members{/member}","avatar_url":"https://avatars.githubusercontent.com/u/40527191?v=4","description":"This
      account is for testing purpose of the workflow of Github App @Mergifyio"},"sender":{"login":"mergify-test1","id":38494943,"node_id":"MDQ6VXNlcjM4NDk0OTQz","avatar_url":"https://avatars.githubusercontent.com/u/38494943?v=4","gravatar_id":"","url":"https://api.github.com/users/mergify-test1","html_url":"https://github.com/mergify-test1","followers_url":"https://api.github.com/users/mergify-test1/followers","following_url":"https://api.github.com/users/mergify-test1/following{/other_user}","gists_url":"https://api.github.com/users/mergify-test1/gists{/gist_id}","starred_url":"https://api.github.com/users/mergify-test1/starred{/owner}{/repo}","subscriptions_url":"https://api.github.com/users/mergify-test1/subscriptions","organizations_url":"https://api.github.com/users/mergify-test1/orgs","repos_url":"https://api.github.com/users/mergify-test1/repos","events_url":"https://api.github.com/users/mergify-test1/events{/privacy}","received_events_url":"https://api.github.com/users/mergify-test1/received_events","type":"User","site_admin":false},"installation":{"id":15398551,"node_id":"MDIzOkludGVncmF0aW9uSW5zdGFsbGF0aW9uMTUzOTg1NTE="}}}]'
    headers:
      Connection:
      - keep-alive
      Content-Encoding:
      - gzip
      Content-Type:
      - application/json
      Transfer-Encoding:
      - chunked
      alt-svc:
      - h3-27=":443"; ma=86400, h3-28=":443"; ma=86400, h3-29=":443"; ma=86400
    http_version: HTTP/1.1
    status_code: 200
- request:
    body: whatdataisthat
    headers:
      X-Hub-Signature:
      - <SIGNATURE>
      accept:
      - '*/*'
      content-length:
      - '14'
      cookie:
      - __cfduid=dcecdbbf6ec78f57183120185a579f1661616482688
      host:
      - test-forwarder.mergify.io
    method: GET
    uri: https://test-forwarder.mergify.io/events-testing?counter=2
  response:
    content: '[{"id":"24d16720-8ba5-11eb-98ca-4fa110a039d9","type":"pull_request","payload":{"action":"opened","number":9646,"pull_request":{"url":"https://api.github.com/repos/mergifyio-testing/functional-testing-repo/pulls/9646","id":598599253,"node_id":"MDExOlB1bGxSZXF1ZXN0NTk4NTk5MjUz","html_url":"https://github.com/mergifyio-testing/functional-testing-repo/pull/9646","diff_url":"https://github.com/mergifyio-testing/functional-testing-repo/pull/9646.diff","patch_url":"https://github.com/mergifyio-testing/functional-testing-repo/pull/9646.patch","issue_url":"https://api.github.com/repos/mergifyio-testing/functional-testing-repo/issues/9646","number":9646,"state":"open","locked":false,"title":"test_short_teams:
      pull request n1 from fork","user":{"login":"mergify-test2","id":38495008,"node_id":"MDQ6VXNlcjM4NDk1MDA4","avatar_url":"https://avatars.githubusercontent.com/u/38495008?v=4","gravatar_id":"","url":"https://api.github.com/users/mergify-test2","html_url":"https://github.com/mergify-test2","followers_url":"https://api.github.com/users/mergify-test2/followers","following_url":"https://api.github.com/users/mergify-test2/following{/other_user}","gists_url":"https://api.github.com/users/mergify-test2/gists{/gist_id}","starred_url":"https://api.github.com/users/mergify-test2/starred{/owner}{/repo}","subscriptions_url":"https://api.github.com/users/mergify-test2/subscriptions","organizations_url":"https://api.github.com/users/mergify-test2/orgs","repos_url":"https://api.github.com/users/mergify-test2/repos","events_url":"https://api.github.com/users/mergify-test2/events{/privacy}","received_events_url":"https://api.github.com/users/mergify-test2/received_events","type":"User","site_admin":false},"body":"test_short_teams:
      pull request n1 from fork","created_at":"2021-03-23T06:58:16Z","updated_at":"2021-03-23T06:58:16Z","closed_at":null,"merged_at":null,"merge_commit_sha":null,"assignee":null,"assignees":[],"requested_reviewers":[],"requested_teams":[],"labels":[],"milestone":null,"draft":false,"commits_url":"https://api.github.com/repos/mergifyio-testing/functional-testing-repo/pulls/9646/commits","review_comments_url":"https://api.github.com/repos/mergifyio-testing/functional-testing-repo/pulls/9646/comments","review_comment_url":"https://api.github.com/repos/mergifyio-testing/functional-testing-repo/pulls/comments{/number}","comments_url":"https://api.github.com/repos/mergifyio-testing/functional-testing-repo/issues/9646/comments","statuses_url":"https://api.github.com/repos/mergifyio-testing/functional-testing-repo/statuses/7900d05b87ea9b88e01af6d50baf594ac94a300f","head":{"label":"mergify-test2:20210323065807/test_short_teams/fork/pr1","ref":"20210323065807/test_short_teams/fork/pr1","sha":"7900d05b87ea9b88e01af6d50baf594ac94a300f","user":{"login":"mergify-test2","id":38495008,"node_id":"MDQ6VXNlcjM4NDk1MDA4","avatar_url":"https://avatars.githubusercontent.com/u/38495008?v=4","gravatar_id":"","url":"https://api.github.com/users/mergify-test2","html_url":"https://github.com/mergify-test2","followers_url":"https://api.github.com/users/mergify-test2/followers","following_url":"https://api.github.com/users/mergify-test2/following{/other_user}","gists_url":"https://api.github.com/users/mergify-test2/gists{/gist_id}","starred_url":"https://api.github.com/users/mergify-test2/starred{/owner}{/repo}","subscriptions_url":"https://api.github.com/users/mergify-test2/subscriptions","organizations_url":"https://api.github.com/users/mergify-test2/orgs","repos_url":"https://api.github.com/users/mergify-test2/repos","events_url":"https://api.github.com/users/mergify-test2/events{/privacy}","received_events_url":"https://api.github.com/users/mergify-test2/received_events","type":"User","site_admin":false},"repo":{"id":258840424,"node_id":"MDEwOlJlcG9zaXRvcnkyNTg4NDA0MjQ=","name":"functional-testing-repo","full_name":"mergify-test2/functional-testing-repo","private":false,"owner":{"login":"mergify-test2","id":38495008,"node_id":"MDQ6VXNlcjM4NDk1MDA4","avatar_url":"https://avatars.githubusercontent.com/u/38495008?v=4","gravatar_id":"","url":"https://api.github.com/users/mergify-test2","html_url":"https://github.com/mergify-test2","followers_url":"https://api.github.com/users/mergify-test2/followers","following_url":"https://api.github.com/users/mergify-test2/following{/other_user}","gists_url":"https://api.github.com/users/mergify-test2/gists{/gist_id}","starred_url":"https://api.github.com/users/mergify-test2/starred{/owner}{/repo}","subscriptions_url":"https://api.github.com/users/mergify-test2/subscriptions","organizations_url":"https://api.github.com/users/mergify-test2/orgs","repos_url":"https://api.github.com/users/mergify-test2/repos","events_url":"https://api.github.com/users/mergify-test2/events{/privacy}","received_events_url":"https://api.github.com/users/mergify-test2/received_events","type":"User","site_admin":false},"html_url":"https://github.com/mergify-test2/functional-testing-repo","description":null,"fork":true,"url":"https://api.github.com/repos/mergify-test2/functional-testing-repo","forks_url":"https://api.github.com/repos/mergify-test2/functional-testing-repo/forks","keys_url":"https://api.github.com/repos/mergify-test2/functional-testing-repo/keys{/key_id}","collaborators_url":"https://api.github.com/repos/mergify-test2/functional-testing-repo/collaborators{/collaborator}","teams_url":"https://api.github.com/repos/mergify-test2/functional-testing-repo/teams","hooks_url":"https://api.github.com/repos/mergify-test2/functional-testing-repo/hooks","issue_events_url":"https://api.github.com/repos/mergify-test2/functional-testing-repo/issues/events{/number}","events_url":"https://api.github.com/repos/mergify-test2/functional-testing-repo/events","assignees_url":"https://api.github.com/repos/mergify-test2/functional-testing-repo/assignees{/user}","branches_url":"https://api.github.com/repos/mergify-test2/functional-testing-repo/branches{/branch}","tags_url":"https://api.github.com/repos/mergify-test2/functional-testing-repo/tags","blobs_url":"https://api.github.com/repos/mergify-test2/functional-testing-repo/git/blobs{/sha}","git_tags_url":"https://api.github.com/repos/mergify-test2/functional-testing-repo/git/tags{/sha}","git_refs_url":"https://api.github.com/repos/mergify-test2/functional-testing-repo/git/refs{/sha}","trees_url":"https://api.github.com/repos/mergify-test2/functional-testing-repo/git/trees{/sha}","statuses_url":"https://api.github.com/repos/mergify-test2/functional-testing-repo/statuses/{sha}","languages_url":"https://api.github.com/repos/mergify-test2/functional-testing-repo/languages","stargazers_url":"https://api.github.com/repos/mergify-test2/functional-testing-repo/stargazers","contributors_url":"https://api.github.com/repos/mergify-test2/functional-testing-repo/contributors","subscribers_url":"https://api.github.com/repos/mergify-test2/functional-testing-repo/subscribers","subscription_url":"https://api.github.com/repos/mergify-test2/functional-testing-repo/subscription","commits_url":"https://api.github.com/repos/mergify-test2/functional-testing-repo/commits{/sha}","git_commits_url":"https://api.github.com/repos/mergify-test2/functional-testing-repo/git/commits{/sha}","comments_url":"https://api.github.com/repos/mergify-test2/functional-testing-repo/comments{/number}","issue_comment_url":"https://api.github.com/repos/mergify-test2/functional-testing-repo/issues/comments{/number}","contents_url":"https://api.github.com/repos/mergify-test2/functional-testing-repo/contents/{+path}","compare_url":"https://api.github.com/repos/mergify-test2/functional-testing-repo/compare/{base}...{head}","merges_url":"https://api.github.com/repos/mergify-test2/functional-testing-repo/merges","archive_url":"https://api.github.com/repos/mergify-test2/functional-testing-repo/{archive_format}{/ref}","downloads_url":"https://api.github.com/repos/mergify-test2/functional-testing-repo/downloads","issues_url":"https://api.github.com/repos/mergify-test2/functional-testing-repo/issues{/number}","pulls_url":"https://api.github.com/repos/mergify-test2/functional-testing-repo/pulls{/number}","milestones_url":"https://api.github.com/repos/mergify-test2/functional-testing-repo/milestones{/number}","notifications_url":"https://api.github.com/repos/mergify-test2/functional-testing-repo/notifications{?since,all,participating}","labels_url":"https://api.github.com/repos/mergify-test2/functional-testing-repo/labels{/name}","releases_url":"https://api.github.com/repos/mergify-test2/functional-testing-repo/releases{/id}","deployments_url":"https://api.github.com/repos/mergify-test2/functional-testing-repo/deployments","created_at":"2020-04-25T18:00:21Z","updated_at":"2021-03-22T15:47:04Z","pushed_at":"2021-03-23T06:58:15Z","git_url":"git://github.com/mergify-test2/functional-testing-repo.git","ssh_url":"git@github.com:mergify-test2/functional-testing-repo.git","clone_url":"https://github.com/mergify-test2/functional-testing-repo.git","svn_url":"https://github.com/mergify-test2/functional-testing-repo","homepage":null,"size":141,"stargazers_count":0,"watchers_count":0,"language":null,"has_issues":false,"has_projects":true,"has_downloads":true,"has_wiki":true,"has_pages":false,"forks_count":0,"mirror_url":null,"archived":false,"disabled":false,"open_issues_count":0,"license":null,"forks":0,"open_issues":0,"watchers":0,"default_branch":"20210322154655/test_draft/master","allow_squash_merge":true,"allow_merge_commit":true,"allow_rebase_merge":true,"delete_branch_on_merge":false}},"base":{"label":"mergifyio-testing:20210323065807/test_short_teams/master","ref":"20210323065807/test_short_teams/master","sha":"3657a2ef95a88dfacf393f26d6dace7c8243e234","user":{"login":"mergifyio-testing","id":40527191,"node_id":"MDEyOk9yZ2FuaXphdGlvbjQwNTI3MTkx","avatar_url":"https://avatars.githubusercontent.com/u/40527191?v=4","gravatar_id":"","url":"https://api.github.com/users/mergifyio-testing","html_url":"https://github.com/mergifyio-testing","followers_url":"https://api.github.com/users/mergifyio-testing/followers","following_url":"https://api.github.com/users/mergifyio-testing/following{/other_user}","gists_url":"https://api.github.com/users/mergifyio-testing/gists{/gist_id}","starred_url":"https://api.github.com/users/mergifyio-testing/starred{/owner}{/repo}","subscriptions_url":"https://api.github.com/users/mergifyio-testing/subscriptions","organizations_url":"https://api.github.com/users/mergifyio-testing/orgs","repos_url":"https://api.github.com/users/mergifyio-testing/repos","events_url":"https://api.github.com/users/mergifyio-testing/events{/privacy}","received_events_url":"https://api.github.com/users/mergifyio-testing/received_events","type":"Organization","site_admin":false},"repo":{"id":258840104,"node_id":"MDEwOlJlcG9zaXRvcnkyNTg4NDAxMDQ=","name":"functional-testing-repo","full_name":"mergifyio-testing/functional-testing-repo","private":false,"owner":{"login":"mergifyio-testing","id":40527191,"node_id":"MDEyOk9yZ2FuaXphdGlvbjQwNTI3MTkx","avatar_url":"https://avatars.githubusercontent.com/u/40527191?v=4","gravatar_id":"","url":"https://api.github.com/users/mergifyio-testing","html_url":"https://github.com/mergifyio-testing","followers_url":"https://api.github.com/users/mergifyio-testing/followers","following_url":"https://api.github.com/users/mergifyio-testing/following{/other_user}","gists_url":"https://api.github.com/users/mergifyio-testing/gists{/gist_id}","starred_url":"https://api.github.com/users/mergifyio-testing/starred{/owner}{/repo}","subscriptions_url":"https://api.github.com/users/mergifyio-testing/subscriptions","organizations_url":"https://api.github.com/users/mergifyio-testing/orgs","repos_url":"https://api.github.com/users/mergifyio-testing/repos","events_url":"https://api.github.com/users/mergifyio-testing/events{/privacy}","received_events_url":"https://api.github.com/users/mergifyio-testing/received_events","type":"Organization","site_admin":false},"html_url":"https://github.com/mergifyio-testing/functional-testing-repo","description":"Mergify","fork":false,"url":"https://api.github.com/repos/mergifyio-testing/functional-testing-repo","forks_url":"https://api.github.com/repos/mergifyio-testing/functional-testing-repo/forks","keys_url":"https://api.github.com/repos/mergifyio-testing/functional-testing-repo/keys{/key_id}","collaborators_url":"https://api.github.com/repos/mergifyio-testing/functional-testing-repo/collaborators{/collaborator}","teams_url":"https://api.github.com/repos/mergifyio-testing/functional-testing-repo/teams","hooks_url":"https://api.github.com/repos/mergifyio-testing/functional-testing-repo/hooks","issue_events_url":"https://api.github.com/repos/mergifyio-testing/functional-testing-repo/issues/events{/number}","events_url":"https://api.github.com/repos/mergifyio-testing/functional-testing-repo/events","assignees_url":"https://api.github.com/repos/mergifyio-testing/functional-testing-repo/assignees{/user}","branches_url":"https://api.github.com/repos/mergifyio-testing/functional-testing-repo/branches{/branch}","tags_url":"https://api.github.com/repos/mergifyio-testing/functional-testing-repo/tags","blobs_url":"https://api.github.com/repos/mergifyio-testing/functional-testing-repo/git/blobs{/sha}","git_tags_url":"https://api.github.com/repos/mergifyio-testing/functional-testing-repo/git/tags{/sha}","git_refs_url":"https://api.github.com/repos/mergifyio-testing/functional-testing-repo/git/refs{/sha}","trees_url":"https://api.github.com/repos/mergifyio-testing/functional-testing-repo/git/trees{/sha}","statuses_url":"https://api.github.com/repos/mergifyio-testing/functional-testing-repo/statuses/{sha}","languages_url":"https://api.github.com/repos/mergifyio-testing/functional-testing-repo/languages","stargazers_url":"https://api.github.com/repos/mergifyio-testing/functional-testing-repo/stargazers","contributors_url":"https://api.github.com/repos/mergifyio-testing/functional-testing-repo/contributors","subscribers_url":"https://api.github.com/repos/mergifyio-testing/functional-testing-repo/subscribers","subscription_url":"https://api.github.com/repos/mergifyio-testing/functional-testing-repo/subscription","commits_url":"https://api.github.com/repos/mergifyio-testing/functional-testing-repo/commits{/sha}","git_commits_url":"https://api.github.com/repos/mergifyio-testing/functional-testing-repo/git/commits{/sha}","comments_url":"https://api.github.com/repos/mergifyio-testing/functional-testing-repo/comments{/number}","issue_comment_url":"https://api.github.com/repos/mergifyio-testing/functional-testing-repo/issues/comments{/number}","contents_url":"https://api.github.com/repos/mergifyio-testing/functional-testing-repo/contents/{+path}","compare_url":"https://api.github.com/repos/mergifyio-testing/functional-testing-repo/compare/{base}...{head}","merges_url":"https://api.github.com/repos/mergifyio-testing/functional-testing-repo/merges","archive_url":"https://api.github.com/repos/mergifyio-testing/functional-testing-repo/{archive_format}{/ref}","downloads_url":"https://api.github.com/repos/mergifyio-testing/functional-testing-repo/downloads","issues_url":"https://api.github.com/repos/mergifyio-testing/functional-testing-repo/issues{/number}","pulls_url":"https://api.github.com/repos/mergifyio-testing/functional-testing-repo/pulls{/number}","milestones_url":"https://api.github.com/repos/mergifyio-testing/functional-testing-repo/milestones{/number}","notifications_url":"https://api.github.com/repos/mergifyio-testing/functional-testing-repo/notifications{?since,all,participating}","labels_url":"https://api.github.com/repos/mergifyio-testing/functional-testing-repo/labels{/name}","releases_url":"https://api.github.com/repos/mergifyio-testing/functional-testing-repo/releases{/id}","deployments_url":"https://api.github.com/repos/mergifyio-testing/functional-testing-repo/deployments","created_at":"2020-04-25T17:58:44Z","updated_at":"2021-03-23T06:56:24Z","pushed_at":"2021-03-23T06:58:10Z","git_url":"git://github.com/mergifyio-testing/functional-testing-repo.git","ssh_url":"git@github.com:mergifyio-testing/functional-testing-repo.git","clone_url":"https://github.com/mergifyio-testing/functional-testing-repo.git","svn_url":"https://github.com/mergifyio-testing/functional-testing-repo","homepage":null,"size":2,"stargazers_count":1,"watchers_count":1,"language":null,"has_issues":true,"has_projects":true,"has_downloads":true,"has_wiki":true,"has_pages":false,"forks_count":1,"mirror_url":null,"archived":false,"disabled":false,"open_issues_count":1,"license":null,"forks":1,"open_issues":1,"watchers":1,"default_branch":"20210323065807/test_short_teams/master","allow_squash_merge":true,"allow_merge_commit":true,"allow_rebase_merge":true,"delete_branch_on_merge":false}},"_links":{"self":{"href":"https://api.github.com/repos/mergifyio-testing/functional-testing-repo/pulls/9646"},"html":{"href":"https://github.com/mergifyio-testing/functional-testing-repo/pull/9646"},"issue":{"href":"https://api.github.com/repos/mergifyio-testing/functional-testing-repo/issues/9646"},"comments":{"href":"https://api.github.com/repos/mergifyio-testing/functional-testing-repo/issues/9646/comments"},"review_comments":{"href":"https://api.github.com/repos/mergifyio-testing/functional-testing-repo/pulls/9646/comments"},"review_comment":{"href":"https://api.github.com/repos/mergifyio-testing/functional-testing-repo/pulls/comments{/number}"},"commits":{"href":"https://api.github.com/repos/mergifyio-testing/functional-testing-repo/pulls/9646/commits"},"statuses":{"href":"https://api.github.com/repos/mergifyio-testing/functional-testing-repo/statuses/7900d05b87ea9b88e01af6d50baf594ac94a300f"}},"author_association":"NONE","auto_merge":null,"active_lock_reason":null,"merged":false,"mergeable":null,"rebaseable":null,"mergeable_state":"unknown","merged_by":null,"comments":0,"review_comments":0,"maintainer_can_modify":true,"commits":1,"additions":0,"deletions":0,"changed_files":1},"repository":{"id":258840104,"node_id":"MDEwOlJlcG9zaXRvcnkyNTg4NDAxMDQ=","name":"functional-testing-repo","full_name":"mergifyio-testing/functional-testing-repo","private":false,"owner":{"login":"mergifyio-testing","id":40527191,"node_id":"MDEyOk9yZ2FuaXphdGlvbjQwNTI3MTkx","avatar_url":"https://avatars.githubusercontent.com/u/40527191?v=4","gravatar_id":"","url":"https://api.github.com/users/mergifyio-testing","html_url":"https://github.com/mergifyio-testing","followers_url":"https://api.github.com/users/mergifyio-testing/followers","following_url":"https://api.github.com/users/mergifyio-testing/following{/other_user}","gists_url":"https://api.github.com/users/mergifyio-testing/gists{/gist_id}","starred_url":"https://api.github.com/users/mergifyio-testing/starred{/owner}{/repo}","subscriptions_url":"https://api.github.com/users/mergifyio-testing/subscriptions","organizations_url":"https://api.github.com/users/mergifyio-testing/orgs","repos_url":"https://api.github.com/users/mergifyio-testing/repos","events_url":"https://api.github.com/users/mergifyio-testing/events{/privacy}","received_events_url":"https://api.github.com/users/mergifyio-testing/received_events","type":"Organization","site_admin":false},"html_url":"https://github.com/mergifyio-testing/functional-testing-repo","description":"Mergify","fork":false,"url":"https://api.github.com/repos/mergifyio-testing/functional-testing-repo","forks_url":"https://api.github.com/repos/mergifyio-testing/functional-testing-repo/forks","keys_url":"https://api.github.com/repos/mergifyio-testing/functional-testing-repo/keys{/key_id}","collaborators_url":"https://api.github.com/repos/mergifyio-testing/functional-testing-repo/collaborators{/collaborator}","teams_url":"https://api.github.com/repos/mergifyio-testing/functional-testing-repo/teams","hooks_url":"https://api.github.com/repos/mergifyio-testing/functional-testing-repo/hooks","issue_events_url":"https://api.github.com/repos/mergifyio-testing/functional-testing-repo/issues/events{/number}","events_url":"https://api.github.com/repos/mergifyio-testing/functional-testing-repo/events","assignees_url":"https://api.github.com/repos/mergifyio-testing/functional-testing-repo/assignees{/user}","branches_url":"https://api.github.com/repos/mergifyio-testing/functional-testing-repo/branches{/branch}","tags_url":"https://api.github.com/repos/mergifyio-testing/functional-testing-repo/tags","blobs_url":"https://api.github.com/repos/mergifyio-testing/functional-testing-repo/git/blobs{/sha}","git_tags_url":"https://api.github.com/repos/mergifyio-testing/functional-testing-repo/git/tags{/sha}","git_refs_url":"https://api.github.com/repos/mergifyio-testing/functional-testing-repo/git/refs{/sha}","trees_url":"https://api.github.com/repos/mergifyio-testing/functional-testing-repo/git/trees{/sha}","statuses_url":"https://api.github.com/repos/mergifyio-testing/functional-testing-repo/statuses/{sha}","languages_url":"https://api.github.com/repos/mergifyio-testing/functional-testing-repo/languages","stargazers_url":"https://api.github.com/repos/mergifyio-testing/functional-testing-repo/stargazers","contributors_url":"https://api.github.com/repos/mergifyio-testing/functional-testing-repo/contributors","subscribers_url":"https://api.github.com/repos/mergifyio-testing/functional-testing-repo/subscribers","subscription_url":"https://api.github.com/repos/mergifyio-testing/functional-testing-repo/subscription","commits_url":"https://api.github.com/repos/mergifyio-testing/functional-testing-repo/commits{/sha}","git_commits_url":"https://api.github.com/repos/mergifyio-testing/functional-testing-repo/git/commits{/sha}","comments_url":"https://api.github.com/repos/mergifyio-testing/functional-testing-repo/comments{/number}","issue_comment_url":"https://api.github.com/repos/mergifyio-testing/functional-testing-repo/issues/comments{/number}","contents_url":"https://api.github.com/repos/mergifyio-testing/functional-testing-repo/contents/{+path}","compare_url":"https://api.github.com/repos/mergifyio-testing/functional-testing-repo/compare/{base}...{head}","merges_url":"https://api.github.com/repos/mergifyio-testing/functional-testing-repo/merges","archive_url":"https://api.github.com/repos/mergifyio-testing/functional-testing-repo/{archive_format}{/ref}","downloads_url":"https://api.github.com/repos/mergifyio-testing/functional-testing-repo/downloads","issues_url":"https://api.github.com/repos/mergifyio-testing/functional-testing-repo/issues{/number}","pulls_url":"https://api.github.com/repos/mergifyio-testing/functional-testing-repo/pulls{/number}","milestones_url":"https://api.github.com/repos/mergifyio-testing/functional-testing-repo/milestones{/number}","notifications_url":"https://api.github.com/repos/mergifyio-testing/functional-testing-repo/notifications{?since,all,participating}","labels_url":"https://api.github.com/repos/mergifyio-testing/functional-testing-repo/labels{/name}","releases_url":"https://api.github.com/repos/mergifyio-testing/functional-testing-repo/releases{/id}","deployments_url":"https://api.github.com/repos/mergifyio-testing/functional-testing-repo/deployments","created_at":"2020-04-25T17:58:44Z","updated_at":"2021-03-23T06:56:24Z","pushed_at":"2021-03-23T06:58:10Z","git_url":"git://github.com/mergifyio-testing/functional-testing-repo.git","ssh_url":"git@github.com:mergifyio-testing/functional-testing-repo.git","clone_url":"https://github.com/mergifyio-testing/functional-testing-repo.git","svn_url":"https://github.com/mergifyio-testing/functional-testing-repo","homepage":null,"size":2,"stargazers_count":1,"watchers_count":1,"language":null,"has_issues":true,"has_projects":true,"has_downloads":true,"has_wiki":true,"has_pages":false,"forks_count":1,"mirror_url":null,"archived":false,"disabled":false,"open_issues_count":1,"license":null,"forks":1,"open_issues":1,"watchers":1,"default_branch":"20210323065807/test_short_teams/master"},"organization":{"login":"mergifyio-testing","id":40527191,"node_id":"MDEyOk9yZ2FuaXphdGlvbjQwNTI3MTkx","url":"https://api.github.com/orgs/mergifyio-testing","repos_url":"https://api.github.com/orgs/mergifyio-testing/repos","events_url":"https://api.github.com/orgs/mergifyio-testing/events","hooks_url":"https://api.github.com/orgs/mergifyio-testing/hooks","issues_url":"https://api.github.com/orgs/mergifyio-testing/issues","members_url":"https://api.github.com/orgs/mergifyio-testing/members{/member}","public_members_url":"https://api.github.com/orgs/mergifyio-testing/public_members{/member}","avatar_url":"https://avatars.githubusercontent.com/u/40527191?v=4","description":"This
      account is for testing purpose of the workflow of Github App @Mergifyio"},"sender":{"login":"mergify-test2","id":38495008,"node_id":"MDQ6VXNlcjM4NDk1MDA4","avatar_url":"https://avatars.githubusercontent.com/u/38495008?v=4","gravatar_id":"","url":"https://api.github.com/users/mergify-test2","html_url":"https://github.com/mergify-test2","followers_url":"https://api.github.com/users/mergify-test2/followers","following_url":"https://api.github.com/users/mergify-test2/following{/other_user}","gists_url":"https://api.github.com/users/mergify-test2/gists{/gist_id}","starred_url":"https://api.github.com/users/mergify-test2/starred{/owner}{/repo}","subscriptions_url":"https://api.github.com/users/mergify-test2/subscriptions","organizations_url":"https://api.github.com/users/mergify-test2/orgs","repos_url":"https://api.github.com/users/mergify-test2/repos","events_url":"https://api.github.com/users/mergify-test2/events{/privacy}","received_events_url":"https://api.github.com/users/mergify-test2/received_events","type":"User","site_admin":false},"installation":{"id":15398551,"node_id":"MDIzOkludGVncmF0aW9uSW5zdGFsbGF0aW9uMTUzOTg1NTE="}}}]'
    headers:
      Connection:
      - keep-alive
      Content-Encoding:
      - gzip
      Content-Type:
      - application/json
      Transfer-Encoding:
      - chunked
      alt-svc:
      - h3-27=":443"; ma=86400, h3-28=":443"; ma=86400, h3-29=":443"; ma=86400
    http_version: HTTP/1.1
    status_code: 200
- request:
    body: ''
    headers:
      accept:
      - application/vnd.github.machine-man-preview+json
      host:
      - api.github.com
    method: GET
    uri: https://api.github.com/repos/mergifyio-testing/functional-testing-repo/pulls/9646
  response:
    content: '{"url":"https://api.github.com/repos/mergifyio-testing/functional-testing-repo/pulls/9646","id":598599253,"node_id":"MDExOlB1bGxSZXF1ZXN0NTk4NTk5MjUz","html_url":"https://github.com/mergifyio-testing/functional-testing-repo/pull/9646","diff_url":"https://github.com/mergifyio-testing/functional-testing-repo/pull/9646.diff","patch_url":"https://github.com/mergifyio-testing/functional-testing-repo/pull/9646.patch","issue_url":"https://api.github.com/repos/mergifyio-testing/functional-testing-repo/issues/9646","number":9646,"state":"open","locked":false,"title":"test_short_teams:
      pull request n1 from fork","user":{"login":"mergify-test2","id":38495008,"node_id":"MDQ6VXNlcjM4NDk1MDA4","avatar_url":"https://avatars.githubusercontent.com/u/38495008?v=4","gravatar_id":"","url":"https://api.github.com/users/mergify-test2","html_url":"https://github.com/mergify-test2","followers_url":"https://api.github.com/users/mergify-test2/followers","following_url":"https://api.github.com/users/mergify-test2/following{/other_user}","gists_url":"https://api.github.com/users/mergify-test2/gists{/gist_id}","starred_url":"https://api.github.com/users/mergify-test2/starred{/owner}{/repo}","subscriptions_url":"https://api.github.com/users/mergify-test2/subscriptions","organizations_url":"https://api.github.com/users/mergify-test2/orgs","repos_url":"https://api.github.com/users/mergify-test2/repos","events_url":"https://api.github.com/users/mergify-test2/events{/privacy}","received_events_url":"https://api.github.com/users/mergify-test2/received_events","type":"User","site_admin":false},"body":"test_short_teams:
      pull request n1 from fork","created_at":"2021-03-23T06:58:16Z","updated_at":"2021-03-23T06:58:16Z","closed_at":null,"merged_at":null,"merge_commit_sha":"0bdda0f5b1912e1bf54b66b3c884df248c515e2c","assignee":null,"assignees":[],"requested_reviewers":[],"requested_teams":[],"labels":[],"milestone":null,"draft":false,"commits_url":"https://api.github.com/repos/mergifyio-testing/functional-testing-repo/pulls/9646/commits","review_comments_url":"https://api.github.com/repos/mergifyio-testing/functional-testing-repo/pulls/9646/comments","review_comment_url":"https://api.github.com/repos/mergifyio-testing/functional-testing-repo/pulls/comments{/number}","comments_url":"https://api.github.com/repos/mergifyio-testing/functional-testing-repo/issues/9646/comments","statuses_url":"https://api.github.com/repos/mergifyio-testing/functional-testing-repo/statuses/7900d05b87ea9b88e01af6d50baf594ac94a300f","head":{"label":"mergify-test2:20210323065807/test_short_teams/fork/pr1","ref":"20210323065807/test_short_teams/fork/pr1","sha":"7900d05b87ea9b88e01af6d50baf594ac94a300f","user":{"login":"mergify-test2","id":38495008,"node_id":"MDQ6VXNlcjM4NDk1MDA4","avatar_url":"https://avatars.githubusercontent.com/u/38495008?v=4","gravatar_id":"","url":"https://api.github.com/users/mergify-test2","html_url":"https://github.com/mergify-test2","followers_url":"https://api.github.com/users/mergify-test2/followers","following_url":"https://api.github.com/users/mergify-test2/following{/other_user}","gists_url":"https://api.github.com/users/mergify-test2/gists{/gist_id}","starred_url":"https://api.github.com/users/mergify-test2/starred{/owner}{/repo}","subscriptions_url":"https://api.github.com/users/mergify-test2/subscriptions","organizations_url":"https://api.github.com/users/mergify-test2/orgs","repos_url":"https://api.github.com/users/mergify-test2/repos","events_url":"https://api.github.com/users/mergify-test2/events{/privacy}","received_events_url":"https://api.github.com/users/mergify-test2/received_events","type":"User","site_admin":false},"repo":{"id":258840424,"node_id":"MDEwOlJlcG9zaXRvcnkyNTg4NDA0MjQ=","name":"functional-testing-repo","full_name":"mergify-test2/functional-testing-repo","private":false,"owner":{"login":"mergify-test2","id":38495008,"node_id":"MDQ6VXNlcjM4NDk1MDA4","avatar_url":"https://avatars.githubusercontent.com/u/38495008?v=4","gravatar_id":"","url":"https://api.github.com/users/mergify-test2","html_url":"https://github.com/mergify-test2","followers_url":"https://api.github.com/users/mergify-test2/followers","following_url":"https://api.github.com/users/mergify-test2/following{/other_user}","gists_url":"https://api.github.com/users/mergify-test2/gists{/gist_id}","starred_url":"https://api.github.com/users/mergify-test2/starred{/owner}{/repo}","subscriptions_url":"https://api.github.com/users/mergify-test2/subscriptions","organizations_url":"https://api.github.com/users/mergify-test2/orgs","repos_url":"https://api.github.com/users/mergify-test2/repos","events_url":"https://api.github.com/users/mergify-test2/events{/privacy}","received_events_url":"https://api.github.com/users/mergify-test2/received_events","type":"User","site_admin":false},"html_url":"https://github.com/mergify-test2/functional-testing-repo","description":null,"fork":true,"url":"https://api.github.com/repos/mergify-test2/functional-testing-repo","forks_url":"https://api.github.com/repos/mergify-test2/functional-testing-repo/forks","keys_url":"https://api.github.com/repos/mergify-test2/functional-testing-repo/keys{/key_id}","collaborators_url":"https://api.github.com/repos/mergify-test2/functional-testing-repo/collaborators{/collaborator}","teams_url":"https://api.github.com/repos/mergify-test2/functional-testing-repo/teams","hooks_url":"https://api.github.com/repos/mergify-test2/functional-testing-repo/hooks","issue_events_url":"https://api.github.com/repos/mergify-test2/functional-testing-repo/issues/events{/number}","events_url":"https://api.github.com/repos/mergify-test2/functional-testing-repo/events","assignees_url":"https://api.github.com/repos/mergify-test2/functional-testing-repo/assignees{/user}","branches_url":"https://api.github.com/repos/mergify-test2/functional-testing-repo/branches{/branch}","tags_url":"https://api.github.com/repos/mergify-test2/functional-testing-repo/tags","blobs_url":"https://api.github.com/repos/mergify-test2/functional-testing-repo/git/blobs{/sha}","git_tags_url":"https://api.github.com/repos/mergify-test2/functional-testing-repo/git/tags{/sha}","git_refs_url":"https://api.github.com/repos/mergify-test2/functional-testing-repo/git/refs{/sha}","trees_url":"https://api.github.com/repos/mergify-test2/functional-testing-repo/git/trees{/sha}","statuses_url":"https://api.github.com/repos/mergify-test2/functional-testing-repo/statuses/{sha}","languages_url":"https://api.github.com/repos/mergify-test2/functional-testing-repo/languages","stargazers_url":"https://api.github.com/repos/mergify-test2/functional-testing-repo/stargazers","contributors_url":"https://api.github.com/repos/mergify-test2/functional-testing-repo/contributors","subscribers_url":"https://api.github.com/repos/mergify-test2/functional-testing-repo/subscribers","subscription_url":"https://api.github.com/repos/mergify-test2/functional-testing-repo/subscription","commits_url":"https://api.github.com/repos/mergify-test2/functional-testing-repo/commits{/sha}","git_commits_url":"https://api.github.com/repos/mergify-test2/functional-testing-repo/git/commits{/sha}","comments_url":"https://api.github.com/repos/mergify-test2/functional-testing-repo/comments{/number}","issue_comment_url":"https://api.github.com/repos/mergify-test2/functional-testing-repo/issues/comments{/number}","contents_url":"https://api.github.com/repos/mergify-test2/functional-testing-repo/contents/{+path}","compare_url":"https://api.github.com/repos/mergify-test2/functional-testing-repo/compare/{base}...{head}","merges_url":"https://api.github.com/repos/mergify-test2/functional-testing-repo/merges","archive_url":"https://api.github.com/repos/mergify-test2/functional-testing-repo/{archive_format}{/ref}","downloads_url":"https://api.github.com/repos/mergify-test2/functional-testing-repo/downloads","issues_url":"https://api.github.com/repos/mergify-test2/functional-testing-repo/issues{/number}","pulls_url":"https://api.github.com/repos/mergify-test2/functional-testing-repo/pulls{/number}","milestones_url":"https://api.github.com/repos/mergify-test2/functional-testing-repo/milestones{/number}","notifications_url":"https://api.github.com/repos/mergify-test2/functional-testing-repo/notifications{?since,all,participating}","labels_url":"https://api.github.com/repos/mergify-test2/functional-testing-repo/labels{/name}","releases_url":"https://api.github.com/repos/mergify-test2/functional-testing-repo/releases{/id}","deployments_url":"https://api.github.com/repos/mergify-test2/functional-testing-repo/deployments","created_at":"2020-04-25T18:00:21Z","updated_at":"2021-03-22T15:47:04Z","pushed_at":"2021-03-23T06:58:15Z","git_url":"git://github.com/mergify-test2/functional-testing-repo.git","ssh_url":"git@github.com:mergify-test2/functional-testing-repo.git","clone_url":"https://github.com/mergify-test2/functional-testing-repo.git","svn_url":"https://github.com/mergify-test2/functional-testing-repo","homepage":null,"size":141,"stargazers_count":0,"watchers_count":0,"language":null,"has_issues":false,"has_projects":true,"has_downloads":true,"has_wiki":true,"has_pages":false,"forks_count":0,"mirror_url":null,"archived":false,"disabled":false,"open_issues_count":0,"license":null,"forks":0,"open_issues":0,"watchers":0,"default_branch":"20210322154655/test_draft/master"}},"base":{"label":"mergifyio-testing:20210323065807/test_short_teams/master","ref":"20210323065807/test_short_teams/master","sha":"3657a2ef95a88dfacf393f26d6dace7c8243e234","user":{"login":"mergifyio-testing","id":40527191,"node_id":"MDEyOk9yZ2FuaXphdGlvbjQwNTI3MTkx","avatar_url":"https://avatars.githubusercontent.com/u/40527191?v=4","gravatar_id":"","url":"https://api.github.com/users/mergifyio-testing","html_url":"https://github.com/mergifyio-testing","followers_url":"https://api.github.com/users/mergifyio-testing/followers","following_url":"https://api.github.com/users/mergifyio-testing/following{/other_user}","gists_url":"https://api.github.com/users/mergifyio-testing/gists{/gist_id}","starred_url":"https://api.github.com/users/mergifyio-testing/starred{/owner}{/repo}","subscriptions_url":"https://api.github.com/users/mergifyio-testing/subscriptions","organizations_url":"https://api.github.com/users/mergifyio-testing/orgs","repos_url":"https://api.github.com/users/mergifyio-testing/repos","events_url":"https://api.github.com/users/mergifyio-testing/events{/privacy}","received_events_url":"https://api.github.com/users/mergifyio-testing/received_events","type":"Organization","site_admin":false},"repo":{"id":258840104,"node_id":"MDEwOlJlcG9zaXRvcnkyNTg4NDAxMDQ=","name":"functional-testing-repo","full_name":"mergifyio-testing/functional-testing-repo","private":false,"owner":{"login":"mergifyio-testing","id":40527191,"node_id":"MDEyOk9yZ2FuaXphdGlvbjQwNTI3MTkx","avatar_url":"https://avatars.githubusercontent.com/u/40527191?v=4","gravatar_id":"","url":"https://api.github.com/users/mergifyio-testing","html_url":"https://github.com/mergifyio-testing","followers_url":"https://api.github.com/users/mergifyio-testing/followers","following_url":"https://api.github.com/users/mergifyio-testing/following{/other_user}","gists_url":"https://api.github.com/users/mergifyio-testing/gists{/gist_id}","starred_url":"https://api.github.com/users/mergifyio-testing/starred{/owner}{/repo}","subscriptions_url":"https://api.github.com/users/mergifyio-testing/subscriptions","organizations_url":"https://api.github.com/users/mergifyio-testing/orgs","repos_url":"https://api.github.com/users/mergifyio-testing/repos","events_url":"https://api.github.com/users/mergifyio-testing/events{/privacy}","received_events_url":"https://api.github.com/users/mergifyio-testing/received_events","type":"Organization","site_admin":false},"html_url":"https://github.com/mergifyio-testing/functional-testing-repo","description":"Mergify","fork":false,"url":"https://api.github.com/repos/mergifyio-testing/functional-testing-repo","forks_url":"https://api.github.com/repos/mergifyio-testing/functional-testing-repo/forks","keys_url":"https://api.github.com/repos/mergifyio-testing/functional-testing-repo/keys{/key_id}","collaborators_url":"https://api.github.com/repos/mergifyio-testing/functional-testing-repo/collaborators{/collaborator}","teams_url":"https://api.github.com/repos/mergifyio-testing/functional-testing-repo/teams","hooks_url":"https://api.github.com/repos/mergifyio-testing/functional-testing-repo/hooks","issue_events_url":"https://api.github.com/repos/mergifyio-testing/functional-testing-repo/issues/events{/number}","events_url":"https://api.github.com/repos/mergifyio-testing/functional-testing-repo/events","assignees_url":"https://api.github.com/repos/mergifyio-testing/functional-testing-repo/assignees{/user}","branches_url":"https://api.github.com/repos/mergifyio-testing/functional-testing-repo/branches{/branch}","tags_url":"https://api.github.com/repos/mergifyio-testing/functional-testing-repo/tags","blobs_url":"https://api.github.com/repos/mergifyio-testing/functional-testing-repo/git/blobs{/sha}","git_tags_url":"https://api.github.com/repos/mergifyio-testing/functional-testing-repo/git/tags{/sha}","git_refs_url":"https://api.github.com/repos/mergifyio-testing/functional-testing-repo/git/refs{/sha}","trees_url":"https://api.github.com/repos/mergifyio-testing/functional-testing-repo/git/trees{/sha}","statuses_url":"https://api.github.com/repos/mergifyio-testing/functional-testing-repo/statuses/{sha}","languages_url":"https://api.github.com/repos/mergifyio-testing/functional-testing-repo/languages","stargazers_url":"https://api.github.com/repos/mergifyio-testing/functional-testing-repo/stargazers","contributors_url":"https://api.github.com/repos/mergifyio-testing/functional-testing-repo/contributors","subscribers_url":"https://api.github.com/repos/mergifyio-testing/functional-testing-repo/subscribers","subscription_url":"https://api.github.com/repos/mergifyio-testing/functional-testing-repo/subscription","commits_url":"https://api.github.com/repos/mergifyio-testing/functional-testing-repo/commits{/sha}","git_commits_url":"https://api.github.com/repos/mergifyio-testing/functional-testing-repo/git/commits{/sha}","comments_url":"https://api.github.com/repos/mergifyio-testing/functional-testing-repo/comments{/number}","issue_comment_url":"https://api.github.com/repos/mergifyio-testing/functional-testing-repo/issues/comments{/number}","contents_url":"https://api.github.com/repos/mergifyio-testing/functional-testing-repo/contents/{+path}","compare_url":"https://api.github.com/repos/mergifyio-testing/functional-testing-repo/compare/{base}...{head}","merges_url":"https://api.github.com/repos/mergifyio-testing/functional-testing-repo/merges","archive_url":"https://api.github.com/repos/mergifyio-testing/functional-testing-repo/{archive_format}{/ref}","downloads_url":"https://api.github.com/repos/mergifyio-testing/functional-testing-repo/downloads","issues_url":"https://api.github.com/repos/mergifyio-testing/functional-testing-repo/issues{/number}","pulls_url":"https://api.github.com/repos/mergifyio-testing/functional-testing-repo/pulls{/number}","milestones_url":"https://api.github.com/repos/mergifyio-testing/functional-testing-repo/milestones{/number}","notifications_url":"https://api.github.com/repos/mergifyio-testing/functional-testing-repo/notifications{?since,all,participating}","labels_url":"https://api.github.com/repos/mergifyio-testing/functional-testing-repo/labels{/name}","releases_url":"https://api.github.com/repos/mergifyio-testing/functional-testing-repo/releases{/id}","deployments_url":"https://api.github.com/repos/mergifyio-testing/functional-testing-repo/deployments","created_at":"2020-04-25T17:58:44Z","updated_at":"2021-03-23T06:56:24Z","pushed_at":"2021-03-23T06:58:16Z","git_url":"git://github.com/mergifyio-testing/functional-testing-repo.git","ssh_url":"git@github.com:mergifyio-testing/functional-testing-repo.git","clone_url":"https://github.com/mergifyio-testing/functional-testing-repo.git","svn_url":"https://github.com/mergifyio-testing/functional-testing-repo","homepage":null,"size":2,"stargazers_count":1,"watchers_count":1,"language":null,"has_issues":true,"has_projects":true,"has_downloads":true,"has_wiki":true,"has_pages":false,"forks_count":1,"mirror_url":null,"archived":false,"disabled":false,"open_issues_count":1,"license":null,"forks":1,"open_issues":1,"watchers":1,"default_branch":"20210323065807/test_short_teams/master"}},"_links":{"self":{"href":"https://api.github.com/repos/mergifyio-testing/functional-testing-repo/pulls/9646"},"html":{"href":"https://github.com/mergifyio-testing/functional-testing-repo/pull/9646"},"issue":{"href":"https://api.github.com/repos/mergifyio-testing/functional-testing-repo/issues/9646"},"comments":{"href":"https://api.github.com/repos/mergifyio-testing/functional-testing-repo/issues/9646/comments"},"review_comments":{"href":"https://api.github.com/repos/mergifyio-testing/functional-testing-repo/pulls/9646/comments"},"review_comment":{"href":"https://api.github.com/repos/mergifyio-testing/functional-testing-repo/pulls/comments{/number}"},"commits":{"href":"https://api.github.com/repos/mergifyio-testing/functional-testing-repo/pulls/9646/commits"},"statuses":{"href":"https://api.github.com/repos/mergifyio-testing/functional-testing-repo/statuses/7900d05b87ea9b88e01af6d50baf594ac94a300f"}},"author_association":"FIRST_TIME_CONTRIBUTOR","auto_merge":null,"active_lock_reason":null,"merged":false,"mergeable":true,"rebaseable":true,"mergeable_state":"clean","merged_by":null,"comments":0,"review_comments":0,"maintainer_can_modify":true,"commits":1,"additions":0,"deletions":0,"changed_files":1}'
    headers:
      Content-Encoding:
      - gzip
      Content-Type:
      - application/json; charset=utf-8
      Transfer-Encoding:
      - chunked
      X-Accepted-OAuth-Scopes:
      - ''
      X-GitHub-Media-Type:
      - github.v3; param=machine-man-preview; format=json
      X-OAuth-Scopes:
      - admin:enterprise, admin:gpg_key, admin:org, admin:org_hook, admin:public_key,
        admin:repo_hook, delete:packages, delete_repo, gist, notifications, repo,
        user, workflow, write:discussion, write:packages
    http_version: HTTP/1.1
    status_code: 200
- request:
    body: ''
    headers:
      accept:
      - application/vnd.github.machine-man-preview+json
      host:
      - api.github.com
    method: GET
    uri: https://api.github.com/repos/mergifyio-testing/functional-testing-repo/pulls/9646/commits
  response:
    content: '[{"sha":"7900d05b87ea9b88e01af6d50baf594ac94a300f","node_id":"MDY6Q29tbWl0MjU4ODQwNDI0Ojc5MDBkMDViODdlYTliODhlMDFhZjZkNTBiYWY1OTRhYzk0YTMwMGY=","commit":{"author":{"name":"mergify-tester","email":"noreply@mergify.io","date":"2021-03-23T06:58:14Z"},"committer":{"name":"mergify-tester","email":"noreply@mergify.io","date":"2021-03-23T06:58:14Z"},"message":"test_short_teams:
      pull request n1 from fork","tree":{"sha":"40c78abf3891e508bd97e9f683c5dff59469f25d","url":"https://api.github.com/repos/mergifyio-testing/functional-testing-repo/git/trees/40c78abf3891e508bd97e9f683c5dff59469f25d"},"url":"https://api.github.com/repos/mergifyio-testing/functional-testing-repo/git/commits/7900d05b87ea9b88e01af6d50baf594ac94a300f","comment_count":0,"verification":{"verified":false,"reason":"unsigned","signature":null,"payload":null}},"url":"https://api.github.com/repos/mergifyio-testing/functional-testing-repo/commits/7900d05b87ea9b88e01af6d50baf594ac94a300f","html_url":"https://github.com/mergifyio-testing/functional-testing-repo/commit/7900d05b87ea9b88e01af6d50baf594ac94a300f","comments_url":"https://api.github.com/repos/mergifyio-testing/functional-testing-repo/commits/7900d05b87ea9b88e01af6d50baf594ac94a300f/comments","author":null,"committer":null,"parents":[{"sha":"3657a2ef95a88dfacf393f26d6dace7c8243e234","url":"https://api.github.com/repos/mergifyio-testing/functional-testing-repo/commits/3657a2ef95a88dfacf393f26d6dace7c8243e234","html_url":"https://github.com/mergifyio-testing/functional-testing-repo/commit/3657a2ef95a88dfacf393f26d6dace7c8243e234"}]}]'
    headers:
      Content-Encoding:
      - gzip
      Content-Type:
      - application/json; charset=utf-8
      Transfer-Encoding:
      - chunked
      X-Accepted-OAuth-Scopes:
      - ''
      X-GitHub-Media-Type:
      - github.v3; param=machine-man-preview; format=json
      X-OAuth-Scopes:
      - admin:enterprise, admin:gpg_key, admin:org, admin:org_hook, admin:public_key,
        admin:repo_hook, delete:packages, delete_repo, gist, notifications, repo,
        user, workflow, write:discussion, write:packages
    http_version: HTTP/1.1
    status_code: 200
- request:
    body: ''
    headers:
      Authorization:
      - <TOKEN>
      accept:
      - application/vnd.github.machine-man-preview+json
      host:
      - api.github.com
    method: GET
    uri: https://api.github.com/users/mergifyio-testing/installation
  response:
    content: '{"id":15398551,"account":{"login":"mergifyio-testing","id":40527191,"node_id":"MDEyOk9yZ2FuaXphdGlvbjQwNTI3MTkx","avatar_url":"https://avatars.githubusercontent.com/u/40527191?v=4","gravatar_id":"","url":"https://api.github.com/users/mergifyio-testing","html_url":"https://github.com/mergifyio-testing","followers_url":"https://api.github.com/users/mergifyio-testing/followers","following_url":"https://api.github.com/users/mergifyio-testing/following{/other_user}","gists_url":"https://api.github.com/users/mergifyio-testing/gists{/gist_id}","starred_url":"https://api.github.com/users/mergifyio-testing/starred{/owner}{/repo}","subscriptions_url":"https://api.github.com/users/mergifyio-testing/subscriptions","organizations_url":"https://api.github.com/users/mergifyio-testing/orgs","repos_url":"https://api.github.com/users/mergifyio-testing/repos","events_url":"https://api.github.com/users/mergifyio-testing/events{/privacy}","received_events_url":"https://api.github.com/users/mergifyio-testing/received_events","type":"Organization","site_admin":false},"repository_selection":"all","access_tokens_url":"https://api.github.com/app/installations/15398551/access_tokens","repositories_url":"https://api.github.com/installation/repositories","html_url":"https://github.com/organizations/mergifyio-testing/settings/installations/15398551","app_id":11221,"app_slug":"mergify-test","target_id":40527191,"target_type":"Organization","permissions":{"pages":"write","checks":"write","issues":"write","members":"read","contents":"write","metadata":"read","statuses":"read","pull_requests":"write"},"events":["check_run","check_suite","issue_comment","pull_request","pull_request_review","pull_request_review_comment","push","status"],"created_at":"2021-03-15T16:12:17.000Z","updated_at":"2021-03-15T16:12:17.000Z","single_file_name":null,"has_multiple_single_files":false,"single_file_paths":[],"suspended_by":null,"suspended_at":null}'
    headers:
      Content-Length:
      - '1932'
      Content-Type:
      - application/json; charset=utf-8
      X-GitHub-Media-Type:
      - github.v3; param=machine-man-preview; format=json
    http_version: HTTP/1.1
    status_code: 200
- request:
    body: ''
    headers:
      Authorization:
      - <TOKEN>
      accept:
      - application/vnd.github.machine-man-preview+json
      content-length:
      - '0'
      host:
      - api.github.com
    method: POST
    uri: https://api.github.com/app/installations/15398551/access_tokens
  response:
    content: '{"token": "<TOKEN>", "expires_at": "2021-03-23T07:58:20Z", "permissions":
      {"members": "read", "checks": "write", "contents": "write", "issues": "write",
      "metadata": "read", "pages": "write", "pull_requests": "write", "statuses":
      "read"}, "repository_selection": "all"}'
    headers:
      Content-Length:
      - '282'
      Content-Type:
      - application/json; charset=utf-8
      X-GitHub-Media-Type:
      - github.v3; param=machine-man-preview; format=json
    http_version: HTTP/1.1
    status_code: 201
- request:
    body: ''
    headers:
      Authorization:
      - <TOKEN>
      accept:
      - application/vnd.github.machine-man-preview+json
      host:
      - api.github.com
    method: GET
    uri: https://api.github.com/orgs/mergifyio-testing/teams/testing/members
  response:
    content: '[{"login":"jd","id":2644,"node_id":"MDQ6VXNlcjI2NDQ=","avatar_url":"https://avatars.githubusercontent.com/u/2644?u=791b4bd0aaab691694de0d12a2eaa442a711bac2&v=4","gravatar_id":"","url":"https://api.github.com/users/jd","html_url":"https://github.com/jd","followers_url":"https://api.github.com/users/jd/followers","following_url":"https://api.github.com/users/jd/following{/other_user}","gists_url":"https://api.github.com/users/jd/gists{/gist_id}","starred_url":"https://api.github.com/users/jd/starred{/owner}{/repo}","subscriptions_url":"https://api.github.com/users/jd/subscriptions","organizations_url":"https://api.github.com/users/jd/orgs","repos_url":"https://api.github.com/users/jd/repos","events_url":"https://api.github.com/users/jd/events{/privacy}","received_events_url":"https://api.github.com/users/jd/received_events","type":"User","site_admin":false},{"login":"sileht","id":200878,"node_id":"MDQ6VXNlcjIwMDg3OA==","avatar_url":"https://avatars.githubusercontent.com/u/200878?u=b989f93e1658cc34eccbf0b4d38c9eb660368768&v=4","gravatar_id":"","url":"https://api.github.com/users/sileht","html_url":"https://github.com/sileht","followers_url":"https://api.github.com/users/sileht/followers","following_url":"https://api.github.com/users/sileht/following{/other_user}","gists_url":"https://api.github.com/users/sileht/gists{/gist_id}","starred_url":"https://api.github.com/users/sileht/starred{/owner}{/repo}","subscriptions_url":"https://api.github.com/users/sileht/subscriptions","organizations_url":"https://api.github.com/users/sileht/orgs","repos_url":"https://api.github.com/users/sileht/repos","events_url":"https://api.github.com/users/sileht/events{/privacy}","received_events_url":"https://api.github.com/users/sileht/received_events","type":"User","site_admin":false},{"login":"mergify-test1","id":38494943,"node_id":"MDQ6VXNlcjM4NDk0OTQz","avatar_url":"https://avatars.githubusercontent.com/u/38494943?v=4","gravatar_id":"","url":"https://api.github.com/users/mergify-test1","html_url":"https://github.com/mergify-test1","followers_url":"https://api.github.com/users/mergify-test1/followers","following_url":"https://api.github.com/users/mergify-test1/following{/other_user}","gists_url":"https://api.github.com/users/mergify-test1/gists{/gist_id}","starred_url":"https://api.github.com/users/mergify-test1/starred{/owner}{/repo}","subscriptions_url":"https://api.github.com/users/mergify-test1/subscriptions","organizations_url":"https://api.github.com/users/mergify-test1/orgs","repos_url":"https://api.github.com/users/mergify-test1/repos","events_url":"https://api.github.com/users/mergify-test1/events{/privacy}","received_events_url":"https://api.github.com/users/mergify-test1/received_events","type":"User","site_admin":false},{"login":"mergify-test3","id":58822980,"node_id":"MDQ6VXNlcjU4ODIyOTgw","avatar_url":"https://avatars.githubusercontent.com/u/58822980?v=4","gravatar_id":"","url":"https://api.github.com/users/mergify-test3","html_url":"https://github.com/mergify-test3","followers_url":"https://api.github.com/users/mergify-test3/followers","following_url":"https://api.github.com/users/mergify-test3/following{/other_user}","gists_url":"https://api.github.com/users/mergify-test3/gists{/gist_id}","starred_url":"https://api.github.com/users/mergify-test3/starred{/owner}{/repo}","subscriptions_url":"https://api.github.com/users/mergify-test3/subscriptions","organizations_url":"https://api.github.com/users/mergify-test3/orgs","repos_url":"https://api.github.com/users/mergify-test3/repos","events_url":"https://api.github.com/users/mergify-test3/events{/privacy}","received_events_url":"https://api.github.com/users/mergify-test3/received_events","type":"User","site_admin":false}]'
    headers:
      Content-Encoding:
      - gzip
      Content-Type:
      - application/json; charset=utf-8
      Transfer-Encoding:
      - chunked
      X-GitHub-Media-Type:
      - github.v3; param=machine-man-preview; format=json
    http_version: HTTP/1.1
    status_code: 200
- request:
    body: '{"default_branch": "master"}'
    headers:
      accept:
      - application/vnd.github.machine-man-preview+json
      content-length:
      - '28'
      content-type:
      - application/json
      host:
      - api.github.com
    method: PATCH
    uri: https://api.github.com/repos/mergifyio-testing/functional-testing-repo
  response:
    content: '{"id":258840104,"node_id":"MDEwOlJlcG9zaXRvcnkyNTg4NDAxMDQ=","name":"functional-testing-repo","full_name":"mergifyio-testing/functional-testing-repo","private":false,"owner":{"login":"mergifyio-testing","id":40527191,"node_id":"MDEyOk9yZ2FuaXphdGlvbjQwNTI3MTkx","avatar_url":"https://avatars.githubusercontent.com/u/40527191?v=4","gravatar_id":"","url":"https://api.github.com/users/mergifyio-testing","html_url":"https://github.com/mergifyio-testing","followers_url":"https://api.github.com/users/mergifyio-testing/followers","following_url":"https://api.github.com/users/mergifyio-testing/following{/other_user}","gists_url":"https://api.github.com/users/mergifyio-testing/gists{/gist_id}","starred_url":"https://api.github.com/users/mergifyio-testing/starred{/owner}{/repo}","subscriptions_url":"https://api.github.com/users/mergifyio-testing/subscriptions","organizations_url":"https://api.github.com/users/mergifyio-testing/orgs","repos_url":"https://api.github.com/users/mergifyio-testing/repos","events_url":"https://api.github.com/users/mergifyio-testing/events{/privacy}","received_events_url":"https://api.github.com/users/mergifyio-testing/received_events","type":"Organization","site_admin":false},"html_url":"https://github.com/mergifyio-testing/functional-testing-repo","description":"Mergify","fork":false,"url":"https://api.github.com/repos/mergifyio-testing/functional-testing-repo","forks_url":"https://api.github.com/repos/mergifyio-testing/functional-testing-repo/forks","keys_url":"https://api.github.com/repos/mergifyio-testing/functional-testing-repo/keys{/key_id}","collaborators_url":"https://api.github.com/repos/mergifyio-testing/functional-testing-repo/collaborators{/collaborator}","teams_url":"https://api.github.com/repos/mergifyio-testing/functional-testing-repo/teams","hooks_url":"https://api.github.com/repos/mergifyio-testing/functional-testing-repo/hooks","issue_events_url":"https://api.github.com/repos/mergifyio-testing/functional-testing-repo/issues/events{/number}","events_url":"https://api.github.com/repos/mergifyio-testing/functional-testing-repo/events","assignees_url":"https://api.github.com/repos/mergifyio-testing/functional-testing-repo/assignees{/user}","branches_url":"https://api.github.com/repos/mergifyio-testing/functional-testing-repo/branches{/branch}","tags_url":"https://api.github.com/repos/mergifyio-testing/functional-testing-repo/tags","blobs_url":"https://api.github.com/repos/mergifyio-testing/functional-testing-repo/git/blobs{/sha}","git_tags_url":"https://api.github.com/repos/mergifyio-testing/functional-testing-repo/git/tags{/sha}","git_refs_url":"https://api.github.com/repos/mergifyio-testing/functional-testing-repo/git/refs{/sha}","trees_url":"https://api.github.com/repos/mergifyio-testing/functional-testing-repo/git/trees{/sha}","statuses_url":"https://api.github.com/repos/mergifyio-testing/functional-testing-repo/statuses/{sha}","languages_url":"https://api.github.com/repos/mergifyio-testing/functional-testing-repo/languages","stargazers_url":"https://api.github.com/repos/mergifyio-testing/functional-testing-repo/stargazers","contributors_url":"https://api.github.com/repos/mergifyio-testing/functional-testing-repo/contributors","subscribers_url":"https://api.github.com/repos/mergifyio-testing/functional-testing-repo/subscribers","subscription_url":"https://api.github.com/repos/mergifyio-testing/functional-testing-repo/subscription","commits_url":"https://api.github.com/repos/mergifyio-testing/functional-testing-repo/commits{/sha}","git_commits_url":"https://api.github.com/repos/mergifyio-testing/functional-testing-repo/git/commits{/sha}","comments_url":"https://api.github.com/repos/mergifyio-testing/functional-testing-repo/comments{/number}","issue_comment_url":"https://api.github.com/repos/mergifyio-testing/functional-testing-repo/issues/comments{/number}","contents_url":"https://api.github.com/repos/mergifyio-testing/functional-testing-repo/contents/{+path}","compare_url":"https://api.github.com/repos/mergifyio-testing/functional-testing-repo/compare/{base}...{head}","merges_url":"https://api.github.com/repos/mergifyio-testing/functional-testing-repo/merges","archive_url":"https://api.github.com/repos/mergifyio-testing/functional-testing-repo/{archive_format}{/ref}","downloads_url":"https://api.github.com/repos/mergifyio-testing/functional-testing-repo/downloads","issues_url":"https://api.github.com/repos/mergifyio-testing/functional-testing-repo/issues{/number}","pulls_url":"https://api.github.com/repos/mergifyio-testing/functional-testing-repo/pulls{/number}","milestones_url":"https://api.github.com/repos/mergifyio-testing/functional-testing-repo/milestones{/number}","notifications_url":"https://api.github.com/repos/mergifyio-testing/functional-testing-repo/notifications{?since,all,participating}","labels_url":"https://api.github.com/repos/mergifyio-testing/functional-testing-repo/labels{/name}","releases_url":"https://api.github.com/repos/mergifyio-testing/functional-testing-repo/releases{/id}","deployments_url":"https://api.github.com/repos/mergifyio-testing/functional-testing-repo/deployments","created_at":"2020-04-25T17:58:44Z","updated_at":"2021-03-23T06:56:24Z","pushed_at":"2021-03-23T06:58:16Z","git_url":"git://github.com/mergifyio-testing/functional-testing-repo.git","ssh_url":"git@github.com:mergifyio-testing/functional-testing-repo.git","clone_url":"https://github.com/mergifyio-testing/functional-testing-repo.git","svn_url":"https://github.com/mergifyio-testing/functional-testing-repo","homepage":null,"size":2,"stargazers_count":1,"watchers_count":1,"language":null,"has_issues":true,"has_projects":true,"has_downloads":true,"has_wiki":true,"has_pages":false,"forks_count":1,"mirror_url":null,"archived":false,"disabled":false,"open_issues_count":1,"license":null,"forks":1,"open_issues":1,"watchers":1,"default_branch":"master","permissions":{"admin":true,"push":true,"pull":true},"allow_squash_merge":true,"allow_merge_commit":true,"allow_rebase_merge":true,"delete_branch_on_merge":false,"organization":{"login":"mergifyio-testing","id":40527191,"node_id":"MDEyOk9yZ2FuaXphdGlvbjQwNTI3MTkx","avatar_url":"https://avatars.githubusercontent.com/u/40527191?v=4","gravatar_id":"","url":"https://api.github.com/users/mergifyio-testing","html_url":"https://github.com/mergifyio-testing","followers_url":"https://api.github.com/users/mergifyio-testing/followers","following_url":"https://api.github.com/users/mergifyio-testing/following{/other_user}","gists_url":"https://api.github.com/users/mergifyio-testing/gists{/gist_id}","starred_url":"https://api.github.com/users/mergifyio-testing/starred{/owner}{/repo}","subscriptions_url":"https://api.github.com/users/mergifyio-testing/subscriptions","organizations_url":"https://api.github.com/users/mergifyio-testing/orgs","repos_url":"https://api.github.com/users/mergifyio-testing/repos","events_url":"https://api.github.com/users/mergifyio-testing/events{/privacy}","received_events_url":"https://api.github.com/users/mergifyio-testing/received_events","type":"Organization","site_admin":false},"network_count":1,"subscribers_count":0}'
    headers:
      Content-Encoding:
      - gzip
      Content-Type:
      - application/json; charset=utf-8
      Transfer-Encoding:
      - chunked
      X-Accepted-OAuth-Scopes:
      - ''
      X-GitHub-Media-Type:
      - github.v3; param=machine-man-preview; format=json
      X-OAuth-Scopes:
      - admin:enterprise, admin:gpg_key, admin:org, admin:org_hook, admin:public_key,
        admin:repo_hook, delete:packages, delete_repo, gist, notifications, repo,
        user, workflow, write:discussion, write:packages
    http_version: HTTP/1.1
    status_code: 200
- request:
    body: ''
    headers:
      accept:
      - application/vnd.github.machine-man-preview+json
      host:
      - api.github.com
    method: GET
    uri: https://api.github.com/repos/mergifyio-testing/functional-testing-repo/branches
  response:
    content: '[{"name":"20210323065807/test_short_teams/master","commit":{"sha":"3657a2ef95a88dfacf393f26d6dace7c8243e234","url":"https://api.github.com/repos/mergifyio-testing/functional-testing-repo/commits/3657a2ef95a88dfacf393f26d6dace7c8243e234"},"protected":false,"protection":{"enabled":false,"required_status_checks":{"enforcement_level":"off","contexts":[]}},"protection_url":"https://api.github.com/repos/mergifyio-testing/functional-testing-repo/branches/20210323065807/test_short_teams/master/protection"},{"name":"master","commit":{"sha":"27464562aef6d453be8d457072181f9ef9627083","url":"https://api.github.com/repos/mergifyio-testing/functional-testing-repo/commits/27464562aef6d453be8d457072181f9ef9627083"},"protected":true,"protection":{"enabled":true,"required_status_checks":{"enforcement_level":"non_admins","contexts":["Summary","continuous-integration/fake-ci"]}},"protection_url":"https://api.github.com/repos/mergifyio-testing/functional-testing-repo/branches/master/protection"}]'
    headers:
      Content-Encoding:
      - gzip
      Content-Type:
      - application/json; charset=utf-8
      Transfer-Encoding:
      - chunked
      X-Accepted-OAuth-Scopes:
      - ''
      X-GitHub-Media-Type:
      - github.v3; param=machine-man-preview; format=json
      X-OAuth-Scopes:
      - admin:enterprise, admin:gpg_key, admin:org, admin:org_hook, admin:public_key,
        admin:repo_hook, delete:packages, delete_repo, gist, notifications, repo,
        user, workflow, write:discussion, write:packages
    http_version: HTTP/1.1
    status_code: 200
- request:
    body: ''
    headers:
      accept:
      - application/vnd.github.machine-man-preview+json
      host:
      - api.github.com
    method: DELETE
    uri: https://api.github.com/repos/mergifyio-testing/functional-testing-repo/git/refs/heads/20210323065807/test_short_teams/master
  response:
    content: ''
    headers:
      X-Accepted-OAuth-Scopes:
      - repo
      X-GitHub-Media-Type:
      - github.v3; param=machine-man-preview; format=json
      X-OAuth-Scopes:
      - admin:enterprise, admin:gpg_key, admin:org, admin:org_hook, admin:public_key,
        admin:repo_hook, delete:packages, delete_repo, gist, notifications, repo,
        user, workflow, write:discussion, write:packages
    http_version: HTTP/1.1
    status_code: 204
- request:
    body: ''
    headers:
      accept:
      - application/vnd.github.machine-man-preview+json
      host:
      - api.github.com
    method: GET
    uri: https://api.github.com/repos/mergifyio-testing/functional-testing-repo/labels
  response:
    content: '[]'
    headers:
      Content-Length:
      - '2'
      Content-Type:
      - application/json; charset=utf-8
      X-Accepted-OAuth-Scopes:
      - repo
      X-GitHub-Media-Type:
      - github.v3; param=machine-man-preview; format=json
      X-OAuth-Scopes:
      - admin:enterprise, admin:gpg_key, admin:org, admin:org_hook, admin:public_key,
        admin:repo_hook, delete:packages, delete_repo, gist, notifications, repo,
        user, workflow, write:discussion, write:packages
    http_version: HTTP/1.1
    status_code: 200
- request:
    body: ''
    headers:
      accept:
      - application/vnd.github.machine-man-preview+json
      host:
      - api.github.com
    method: GET
    uri: https://api.github.com/repos/mergifyio-testing/functional-testing-repo/pulls
  response:
    content: '[{"url":"https://api.github.com/repos/mergifyio-testing/functional-testing-repo/pulls/9646","id":598599253,"node_id":"MDExOlB1bGxSZXF1ZXN0NTk4NTk5MjUz","html_url":"https://github.com/mergifyio-testing/functional-testing-repo/pull/9646","diff_url":"https://github.com/mergifyio-testing/functional-testing-repo/pull/9646.diff","patch_url":"https://github.com/mergifyio-testing/functional-testing-repo/pull/9646.patch","issue_url":"https://api.github.com/repos/mergifyio-testing/functional-testing-repo/issues/9646","number":9646,"state":"open","locked":false,"title":"test_short_teams:
      pull request n1 from fork","user":{"login":"mergify-test2","id":38495008,"node_id":"MDQ6VXNlcjM4NDk1MDA4","avatar_url":"https://avatars.githubusercontent.com/u/38495008?v=4","gravatar_id":"","url":"https://api.github.com/users/mergify-test2","html_url":"https://github.com/mergify-test2","followers_url":"https://api.github.com/users/mergify-test2/followers","following_url":"https://api.github.com/users/mergify-test2/following{/other_user}","gists_url":"https://api.github.com/users/mergify-test2/gists{/gist_id}","starred_url":"https://api.github.com/users/mergify-test2/starred{/owner}{/repo}","subscriptions_url":"https://api.github.com/users/mergify-test2/subscriptions","organizations_url":"https://api.github.com/users/mergify-test2/orgs","repos_url":"https://api.github.com/users/mergify-test2/repos","events_url":"https://api.github.com/users/mergify-test2/events{/privacy}","received_events_url":"https://api.github.com/users/mergify-test2/received_events","type":"User","site_admin":false},"body":"test_short_teams:
      pull request n1 from fork","created_at":"2021-03-23T06:58:16Z","updated_at":"2021-03-23T06:58:16Z","closed_at":null,"merged_at":null,"merge_commit_sha":"0bdda0f5b1912e1bf54b66b3c884df248c515e2c","assignee":null,"assignees":[],"requested_reviewers":[],"requested_teams":[],"labels":[],"milestone":null,"draft":false,"commits_url":"https://api.github.com/repos/mergifyio-testing/functional-testing-repo/pulls/9646/commits","review_comments_url":"https://api.github.com/repos/mergifyio-testing/functional-testing-repo/pulls/9646/comments","review_comment_url":"https://api.github.com/repos/mergifyio-testing/functional-testing-repo/pulls/comments{/number}","comments_url":"https://api.github.com/repos/mergifyio-testing/functional-testing-repo/issues/9646/comments","statuses_url":"https://api.github.com/repos/mergifyio-testing/functional-testing-repo/statuses/7900d05b87ea9b88e01af6d50baf594ac94a300f","head":{"label":"mergify-test2:20210323065807/test_short_teams/fork/pr1","ref":"20210323065807/test_short_teams/fork/pr1","sha":"7900d05b87ea9b88e01af6d50baf594ac94a300f","user":{"login":"mergify-test2","id":38495008,"node_id":"MDQ6VXNlcjM4NDk1MDA4","avatar_url":"https://avatars.githubusercontent.com/u/38495008?v=4","gravatar_id":"","url":"https://api.github.com/users/mergify-test2","html_url":"https://github.com/mergify-test2","followers_url":"https://api.github.com/users/mergify-test2/followers","following_url":"https://api.github.com/users/mergify-test2/following{/other_user}","gists_url":"https://api.github.com/users/mergify-test2/gists{/gist_id}","starred_url":"https://api.github.com/users/mergify-test2/starred{/owner}{/repo}","subscriptions_url":"https://api.github.com/users/mergify-test2/subscriptions","organizations_url":"https://api.github.com/users/mergify-test2/orgs","repos_url":"https://api.github.com/users/mergify-test2/repos","events_url":"https://api.github.com/users/mergify-test2/events{/privacy}","received_events_url":"https://api.github.com/users/mergify-test2/received_events","type":"User","site_admin":false},"repo":{"id":258840424,"node_id":"MDEwOlJlcG9zaXRvcnkyNTg4NDA0MjQ=","name":"functional-testing-repo","full_name":"mergify-test2/functional-testing-repo","private":false,"owner":{"login":"mergify-test2","id":38495008,"node_id":"MDQ6VXNlcjM4NDk1MDA4","avatar_url":"https://avatars.githubusercontent.com/u/38495008?v=4","gravatar_id":"","url":"https://api.github.com/users/mergify-test2","html_url":"https://github.com/mergify-test2","followers_url":"https://api.github.com/users/mergify-test2/followers","following_url":"https://api.github.com/users/mergify-test2/following{/other_user}","gists_url":"https://api.github.com/users/mergify-test2/gists{/gist_id}","starred_url":"https://api.github.com/users/mergify-test2/starred{/owner}{/repo}","subscriptions_url":"https://api.github.com/users/mergify-test2/subscriptions","organizations_url":"https://api.github.com/users/mergify-test2/orgs","repos_url":"https://api.github.com/users/mergify-test2/repos","events_url":"https://api.github.com/users/mergify-test2/events{/privacy}","received_events_url":"https://api.github.com/users/mergify-test2/received_events","type":"User","site_admin":false},"html_url":"https://github.com/mergify-test2/functional-testing-repo","description":null,"fork":true,"url":"https://api.github.com/repos/mergify-test2/functional-testing-repo","forks_url":"https://api.github.com/repos/mergify-test2/functional-testing-repo/forks","keys_url":"https://api.github.com/repos/mergify-test2/functional-testing-repo/keys{/key_id}","collaborators_url":"https://api.github.com/repos/mergify-test2/functional-testing-repo/collaborators{/collaborator}","teams_url":"https://api.github.com/repos/mergify-test2/functional-testing-repo/teams","hooks_url":"https://api.github.com/repos/mergify-test2/functional-testing-repo/hooks","issue_events_url":"https://api.github.com/repos/mergify-test2/functional-testing-repo/issues/events{/number}","events_url":"https://api.github.com/repos/mergify-test2/functional-testing-repo/events","assignees_url":"https://api.github.com/repos/mergify-test2/functional-testing-repo/assignees{/user}","branches_url":"https://api.github.com/repos/mergify-test2/functional-testing-repo/branches{/branch}","tags_url":"https://api.github.com/repos/mergify-test2/functional-testing-repo/tags","blobs_url":"https://api.github.com/repos/mergify-test2/functional-testing-repo/git/blobs{/sha}","git_tags_url":"https://api.github.com/repos/mergify-test2/functional-testing-repo/git/tags{/sha}","git_refs_url":"https://api.github.com/repos/mergify-test2/functional-testing-repo/git/refs{/sha}","trees_url":"https://api.github.com/repos/mergify-test2/functional-testing-repo/git/trees{/sha}","statuses_url":"https://api.github.com/repos/mergify-test2/functional-testing-repo/statuses/{sha}","languages_url":"https://api.github.com/repos/mergify-test2/functional-testing-repo/languages","stargazers_url":"https://api.github.com/repos/mergify-test2/functional-testing-repo/stargazers","contributors_url":"https://api.github.com/repos/mergify-test2/functional-testing-repo/contributors","subscribers_url":"https://api.github.com/repos/mergify-test2/functional-testing-repo/subscribers","subscription_url":"https://api.github.com/repos/mergify-test2/functional-testing-repo/subscription","commits_url":"https://api.github.com/repos/mergify-test2/functional-testing-repo/commits{/sha}","git_commits_url":"https://api.github.com/repos/mergify-test2/functional-testing-repo/git/commits{/sha}","comments_url":"https://api.github.com/repos/mergify-test2/functional-testing-repo/comments{/number}","issue_comment_url":"https://api.github.com/repos/mergify-test2/functional-testing-repo/issues/comments{/number}","contents_url":"https://api.github.com/repos/mergify-test2/functional-testing-repo/contents/{+path}","compare_url":"https://api.github.com/repos/mergify-test2/functional-testing-repo/compare/{base}...{head}","merges_url":"https://api.github.com/repos/mergify-test2/functional-testing-repo/merges","archive_url":"https://api.github.com/repos/mergify-test2/functional-testing-repo/{archive_format}{/ref}","downloads_url":"https://api.github.com/repos/mergify-test2/functional-testing-repo/downloads","issues_url":"https://api.github.com/repos/mergify-test2/functional-testing-repo/issues{/number}","pulls_url":"https://api.github.com/repos/mergify-test2/functional-testing-repo/pulls{/number}","milestones_url":"https://api.github.com/repos/mergify-test2/functional-testing-repo/milestones{/number}","notifications_url":"https://api.github.com/repos/mergify-test2/functional-testing-repo/notifications{?since,all,participating}","labels_url":"https://api.github.com/repos/mergify-test2/functional-testing-repo/labels{/name}","releases_url":"https://api.github.com/repos/mergify-test2/functional-testing-repo/releases{/id}","deployments_url":"https://api.github.com/repos/mergify-test2/functional-testing-repo/deployments","created_at":"2020-04-25T18:00:21Z","updated_at":"2021-03-22T15:47:04Z","pushed_at":"2021-03-23T06:58:15Z","git_url":"git://github.com/mergify-test2/functional-testing-repo.git","ssh_url":"git@github.com:mergify-test2/functional-testing-repo.git","clone_url":"https://github.com/mergify-test2/functional-testing-repo.git","svn_url":"https://github.com/mergify-test2/functional-testing-repo","homepage":null,"size":141,"stargazers_count":0,"watchers_count":0,"language":null,"has_issues":false,"has_projects":true,"has_downloads":true,"has_wiki":true,"has_pages":false,"forks_count":0,"mirror_url":null,"archived":false,"disabled":false,"open_issues_count":0,"license":null,"forks":0,"open_issues":0,"watchers":0,"default_branch":"20210322154655/test_draft/master"}},"base":{"label":"mergifyio-testing:20210323065807/test_short_teams/master","ref":"20210323065807/test_short_teams/master","sha":"3657a2ef95a88dfacf393f26d6dace7c8243e234","user":{"login":"mergifyio-testing","id":40527191,"node_id":"MDEyOk9yZ2FuaXphdGlvbjQwNTI3MTkx","avatar_url":"https://avatars.githubusercontent.com/u/40527191?v=4","gravatar_id":"","url":"https://api.github.com/users/mergifyio-testing","html_url":"https://github.com/mergifyio-testing","followers_url":"https://api.github.com/users/mergifyio-testing/followers","following_url":"https://api.github.com/users/mergifyio-testing/following{/other_user}","gists_url":"https://api.github.com/users/mergifyio-testing/gists{/gist_id}","starred_url":"https://api.github.com/users/mergifyio-testing/starred{/owner}{/repo}","subscriptions_url":"https://api.github.com/users/mergifyio-testing/subscriptions","organizations_url":"https://api.github.com/users/mergifyio-testing/orgs","repos_url":"https://api.github.com/users/mergifyio-testing/repos","events_url":"https://api.github.com/users/mergifyio-testing/events{/privacy}","received_events_url":"https://api.github.com/users/mergifyio-testing/received_events","type":"Organization","site_admin":false},"repo":{"id":258840104,"node_id":"MDEwOlJlcG9zaXRvcnkyNTg4NDAxMDQ=","name":"functional-testing-repo","full_name":"mergifyio-testing/functional-testing-repo","private":false,"owner":{"login":"mergifyio-testing","id":40527191,"node_id":"MDEyOk9yZ2FuaXphdGlvbjQwNTI3MTkx","avatar_url":"https://avatars.githubusercontent.com/u/40527191?v=4","gravatar_id":"","url":"https://api.github.com/users/mergifyio-testing","html_url":"https://github.com/mergifyio-testing","followers_url":"https://api.github.com/users/mergifyio-testing/followers","following_url":"https://api.github.com/users/mergifyio-testing/following{/other_user}","gists_url":"https://api.github.com/users/mergifyio-testing/gists{/gist_id}","starred_url":"https://api.github.com/users/mergifyio-testing/starred{/owner}{/repo}","subscriptions_url":"https://api.github.com/users/mergifyio-testing/subscriptions","organizations_url":"https://api.github.com/users/mergifyio-testing/orgs","repos_url":"https://api.github.com/users/mergifyio-testing/repos","events_url":"https://api.github.com/users/mergifyio-testing/events{/privacy}","received_events_url":"https://api.github.com/users/mergifyio-testing/received_events","type":"Organization","site_admin":false},"html_url":"https://github.com/mergifyio-testing/functional-testing-repo","description":"Mergify","fork":false,"url":"https://api.github.com/repos/mergifyio-testing/functional-testing-repo","forks_url":"https://api.github.com/repos/mergifyio-testing/functional-testing-repo/forks","keys_url":"https://api.github.com/repos/mergifyio-testing/functional-testing-repo/keys{/key_id}","collaborators_url":"https://api.github.com/repos/mergifyio-testing/functional-testing-repo/collaborators{/collaborator}","teams_url":"https://api.github.com/repos/mergifyio-testing/functional-testing-repo/teams","hooks_url":"https://api.github.com/repos/mergifyio-testing/functional-testing-repo/hooks","issue_events_url":"https://api.github.com/repos/mergifyio-testing/functional-testing-repo/issues/events{/number}","events_url":"https://api.github.com/repos/mergifyio-testing/functional-testing-repo/events","assignees_url":"https://api.github.com/repos/mergifyio-testing/functional-testing-repo/assignees{/user}","branches_url":"https://api.github.com/repos/mergifyio-testing/functional-testing-repo/branches{/branch}","tags_url":"https://api.github.com/repos/mergifyio-testing/functional-testing-repo/tags","blobs_url":"https://api.github.com/repos/mergifyio-testing/functional-testing-repo/git/blobs{/sha}","git_tags_url":"https://api.github.com/repos/mergifyio-testing/functional-testing-repo/git/tags{/sha}","git_refs_url":"https://api.github.com/repos/mergifyio-testing/functional-testing-repo/git/refs{/sha}","trees_url":"https://api.github.com/repos/mergifyio-testing/functional-testing-repo/git/trees{/sha}","statuses_url":"https://api.github.com/repos/mergifyio-testing/functional-testing-repo/statuses/{sha}","languages_url":"https://api.github.com/repos/mergifyio-testing/functional-testing-repo/languages","stargazers_url":"https://api.github.com/repos/mergifyio-testing/functional-testing-repo/stargazers","contributors_url":"https://api.github.com/repos/mergifyio-testing/functional-testing-repo/contributors","subscribers_url":"https://api.github.com/repos/mergifyio-testing/functional-testing-repo/subscribers","subscription_url":"https://api.github.com/repos/mergifyio-testing/functional-testing-repo/subscription","commits_url":"https://api.github.com/repos/mergifyio-testing/functional-testing-repo/commits{/sha}","git_commits_url":"https://api.github.com/repos/mergifyio-testing/functional-testing-repo/git/commits{/sha}","comments_url":"https://api.github.com/repos/mergifyio-testing/functional-testing-repo/comments{/number}","issue_comment_url":"https://api.github.com/repos/mergifyio-testing/functional-testing-repo/issues/comments{/number}","contents_url":"https://api.github.com/repos/mergifyio-testing/functional-testing-repo/contents/{+path}","compare_url":"https://api.github.com/repos/mergifyio-testing/functional-testing-repo/compare/{base}...{head}","merges_url":"https://api.github.com/repos/mergifyio-testing/functional-testing-repo/merges","archive_url":"https://api.github.com/repos/mergifyio-testing/functional-testing-repo/{archive_format}{/ref}","downloads_url":"https://api.github.com/repos/mergifyio-testing/functional-testing-repo/downloads","issues_url":"https://api.github.com/repos/mergifyio-testing/functional-testing-repo/issues{/number}","pulls_url":"https://api.github.com/repos/mergifyio-testing/functional-testing-repo/pulls{/number}","milestones_url":"https://api.github.com/repos/mergifyio-testing/functional-testing-repo/milestones{/number}","notifications_url":"https://api.github.com/repos/mergifyio-testing/functional-testing-repo/notifications{?since,all,participating}","labels_url":"https://api.github.com/repos/mergifyio-testing/functional-testing-repo/labels{/name}","releases_url":"https://api.github.com/repos/mergifyio-testing/functional-testing-repo/releases{/id}","deployments_url":"https://api.github.com/repos/mergifyio-testing/functional-testing-repo/deployments","created_at":"2020-04-25T17:58:44Z","updated_at":"2021-03-23T06:56:24Z","pushed_at":"2021-03-23T06:58:22Z","git_url":"git://github.com/mergifyio-testing/functional-testing-repo.git","ssh_url":"git@github.com:mergifyio-testing/functional-testing-repo.git","clone_url":"https://github.com/mergifyio-testing/functional-testing-repo.git","svn_url":"https://github.com/mergifyio-testing/functional-testing-repo","homepage":null,"size":2,"stargazers_count":1,"watchers_count":1,"language":null,"has_issues":true,"has_projects":true,"has_downloads":true,"has_wiki":true,"has_pages":false,"forks_count":1,"mirror_url":null,"archived":false,"disabled":false,"open_issues_count":1,"license":null,"forks":1,"open_issues":1,"watchers":1,"default_branch":"master"}},"_links":{"self":{"href":"https://api.github.com/repos/mergifyio-testing/functional-testing-repo/pulls/9646"},"html":{"href":"https://github.com/mergifyio-testing/functional-testing-repo/pull/9646"},"issue":{"href":"https://api.github.com/repos/mergifyio-testing/functional-testing-repo/issues/9646"},"comments":{"href":"https://api.github.com/repos/mergifyio-testing/functional-testing-repo/issues/9646/comments"},"review_comments":{"href":"https://api.github.com/repos/mergifyio-testing/functional-testing-repo/pulls/9646/comments"},"review_comment":{"href":"https://api.github.com/repos/mergifyio-testing/functional-testing-repo/pulls/comments{/number}"},"commits":{"href":"https://api.github.com/repos/mergifyio-testing/functional-testing-repo/pulls/9646/commits"},"statuses":{"href":"https://api.github.com/repos/mergifyio-testing/functional-testing-repo/statuses/7900d05b87ea9b88e01af6d50baf594ac94a300f"}},"author_association":"NONE","auto_merge":null,"active_lock_reason":null}]'
    headers:
      Content-Encoding:
      - gzip
      Content-Type:
      - application/json; charset=utf-8
      Transfer-Encoding:
      - chunked
      X-Accepted-OAuth-Scopes:
      - ''
      X-GitHub-Media-Type:
      - github.v3; param=machine-man-preview; format=json
      X-OAuth-Scopes:
      - admin:enterprise, admin:gpg_key, admin:org, admin:org_hook, admin:public_key,
        admin:repo_hook, delete:packages, delete_repo, gist, notifications, repo,
        user, workflow, write:discussion, write:packages
    http_version: HTTP/1.1
    status_code: 200
- request:
    body: '{"state": "closed"}'
    headers:
      accept:
      - application/vnd.github.machine-man-preview+json
      content-length:
      - '19'
      content-type:
      - application/json
      host:
      - api.github.com
    method: PATCH
    uri: https://api.github.com/repos/mergifyio-testing/functional-testing-repo/pulls/9646
  response:
    content: '{"url":"https://api.github.com/repos/mergifyio-testing/functional-testing-repo/pulls/9646","id":598599253,"node_id":"MDExOlB1bGxSZXF1ZXN0NTk4NTk5MjUz","html_url":"https://github.com/mergifyio-testing/functional-testing-repo/pull/9646","diff_url":"https://github.com/mergifyio-testing/functional-testing-repo/pull/9646.diff","patch_url":"https://github.com/mergifyio-testing/functional-testing-repo/pull/9646.patch","issue_url":"https://api.github.com/repos/mergifyio-testing/functional-testing-repo/issues/9646","number":9646,"state":"closed","locked":false,"title":"test_short_teams:
      pull request n1 from fork","user":{"login":"mergify-test2","id":38495008,"node_id":"MDQ6VXNlcjM4NDk1MDA4","avatar_url":"https://avatars.githubusercontent.com/u/38495008?v=4","gravatar_id":"","url":"https://api.github.com/users/mergify-test2","html_url":"https://github.com/mergify-test2","followers_url":"https://api.github.com/users/mergify-test2/followers","following_url":"https://api.github.com/users/mergify-test2/following{/other_user}","gists_url":"https://api.github.com/users/mergify-test2/gists{/gist_id}","starred_url":"https://api.github.com/users/mergify-test2/starred{/owner}{/repo}","subscriptions_url":"https://api.github.com/users/mergify-test2/subscriptions","organizations_url":"https://api.github.com/users/mergify-test2/orgs","repos_url":"https://api.github.com/users/mergify-test2/repos","events_url":"https://api.github.com/users/mergify-test2/events{/privacy}","received_events_url":"https://api.github.com/users/mergify-test2/received_events","type":"User","site_admin":false},"body":"test_short_teams:
      pull request n1 from fork","created_at":"2021-03-23T06:58:16Z","updated_at":"2021-03-23T06:58:23Z","closed_at":"2021-03-23T06:58:23Z","merged_at":null,"merge_commit_sha":"0bdda0f5b1912e1bf54b66b3c884df248c515e2c","assignee":null,"assignees":[],"requested_reviewers":[],"requested_teams":[],"labels":[],"milestone":null,"draft":false,"commits_url":"https://api.github.com/repos/mergifyio-testing/functional-testing-repo/pulls/9646/commits","review_comments_url":"https://api.github.com/repos/mergifyio-testing/functional-testing-repo/pulls/9646/comments","review_comment_url":"https://api.github.com/repos/mergifyio-testing/functional-testing-repo/pulls/comments{/number}","comments_url":"https://api.github.com/repos/mergifyio-testing/functional-testing-repo/issues/9646/comments","statuses_url":"https://api.github.com/repos/mergifyio-testing/functional-testing-repo/statuses/7900d05b87ea9b88e01af6d50baf594ac94a300f","head":{"label":"mergify-test2:20210323065807/test_short_teams/fork/pr1","ref":"20210323065807/test_short_teams/fork/pr1","sha":"7900d05b87ea9b88e01af6d50baf594ac94a300f","user":{"login":"mergify-test2","id":38495008,"node_id":"MDQ6VXNlcjM4NDk1MDA4","avatar_url":"https://avatars.githubusercontent.com/u/38495008?v=4","gravatar_id":"","url":"https://api.github.com/users/mergify-test2","html_url":"https://github.com/mergify-test2","followers_url":"https://api.github.com/users/mergify-test2/followers","following_url":"https://api.github.com/users/mergify-test2/following{/other_user}","gists_url":"https://api.github.com/users/mergify-test2/gists{/gist_id}","starred_url":"https://api.github.com/users/mergify-test2/starred{/owner}{/repo}","subscriptions_url":"https://api.github.com/users/mergify-test2/subscriptions","organizations_url":"https://api.github.com/users/mergify-test2/orgs","repos_url":"https://api.github.com/users/mergify-test2/repos","events_url":"https://api.github.com/users/mergify-test2/events{/privacy}","received_events_url":"https://api.github.com/users/mergify-test2/received_events","type":"User","site_admin":false},"repo":{"id":258840424,"node_id":"MDEwOlJlcG9zaXRvcnkyNTg4NDA0MjQ=","name":"functional-testing-repo","full_name":"mergify-test2/functional-testing-repo","private":false,"owner":{"login":"mergify-test2","id":38495008,"node_id":"MDQ6VXNlcjM4NDk1MDA4","avatar_url":"https://avatars.githubusercontent.com/u/38495008?v=4","gravatar_id":"","url":"https://api.github.com/users/mergify-test2","html_url":"https://github.com/mergify-test2","followers_url":"https://api.github.com/users/mergify-test2/followers","following_url":"https://api.github.com/users/mergify-test2/following{/other_user}","gists_url":"https://api.github.com/users/mergify-test2/gists{/gist_id}","starred_url":"https://api.github.com/users/mergify-test2/starred{/owner}{/repo}","subscriptions_url":"https://api.github.com/users/mergify-test2/subscriptions","organizations_url":"https://api.github.com/users/mergify-test2/orgs","repos_url":"https://api.github.com/users/mergify-test2/repos","events_url":"https://api.github.com/users/mergify-test2/events{/privacy}","received_events_url":"https://api.github.com/users/mergify-test2/received_events","type":"User","site_admin":false},"html_url":"https://github.com/mergify-test2/functional-testing-repo","description":null,"fork":true,"url":"https://api.github.com/repos/mergify-test2/functional-testing-repo","forks_url":"https://api.github.com/repos/mergify-test2/functional-testing-repo/forks","keys_url":"https://api.github.com/repos/mergify-test2/functional-testing-repo/keys{/key_id}","collaborators_url":"https://api.github.com/repos/mergify-test2/functional-testing-repo/collaborators{/collaborator}","teams_url":"https://api.github.com/repos/mergify-test2/functional-testing-repo/teams","hooks_url":"https://api.github.com/repos/mergify-test2/functional-testing-repo/hooks","issue_events_url":"https://api.github.com/repos/mergify-test2/functional-testing-repo/issues/events{/number}","events_url":"https://api.github.com/repos/mergify-test2/functional-testing-repo/events","assignees_url":"https://api.github.com/repos/mergify-test2/functional-testing-repo/assignees{/user}","branches_url":"https://api.github.com/repos/mergify-test2/functional-testing-repo/branches{/branch}","tags_url":"https://api.github.com/repos/mergify-test2/functional-testing-repo/tags","blobs_url":"https://api.github.com/repos/mergify-test2/functional-testing-repo/git/blobs{/sha}","git_tags_url":"https://api.github.com/repos/mergify-test2/functional-testing-repo/git/tags{/sha}","git_refs_url":"https://api.github.com/repos/mergify-test2/functional-testing-repo/git/refs{/sha}","trees_url":"https://api.github.com/repos/mergify-test2/functional-testing-repo/git/trees{/sha}","statuses_url":"https://api.github.com/repos/mergify-test2/functional-testing-repo/statuses/{sha}","languages_url":"https://api.github.com/repos/mergify-test2/functional-testing-repo/languages","stargazers_url":"https://api.github.com/repos/mergify-test2/functional-testing-repo/stargazers","contributors_url":"https://api.github.com/repos/mergify-test2/functional-testing-repo/contributors","subscribers_url":"https://api.github.com/repos/mergify-test2/functional-testing-repo/subscribers","subscription_url":"https://api.github.com/repos/mergify-test2/functional-testing-repo/subscription","commits_url":"https://api.github.com/repos/mergify-test2/functional-testing-repo/commits{/sha}","git_commits_url":"https://api.github.com/repos/mergify-test2/functional-testing-repo/git/commits{/sha}","comments_url":"https://api.github.com/repos/mergify-test2/functional-testing-repo/comments{/number}","issue_comment_url":"https://api.github.com/repos/mergify-test2/functional-testing-repo/issues/comments{/number}","contents_url":"https://api.github.com/repos/mergify-test2/functional-testing-repo/contents/{+path}","compare_url":"https://api.github.com/repos/mergify-test2/functional-testing-repo/compare/{base}...{head}","merges_url":"https://api.github.com/repos/mergify-test2/functional-testing-repo/merges","archive_url":"https://api.github.com/repos/mergify-test2/functional-testing-repo/{archive_format}{/ref}","downloads_url":"https://api.github.com/repos/mergify-test2/functional-testing-repo/downloads","issues_url":"https://api.github.com/repos/mergify-test2/functional-testing-repo/issues{/number}","pulls_url":"https://api.github.com/repos/mergify-test2/functional-testing-repo/pulls{/number}","milestones_url":"https://api.github.com/repos/mergify-test2/functional-testing-repo/milestones{/number}","notifications_url":"https://api.github.com/repos/mergify-test2/functional-testing-repo/notifications{?since,all,participating}","labels_url":"https://api.github.com/repos/mergify-test2/functional-testing-repo/labels{/name}","releases_url":"https://api.github.com/repos/mergify-test2/functional-testing-repo/releases{/id}","deployments_url":"https://api.github.com/repos/mergify-test2/functional-testing-repo/deployments","created_at":"2020-04-25T18:00:21Z","updated_at":"2021-03-22T15:47:04Z","pushed_at":"2021-03-23T06:58:15Z","git_url":"git://github.com/mergify-test2/functional-testing-repo.git","ssh_url":"git@github.com:mergify-test2/functional-testing-repo.git","clone_url":"https://github.com/mergify-test2/functional-testing-repo.git","svn_url":"https://github.com/mergify-test2/functional-testing-repo","homepage":null,"size":141,"stargazers_count":0,"watchers_count":0,"language":null,"has_issues":false,"has_projects":true,"has_downloads":true,"has_wiki":true,"has_pages":false,"forks_count":0,"mirror_url":null,"archived":false,"disabled":false,"open_issues_count":0,"license":null,"forks":0,"open_issues":0,"watchers":0,"default_branch":"20210322154655/test_draft/master"}},"base":{"label":"mergifyio-testing:20210323065807/test_short_teams/master","ref":"20210323065807/test_short_teams/master","sha":"3657a2ef95a88dfacf393f26d6dace7c8243e234","user":{"login":"mergifyio-testing","id":40527191,"node_id":"MDEyOk9yZ2FuaXphdGlvbjQwNTI3MTkx","avatar_url":"https://avatars.githubusercontent.com/u/40527191?v=4","gravatar_id":"","url":"https://api.github.com/users/mergifyio-testing","html_url":"https://github.com/mergifyio-testing","followers_url":"https://api.github.com/users/mergifyio-testing/followers","following_url":"https://api.github.com/users/mergifyio-testing/following{/other_user}","gists_url":"https://api.github.com/users/mergifyio-testing/gists{/gist_id}","starred_url":"https://api.github.com/users/mergifyio-testing/starred{/owner}{/repo}","subscriptions_url":"https://api.github.com/users/mergifyio-testing/subscriptions","organizations_url":"https://api.github.com/users/mergifyio-testing/orgs","repos_url":"https://api.github.com/users/mergifyio-testing/repos","events_url":"https://api.github.com/users/mergifyio-testing/events{/privacy}","received_events_url":"https://api.github.com/users/mergifyio-testing/received_events","type":"Organization","site_admin":false},"repo":{"id":258840104,"node_id":"MDEwOlJlcG9zaXRvcnkyNTg4NDAxMDQ=","name":"functional-testing-repo","full_name":"mergifyio-testing/functional-testing-repo","private":false,"owner":{"login":"mergifyio-testing","id":40527191,"node_id":"MDEyOk9yZ2FuaXphdGlvbjQwNTI3MTkx","avatar_url":"https://avatars.githubusercontent.com/u/40527191?v=4","gravatar_id":"","url":"https://api.github.com/users/mergifyio-testing","html_url":"https://github.com/mergifyio-testing","followers_url":"https://api.github.com/users/mergifyio-testing/followers","following_url":"https://api.github.com/users/mergifyio-testing/following{/other_user}","gists_url":"https://api.github.com/users/mergifyio-testing/gists{/gist_id}","starred_url":"https://api.github.com/users/mergifyio-testing/starred{/owner}{/repo}","subscriptions_url":"https://api.github.com/users/mergifyio-testing/subscriptions","organizations_url":"https://api.github.com/users/mergifyio-testing/orgs","repos_url":"https://api.github.com/users/mergifyio-testing/repos","events_url":"https://api.github.com/users/mergifyio-testing/events{/privacy}","received_events_url":"https://api.github.com/users/mergifyio-testing/received_events","type":"Organization","site_admin":false},"html_url":"https://github.com/mergifyio-testing/functional-testing-repo","description":"Mergify","fork":false,"url":"https://api.github.com/repos/mergifyio-testing/functional-testing-repo","forks_url":"https://api.github.com/repos/mergifyio-testing/functional-testing-repo/forks","keys_url":"https://api.github.com/repos/mergifyio-testing/functional-testing-repo/keys{/key_id}","collaborators_url":"https://api.github.com/repos/mergifyio-testing/functional-testing-repo/collaborators{/collaborator}","teams_url":"https://api.github.com/repos/mergifyio-testing/functional-testing-repo/teams","hooks_url":"https://api.github.com/repos/mergifyio-testing/functional-testing-repo/hooks","issue_events_url":"https://api.github.com/repos/mergifyio-testing/functional-testing-repo/issues/events{/number}","events_url":"https://api.github.com/repos/mergifyio-testing/functional-testing-repo/events","assignees_url":"https://api.github.com/repos/mergifyio-testing/functional-testing-repo/assignees{/user}","branches_url":"https://api.github.com/repos/mergifyio-testing/functional-testing-repo/branches{/branch}","tags_url":"https://api.github.com/repos/mergifyio-testing/functional-testing-repo/tags","blobs_url":"https://api.github.com/repos/mergifyio-testing/functional-testing-repo/git/blobs{/sha}","git_tags_url":"https://api.github.com/repos/mergifyio-testing/functional-testing-repo/git/tags{/sha}","git_refs_url":"https://api.github.com/repos/mergifyio-testing/functional-testing-repo/git/refs{/sha}","trees_url":"https://api.github.com/repos/mergifyio-testing/functional-testing-repo/git/trees{/sha}","statuses_url":"https://api.github.com/repos/mergifyio-testing/functional-testing-repo/statuses/{sha}","languages_url":"https://api.github.com/repos/mergifyio-testing/functional-testing-repo/languages","stargazers_url":"https://api.github.com/repos/mergifyio-testing/functional-testing-repo/stargazers","contributors_url":"https://api.github.com/repos/mergifyio-testing/functional-testing-repo/contributors","subscribers_url":"https://api.github.com/repos/mergifyio-testing/functional-testing-repo/subscribers","subscription_url":"https://api.github.com/repos/mergifyio-testing/functional-testing-repo/subscription","commits_url":"https://api.github.com/repos/mergifyio-testing/functional-testing-repo/commits{/sha}","git_commits_url":"https://api.github.com/repos/mergifyio-testing/functional-testing-repo/git/commits{/sha}","comments_url":"https://api.github.com/repos/mergifyio-testing/functional-testing-repo/comments{/number}","issue_comment_url":"https://api.github.com/repos/mergifyio-testing/functional-testing-repo/issues/comments{/number}","contents_url":"https://api.github.com/repos/mergifyio-testing/functional-testing-repo/contents/{+path}","compare_url":"https://api.github.com/repos/mergifyio-testing/functional-testing-repo/compare/{base}...{head}","merges_url":"https://api.github.com/repos/mergifyio-testing/functional-testing-repo/merges","archive_url":"https://api.github.com/repos/mergifyio-testing/functional-testing-repo/{archive_format}{/ref}","downloads_url":"https://api.github.com/repos/mergifyio-testing/functional-testing-repo/downloads","issues_url":"https://api.github.com/repos/mergifyio-testing/functional-testing-repo/issues{/number}","pulls_url":"https://api.github.com/repos/mergifyio-testing/functional-testing-repo/pulls{/number}","milestones_url":"https://api.github.com/repos/mergifyio-testing/functional-testing-repo/milestones{/number}","notifications_url":"https://api.github.com/repos/mergifyio-testing/functional-testing-repo/notifications{?since,all,participating}","labels_url":"https://api.github.com/repos/mergifyio-testing/functional-testing-repo/labels{/name}","releases_url":"https://api.github.com/repos/mergifyio-testing/functional-testing-repo/releases{/id}","deployments_url":"https://api.github.com/repos/mergifyio-testing/functional-testing-repo/deployments","created_at":"2020-04-25T17:58:44Z","updated_at":"2021-03-23T06:56:24Z","pushed_at":"2021-03-23T06:58:22Z","git_url":"git://github.com/mergifyio-testing/functional-testing-repo.git","ssh_url":"git@github.com:mergifyio-testing/functional-testing-repo.git","clone_url":"https://github.com/mergifyio-testing/functional-testing-repo.git","svn_url":"https://github.com/mergifyio-testing/functional-testing-repo","homepage":null,"size":2,"stargazers_count":1,"watchers_count":1,"language":null,"has_issues":true,"has_projects":true,"has_downloads":true,"has_wiki":true,"has_pages":false,"forks_count":1,"mirror_url":null,"archived":false,"disabled":false,"open_issues_count":0,"license":null,"forks":1,"open_issues":0,"watchers":1,"default_branch":"master"}},"_links":{"self":{"href":"https://api.github.com/repos/mergifyio-testing/functional-testing-repo/pulls/9646"},"html":{"href":"https://github.com/mergifyio-testing/functional-testing-repo/pull/9646"},"issue":{"href":"https://api.github.com/repos/mergifyio-testing/functional-testing-repo/issues/9646"},"comments":{"href":"https://api.github.com/repos/mergifyio-testing/functional-testing-repo/issues/9646/comments"},"review_comments":{"href":"https://api.github.com/repos/mergifyio-testing/functional-testing-repo/pulls/9646/comments"},"review_comment":{"href":"https://api.github.com/repos/mergifyio-testing/functional-testing-repo/pulls/comments{/number}"},"commits":{"href":"https://api.github.com/repos/mergifyio-testing/functional-testing-repo/pulls/9646/commits"},"statuses":{"href":"https://api.github.com/repos/mergifyio-testing/functional-testing-repo/statuses/7900d05b87ea9b88e01af6d50baf594ac94a300f"}},"author_association":"NONE","auto_merge":null,"active_lock_reason":null,"merged":false,"mergeable":false,"rebaseable":false,"mergeable_state":"dirty","merged_by":null,"comments":0,"review_comments":0,"maintainer_can_modify":false,"commits":1,"additions":0,"deletions":0,"changed_files":1}'
    headers:
      Content-Encoding:
      - gzip
      Content-Type:
      - application/json; charset=utf-8
      Transfer-Encoding:
      - chunked
      X-Accepted-OAuth-Scopes:
      - ''
      X-GitHub-Media-Type:
      - github.v3; param=machine-man-preview; format=json
      X-OAuth-Scopes:
      - admin:enterprise, admin:gpg_key, admin:org, admin:org_hook, admin:public_key,
        admin:repo_hook, delete:packages, delete_repo, gist, notifications, repo,
        user, workflow, write:discussion, write:packages
    http_version: HTTP/1.1
    status_code: 200
- request:
    body: whatdataisthat
    headers:
      X-Hub-Signature:
      - <SIGNATURE>
      accept:
      - '*/*'
      content-length:
      - '14'
      cookie:
      - __cfduid=dcecdbbf6ec78f57183120185a579f1661616482688
      host:
      - test-forwarder.mergify.io
    method: DELETE
    uri: https://test-forwarder.mergify.io/events-testing
  response:
    content: Event queued
    headers:
      Connection:
      - keep-alive
      Content-Length:
      - '12'
      alt-svc:
      - h3-27=":443"; ma=86400, h3-28=":443"; ma=86400, h3-29=":443"; ma=86400
    http_version: HTTP/1.1
    status_code: 202
version: 1
