interactions:
- request:
    body: ''
    headers:
      accept:
      - application/vnd.github.machine-man-preview+json
      host:
      - api.github.com
    method: GET
    uri: https://api.github.com/user/40527191/installation
  response:
    content: '{"id":15398551,"account":{"login":"mergifyio-testing","id":40527191,"node_id":"MDEyOk9yZ2FuaXphdGlvbjQwNTI3MTkx","avatar_url":"https://avatars.githubusercontent.com/u/40527191?v=4","gravatar_id":"","url":"https://api.github.com/users/mergifyio-testing","html_url":"https://github.com/mergifyio-testing","followers_url":"https://api.github.com/users/mergifyio-testing/followers","following_url":"https://api.github.com/users/mergifyio-testing/following{/other_user}","gists_url":"https://api.github.com/users/mergifyio-testing/gists{/gist_id}","starred_url":"https://api.github.com/users/mergifyio-testing/starred{/owner}{/repo}","subscriptions_url":"https://api.github.com/users/mergifyio-testing/subscriptions","organizations_url":"https://api.github.com/users/mergifyio-testing/orgs","repos_url":"https://api.github.com/users/mergifyio-testing/repos","events_url":"https://api.github.com/users/mergifyio-testing/events{/privacy}","received_events_url":"https://api.github.com/users/mergifyio-testing/received_events","type":"Organization","site_admin":false},"repository_selection":"all","access_tokens_url":"https://api.github.com/app/installations/15398551/access_tokens","repositories_url":"https://api.github.com/installation/repositories","html_url":"https://github.com/organizations/mergifyio-testing/settings/installations/15398551","app_id":11221,"app_slug":"mergify-test","target_id":40527191,"target_type":"Organization","permissions":{"pages":"write","checks":"write","issues":"write","members":"read","contents":"write","metadata":"read","statuses":"read","workflows":"write","pull_requests":"write","administration":"read"},"events":["check_run","check_suite","issue_comment","merge_queue_entry","pull_request","pull_request_review","pull_request_review_comment","push","status"],"created_at":"2021-03-15T16:12:17.000Z","updated_at":"2021-12-03T00:14:06.000Z","single_file_name":null,"has_multiple_single_files":false,"single_file_paths":[],"suspended_by":null,"suspended_at":null}'
    headers:
      Content-Encoding:
      - gzip
      Content-Type:
      - application/json; charset=utf-8
      Transfer-Encoding:
      - chunked
      X-GitHub-Media-Type:
      - github.v3; param=machine-man-preview; format=json
    http_version: HTTP/1.1
    status_code: 200
- request:
    body: ''
    headers:
      accept:
      - application/vnd.github.machine-man-preview+json
      host:
      - api.github.com
    method: GET
    uri: https://api.github.com/user
  response:
    content: '{"login":"mergify-test1","id":38494943,"node_id":"MDQ6VXNlcjM4NDk0OTQz","avatar_url":"https://avatars.githubusercontent.com/u/38494943?v=4","gravatar_id":"","url":"https://api.github.com/users/mergify-test1","html_url":"https://github.com/mergify-test1","followers_url":"https://api.github.com/users/mergify-test1/followers","following_url":"https://api.github.com/users/mergify-test1/following{/other_user}","gists_url":"https://api.github.com/users/mergify-test1/gists{/gist_id}","starred_url":"https://api.github.com/users/mergify-test1/starred{/owner}{/repo}","subscriptions_url":"https://api.github.com/users/mergify-test1/subscriptions","organizations_url":"https://api.github.com/users/mergify-test1/orgs","repos_url":"https://api.github.com/users/mergify-test1/repos","events_url":"https://api.github.com/users/mergify-test1/events{/privacy}","received_events_url":"https://api.github.com/users/mergify-test1/received_events","type":"User","site_admin":false,"name":"mergify-test-user-1","company":"@mergifyio","blog":"https://mergify.io","location":null,"email":null,"hireable":null,"bio":"This
      account is for testing purpose of the workflow of the GitHub App @mergifyio","twitter_username":"mergifyio","public_repos":0,"public_gists":0,"followers":0,"following":0,"created_at":"2018-04-18T10:42:59Z","updated_at":"2021-11-18T16:39:40Z","private_gists":0,"total_private_repos":0,"owned_private_repos":0,"disk_usage":0,"collaborators":0,"two_factor_authentication":false,"plan":{"name":"free","space":976562499,"collaborators":0,"private_repos":10000}}'
    headers:
      Content-Encoding:
      - gzip
      Content-Type:
      - application/json; charset=utf-8
      Transfer-Encoding:
      - chunked
      X-Accepted-OAuth-Scopes:
      - ''
      X-GitHub-Media-Type:
      - github.v3; param=machine-man-preview; format=json
      X-OAuth-Scopes:
      - admin:org, delete_repo, read:public_key, repo, user, workflow
    http_version: HTTP/1.1
    status_code: 200
- request:
    body: ''
    headers:
      accept:
      - application/vnd.github.machine-man-preview+json
      host:
      - api.github.com
    method: GET
    uri: https://api.github.com/user
  response:
    content: '{"login":"mergify-test2","id":38495008,"node_id":"MDQ6VXNlcjM4NDk1MDA4","avatar_url":"https://avatars.githubusercontent.com/u/38495008?v=4","gravatar_id":"","url":"https://api.github.com/users/mergify-test2","html_url":"https://github.com/mergify-test2","followers_url":"https://api.github.com/users/mergify-test2/followers","following_url":"https://api.github.com/users/mergify-test2/following{/other_user}","gists_url":"https://api.github.com/users/mergify-test2/gists{/gist_id}","starred_url":"https://api.github.com/users/mergify-test2/starred{/owner}{/repo}","subscriptions_url":"https://api.github.com/users/mergify-test2/subscriptions","organizations_url":"https://api.github.com/users/mergify-test2/orgs","repos_url":"https://api.github.com/users/mergify-test2/repos","events_url":"https://api.github.com/users/mergify-test2/events{/privacy}","received_events_url":"https://api.github.com/users/mergify-test2/received_events","type":"User","site_admin":false,"name":"mergify-test-user-2","company":"@mergifyio","blog":"https://mergify.com","location":null,"email":null,"hireable":null,"bio":"This
      account is for integration testing purpose of the workflow of the GitHub App
      @mergifyio","twitter_username":"mergifyio","public_repos":5,"public_gists":0,"followers":0,"following":0,"created_at":"2018-04-18T10:45:18Z","updated_at":"2021-11-15T16:35:46Z","private_gists":0,"total_private_repos":0,"owned_private_repos":0,"disk_usage":0,"collaborators":0,"two_factor_authentication":false,"plan":{"name":"free","space":976562499,"collaborators":0,"private_repos":10000}}'
    headers:
      Content-Encoding:
      - gzip
      Content-Type:
      - application/json; charset=utf-8
      Transfer-Encoding:
      - chunked
      X-Accepted-OAuth-Scopes:
      - ''
      X-GitHub-Media-Type:
      - github.v3; param=machine-man-preview; format=json
      X-OAuth-Scopes:
      - delete_repo, read:org, read:user, repo, user:email, workflow
    http_version: HTTP/1.1
    status_code: 200
- request:
    body: ''
    headers:
      Authorization:
      - <TOKEN>
      content-length:
      - '0'
      host:
      - api.github.com
    method: POST
    uri: https://api.github.com/app/installations/15398551/access_tokens
  response:
    content: '{"token": "<TOKEN>", "expires_at": "2021-12-03T11:23:42Z", "permissions":
      {"members": "read", "administration": "read", "checks": "write", "contents":
      "write", "issues": "write", "metadata": "read", "pages": "write", "pull_requests":
      "write", "statuses": "read", "workflows": "write"}, "repository_selection":
      "all"}'
    headers:
      Content-Length:
      - '323'
      Content-Type:
      - application/json; charset=utf-8
      X-GitHub-Media-Type:
      - github.v3; format=json
    http_version: HTTP/1.1
    status_code: 201
- request:
    body: ''
    headers:
      Authorization:
      - <TOKEN>
      accept:
      - application/vnd.github.machine-man-preview+json
      host:
      - api.github.com
    method: GET
    uri: https://api.github.com/repositories/399426199
  response:
    content: '{"id":399426199,"node_id":"MDEwOlJlcG9zaXRvcnkzOTk0MjYxOTk=","name":"functional-testing-repo-sileht","full_name":"mergifyio-testing/functional-testing-repo-sileht","private":false,"owner":{"login":"mergifyio-testing","id":40527191,"node_id":"MDEyOk9yZ2FuaXphdGlvbjQwNTI3MTkx","avatar_url":"https://avatars.githubusercontent.com/u/40527191?v=4","gravatar_id":"","url":"https://api.github.com/users/mergifyio-testing","html_url":"https://github.com/mergifyio-testing","followers_url":"https://api.github.com/users/mergifyio-testing/followers","following_url":"https://api.github.com/users/mergifyio-testing/following{/other_user}","gists_url":"https://api.github.com/users/mergifyio-testing/gists{/gist_id}","starred_url":"https://api.github.com/users/mergifyio-testing/starred{/owner}{/repo}","subscriptions_url":"https://api.github.com/users/mergifyio-testing/subscriptions","organizations_url":"https://api.github.com/users/mergifyio-testing/orgs","repos_url":"https://api.github.com/users/mergifyio-testing/repos","events_url":"https://api.github.com/users/mergifyio-testing/events{/privacy}","received_events_url":"https://api.github.com/users/mergifyio-testing/received_events","type":"Organization","site_admin":false},"html_url":"https://github.com/mergifyio-testing/functional-testing-repo-sileht","description":null,"fork":false,"url":"https://api.github.com/repos/mergifyio-testing/functional-testing-repo-sileht","forks_url":"https://api.github.com/repos/mergifyio-testing/functional-testing-repo-sileht/forks","keys_url":"https://api.github.com/repos/mergifyio-testing/functional-testing-repo-sileht/keys{/key_id}","collaborators_url":"https://api.github.com/repos/mergifyio-testing/functional-testing-repo-sileht/collaborators{/collaborator}","teams_url":"https://api.github.com/repos/mergifyio-testing/functional-testing-repo-sileht/teams","hooks_url":"https://api.github.com/repos/mergifyio-testing/functional-testing-repo-sileht/hooks","issue_events_url":"https://api.github.com/repos/mergifyio-testing/functional-testing-repo-sileht/issues/events{/number}","events_url":"https://api.github.com/repos/mergifyio-testing/functional-testing-repo-sileht/events","assignees_url":"https://api.github.com/repos/mergifyio-testing/functional-testing-repo-sileht/assignees{/user}","branches_url":"https://api.github.com/repos/mergifyio-testing/functional-testing-repo-sileht/branches{/branch}","tags_url":"https://api.github.com/repos/mergifyio-testing/functional-testing-repo-sileht/tags","blobs_url":"https://api.github.com/repos/mergifyio-testing/functional-testing-repo-sileht/git/blobs{/sha}","git_tags_url":"https://api.github.com/repos/mergifyio-testing/functional-testing-repo-sileht/git/tags{/sha}","git_refs_url":"https://api.github.com/repos/mergifyio-testing/functional-testing-repo-sileht/git/refs{/sha}","trees_url":"https://api.github.com/repos/mergifyio-testing/functional-testing-repo-sileht/git/trees{/sha}","statuses_url":"https://api.github.com/repos/mergifyio-testing/functional-testing-repo-sileht/statuses/{sha}","languages_url":"https://api.github.com/repos/mergifyio-testing/functional-testing-repo-sileht/languages","stargazers_url":"https://api.github.com/repos/mergifyio-testing/functional-testing-repo-sileht/stargazers","contributors_url":"https://api.github.com/repos/mergifyio-testing/functional-testing-repo-sileht/contributors","subscribers_url":"https://api.github.com/repos/mergifyio-testing/functional-testing-repo-sileht/subscribers","subscription_url":"https://api.github.com/repos/mergifyio-testing/functional-testing-repo-sileht/subscription","commits_url":"https://api.github.com/repos/mergifyio-testing/functional-testing-repo-sileht/commits{/sha}","git_commits_url":"https://api.github.com/repos/mergifyio-testing/functional-testing-repo-sileht/git/commits{/sha}","comments_url":"https://api.github.com/repos/mergifyio-testing/functional-testing-repo-sileht/comments{/number}","issue_comment_url":"https://api.github.com/repos/mergifyio-testing/functional-testing-repo-sileht/issues/comments{/number}","contents_url":"https://api.github.com/repos/mergifyio-testing/functional-testing-repo-sileht/contents/{+path}","compare_url":"https://api.github.com/repos/mergifyio-testing/functional-testing-repo-sileht/compare/{base}...{head}","merges_url":"https://api.github.com/repos/mergifyio-testing/functional-testing-repo-sileht/merges","archive_url":"https://api.github.com/repos/mergifyio-testing/functional-testing-repo-sileht/{archive_format}{/ref}","downloads_url":"https://api.github.com/repos/mergifyio-testing/functional-testing-repo-sileht/downloads","issues_url":"https://api.github.com/repos/mergifyio-testing/functional-testing-repo-sileht/issues{/number}","pulls_url":"https://api.github.com/repos/mergifyio-testing/functional-testing-repo-sileht/pulls{/number}","milestones_url":"https://api.github.com/repos/mergifyio-testing/functional-testing-repo-sileht/milestones{/number}","notifications_url":"https://api.github.com/repos/mergifyio-testing/functional-testing-repo-sileht/notifications{?since,all,participating}","labels_url":"https://api.github.com/repos/mergifyio-testing/functional-testing-repo-sileht/labels{/name}","releases_url":"https://api.github.com/repos/mergifyio-testing/functional-testing-repo-sileht/releases{/id}","deployments_url":"https://api.github.com/repos/mergifyio-testing/functional-testing-repo-sileht/deployments","created_at":"2021-08-24T10:36:34Z","updated_at":"2021-11-30T09:38:27Z","pushed_at":"2021-12-03T10:01:45Z","git_url":"git://github.com/mergifyio-testing/functional-testing-repo-sileht.git","ssh_url":"git@github.com:mergifyio-testing/functional-testing-repo-sileht.git","clone_url":"https://github.com/mergifyio-testing/functional-testing-repo-sileht.git","svn_url":"https://github.com/mergifyio-testing/functional-testing-repo-sileht","homepage":null,"size":1,"stargazers_count":0,"watchers_count":0,"language":null,"has_issues":true,"has_projects":true,"has_downloads":true,"has_wiki":true,"has_pages":false,"forks_count":1,"mirror_url":null,"archived":false,"disabled":false,"open_issues_count":1,"license":null,"allow_forking":true,"is_template":false,"topics":[],"visibility":"public","forks":1,"open_issues":1,"watchers":0,"default_branch":"main","permissions":{"admin":false,"maintain":false,"push":false,"triage":false,"pull":false},"temp_clone_token":"","allow_squash_merge":true,"allow_merge_commit":true,"allow_rebase_merge":true,"allow_auto_merge":false,"delete_branch_on_merge":false,"allow_update_branch":false,"organization":{"login":"mergifyio-testing","id":40527191,"node_id":"MDEyOk9yZ2FuaXphdGlvbjQwNTI3MTkx","avatar_url":"https://avatars.githubusercontent.com/u/40527191?v=4","gravatar_id":"","url":"https://api.github.com/users/mergifyio-testing","html_url":"https://github.com/mergifyio-testing","followers_url":"https://api.github.com/users/mergifyio-testing/followers","following_url":"https://api.github.com/users/mergifyio-testing/following{/other_user}","gists_url":"https://api.github.com/users/mergifyio-testing/gists{/gist_id}","starred_url":"https://api.github.com/users/mergifyio-testing/starred{/owner}{/repo}","subscriptions_url":"https://api.github.com/users/mergifyio-testing/subscriptions","organizations_url":"https://api.github.com/users/mergifyio-testing/orgs","repos_url":"https://api.github.com/users/mergifyio-testing/repos","events_url":"https://api.github.com/users/mergifyio-testing/events{/privacy}","received_events_url":"https://api.github.com/users/mergifyio-testing/received_events","type":"Organization","site_admin":false},"network_count":1,"subscribers_count":1}'
    headers:
      Content-Encoding:
      - gzip
      Content-Type:
      - application/json; charset=utf-8
      Transfer-Encoding:
      - chunked
      X-GitHub-Media-Type:
      - github.v3; param=machine-man-preview; format=json
    http_version: HTTP/1.1
    status_code: 200
- request:
    body: whatdataisthat
    headers:
      X-Hub-Signature:
      - <SIGNATURE>
      accept:
      - '*/*'
      content-length:
      - '14'
      host:
      - test-forwarder.mergify.io
    method: DELETE
    uri: https://test-forwarder.mergify.io/events/github.com/11221/399426199
  response:
    content: Event queued
    headers:
      Connection:
      - keep-alive
      Content-Length:
      - '12'
      alt-svc:
      - h3=":443"; ma=86400, h3-29=":443"; ma=86400, h3-28=":443"; ma=86400, h3-27=":443";
        ma=86400
      via:
      - 1.1 vegur
    http_version: HTTP/1.1
    status_code: 202
- request:
    body: '{"default_branch": "20211203102340/test_no_strict_mode_brownout/main"}'
    headers:
      accept:
      - application/vnd.github.machine-man-preview+json
      content-length:
      - '70'
      content-type:
      - application/json
      host:
      - api.github.com
    method: PATCH
    uri: https://api.github.com/repos/mergifyio-testing/functional-testing-repo-sileht
  response:
    content: '{"id":399426199,"node_id":"MDEwOlJlcG9zaXRvcnkzOTk0MjYxOTk=","name":"functional-testing-repo-sileht","full_name":"mergifyio-testing/functional-testing-repo-sileht","private":false,"owner":{"login":"mergifyio-testing","id":40527191,"node_id":"MDEyOk9yZ2FuaXphdGlvbjQwNTI3MTkx","avatar_url":"https://avatars.githubusercontent.com/u/40527191?v=4","gravatar_id":"","url":"https://api.github.com/users/mergifyio-testing","html_url":"https://github.com/mergifyio-testing","followers_url":"https://api.github.com/users/mergifyio-testing/followers","following_url":"https://api.github.com/users/mergifyio-testing/following{/other_user}","gists_url":"https://api.github.com/users/mergifyio-testing/gists{/gist_id}","starred_url":"https://api.github.com/users/mergifyio-testing/starred{/owner}{/repo}","subscriptions_url":"https://api.github.com/users/mergifyio-testing/subscriptions","organizations_url":"https://api.github.com/users/mergifyio-testing/orgs","repos_url":"https://api.github.com/users/mergifyio-testing/repos","events_url":"https://api.github.com/users/mergifyio-testing/events{/privacy}","received_events_url":"https://api.github.com/users/mergifyio-testing/received_events","type":"Organization","site_admin":false},"html_url":"https://github.com/mergifyio-testing/functional-testing-repo-sileht","description":null,"fork":false,"url":"https://api.github.com/repos/mergifyio-testing/functional-testing-repo-sileht","forks_url":"https://api.github.com/repos/mergifyio-testing/functional-testing-repo-sileht/forks","keys_url":"https://api.github.com/repos/mergifyio-testing/functional-testing-repo-sileht/keys{/key_id}","collaborators_url":"https://api.github.com/repos/mergifyio-testing/functional-testing-repo-sileht/collaborators{/collaborator}","teams_url":"https://api.github.com/repos/mergifyio-testing/functional-testing-repo-sileht/teams","hooks_url":"https://api.github.com/repos/mergifyio-testing/functional-testing-repo-sileht/hooks","issue_events_url":"https://api.github.com/repos/mergifyio-testing/functional-testing-repo-sileht/issues/events{/number}","events_url":"https://api.github.com/repos/mergifyio-testing/functional-testing-repo-sileht/events","assignees_url":"https://api.github.com/repos/mergifyio-testing/functional-testing-repo-sileht/assignees{/user}","branches_url":"https://api.github.com/repos/mergifyio-testing/functional-testing-repo-sileht/branches{/branch}","tags_url":"https://api.github.com/repos/mergifyio-testing/functional-testing-repo-sileht/tags","blobs_url":"https://api.github.com/repos/mergifyio-testing/functional-testing-repo-sileht/git/blobs{/sha}","git_tags_url":"https://api.github.com/repos/mergifyio-testing/functional-testing-repo-sileht/git/tags{/sha}","git_refs_url":"https://api.github.com/repos/mergifyio-testing/functional-testing-repo-sileht/git/refs{/sha}","trees_url":"https://api.github.com/repos/mergifyio-testing/functional-testing-repo-sileht/git/trees{/sha}","statuses_url":"https://api.github.com/repos/mergifyio-testing/functional-testing-repo-sileht/statuses/{sha}","languages_url":"https://api.github.com/repos/mergifyio-testing/functional-testing-repo-sileht/languages","stargazers_url":"https://api.github.com/repos/mergifyio-testing/functional-testing-repo-sileht/stargazers","contributors_url":"https://api.github.com/repos/mergifyio-testing/functional-testing-repo-sileht/contributors","subscribers_url":"https://api.github.com/repos/mergifyio-testing/functional-testing-repo-sileht/subscribers","subscription_url":"https://api.github.com/repos/mergifyio-testing/functional-testing-repo-sileht/subscription","commits_url":"https://api.github.com/repos/mergifyio-testing/functional-testing-repo-sileht/commits{/sha}","git_commits_url":"https://api.github.com/repos/mergifyio-testing/functional-testing-repo-sileht/git/commits{/sha}","comments_url":"https://api.github.com/repos/mergifyio-testing/functional-testing-repo-sileht/comments{/number}","issue_comment_url":"https://api.github.com/repos/mergifyio-testing/functional-testing-repo-sileht/issues/comments{/number}","contents_url":"https://api.github.com/repos/mergifyio-testing/functional-testing-repo-sileht/contents/{+path}","compare_url":"https://api.github.com/repos/mergifyio-testing/functional-testing-repo-sileht/compare/{base}...{head}","merges_url":"https://api.github.com/repos/mergifyio-testing/functional-testing-repo-sileht/merges","archive_url":"https://api.github.com/repos/mergifyio-testing/functional-testing-repo-sileht/{archive_format}{/ref}","downloads_url":"https://api.github.com/repos/mergifyio-testing/functional-testing-repo-sileht/downloads","issues_url":"https://api.github.com/repos/mergifyio-testing/functional-testing-repo-sileht/issues{/number}","pulls_url":"https://api.github.com/repos/mergifyio-testing/functional-testing-repo-sileht/pulls{/number}","milestones_url":"https://api.github.com/repos/mergifyio-testing/functional-testing-repo-sileht/milestones{/number}","notifications_url":"https://api.github.com/repos/mergifyio-testing/functional-testing-repo-sileht/notifications{?since,all,participating}","labels_url":"https://api.github.com/repos/mergifyio-testing/functional-testing-repo-sileht/labels{/name}","releases_url":"https://api.github.com/repos/mergifyio-testing/functional-testing-repo-sileht/releases{/id}","deployments_url":"https://api.github.com/repos/mergifyio-testing/functional-testing-repo-sileht/deployments","created_at":"2021-08-24T10:36:34Z","updated_at":"2021-11-30T09:38:27Z","pushed_at":"2021-12-03T10:23:44Z","git_url":"git://github.com/mergifyio-testing/functional-testing-repo-sileht.git","ssh_url":"git@github.com:mergifyio-testing/functional-testing-repo-sileht.git","clone_url":"https://github.com/mergifyio-testing/functional-testing-repo-sileht.git","svn_url":"https://github.com/mergifyio-testing/functional-testing-repo-sileht","homepage":null,"size":1,"stargazers_count":0,"watchers_count":0,"language":null,"has_issues":true,"has_projects":true,"has_downloads":true,"has_wiki":true,"has_pages":false,"forks_count":1,"mirror_url":null,"archived":false,"disabled":false,"open_issues_count":1,"license":null,"allow_forking":true,"is_template":false,"topics":[],"visibility":"public","forks":1,"open_issues":1,"watchers":0,"default_branch":"20211203102340/test_no_strict_mode_brownout/main","permissions":{"admin":true,"maintain":true,"push":true,"triage":true,"pull":true},"allow_squash_merge":true,"allow_merge_commit":true,"allow_rebase_merge":true,"allow_auto_merge":false,"delete_branch_on_merge":false,"allow_update_branch":false,"organization":{"login":"mergifyio-testing","id":40527191,"node_id":"MDEyOk9yZ2FuaXphdGlvbjQwNTI3MTkx","avatar_url":"https://avatars.githubusercontent.com/u/40527191?v=4","gravatar_id":"","url":"https://api.github.com/users/mergifyio-testing","html_url":"https://github.com/mergifyio-testing","followers_url":"https://api.github.com/users/mergifyio-testing/followers","following_url":"https://api.github.com/users/mergifyio-testing/following{/other_user}","gists_url":"https://api.github.com/users/mergifyio-testing/gists{/gist_id}","starred_url":"https://api.github.com/users/mergifyio-testing/starred{/owner}{/repo}","subscriptions_url":"https://api.github.com/users/mergifyio-testing/subscriptions","organizations_url":"https://api.github.com/users/mergifyio-testing/orgs","repos_url":"https://api.github.com/users/mergifyio-testing/repos","events_url":"https://api.github.com/users/mergifyio-testing/events{/privacy}","received_events_url":"https://api.github.com/users/mergifyio-testing/received_events","type":"Organization","site_admin":false},"network_count":1,"subscribers_count":1}'
    headers:
      Content-Encoding:
      - gzip
      Content-Type:
      - application/json; charset=utf-8
      Transfer-Encoding:
      - chunked
      X-Accepted-OAuth-Scopes:
      - ''
      X-GitHub-Media-Type:
      - github.v3; param=machine-man-preview; format=json
      X-OAuth-Scopes:
      - admin:org, delete_repo, read:public_key, repo, user, workflow
    http_version: HTTP/1.1
    status_code: 200
- request:
    body: '{"base": "20211203102340/test_no_strict_mode_brownout/main", "head": "mergify-test2:20211203102340/test_no_strict_mode_brownout/fork/pr1",
      "title": "test_no_strict_mode_brownout: pull request n1 from fork", "body":
      "test_no_strict_mode_brownout: pull request n1 from fork", "draft": false}'
    headers:
      accept:
      - application/vnd.github.machine-man-preview+json
      content-length:
      - '289'
      content-type:
      - application/json
      host:
      - api.github.com
    method: POST
    uri: https://api.github.com/repos/mergifyio-testing/functional-testing-repo-sileht/pulls
  response:
    content: '{"url":"https://api.github.com/repos/mergifyio-testing/functional-testing-repo-sileht/pulls/3137","id":794459452,"node_id":"PR_kwDOF87Cl84vWn08","html_url":"https://github.com/mergifyio-testing/functional-testing-repo-sileht/pull/3137","diff_url":"https://github.com/mergifyio-testing/functional-testing-repo-sileht/pull/3137.diff","patch_url":"https://github.com/mergifyio-testing/functional-testing-repo-sileht/pull/3137.patch","issue_url":"https://api.github.com/repos/mergifyio-testing/functional-testing-repo-sileht/issues/3137","number":3137,"state":"open","locked":false,"title":"test_no_strict_mode_brownout:
      pull request n1 from fork","user":{"login":"mergify-test2","id":38495008,"node_id":"MDQ6VXNlcjM4NDk1MDA4","avatar_url":"https://avatars.githubusercontent.com/u/38495008?v=4","gravatar_id":"","url":"https://api.github.com/users/mergify-test2","html_url":"https://github.com/mergify-test2","followers_url":"https://api.github.com/users/mergify-test2/followers","following_url":"https://api.github.com/users/mergify-test2/following{/other_user}","gists_url":"https://api.github.com/users/mergify-test2/gists{/gist_id}","starred_url":"https://api.github.com/users/mergify-test2/starred{/owner}{/repo}","subscriptions_url":"https://api.github.com/users/mergify-test2/subscriptions","organizations_url":"https://api.github.com/users/mergify-test2/orgs","repos_url":"https://api.github.com/users/mergify-test2/repos","events_url":"https://api.github.com/users/mergify-test2/events{/privacy}","received_events_url":"https://api.github.com/users/mergify-test2/received_events","type":"User","site_admin":false},"body":"test_no_strict_mode_brownout:
      pull request n1 from fork","created_at":"2021-12-03T10:23:48Z","updated_at":"2021-12-03T10:23:48Z","closed_at":null,"merged_at":null,"merge_commit_sha":null,"assignee":null,"assignees":[],"requested_reviewers":[],"requested_teams":[],"labels":[],"milestone":null,"draft":false,"commits_url":"https://api.github.com/repos/mergifyio-testing/functional-testing-repo-sileht/pulls/3137/commits","review_comments_url":"https://api.github.com/repos/mergifyio-testing/functional-testing-repo-sileht/pulls/3137/comments","review_comment_url":"https://api.github.com/repos/mergifyio-testing/functional-testing-repo-sileht/pulls/comments{/number}","comments_url":"https://api.github.com/repos/mergifyio-testing/functional-testing-repo-sileht/issues/3137/comments","statuses_url":"https://api.github.com/repos/mergifyio-testing/functional-testing-repo-sileht/statuses/600123f04577f9beeb2df75494f87c87e2a349e3","head":{"label":"mergify-test2:20211203102340/test_no_strict_mode_brownout/fork/pr1","ref":"20211203102340/test_no_strict_mode_brownout/fork/pr1","sha":"600123f04577f9beeb2df75494f87c87e2a349e3","user":{"login":"mergify-test2","id":38495008,"node_id":"MDQ6VXNlcjM4NDk1MDA4","avatar_url":"https://avatars.githubusercontent.com/u/38495008?v=4","gravatar_id":"","url":"https://api.github.com/users/mergify-test2","html_url":"https://github.com/mergify-test2","followers_url":"https://api.github.com/users/mergify-test2/followers","following_url":"https://api.github.com/users/mergify-test2/following{/other_user}","gists_url":"https://api.github.com/users/mergify-test2/gists{/gist_id}","starred_url":"https://api.github.com/users/mergify-test2/starred{/owner}{/repo}","subscriptions_url":"https://api.github.com/users/mergify-test2/subscriptions","organizations_url":"https://api.github.com/users/mergify-test2/orgs","repos_url":"https://api.github.com/users/mergify-test2/repos","events_url":"https://api.github.com/users/mergify-test2/events{/privacy}","received_events_url":"https://api.github.com/users/mergify-test2/received_events","type":"User","site_admin":false},"repo":{"id":399456174,"node_id":"MDEwOlJlcG9zaXRvcnkzOTk0NTYxNzQ=","name":"functional-testing-repo-sileht","full_name":"mergify-test2/functional-testing-repo-sileht","private":false,"owner":{"login":"mergify-test2","id":38495008,"node_id":"MDQ6VXNlcjM4NDk1MDA4","avatar_url":"https://avatars.githubusercontent.com/u/38495008?v=4","gravatar_id":"","url":"https://api.github.com/users/mergify-test2","html_url":"https://github.com/mergify-test2","followers_url":"https://api.github.com/users/mergify-test2/followers","following_url":"https://api.github.com/users/mergify-test2/following{/other_user}","gists_url":"https://api.github.com/users/mergify-test2/gists{/gist_id}","starred_url":"https://api.github.com/users/mergify-test2/starred{/owner}{/repo}","subscriptions_url":"https://api.github.com/users/mergify-test2/subscriptions","organizations_url":"https://api.github.com/users/mergify-test2/orgs","repos_url":"https://api.github.com/users/mergify-test2/repos","events_url":"https://api.github.com/users/mergify-test2/events{/privacy}","received_events_url":"https://api.github.com/users/mergify-test2/received_events","type":"User","site_admin":false},"html_url":"https://github.com/mergify-test2/functional-testing-repo-sileht","description":null,"fork":true,"url":"https://api.github.com/repos/mergify-test2/functional-testing-repo-sileht","forks_url":"https://api.github.com/repos/mergify-test2/functional-testing-repo-sileht/forks","keys_url":"https://api.github.com/repos/mergify-test2/functional-testing-repo-sileht/keys{/key_id}","collaborators_url":"https://api.github.com/repos/mergify-test2/functional-testing-repo-sileht/collaborators{/collaborator}","teams_url":"https://api.github.com/repos/mergify-test2/functional-testing-repo-sileht/teams","hooks_url":"https://api.github.com/repos/mergify-test2/functional-testing-repo-sileht/hooks","issue_events_url":"https://api.github.com/repos/mergify-test2/functional-testing-repo-sileht/issues/events{/number}","events_url":"https://api.github.com/repos/mergify-test2/functional-testing-repo-sileht/events","assignees_url":"https://api.github.com/repos/mergify-test2/functional-testing-repo-sileht/assignees{/user}","branches_url":"https://api.github.com/repos/mergify-test2/functional-testing-repo-sileht/branches{/branch}","tags_url":"https://api.github.com/repos/mergify-test2/functional-testing-repo-sileht/tags","blobs_url":"https://api.github.com/repos/mergify-test2/functional-testing-repo-sileht/git/blobs{/sha}","git_tags_url":"https://api.github.com/repos/mergify-test2/functional-testing-repo-sileht/git/tags{/sha}","git_refs_url":"https://api.github.com/repos/mergify-test2/functional-testing-repo-sileht/git/refs{/sha}","trees_url":"https://api.github.com/repos/mergify-test2/functional-testing-repo-sileht/git/trees{/sha}","statuses_url":"https://api.github.com/repos/mergify-test2/functional-testing-repo-sileht/statuses/{sha}","languages_url":"https://api.github.com/repos/mergify-test2/functional-testing-repo-sileht/languages","stargazers_url":"https://api.github.com/repos/mergify-test2/functional-testing-repo-sileht/stargazers","contributors_url":"https://api.github.com/repos/mergify-test2/functional-testing-repo-sileht/contributors","subscribers_url":"https://api.github.com/repos/mergify-test2/functional-testing-repo-sileht/subscribers","subscription_url":"https://api.github.com/repos/mergify-test2/functional-testing-repo-sileht/subscription","commits_url":"https://api.github.com/repos/mergify-test2/functional-testing-repo-sileht/commits{/sha}","git_commits_url":"https://api.github.com/repos/mergify-test2/functional-testing-repo-sileht/git/commits{/sha}","comments_url":"https://api.github.com/repos/mergify-test2/functional-testing-repo-sileht/comments{/number}","issue_comment_url":"https://api.github.com/repos/mergify-test2/functional-testing-repo-sileht/issues/comments{/number}","contents_url":"https://api.github.com/repos/mergify-test2/functional-testing-repo-sileht/contents/{+path}","compare_url":"https://api.github.com/repos/mergify-test2/functional-testing-repo-sileht/compare/{base}...{head}","merges_url":"https://api.github.com/repos/mergify-test2/functional-testing-repo-sileht/merges","archive_url":"https://api.github.com/repos/mergify-test2/functional-testing-repo-sileht/{archive_format}{/ref}","downloads_url":"https://api.github.com/repos/mergify-test2/functional-testing-repo-sileht/downloads","issues_url":"https://api.github.com/repos/mergify-test2/functional-testing-repo-sileht/issues{/number}","pulls_url":"https://api.github.com/repos/mergify-test2/functional-testing-repo-sileht/pulls{/number}","milestones_url":"https://api.github.com/repos/mergify-test2/functional-testing-repo-sileht/milestones{/number}","notifications_url":"https://api.github.com/repos/mergify-test2/functional-testing-repo-sileht/notifications{?since,all,participating}","labels_url":"https://api.github.com/repos/mergify-test2/functional-testing-repo-sileht/labels{/name}","releases_url":"https://api.github.com/repos/mergify-test2/functional-testing-repo-sileht/releases{/id}","deployments_url":"https://api.github.com/repos/mergify-test2/functional-testing-repo-sileht/deployments","created_at":"2021-08-24T12:26:26Z","updated_at":"2021-08-24T12:26:27Z","pushed_at":"2021-12-03T10:23:47Z","git_url":"git://github.com/mergify-test2/functional-testing-repo-sileht.git","ssh_url":"git@github.com:mergify-test2/functional-testing-repo-sileht.git","clone_url":"https://github.com/mergify-test2/functional-testing-repo-sileht.git","svn_url":"https://github.com/mergify-test2/functional-testing-repo-sileht","homepage":null,"size":1312,"stargazers_count":0,"watchers_count":0,"language":null,"has_issues":false,"has_projects":true,"has_downloads":true,"has_wiki":true,"has_pages":false,"forks_count":0,"mirror_url":null,"archived":false,"disabled":false,"open_issues_count":0,"license":null,"allow_forking":true,"is_template":false,"topics":[],"visibility":"public","forks":0,"open_issues":0,"watchers":0,"default_branch":"main"}},"base":{"label":"mergifyio-testing:20211203102340/test_no_strict_mode_brownout/main","ref":"20211203102340/test_no_strict_mode_brownout/main","sha":"f7d6232b27929313b04d0b688bdf23b1233d70de","user":{"login":"mergifyio-testing","id":40527191,"node_id":"MDEyOk9yZ2FuaXphdGlvbjQwNTI3MTkx","avatar_url":"https://avatars.githubusercontent.com/u/40527191?v=4","gravatar_id":"","url":"https://api.github.com/users/mergifyio-testing","html_url":"https://github.com/mergifyio-testing","followers_url":"https://api.github.com/users/mergifyio-testing/followers","following_url":"https://api.github.com/users/mergifyio-testing/following{/other_user}","gists_url":"https://api.github.com/users/mergifyio-testing/gists{/gist_id}","starred_url":"https://api.github.com/users/mergifyio-testing/starred{/owner}{/repo}","subscriptions_url":"https://api.github.com/users/mergifyio-testing/subscriptions","organizations_url":"https://api.github.com/users/mergifyio-testing/orgs","repos_url":"https://api.github.com/users/mergifyio-testing/repos","events_url":"https://api.github.com/users/mergifyio-testing/events{/privacy}","received_events_url":"https://api.github.com/users/mergifyio-testing/received_events","type":"Organization","site_admin":false},"repo":{"id":399426199,"node_id":"MDEwOlJlcG9zaXRvcnkzOTk0MjYxOTk=","name":"functional-testing-repo-sileht","full_name":"mergifyio-testing/functional-testing-repo-sileht","private":false,"owner":{"login":"mergifyio-testing","id":40527191,"node_id":"MDEyOk9yZ2FuaXphdGlvbjQwNTI3MTkx","avatar_url":"https://avatars.githubusercontent.com/u/40527191?v=4","gravatar_id":"","url":"https://api.github.com/users/mergifyio-testing","html_url":"https://github.com/mergifyio-testing","followers_url":"https://api.github.com/users/mergifyio-testing/followers","following_url":"https://api.github.com/users/mergifyio-testing/following{/other_user}","gists_url":"https://api.github.com/users/mergifyio-testing/gists{/gist_id}","starred_url":"https://api.github.com/users/mergifyio-testing/starred{/owner}{/repo}","subscriptions_url":"https://api.github.com/users/mergifyio-testing/subscriptions","organizations_url":"https://api.github.com/users/mergifyio-testing/orgs","repos_url":"https://api.github.com/users/mergifyio-testing/repos","events_url":"https://api.github.com/users/mergifyio-testing/events{/privacy}","received_events_url":"https://api.github.com/users/mergifyio-testing/received_events","type":"Organization","site_admin":false},"html_url":"https://github.com/mergifyio-testing/functional-testing-repo-sileht","description":null,"fork":false,"url":"https://api.github.com/repos/mergifyio-testing/functional-testing-repo-sileht","forks_url":"https://api.github.com/repos/mergifyio-testing/functional-testing-repo-sileht/forks","keys_url":"https://api.github.com/repos/mergifyio-testing/functional-testing-repo-sileht/keys{/key_id}","collaborators_url":"https://api.github.com/repos/mergifyio-testing/functional-testing-repo-sileht/collaborators{/collaborator}","teams_url":"https://api.github.com/repos/mergifyio-testing/functional-testing-repo-sileht/teams","hooks_url":"https://api.github.com/repos/mergifyio-testing/functional-testing-repo-sileht/hooks","issue_events_url":"https://api.github.com/repos/mergifyio-testing/functional-testing-repo-sileht/issues/events{/number}","events_url":"https://api.github.com/repos/mergifyio-testing/functional-testing-repo-sileht/events","assignees_url":"https://api.github.com/repos/mergifyio-testing/functional-testing-repo-sileht/assignees{/user}","branches_url":"https://api.github.com/repos/mergifyio-testing/functional-testing-repo-sileht/branches{/branch}","tags_url":"https://api.github.com/repos/mergifyio-testing/functional-testing-repo-sileht/tags","blobs_url":"https://api.github.com/repos/mergifyio-testing/functional-testing-repo-sileht/git/blobs{/sha}","git_tags_url":"https://api.github.com/repos/mergifyio-testing/functional-testing-repo-sileht/git/tags{/sha}","git_refs_url":"https://api.github.com/repos/mergifyio-testing/functional-testing-repo-sileht/git/refs{/sha}","trees_url":"https://api.github.com/repos/mergifyio-testing/functional-testing-repo-sileht/git/trees{/sha}","statuses_url":"https://api.github.com/repos/mergifyio-testing/functional-testing-repo-sileht/statuses/{sha}","languages_url":"https://api.github.com/repos/mergifyio-testing/functional-testing-repo-sileht/languages","stargazers_url":"https://api.github.com/repos/mergifyio-testing/functional-testing-repo-sileht/stargazers","contributors_url":"https://api.github.com/repos/mergifyio-testing/functional-testing-repo-sileht/contributors","subscribers_url":"https://api.github.com/repos/mergifyio-testing/functional-testing-repo-sileht/subscribers","subscription_url":"https://api.github.com/repos/mergifyio-testing/functional-testing-repo-sileht/subscription","commits_url":"https://api.github.com/repos/mergifyio-testing/functional-testing-repo-sileht/commits{/sha}","git_commits_url":"https://api.github.com/repos/mergifyio-testing/functional-testing-repo-sileht/git/commits{/sha}","comments_url":"https://api.github.com/repos/mergifyio-testing/functional-testing-repo-sileht/comments{/number}","issue_comment_url":"https://api.github.com/repos/mergifyio-testing/functional-testing-repo-sileht/issues/comments{/number}","contents_url":"https://api.github.com/repos/mergifyio-testing/functional-testing-repo-sileht/contents/{+path}","compare_url":"https://api.github.com/repos/mergifyio-testing/functional-testing-repo-sileht/compare/{base}...{head}","merges_url":"https://api.github.com/repos/mergifyio-testing/functional-testing-repo-sileht/merges","archive_url":"https://api.github.com/repos/mergifyio-testing/functional-testing-repo-sileht/{archive_format}{/ref}","downloads_url":"https://api.github.com/repos/mergifyio-testing/functional-testing-repo-sileht/downloads","issues_url":"https://api.github.com/repos/mergifyio-testing/functional-testing-repo-sileht/issues{/number}","pulls_url":"https://api.github.com/repos/mergifyio-testing/functional-testing-repo-sileht/pulls{/number}","milestones_url":"https://api.github.com/repos/mergifyio-testing/functional-testing-repo-sileht/milestones{/number}","notifications_url":"https://api.github.com/repos/mergifyio-testing/functional-testing-repo-sileht/notifications{?since,all,participating}","labels_url":"https://api.github.com/repos/mergifyio-testing/functional-testing-repo-sileht/labels{/name}","releases_url":"https://api.github.com/repos/mergifyio-testing/functional-testing-repo-sileht/releases{/id}","deployments_url":"https://api.github.com/repos/mergifyio-testing/functional-testing-repo-sileht/deployments","created_at":"2021-08-24T10:36:34Z","updated_at":"2021-11-30T09:38:27Z","pushed_at":"2021-12-03T10:23:44Z","git_url":"git://github.com/mergifyio-testing/functional-testing-repo-sileht.git","ssh_url":"git@github.com:mergifyio-testing/functional-testing-repo-sileht.git","clone_url":"https://github.com/mergifyio-testing/functional-testing-repo-sileht.git","svn_url":"https://github.com/mergifyio-testing/functional-testing-repo-sileht","homepage":null,"size":1,"stargazers_count":0,"watchers_count":0,"language":null,"has_issues":true,"has_projects":true,"has_downloads":true,"has_wiki":true,"has_pages":false,"forks_count":1,"mirror_url":null,"archived":false,"disabled":false,"open_issues_count":2,"license":null,"allow_forking":true,"is_template":false,"topics":[],"visibility":"public","forks":1,"open_issues":2,"watchers":0,"default_branch":"20211203102340/test_no_strict_mode_brownout/main"}},"_links":{"self":{"href":"https://api.github.com/repos/mergifyio-testing/functional-testing-repo-sileht/pulls/3137"},"html":{"href":"https://github.com/mergifyio-testing/functional-testing-repo-sileht/pull/3137"},"issue":{"href":"https://api.github.com/repos/mergifyio-testing/functional-testing-repo-sileht/issues/3137"},"comments":{"href":"https://api.github.com/repos/mergifyio-testing/functional-testing-repo-sileht/issues/3137/comments"},"review_comments":{"href":"https://api.github.com/repos/mergifyio-testing/functional-testing-repo-sileht/pulls/3137/comments"},"review_comment":{"href":"https://api.github.com/repos/mergifyio-testing/functional-testing-repo-sileht/pulls/comments{/number}"},"commits":{"href":"https://api.github.com/repos/mergifyio-testing/functional-testing-repo-sileht/pulls/3137/commits"},"statuses":{"href":"https://api.github.com/repos/mergifyio-testing/functional-testing-repo-sileht/statuses/600123f04577f9beeb2df75494f87c87e2a349e3"}},"author_association":"NONE","auto_merge":null,"active_lock_reason":null,"merged":false,"mergeable":null,"rebaseable":null,"mergeable_state":"unknown","merged_by":null,"comments":0,"review_comments":0,"maintainer_can_modify":true,"commits":1,"additions":0,"deletions":0,"changed_files":1}'
    headers:
      Content-Length:
      - '18550'
      Content-Type:
      - application/json; charset=utf-8
      Location:
      - https://api.github.com/repos/mergifyio-testing/functional-testing-repo-sileht/pulls/3137
      X-Accepted-OAuth-Scopes:
      - ''
      X-GitHub-Media-Type:
      - github.v3; param=machine-man-preview; format=json
      X-OAuth-Scopes:
      - delete_repo, read:org, read:user, repo, user:email, workflow
    http_version: HTTP/1.1
    status_code: 201
- request:
    body: whatdataisthat
    headers:
      X-Hub-Signature:
      - <SIGNATURE>
      accept:
      - '*/*'
      content-length:
      - '14'
      host:
      - test-forwarder.mergify.io
    method: GET
    uri: https://test-forwarder.mergify.io/events/github.com/11221/399426199?counter=1
  response:
    content: '[{"id":"184e1448-5423-11ec-8e41-e7497164457e","type":"push","payload":{"ref":"refs/heads/20211203102340/test_no_strict_mode_brownout/main","before":"0000000000000000000000000000000000000000","after":"f7d6232b27929313b04d0b688bdf23b1233d70de","repository":{"id":399426199,"node_id":"MDEwOlJlcG9zaXRvcnkzOTk0MjYxOTk=","name":"functional-testing-repo-sileht","full_name":"mergifyio-testing/functional-testing-repo-sileht","private":false,"owner":{"name":"mergifyio-testing","email":null,"login":"mergifyio-testing","id":40527191,"node_id":"MDEyOk9yZ2FuaXphdGlvbjQwNTI3MTkx","avatar_url":"https://avatars.githubusercontent.com/u/40527191?v=4","gravatar_id":"","url":"https://api.github.com/users/mergifyio-testing","html_url":"https://github.com/mergifyio-testing","followers_url":"https://api.github.com/users/mergifyio-testing/followers","following_url":"https://api.github.com/users/mergifyio-testing/following{/other_user}","gists_url":"https://api.github.com/users/mergifyio-testing/gists{/gist_id}","starred_url":"https://api.github.com/users/mergifyio-testing/starred{/owner}{/repo}","subscriptions_url":"https://api.github.com/users/mergifyio-testing/subscriptions","organizations_url":"https://api.github.com/users/mergifyio-testing/orgs","repos_url":"https://api.github.com/users/mergifyio-testing/repos","events_url":"https://api.github.com/users/mergifyio-testing/events{/privacy}","received_events_url":"https://api.github.com/users/mergifyio-testing/received_events","type":"Organization","site_admin":false},"html_url":"https://github.com/mergifyio-testing/functional-testing-repo-sileht","description":null,"fork":false,"url":"https://github.com/mergifyio-testing/functional-testing-repo-sileht","forks_url":"https://api.github.com/repos/mergifyio-testing/functional-testing-repo-sileht/forks","keys_url":"https://api.github.com/repos/mergifyio-testing/functional-testing-repo-sileht/keys{/key_id}","collaborators_url":"https://api.github.com/repos/mergifyio-testing/functional-testing-repo-sileht/collaborators{/collaborator}","teams_url":"https://api.github.com/repos/mergifyio-testing/functional-testing-repo-sileht/teams","hooks_url":"https://api.github.com/repos/mergifyio-testing/functional-testing-repo-sileht/hooks","issue_events_url":"https://api.github.com/repos/mergifyio-testing/functional-testing-repo-sileht/issues/events{/number}","events_url":"https://api.github.com/repos/mergifyio-testing/functional-testing-repo-sileht/events","assignees_url":"https://api.github.com/repos/mergifyio-testing/functional-testing-repo-sileht/assignees{/user}","branches_url":"https://api.github.com/repos/mergifyio-testing/functional-testing-repo-sileht/branches{/branch}","tags_url":"https://api.github.com/repos/mergifyio-testing/functional-testing-repo-sileht/tags","blobs_url":"https://api.github.com/repos/mergifyio-testing/functional-testing-repo-sileht/git/blobs{/sha}","git_tags_url":"https://api.github.com/repos/mergifyio-testing/functional-testing-repo-sileht/git/tags{/sha}","git_refs_url":"https://api.github.com/repos/mergifyio-testing/functional-testing-repo-sileht/git/refs{/sha}","trees_url":"https://api.github.com/repos/mergifyio-testing/functional-testing-repo-sileht/git/trees{/sha}","statuses_url":"https://api.github.com/repos/mergifyio-testing/functional-testing-repo-sileht/statuses/{sha}","languages_url":"https://api.github.com/repos/mergifyio-testing/functional-testing-repo-sileht/languages","stargazers_url":"https://api.github.com/repos/mergifyio-testing/functional-testing-repo-sileht/stargazers","contributors_url":"https://api.github.com/repos/mergifyio-testing/functional-testing-repo-sileht/contributors","subscribers_url":"https://api.github.com/repos/mergifyio-testing/functional-testing-repo-sileht/subscribers","subscription_url":"https://api.github.com/repos/mergifyio-testing/functional-testing-repo-sileht/subscription","commits_url":"https://api.github.com/repos/mergifyio-testing/functional-testing-repo-sileht/commits{/sha}","git_commits_url":"https://api.github.com/repos/mergifyio-testing/functional-testing-repo-sileht/git/commits{/sha}","comments_url":"https://api.github.com/repos/mergifyio-testing/functional-testing-repo-sileht/comments{/number}","issue_comment_url":"https://api.github.com/repos/mergifyio-testing/functional-testing-repo-sileht/issues/comments{/number}","contents_url":"https://api.github.com/repos/mergifyio-testing/functional-testing-repo-sileht/contents/{+path}","compare_url":"https://api.github.com/repos/mergifyio-testing/functional-testing-repo-sileht/compare/{base}...{head}","merges_url":"https://api.github.com/repos/mergifyio-testing/functional-testing-repo-sileht/merges","archive_url":"https://api.github.com/repos/mergifyio-testing/functional-testing-repo-sileht/{archive_format}{/ref}","downloads_url":"https://api.github.com/repos/mergifyio-testing/functional-testing-repo-sileht/downloads","issues_url":"https://api.github.com/repos/mergifyio-testing/functional-testing-repo-sileht/issues{/number}","pulls_url":"https://api.github.com/repos/mergifyio-testing/functional-testing-repo-sileht/pulls{/number}","milestones_url":"https://api.github.com/repos/mergifyio-testing/functional-testing-repo-sileht/milestones{/number}","notifications_url":"https://api.github.com/repos/mergifyio-testing/functional-testing-repo-sileht/notifications{?since,all,participating}","labels_url":"https://api.github.com/repos/mergifyio-testing/functional-testing-repo-sileht/labels{/name}","releases_url":"https://api.github.com/repos/mergifyio-testing/functional-testing-repo-sileht/releases{/id}","deployments_url":"https://api.github.com/repos/mergifyio-testing/functional-testing-repo-sileht/deployments","created_at":1629801394,"updated_at":"2021-11-30T09:38:27Z","pushed_at":1638527024,"git_url":"git://github.com/mergifyio-testing/functional-testing-repo-sileht.git","ssh_url":"git@github.com:mergifyio-testing/functional-testing-repo-sileht.git","clone_url":"https://github.com/mergifyio-testing/functional-testing-repo-sileht.git","svn_url":"https://github.com/mergifyio-testing/functional-testing-repo-sileht","homepage":null,"size":1,"stargazers_count":0,"watchers_count":0,"language":null,"has_issues":true,"has_projects":true,"has_downloads":true,"has_wiki":true,"has_pages":false,"forks_count":1,"mirror_url":null,"archived":false,"disabled":false,"open_issues_count":1,"license":null,"allow_forking":true,"is_template":false,"topics":[],"visibility":"public","forks":1,"open_issues":1,"watchers":0,"default_branch":"main","stargazers":0,"master_branch":"main","organization":"mergifyio-testing"},"pusher":{"name":"mergify-test1","email":"38494943+mergify-test1@users.noreply.github.com"},"organization":{"login":"mergifyio-testing","id":40527191,"node_id":"MDEyOk9yZ2FuaXphdGlvbjQwNTI3MTkx","url":"https://api.github.com/orgs/mergifyio-testing","repos_url":"https://api.github.com/orgs/mergifyio-testing/repos","events_url":"https://api.github.com/orgs/mergifyio-testing/events","hooks_url":"https://api.github.com/orgs/mergifyio-testing/hooks","issues_url":"https://api.github.com/orgs/mergifyio-testing/issues","members_url":"https://api.github.com/orgs/mergifyio-testing/members{/member}","public_members_url":"https://api.github.com/orgs/mergifyio-testing/public_members{/member}","avatar_url":"https://avatars.githubusercontent.com/u/40527191?v=4","description":"This
      account is for testing purpose of the workflow of the GitHub App @Mergifyio"},"sender":{"login":"mergify-test1","id":38494943,"node_id":"MDQ6VXNlcjM4NDk0OTQz","avatar_url":"https://avatars.githubusercontent.com/u/38494943?v=4","gravatar_id":"","url":"https://api.github.com/users/mergify-test1","html_url":"https://github.com/mergify-test1","followers_url":"https://api.github.com/users/mergify-test1/followers","following_url":"https://api.github.com/users/mergify-test1/following{/other_user}","gists_url":"https://api.github.com/users/mergify-test1/gists{/gist_id}","starred_url":"https://api.github.com/users/mergify-test1/starred{/owner}{/repo}","subscriptions_url":"https://api.github.com/users/mergify-test1/subscriptions","organizations_url":"https://api.github.com/users/mergify-test1/orgs","repos_url":"https://api.github.com/users/mergify-test1/repos","events_url":"https://api.github.com/users/mergify-test1/events{/privacy}","received_events_url":"https://api.github.com/users/mergify-test1/received_events","type":"User","site_admin":false},"installation":{"id":15398551,"node_id":"MDIzOkludGVncmF0aW9uSW5zdGFsbGF0aW9uMTUzOTg1NTE="},"created":true,"deleted":false,"forced":false,"base_ref":null,"compare":"https://github.com/mergifyio-testing/functional-testing-repo-sileht/commit/f7d6232b2792","commits":[{"id":"f7d6232b27929313b04d0b688bdf23b1233d70de","tree_id":"ef715bc6db589284a67495ce45d4ee03b750c84e","distinct":true,"message":"initial
      commit","timestamp":"2021-12-03T11:23:43+01:00","url":"https://github.com/mergifyio-testing/functional-testing-repo-sileht/commit/f7d6232b27929313b04d0b688bdf23b1233d70de","author":{"name":"mergify-tester","email":"noreply@mergify.com"},"committer":{"name":"mergify-tester","email":"noreply@mergify.com"},"added":[".mergify.yml"],"removed":[],"modified":[]}],"head_commit":{"id":"f7d6232b27929313b04d0b688bdf23b1233d70de","tree_id":"ef715bc6db589284a67495ce45d4ee03b750c84e","distinct":true,"message":"initial
      commit","timestamp":"2021-12-03T11:23:43+01:00","url":"https://github.com/mergifyio-testing/functional-testing-repo-sileht/commit/f7d6232b27929313b04d0b688bdf23b1233d70de","author":{"name":"mergify-tester","email":"noreply@mergify.com"},"committer":{"name":"mergify-tester","email":"noreply@mergify.com"},"added":[".mergify.yml"],"removed":[],"modified":[]}}},{"id":"189a32b0-5423-11ec-8b8b-3c45d1583775","type":"check_suite","payload":{"action":"requested","check_suite":{"id":4543312305,"node_id":"CS_kwDOF87Cl88AAAABDs1xsQ","head_branch":"20211203102340/test_no_strict_mode_brownout/main","head_sha":"f7d6232b27929313b04d0b688bdf23b1233d70de","status":"queued","conclusion":null,"url":"https://api.github.com/repos/mergifyio-testing/functional-testing-repo-sileht/check-suites/4543312305","before":"0000000000000000000000000000000000000000","after":"f7d6232b27929313b04d0b688bdf23b1233d70de","pull_requests":[],"app":{"id":11221,"slug":"mergify-test","node_id":"MDM6QXBwMTEyMjE=","owner":{"login":"mergifyio-testing","id":40527191,"node_id":"MDEyOk9yZ2FuaXphdGlvbjQwNTI3MTkx","avatar_url":"https://avatars.githubusercontent.com/u/40527191?v=4","gravatar_id":"","url":"https://api.github.com/users/mergifyio-testing","html_url":"https://github.com/mergifyio-testing","followers_url":"https://api.github.com/users/mergifyio-testing/followers","following_url":"https://api.github.com/users/mergifyio-testing/following{/other_user}","gists_url":"https://api.github.com/users/mergifyio-testing/gists{/gist_id}","starred_url":"https://api.github.com/users/mergifyio-testing/starred{/owner}{/repo}","subscriptions_url":"https://api.github.com/users/mergifyio-testing/subscriptions","organizations_url":"https://api.github.com/users/mergifyio-testing/orgs","repos_url":"https://api.github.com/users/mergifyio-testing/repos","events_url":"https://api.github.com/users/mergifyio-testing/events{/privacy}","received_events_url":"https://api.github.com/users/mergifyio-testing/received_events","type":"Organization","site_admin":false},"name":"Mergify-test","description":"Test
      version of Mergify.","external_url":"https://mergify.io","html_url":"https://github.com/apps/mergify-test","created_at":"2018-04-18T13:55:11Z","updated_at":"2021-03-15T16:12:09Z","permissions":{"administration":"read","checks":"write","contents":"write","emails":"read","issues":"write","members":"read","metadata":"read","pages":"write","pull_requests":"write","statuses":"read","workflows":"write"},"events":["check_run","check_suite","issue_comment","merge_queue_entry","pull_request","pull_request_review","pull_request_review_comment","push","status"]},"created_at":"2021-12-03T10:23:45Z","updated_at":"2021-12-03T10:23:45Z","rerequestable":true,"runs_rerequestable":true,"latest_check_runs_count":0,"check_runs_url":"https://api.github.com/repos/mergifyio-testing/functional-testing-repo-sileht/check-suites/4543312305/check-runs","head_commit":{"id":"f7d6232b27929313b04d0b688bdf23b1233d70de","tree_id":"ef715bc6db589284a67495ce45d4ee03b750c84e","message":"initial
      commit","timestamp":"2021-12-03T10:23:43Z","author":{"name":"mergify-tester","email":"noreply@mergify.com"},"committer":{"name":"mergify-tester","email":"noreply@mergify.com"}}},"repository":{"id":399426199,"node_id":"MDEwOlJlcG9zaXRvcnkzOTk0MjYxOTk=","name":"functional-testing-repo-sileht","full_name":"mergifyio-testing/functional-testing-repo-sileht","private":false,"owner":{"login":"mergifyio-testing","id":40527191,"node_id":"MDEyOk9yZ2FuaXphdGlvbjQwNTI3MTkx","avatar_url":"https://avatars.githubusercontent.com/u/40527191?v=4","gravatar_id":"","url":"https://api.github.com/users/mergifyio-testing","html_url":"https://github.com/mergifyio-testing","followers_url":"https://api.github.com/users/mergifyio-testing/followers","following_url":"https://api.github.com/users/mergifyio-testing/following{/other_user}","gists_url":"https://api.github.com/users/mergifyio-testing/gists{/gist_id}","starred_url":"https://api.github.com/users/mergifyio-testing/starred{/owner}{/repo}","subscriptions_url":"https://api.github.com/users/mergifyio-testing/subscriptions","organizations_url":"https://api.github.com/users/mergifyio-testing/orgs","repos_url":"https://api.github.com/users/mergifyio-testing/repos","events_url":"https://api.github.com/users/mergifyio-testing/events{/privacy}","received_events_url":"https://api.github.com/users/mergifyio-testing/received_events","type":"Organization","site_admin":false},"html_url":"https://github.com/mergifyio-testing/functional-testing-repo-sileht","description":null,"fork":false,"url":"https://api.github.com/repos/mergifyio-testing/functional-testing-repo-sileht","forks_url":"https://api.github.com/repos/mergifyio-testing/functional-testing-repo-sileht/forks","keys_url":"https://api.github.com/repos/mergifyio-testing/functional-testing-repo-sileht/keys{/key_id}","collaborators_url":"https://api.github.com/repos/mergifyio-testing/functional-testing-repo-sileht/collaborators{/collaborator}","teams_url":"https://api.github.com/repos/mergifyio-testing/functional-testing-repo-sileht/teams","hooks_url":"https://api.github.com/repos/mergifyio-testing/functional-testing-repo-sileht/hooks","issue_events_url":"https://api.github.com/repos/mergifyio-testing/functional-testing-repo-sileht/issues/events{/number}","events_url":"https://api.github.com/repos/mergifyio-testing/functional-testing-repo-sileht/events","assignees_url":"https://api.github.com/repos/mergifyio-testing/functional-testing-repo-sileht/assignees{/user}","branches_url":"https://api.github.com/repos/mergifyio-testing/functional-testing-repo-sileht/branches{/branch}","tags_url":"https://api.github.com/repos/mergifyio-testing/functional-testing-repo-sileht/tags","blobs_url":"https://api.github.com/repos/mergifyio-testing/functional-testing-repo-sileht/git/blobs{/sha}","git_tags_url":"https://api.github.com/repos/mergifyio-testing/functional-testing-repo-sileht/git/tags{/sha}","git_refs_url":"https://api.github.com/repos/mergifyio-testing/functional-testing-repo-sileht/git/refs{/sha}","trees_url":"https://api.github.com/repos/mergifyio-testing/functional-testing-repo-sileht/git/trees{/sha}","statuses_url":"https://api.github.com/repos/mergifyio-testing/functional-testing-repo-sileht/statuses/{sha}","languages_url":"https://api.github.com/repos/mergifyio-testing/functional-testing-repo-sileht/languages","stargazers_url":"https://api.github.com/repos/mergifyio-testing/functional-testing-repo-sileht/stargazers","contributors_url":"https://api.github.com/repos/mergifyio-testing/functional-testing-repo-sileht/contributors","subscribers_url":"https://api.github.com/repos/mergifyio-testing/functional-testing-repo-sileht/subscribers","subscription_url":"https://api.github.com/repos/mergifyio-testing/functional-testing-repo-sileht/subscription","commits_url":"https://api.github.com/repos/mergifyio-testing/functional-testing-repo-sileht/commits{/sha}","git_commits_url":"https://api.github.com/repos/mergifyio-testing/functional-testing-repo-sileht/git/commits{/sha}","comments_url":"https://api.github.com/repos/mergifyio-testing/functional-testing-repo-sileht/comments{/number}","issue_comment_url":"https://api.github.com/repos/mergifyio-testing/functional-testing-repo-sileht/issues/comments{/number}","contents_url":"https://api.github.com/repos/mergifyio-testing/functional-testing-repo-sileht/contents/{+path}","compare_url":"https://api.github.com/repos/mergifyio-testing/functional-testing-repo-sileht/compare/{base}...{head}","merges_url":"https://api.github.com/repos/mergifyio-testing/functional-testing-repo-sileht/merges","archive_url":"https://api.github.com/repos/mergifyio-testing/functional-testing-repo-sileht/{archive_format}{/ref}","downloads_url":"https://api.github.com/repos/mergifyio-testing/functional-testing-repo-sileht/downloads","issues_url":"https://api.github.com/repos/mergifyio-testing/functional-testing-repo-sileht/issues{/number}","pulls_url":"https://api.github.com/repos/mergifyio-testing/functional-testing-repo-sileht/pulls{/number}","milestones_url":"https://api.github.com/repos/mergifyio-testing/functional-testing-repo-sileht/milestones{/number}","notifications_url":"https://api.github.com/repos/mergifyio-testing/functional-testing-repo-sileht/notifications{?since,all,participating}","labels_url":"https://api.github.com/repos/mergifyio-testing/functional-testing-repo-sileht/labels{/name}","releases_url":"https://api.github.com/repos/mergifyio-testing/functional-testing-repo-sileht/releases{/id}","deployments_url":"https://api.github.com/repos/mergifyio-testing/functional-testing-repo-sileht/deployments","created_at":"2021-08-24T10:36:34Z","updated_at":"2021-11-30T09:38:27Z","pushed_at":"2021-12-03T10:23:44Z","git_url":"git://github.com/mergifyio-testing/functional-testing-repo-sileht.git","ssh_url":"git@github.com:mergifyio-testing/functional-testing-repo-sileht.git","clone_url":"https://github.com/mergifyio-testing/functional-testing-repo-sileht.git","svn_url":"https://github.com/mergifyio-testing/functional-testing-repo-sileht","homepage":null,"size":1,"stargazers_count":0,"watchers_count":0,"language":null,"has_issues":true,"has_projects":true,"has_downloads":true,"has_wiki":true,"has_pages":false,"forks_count":1,"mirror_url":null,"archived":false,"disabled":false,"open_issues_count":1,"license":null,"allow_forking":true,"is_template":false,"topics":[],"visibility":"public","forks":1,"open_issues":1,"watchers":0,"default_branch":"main"},"organization":{"login":"mergifyio-testing","id":40527191,"node_id":"MDEyOk9yZ2FuaXphdGlvbjQwNTI3MTkx","url":"https://api.github.com/orgs/mergifyio-testing","repos_url":"https://api.github.com/orgs/mergifyio-testing/repos","events_url":"https://api.github.com/orgs/mergifyio-testing/events","hooks_url":"https://api.github.com/orgs/mergifyio-testing/hooks","issues_url":"https://api.github.com/orgs/mergifyio-testing/issues","members_url":"https://api.github.com/orgs/mergifyio-testing/members{/member}","public_members_url":"https://api.github.com/orgs/mergifyio-testing/public_members{/member}","avatar_url":"https://avatars.githubusercontent.com/u/40527191?v=4","description":"This
      account is for testing purpose of the workflow of the GitHub App @Mergifyio"},"sender":{"login":"mergify-test1","id":38494943,"node_id":"MDQ6VXNlcjM4NDk0OTQz","avatar_url":"https://avatars.githubusercontent.com/u/38494943?v=4","gravatar_id":"","url":"https://api.github.com/users/mergify-test1","html_url":"https://github.com/mergify-test1","followers_url":"https://api.github.com/users/mergify-test1/followers","following_url":"https://api.github.com/users/mergify-test1/following{/other_user}","gists_url":"https://api.github.com/users/mergify-test1/gists{/gist_id}","starred_url":"https://api.github.com/users/mergify-test1/starred{/owner}{/repo}","subscriptions_url":"https://api.github.com/users/mergify-test1/subscriptions","organizations_url":"https://api.github.com/users/mergify-test1/orgs","repos_url":"https://api.github.com/users/mergify-test1/repos","events_url":"https://api.github.com/users/mergify-test1/events{/privacy}","received_events_url":"https://api.github.com/users/mergify-test1/received_events","type":"User","site_admin":false},"installation":{"id":15398551,"node_id":"MDIzOkludGVncmF0aW9uSW5zdGFsbGF0aW9uMTUzOTg1NTE="}}},{"id":"1ab4d550-5423-11ec-8dc8-4e66e07473c5","type":"pull_request","payload":{"action":"opened","number":3137,"pull_request":{"url":"https://api.github.com/repos/mergifyio-testing/functional-testing-repo-sileht/pulls/3137","id":794459452,"node_id":"PR_kwDOF87Cl84vWn08","html_url":"https://github.com/mergifyio-testing/functional-testing-repo-sileht/pull/3137","diff_url":"https://github.com/mergifyio-testing/functional-testing-repo-sileht/pull/3137.diff","patch_url":"https://github.com/mergifyio-testing/functional-testing-repo-sileht/pull/3137.patch","issue_url":"https://api.github.com/repos/mergifyio-testing/functional-testing-repo-sileht/issues/3137","number":3137,"state":"open","locked":false,"title":"test_no_strict_mode_brownout:
      pull request n1 from fork","user":{"login":"mergify-test2","id":38495008,"node_id":"MDQ6VXNlcjM4NDk1MDA4","avatar_url":"https://avatars.githubusercontent.com/u/38495008?v=4","gravatar_id":"","url":"https://api.github.com/users/mergify-test2","html_url":"https://github.com/mergify-test2","followers_url":"https://api.github.com/users/mergify-test2/followers","following_url":"https://api.github.com/users/mergify-test2/following{/other_user}","gists_url":"https://api.github.com/users/mergify-test2/gists{/gist_id}","starred_url":"https://api.github.com/users/mergify-test2/starred{/owner}{/repo}","subscriptions_url":"https://api.github.com/users/mergify-test2/subscriptions","organizations_url":"https://api.github.com/users/mergify-test2/orgs","repos_url":"https://api.github.com/users/mergify-test2/repos","events_url":"https://api.github.com/users/mergify-test2/events{/privacy}","received_events_url":"https://api.github.com/users/mergify-test2/received_events","type":"User","site_admin":false},"body":"test_no_strict_mode_brownout:
      pull request n1 from fork","created_at":"2021-12-03T10:23:48Z","updated_at":"2021-12-03T10:23:48Z","closed_at":null,"merged_at":null,"merge_commit_sha":null,"assignee":null,"assignees":[],"requested_reviewers":[],"requested_teams":[],"labels":[],"milestone":null,"draft":false,"commits_url":"https://api.github.com/repos/mergifyio-testing/functional-testing-repo-sileht/pulls/3137/commits","review_comments_url":"https://api.github.com/repos/mergifyio-testing/functional-testing-repo-sileht/pulls/3137/comments","review_comment_url":"https://api.github.com/repos/mergifyio-testing/functional-testing-repo-sileht/pulls/comments{/number}","comments_url":"https://api.github.com/repos/mergifyio-testing/functional-testing-repo-sileht/issues/3137/comments","statuses_url":"https://api.github.com/repos/mergifyio-testing/functional-testing-repo-sileht/statuses/600123f04577f9beeb2df75494f87c87e2a349e3","head":{"label":"mergify-test2:20211203102340/test_no_strict_mode_brownout/fork/pr1","ref":"20211203102340/test_no_strict_mode_brownout/fork/pr1","sha":"600123f04577f9beeb2df75494f87c87e2a349e3","user":{"login":"mergify-test2","id":38495008,"node_id":"MDQ6VXNlcjM4NDk1MDA4","avatar_url":"https://avatars.githubusercontent.com/u/38495008?v=4","gravatar_id":"","url":"https://api.github.com/users/mergify-test2","html_url":"https://github.com/mergify-test2","followers_url":"https://api.github.com/users/mergify-test2/followers","following_url":"https://api.github.com/users/mergify-test2/following{/other_user}","gists_url":"https://api.github.com/users/mergify-test2/gists{/gist_id}","starred_url":"https://api.github.com/users/mergify-test2/starred{/owner}{/repo}","subscriptions_url":"https://api.github.com/users/mergify-test2/subscriptions","organizations_url":"https://api.github.com/users/mergify-test2/orgs","repos_url":"https://api.github.com/users/mergify-test2/repos","events_url":"https://api.github.com/users/mergify-test2/events{/privacy}","received_events_url":"https://api.github.com/users/mergify-test2/received_events","type":"User","site_admin":false},"repo":{"id":399456174,"node_id":"MDEwOlJlcG9zaXRvcnkzOTk0NTYxNzQ=","name":"functional-testing-repo-sileht","full_name":"mergify-test2/functional-testing-repo-sileht","private":false,"owner":{"login":"mergify-test2","id":38495008,"node_id":"MDQ6VXNlcjM4NDk1MDA4","avatar_url":"https://avatars.githubusercontent.com/u/38495008?v=4","gravatar_id":"","url":"https://api.github.com/users/mergify-test2","html_url":"https://github.com/mergify-test2","followers_url":"https://api.github.com/users/mergify-test2/followers","following_url":"https://api.github.com/users/mergify-test2/following{/other_user}","gists_url":"https://api.github.com/users/mergify-test2/gists{/gist_id}","starred_url":"https://api.github.com/users/mergify-test2/starred{/owner}{/repo}","subscriptions_url":"https://api.github.com/users/mergify-test2/subscriptions","organizations_url":"https://api.github.com/users/mergify-test2/orgs","repos_url":"https://api.github.com/users/mergify-test2/repos","events_url":"https://api.github.com/users/mergify-test2/events{/privacy}","received_events_url":"https://api.github.com/users/mergify-test2/received_events","type":"User","site_admin":false},"html_url":"https://github.com/mergify-test2/functional-testing-repo-sileht","description":null,"fork":true,"url":"https://api.github.com/repos/mergify-test2/functional-testing-repo-sileht","forks_url":"https://api.github.com/repos/mergify-test2/functional-testing-repo-sileht/forks","keys_url":"https://api.github.com/repos/mergify-test2/functional-testing-repo-sileht/keys{/key_id}","collaborators_url":"https://api.github.com/repos/mergify-test2/functional-testing-repo-sileht/collaborators{/collaborator}","teams_url":"https://api.github.com/repos/mergify-test2/functional-testing-repo-sileht/teams","hooks_url":"https://api.github.com/repos/mergify-test2/functional-testing-repo-sileht/hooks","issue_events_url":"https://api.github.com/repos/mergify-test2/functional-testing-repo-sileht/issues/events{/number}","events_url":"https://api.github.com/repos/mergify-test2/functional-testing-repo-sileht/events","assignees_url":"https://api.github.com/repos/mergify-test2/functional-testing-repo-sileht/assignees{/user}","branches_url":"https://api.github.com/repos/mergify-test2/functional-testing-repo-sileht/branches{/branch}","tags_url":"https://api.github.com/repos/mergify-test2/functional-testing-repo-sileht/tags","blobs_url":"https://api.github.com/repos/mergify-test2/functional-testing-repo-sileht/git/blobs{/sha}","git_tags_url":"https://api.github.com/repos/mergify-test2/functional-testing-repo-sileht/git/tags{/sha}","git_refs_url":"https://api.github.com/repos/mergify-test2/functional-testing-repo-sileht/git/refs{/sha}","trees_url":"https://api.github.com/repos/mergify-test2/functional-testing-repo-sileht/git/trees{/sha}","statuses_url":"https://api.github.com/repos/mergify-test2/functional-testing-repo-sileht/statuses/{sha}","languages_url":"https://api.github.com/repos/mergify-test2/functional-testing-repo-sileht/languages","stargazers_url":"https://api.github.com/repos/mergify-test2/functional-testing-repo-sileht/stargazers","contributors_url":"https://api.github.com/repos/mergify-test2/functional-testing-repo-sileht/contributors","subscribers_url":"https://api.github.com/repos/mergify-test2/functional-testing-repo-sileht/subscribers","subscription_url":"https://api.github.com/repos/mergify-test2/functional-testing-repo-sileht/subscription","commits_url":"https://api.github.com/repos/mergify-test2/functional-testing-repo-sileht/commits{/sha}","git_commits_url":"https://api.github.com/repos/mergify-test2/functional-testing-repo-sileht/git/commits{/sha}","comments_url":"https://api.github.com/repos/mergify-test2/functional-testing-repo-sileht/comments{/number}","issue_comment_url":"https://api.github.com/repos/mergify-test2/functional-testing-repo-sileht/issues/comments{/number}","contents_url":"https://api.github.com/repos/mergify-test2/functional-testing-repo-sileht/contents/{+path}","compare_url":"https://api.github.com/repos/mergify-test2/functional-testing-repo-sileht/compare/{base}...{head}","merges_url":"https://api.github.com/repos/mergify-test2/functional-testing-repo-sileht/merges","archive_url":"https://api.github.com/repos/mergify-test2/functional-testing-repo-sileht/{archive_format}{/ref}","downloads_url":"https://api.github.com/repos/mergify-test2/functional-testing-repo-sileht/downloads","issues_url":"https://api.github.com/repos/mergify-test2/functional-testing-repo-sileht/issues{/number}","pulls_url":"https://api.github.com/repos/mergify-test2/functional-testing-repo-sileht/pulls{/number}","milestones_url":"https://api.github.com/repos/mergify-test2/functional-testing-repo-sileht/milestones{/number}","notifications_url":"https://api.github.com/repos/mergify-test2/functional-testing-repo-sileht/notifications{?since,all,participating}","labels_url":"https://api.github.com/repos/mergify-test2/functional-testing-repo-sileht/labels{/name}","releases_url":"https://api.github.com/repos/mergify-test2/functional-testing-repo-sileht/releases{/id}","deployments_url":"https://api.github.com/repos/mergify-test2/functional-testing-repo-sileht/deployments","created_at":"2021-08-24T12:26:26Z","updated_at":"2021-08-24T12:26:27Z","pushed_at":"2021-12-03T10:23:47Z","git_url":"git://github.com/mergify-test2/functional-testing-repo-sileht.git","ssh_url":"git@github.com:mergify-test2/functional-testing-repo-sileht.git","clone_url":"https://github.com/mergify-test2/functional-testing-repo-sileht.git","svn_url":"https://github.com/mergify-test2/functional-testing-repo-sileht","homepage":null,"size":1312,"stargazers_count":0,"watchers_count":0,"language":null,"has_issues":false,"has_projects":true,"has_downloads":true,"has_wiki":true,"has_pages":false,"forks_count":0,"mirror_url":null,"archived":false,"disabled":false,"open_issues_count":0,"license":null,"allow_forking":true,"is_template":false,"topics":[],"visibility":"public","forks":0,"open_issues":0,"watchers":0,"default_branch":"main","allow_squash_merge":true,"allow_merge_commit":true,"allow_rebase_merge":true,"allow_auto_merge":false,"delete_branch_on_merge":false,"allow_update_branch":false}},"base":{"label":"mergifyio-testing:20211203102340/test_no_strict_mode_brownout/main","ref":"20211203102340/test_no_strict_mode_brownout/main","sha":"f7d6232b27929313b04d0b688bdf23b1233d70de","user":{"login":"mergifyio-testing","id":40527191,"node_id":"MDEyOk9yZ2FuaXphdGlvbjQwNTI3MTkx","avatar_url":"https://avatars.githubusercontent.com/u/40527191?v=4","gravatar_id":"","url":"https://api.github.com/users/mergifyio-testing","html_url":"https://github.com/mergifyio-testing","followers_url":"https://api.github.com/users/mergifyio-testing/followers","following_url":"https://api.github.com/users/mergifyio-testing/following{/other_user}","gists_url":"https://api.github.com/users/mergifyio-testing/gists{/gist_id}","starred_url":"https://api.github.com/users/mergifyio-testing/starred{/owner}{/repo}","subscriptions_url":"https://api.github.com/users/mergifyio-testing/subscriptions","organizations_url":"https://api.github.com/users/mergifyio-testing/orgs","repos_url":"https://api.github.com/users/mergifyio-testing/repos","events_url":"https://api.github.com/users/mergifyio-testing/events{/privacy}","received_events_url":"https://api.github.com/users/mergifyio-testing/received_events","type":"Organization","site_admin":false},"repo":{"id":399426199,"node_id":"MDEwOlJlcG9zaXRvcnkzOTk0MjYxOTk=","name":"functional-testing-repo-sileht","full_name":"mergifyio-testing/functional-testing-repo-sileht","private":false,"owner":{"login":"mergifyio-testing","id":40527191,"node_id":"MDEyOk9yZ2FuaXphdGlvbjQwNTI3MTkx","avatar_url":"https://avatars.githubusercontent.com/u/40527191?v=4","gravatar_id":"","url":"https://api.github.com/users/mergifyio-testing","html_url":"https://github.com/mergifyio-testing","followers_url":"https://api.github.com/users/mergifyio-testing/followers","following_url":"https://api.github.com/users/mergifyio-testing/following{/other_user}","gists_url":"https://api.github.com/users/mergifyio-testing/gists{/gist_id}","starred_url":"https://api.github.com/users/mergifyio-testing/starred{/owner}{/repo}","subscriptions_url":"https://api.github.com/users/mergifyio-testing/subscriptions","organizations_url":"https://api.github.com/users/mergifyio-testing/orgs","repos_url":"https://api.github.com/users/mergifyio-testing/repos","events_url":"https://api.github.com/users/mergifyio-testing/events{/privacy}","received_events_url":"https://api.github.com/users/mergifyio-testing/received_events","type":"Organization","site_admin":false},"html_url":"https://github.com/mergifyio-testing/functional-testing-repo-sileht","description":null,"fork":false,"url":"https://api.github.com/repos/mergifyio-testing/functional-testing-repo-sileht","forks_url":"https://api.github.com/repos/mergifyio-testing/functional-testing-repo-sileht/forks","keys_url":"https://api.github.com/repos/mergifyio-testing/functional-testing-repo-sileht/keys{/key_id}","collaborators_url":"https://api.github.com/repos/mergifyio-testing/functional-testing-repo-sileht/collaborators{/collaborator}","teams_url":"https://api.github.com/repos/mergifyio-testing/functional-testing-repo-sileht/teams","hooks_url":"https://api.github.com/repos/mergifyio-testing/functional-testing-repo-sileht/hooks","issue_events_url":"https://api.github.com/repos/mergifyio-testing/functional-testing-repo-sileht/issues/events{/number}","events_url":"https://api.github.com/repos/mergifyio-testing/functional-testing-repo-sileht/events","assignees_url":"https://api.github.com/repos/mergifyio-testing/functional-testing-repo-sileht/assignees{/user}","branches_url":"https://api.github.com/repos/mergifyio-testing/functional-testing-repo-sileht/branches{/branch}","tags_url":"https://api.github.com/repos/mergifyio-testing/functional-testing-repo-sileht/tags","blobs_url":"https://api.github.com/repos/mergifyio-testing/functional-testing-repo-sileht/git/blobs{/sha}","git_tags_url":"https://api.github.com/repos/mergifyio-testing/functional-testing-repo-sileht/git/tags{/sha}","git_refs_url":"https://api.github.com/repos/mergifyio-testing/functional-testing-repo-sileht/git/refs{/sha}","trees_url":"https://api.github.com/repos/mergifyio-testing/functional-testing-repo-sileht/git/trees{/sha}","statuses_url":"https://api.github.com/repos/mergifyio-testing/functional-testing-repo-sileht/statuses/{sha}","languages_url":"https://api.github.com/repos/mergifyio-testing/functional-testing-repo-sileht/languages","stargazers_url":"https://api.github.com/repos/mergifyio-testing/functional-testing-repo-sileht/stargazers","contributors_url":"https://api.github.com/repos/mergifyio-testing/functional-testing-repo-sileht/contributors","subscribers_url":"https://api.github.com/repos/mergifyio-testing/functional-testing-repo-sileht/subscribers","subscription_url":"https://api.github.com/repos/mergifyio-testing/functional-testing-repo-sileht/subscription","commits_url":"https://api.github.com/repos/mergifyio-testing/functional-testing-repo-sileht/commits{/sha}","git_commits_url":"https://api.github.com/repos/mergifyio-testing/functional-testing-repo-sileht/git/commits{/sha}","comments_url":"https://api.github.com/repos/mergifyio-testing/functional-testing-repo-sileht/comments{/number}","issue_comment_url":"https://api.github.com/repos/mergifyio-testing/functional-testing-repo-sileht/issues/comments{/number}","contents_url":"https://api.github.com/repos/mergifyio-testing/functional-testing-repo-sileht/contents/{+path}","compare_url":"https://api.github.com/repos/mergifyio-testing/functional-testing-repo-sileht/compare/{base}...{head}","merges_url":"https://api.github.com/repos/mergifyio-testing/functional-testing-repo-sileht/merges","archive_url":"https://api.github.com/repos/mergifyio-testing/functional-testing-repo-sileht/{archive_format}{/ref}","downloads_url":"https://api.github.com/repos/mergifyio-testing/functional-testing-repo-sileht/downloads","issues_url":"https://api.github.com/repos/mergifyio-testing/functional-testing-repo-sileht/issues{/number}","pulls_url":"https://api.github.com/repos/mergifyio-testing/functional-testing-repo-sileht/pulls{/number}","milestones_url":"https://api.github.com/repos/mergifyio-testing/functional-testing-repo-sileht/milestones{/number}","notifications_url":"https://api.github.com/repos/mergifyio-testing/functional-testing-repo-sileht/notifications{?since,all,participating}","labels_url":"https://api.github.com/repos/mergifyio-testing/functional-testing-repo-sileht/labels{/name}","releases_url":"https://api.github.com/repos/mergifyio-testing/functional-testing-repo-sileht/releases{/id}","deployments_url":"https://api.github.com/repos/mergifyio-testing/functional-testing-repo-sileht/deployments","created_at":"2021-08-24T10:36:34Z","updated_at":"2021-11-30T09:38:27Z","pushed_at":"2021-12-03T10:23:44Z","git_url":"git://github.com/mergifyio-testing/functional-testing-repo-sileht.git","ssh_url":"git@github.com:mergifyio-testing/functional-testing-repo-sileht.git","clone_url":"https://github.com/mergifyio-testing/functional-testing-repo-sileht.git","svn_url":"https://github.com/mergifyio-testing/functional-testing-repo-sileht","homepage":null,"size":1,"stargazers_count":0,"watchers_count":0,"language":null,"has_issues":true,"has_projects":true,"has_downloads":true,"has_wiki":true,"has_pages":false,"forks_count":1,"mirror_url":null,"archived":false,"disabled":false,"open_issues_count":2,"license":null,"allow_forking":true,"is_template":false,"topics":[],"visibility":"public","forks":1,"open_issues":2,"watchers":0,"default_branch":"20211203102340/test_no_strict_mode_brownout/main","allow_squash_merge":true,"allow_merge_commit":true,"allow_rebase_merge":true,"allow_auto_merge":false,"delete_branch_on_merge":false,"allow_update_branch":false}},"_links":{"self":{"href":"https://api.github.com/repos/mergifyio-testing/functional-testing-repo-sileht/pulls/3137"},"html":{"href":"https://github.com/mergifyio-testing/functional-testing-repo-sileht/pull/3137"},"issue":{"href":"https://api.github.com/repos/mergifyio-testing/functional-testing-repo-sileht/issues/3137"},"comments":{"href":"https://api.github.com/repos/mergifyio-testing/functional-testing-repo-sileht/issues/3137/comments"},"review_comments":{"href":"https://api.github.com/repos/mergifyio-testing/functional-testing-repo-sileht/pulls/3137/comments"},"review_comment":{"href":"https://api.github.com/repos/mergifyio-testing/functional-testing-repo-sileht/pulls/comments{/number}"},"commits":{"href":"https://api.github.com/repos/mergifyio-testing/functional-testing-repo-sileht/pulls/3137/commits"},"statuses":{"href":"https://api.github.com/repos/mergifyio-testing/functional-testing-repo-sileht/statuses/600123f04577f9beeb2df75494f87c87e2a349e3"}},"author_association":"NONE","auto_merge":null,"active_lock_reason":null,"merged":false,"mergeable":null,"rebaseable":null,"mergeable_state":"unknown","merged_by":null,"comments":0,"review_comments":0,"maintainer_can_modify":true,"commits":1,"additions":0,"deletions":0,"changed_files":1},"repository":{"id":399426199,"node_id":"MDEwOlJlcG9zaXRvcnkzOTk0MjYxOTk=","name":"functional-testing-repo-sileht","full_name":"mergifyio-testing/functional-testing-repo-sileht","private":false,"owner":{"login":"mergifyio-testing","id":40527191,"node_id":"MDEyOk9yZ2FuaXphdGlvbjQwNTI3MTkx","avatar_url":"https://avatars.githubusercontent.com/u/40527191?v=4","gravatar_id":"","url":"https://api.github.com/users/mergifyio-testing","html_url":"https://github.com/mergifyio-testing","followers_url":"https://api.github.com/users/mergifyio-testing/followers","following_url":"https://api.github.com/users/mergifyio-testing/following{/other_user}","gists_url":"https://api.github.com/users/mergifyio-testing/gists{/gist_id}","starred_url":"https://api.github.com/users/mergifyio-testing/starred{/owner}{/repo}","subscriptions_url":"https://api.github.com/users/mergifyio-testing/subscriptions","organizations_url":"https://api.github.com/users/mergifyio-testing/orgs","repos_url":"https://api.github.com/users/mergifyio-testing/repos","events_url":"https://api.github.com/users/mergifyio-testing/events{/privacy}","received_events_url":"https://api.github.com/users/mergifyio-testing/received_events","type":"Organization","site_admin":false},"html_url":"https://github.com/mergifyio-testing/functional-testing-repo-sileht","description":null,"fork":false,"url":"https://api.github.com/repos/mergifyio-testing/functional-testing-repo-sileht","forks_url":"https://api.github.com/repos/mergifyio-testing/functional-testing-repo-sileht/forks","keys_url":"https://api.github.com/repos/mergifyio-testing/functional-testing-repo-sileht/keys{/key_id}","collaborators_url":"https://api.github.com/repos/mergifyio-testing/functional-testing-repo-sileht/collaborators{/collaborator}","teams_url":"https://api.github.com/repos/mergifyio-testing/functional-testing-repo-sileht/teams","hooks_url":"https://api.github.com/repos/mergifyio-testing/functional-testing-repo-sileht/hooks","issue_events_url":"https://api.github.com/repos/mergifyio-testing/functional-testing-repo-sileht/issues/events{/number}","events_url":"https://api.github.com/repos/mergifyio-testing/functional-testing-repo-sileht/events","assignees_url":"https://api.github.com/repos/mergifyio-testing/functional-testing-repo-sileht/assignees{/user}","branches_url":"https://api.github.com/repos/mergifyio-testing/functional-testing-repo-sileht/branches{/branch}","tags_url":"https://api.github.com/repos/mergifyio-testing/functional-testing-repo-sileht/tags","blobs_url":"https://api.github.com/repos/mergifyio-testing/functional-testing-repo-sileht/git/blobs{/sha}","git_tags_url":"https://api.github.com/repos/mergifyio-testing/functional-testing-repo-sileht/git/tags{/sha}","git_refs_url":"https://api.github.com/repos/mergifyio-testing/functional-testing-repo-sileht/git/refs{/sha}","trees_url":"https://api.github.com/repos/mergifyio-testing/functional-testing-repo-sileht/git/trees{/sha}","statuses_url":"https://api.github.com/repos/mergifyio-testing/functional-testing-repo-sileht/statuses/{sha}","languages_url":"https://api.github.com/repos/mergifyio-testing/functional-testing-repo-sileht/languages","stargazers_url":"https://api.github.com/repos/mergifyio-testing/functional-testing-repo-sileht/stargazers","contributors_url":"https://api.github.com/repos/mergifyio-testing/functional-testing-repo-sileht/contributors","subscribers_url":"https://api.github.com/repos/mergifyio-testing/functional-testing-repo-sileht/subscribers","subscription_url":"https://api.github.com/repos/mergifyio-testing/functional-testing-repo-sileht/subscription","commits_url":"https://api.github.com/repos/mergifyio-testing/functional-testing-repo-sileht/commits{/sha}","git_commits_url":"https://api.github.com/repos/mergifyio-testing/functional-testing-repo-sileht/git/commits{/sha}","comments_url":"https://api.github.com/repos/mergifyio-testing/functional-testing-repo-sileht/comments{/number}","issue_comment_url":"https://api.github.com/repos/mergifyio-testing/functional-testing-repo-sileht/issues/comments{/number}","contents_url":"https://api.github.com/repos/mergifyio-testing/functional-testing-repo-sileht/contents/{+path}","compare_url":"https://api.github.com/repos/mergifyio-testing/functional-testing-repo-sileht/compare/{base}...{head}","merges_url":"https://api.github.com/repos/mergifyio-testing/functional-testing-repo-sileht/merges","archive_url":"https://api.github.com/repos/mergifyio-testing/functional-testing-repo-sileht/{archive_format}{/ref}","downloads_url":"https://api.github.com/repos/mergifyio-testing/functional-testing-repo-sileht/downloads","issues_url":"https://api.github.com/repos/mergifyio-testing/functional-testing-repo-sileht/issues{/number}","pulls_url":"https://api.github.com/repos/mergifyio-testing/functional-testing-repo-sileht/pulls{/number}","milestones_url":"https://api.github.com/repos/mergifyio-testing/functional-testing-repo-sileht/milestones{/number}","notifications_url":"https://api.github.com/repos/mergifyio-testing/functional-testing-repo-sileht/notifications{?since,all,participating}","labels_url":"https://api.github.com/repos/mergifyio-testing/functional-testing-repo-sileht/labels{/name}","releases_url":"https://api.github.com/repos/mergifyio-testing/functional-testing-repo-sileht/releases{/id}","deployments_url":"https://api.github.com/repos/mergifyio-testing/functional-testing-repo-sileht/deployments","created_at":"2021-08-24T10:36:34Z","updated_at":"2021-11-30T09:38:27Z","pushed_at":"2021-12-03T10:23:44Z","git_url":"git://github.com/mergifyio-testing/functional-testing-repo-sileht.git","ssh_url":"git@github.com:mergifyio-testing/functional-testing-repo-sileht.git","clone_url":"https://github.com/mergifyio-testing/functional-testing-repo-sileht.git","svn_url":"https://github.com/mergifyio-testing/functional-testing-repo-sileht","homepage":null,"size":1,"stargazers_count":0,"watchers_count":0,"language":null,"has_issues":true,"has_projects":true,"has_downloads":true,"has_wiki":true,"has_pages":false,"forks_count":1,"mirror_url":null,"archived":false,"disabled":false,"open_issues_count":2,"license":null,"allow_forking":true,"is_template":false,"topics":[],"visibility":"public","forks":1,"open_issues":2,"watchers":0,"default_branch":"20211203102340/test_no_strict_mode_brownout/main"},"organization":{"login":"mergifyio-testing","id":40527191,"node_id":"MDEyOk9yZ2FuaXphdGlvbjQwNTI3MTkx","url":"https://api.github.com/orgs/mergifyio-testing","repos_url":"https://api.github.com/orgs/mergifyio-testing/repos","events_url":"https://api.github.com/orgs/mergifyio-testing/events","hooks_url":"https://api.github.com/orgs/mergifyio-testing/hooks","issues_url":"https://api.github.com/orgs/mergifyio-testing/issues","members_url":"https://api.github.com/orgs/mergifyio-testing/members{/member}","public_members_url":"https://api.github.com/orgs/mergifyio-testing/public_members{/member}","avatar_url":"https://avatars.githubusercontent.com/u/40527191?v=4","description":"This
      account is for testing purpose of the workflow of the GitHub App @Mergifyio"},"sender":{"login":"mergify-test2","id":38495008,"node_id":"MDQ6VXNlcjM4NDk1MDA4","avatar_url":"https://avatars.githubusercontent.com/u/38495008?v=4","gravatar_id":"","url":"https://api.github.com/users/mergify-test2","html_url":"https://github.com/mergify-test2","followers_url":"https://api.github.com/users/mergify-test2/followers","following_url":"https://api.github.com/users/mergify-test2/following{/other_user}","gists_url":"https://api.github.com/users/mergify-test2/gists{/gist_id}","starred_url":"https://api.github.com/users/mergify-test2/starred{/owner}{/repo}","subscriptions_url":"https://api.github.com/users/mergify-test2/subscriptions","organizations_url":"https://api.github.com/users/mergify-test2/orgs","repos_url":"https://api.github.com/users/mergify-test2/repos","events_url":"https://api.github.com/users/mergify-test2/events{/privacy}","received_events_url":"https://api.github.com/users/mergify-test2/received_events","type":"User","site_admin":false},"installation":{"id":15398551,"node_id":"MDIzOkludGVncmF0aW9uSW5zdGFsbGF0aW9uMTUzOTg1NTE="}}}]'
    headers:
      Connection:
      - keep-alive
      Content-Encoding:
      - gzip
      Content-Type:
      - application/json
      Transfer-Encoding:
      - chunked
      alt-svc:
      - h3=":443"; ma=86400, h3-29=":443"; ma=86400, h3-28=":443"; ma=86400, h3-27=":443";
        ma=86400
      via:
      - 1.1 vegur
    http_version: HTTP/1.1
    status_code: 200
- request:
    body: ''
    headers:
      accept:
      - application/vnd.github.machine-man-preview+json
      host:
      - api.github.com
    method: GET
    uri: https://api.github.com/repos/mergifyio-testing/functional-testing-repo-sileht/pulls/3137
  response:
    content: '{"url":"https://api.github.com/repos/mergifyio-testing/functional-testing-repo-sileht/pulls/3137","id":794459452,"node_id":"PR_kwDOF87Cl84vWn08","html_url":"https://github.com/mergifyio-testing/functional-testing-repo-sileht/pull/3137","diff_url":"https://github.com/mergifyio-testing/functional-testing-repo-sileht/pull/3137.diff","patch_url":"https://github.com/mergifyio-testing/functional-testing-repo-sileht/pull/3137.patch","issue_url":"https://api.github.com/repos/mergifyio-testing/functional-testing-repo-sileht/issues/3137","number":3137,"state":"open","locked":false,"title":"test_no_strict_mode_brownout:
      pull request n1 from fork","user":{"login":"mergify-test2","id":38495008,"node_id":"MDQ6VXNlcjM4NDk1MDA4","avatar_url":"https://avatars.githubusercontent.com/u/38495008?v=4","gravatar_id":"","url":"https://api.github.com/users/mergify-test2","html_url":"https://github.com/mergify-test2","followers_url":"https://api.github.com/users/mergify-test2/followers","following_url":"https://api.github.com/users/mergify-test2/following{/other_user}","gists_url":"https://api.github.com/users/mergify-test2/gists{/gist_id}","starred_url":"https://api.github.com/users/mergify-test2/starred{/owner}{/repo}","subscriptions_url":"https://api.github.com/users/mergify-test2/subscriptions","organizations_url":"https://api.github.com/users/mergify-test2/orgs","repos_url":"https://api.github.com/users/mergify-test2/repos","events_url":"https://api.github.com/users/mergify-test2/events{/privacy}","received_events_url":"https://api.github.com/users/mergify-test2/received_events","type":"User","site_admin":false},"body":"test_no_strict_mode_brownout:
      pull request n1 from fork","created_at":"2021-12-03T10:23:48Z","updated_at":"2021-12-03T10:23:48Z","closed_at":null,"merged_at":null,"merge_commit_sha":"1a229397a3395893d662eb08bf26373bfcbf5a8c","assignee":null,"assignees":[],"requested_reviewers":[],"requested_teams":[],"labels":[],"milestone":null,"draft":false,"commits_url":"https://api.github.com/repos/mergifyio-testing/functional-testing-repo-sileht/pulls/3137/commits","review_comments_url":"https://api.github.com/repos/mergifyio-testing/functional-testing-repo-sileht/pulls/3137/comments","review_comment_url":"https://api.github.com/repos/mergifyio-testing/functional-testing-repo-sileht/pulls/comments{/number}","comments_url":"https://api.github.com/repos/mergifyio-testing/functional-testing-repo-sileht/issues/3137/comments","statuses_url":"https://api.github.com/repos/mergifyio-testing/functional-testing-repo-sileht/statuses/600123f04577f9beeb2df75494f87c87e2a349e3","head":{"label":"mergify-test2:20211203102340/test_no_strict_mode_brownout/fork/pr1","ref":"20211203102340/test_no_strict_mode_brownout/fork/pr1","sha":"600123f04577f9beeb2df75494f87c87e2a349e3","user":{"login":"mergify-test2","id":38495008,"node_id":"MDQ6VXNlcjM4NDk1MDA4","avatar_url":"https://avatars.githubusercontent.com/u/38495008?v=4","gravatar_id":"","url":"https://api.github.com/users/mergify-test2","html_url":"https://github.com/mergify-test2","followers_url":"https://api.github.com/users/mergify-test2/followers","following_url":"https://api.github.com/users/mergify-test2/following{/other_user}","gists_url":"https://api.github.com/users/mergify-test2/gists{/gist_id}","starred_url":"https://api.github.com/users/mergify-test2/starred{/owner}{/repo}","subscriptions_url":"https://api.github.com/users/mergify-test2/subscriptions","organizations_url":"https://api.github.com/users/mergify-test2/orgs","repos_url":"https://api.github.com/users/mergify-test2/repos","events_url":"https://api.github.com/users/mergify-test2/events{/privacy}","received_events_url":"https://api.github.com/users/mergify-test2/received_events","type":"User","site_admin":false},"repo":{"id":399456174,"node_id":"MDEwOlJlcG9zaXRvcnkzOTk0NTYxNzQ=","name":"functional-testing-repo-sileht","full_name":"mergify-test2/functional-testing-repo-sileht","private":false,"owner":{"login":"mergify-test2","id":38495008,"node_id":"MDQ6VXNlcjM4NDk1MDA4","avatar_url":"https://avatars.githubusercontent.com/u/38495008?v=4","gravatar_id":"","url":"https://api.github.com/users/mergify-test2","html_url":"https://github.com/mergify-test2","followers_url":"https://api.github.com/users/mergify-test2/followers","following_url":"https://api.github.com/users/mergify-test2/following{/other_user}","gists_url":"https://api.github.com/users/mergify-test2/gists{/gist_id}","starred_url":"https://api.github.com/users/mergify-test2/starred{/owner}{/repo}","subscriptions_url":"https://api.github.com/users/mergify-test2/subscriptions","organizations_url":"https://api.github.com/users/mergify-test2/orgs","repos_url":"https://api.github.com/users/mergify-test2/repos","events_url":"https://api.github.com/users/mergify-test2/events{/privacy}","received_events_url":"https://api.github.com/users/mergify-test2/received_events","type":"User","site_admin":false},"html_url":"https://github.com/mergify-test2/functional-testing-repo-sileht","description":null,"fork":true,"url":"https://api.github.com/repos/mergify-test2/functional-testing-repo-sileht","forks_url":"https://api.github.com/repos/mergify-test2/functional-testing-repo-sileht/forks","keys_url":"https://api.github.com/repos/mergify-test2/functional-testing-repo-sileht/keys{/key_id}","collaborators_url":"https://api.github.com/repos/mergify-test2/functional-testing-repo-sileht/collaborators{/collaborator}","teams_url":"https://api.github.com/repos/mergify-test2/functional-testing-repo-sileht/teams","hooks_url":"https://api.github.com/repos/mergify-test2/functional-testing-repo-sileht/hooks","issue_events_url":"https://api.github.com/repos/mergify-test2/functional-testing-repo-sileht/issues/events{/number}","events_url":"https://api.github.com/repos/mergify-test2/functional-testing-repo-sileht/events","assignees_url":"https://api.github.com/repos/mergify-test2/functional-testing-repo-sileht/assignees{/user}","branches_url":"https://api.github.com/repos/mergify-test2/functional-testing-repo-sileht/branches{/branch}","tags_url":"https://api.github.com/repos/mergify-test2/functional-testing-repo-sileht/tags","blobs_url":"https://api.github.com/repos/mergify-test2/functional-testing-repo-sileht/git/blobs{/sha}","git_tags_url":"https://api.github.com/repos/mergify-test2/functional-testing-repo-sileht/git/tags{/sha}","git_refs_url":"https://api.github.com/repos/mergify-test2/functional-testing-repo-sileht/git/refs{/sha}","trees_url":"https://api.github.com/repos/mergify-test2/functional-testing-repo-sileht/git/trees{/sha}","statuses_url":"https://api.github.com/repos/mergify-test2/functional-testing-repo-sileht/statuses/{sha}","languages_url":"https://api.github.com/repos/mergify-test2/functional-testing-repo-sileht/languages","stargazers_url":"https://api.github.com/repos/mergify-test2/functional-testing-repo-sileht/stargazers","contributors_url":"https://api.github.com/repos/mergify-test2/functional-testing-repo-sileht/contributors","subscribers_url":"https://api.github.com/repos/mergify-test2/functional-testing-repo-sileht/subscribers","subscription_url":"https://api.github.com/repos/mergify-test2/functional-testing-repo-sileht/subscription","commits_url":"https://api.github.com/repos/mergify-test2/functional-testing-repo-sileht/commits{/sha}","git_commits_url":"https://api.github.com/repos/mergify-test2/functional-testing-repo-sileht/git/commits{/sha}","comments_url":"https://api.github.com/repos/mergify-test2/functional-testing-repo-sileht/comments{/number}","issue_comment_url":"https://api.github.com/repos/mergify-test2/functional-testing-repo-sileht/issues/comments{/number}","contents_url":"https://api.github.com/repos/mergify-test2/functional-testing-repo-sileht/contents/{+path}","compare_url":"https://api.github.com/repos/mergify-test2/functional-testing-repo-sileht/compare/{base}...{head}","merges_url":"https://api.github.com/repos/mergify-test2/functional-testing-repo-sileht/merges","archive_url":"https://api.github.com/repos/mergify-test2/functional-testing-repo-sileht/{archive_format}{/ref}","downloads_url":"https://api.github.com/repos/mergify-test2/functional-testing-repo-sileht/downloads","issues_url":"https://api.github.com/repos/mergify-test2/functional-testing-repo-sileht/issues{/number}","pulls_url":"https://api.github.com/repos/mergify-test2/functional-testing-repo-sileht/pulls{/number}","milestones_url":"https://api.github.com/repos/mergify-test2/functional-testing-repo-sileht/milestones{/number}","notifications_url":"https://api.github.com/repos/mergify-test2/functional-testing-repo-sileht/notifications{?since,all,participating}","labels_url":"https://api.github.com/repos/mergify-test2/functional-testing-repo-sileht/labels{/name}","releases_url":"https://api.github.com/repos/mergify-test2/functional-testing-repo-sileht/releases{/id}","deployments_url":"https://api.github.com/repos/mergify-test2/functional-testing-repo-sileht/deployments","created_at":"2021-08-24T12:26:26Z","updated_at":"2021-08-24T12:26:27Z","pushed_at":"2021-12-03T10:23:47Z","git_url":"git://github.com/mergify-test2/functional-testing-repo-sileht.git","ssh_url":"git@github.com:mergify-test2/functional-testing-repo-sileht.git","clone_url":"https://github.com/mergify-test2/functional-testing-repo-sileht.git","svn_url":"https://github.com/mergify-test2/functional-testing-repo-sileht","homepage":null,"size":1312,"stargazers_count":0,"watchers_count":0,"language":null,"has_issues":false,"has_projects":true,"has_downloads":true,"has_wiki":true,"has_pages":false,"forks_count":0,"mirror_url":null,"archived":false,"disabled":false,"open_issues_count":0,"license":null,"allow_forking":true,"is_template":false,"topics":[],"visibility":"public","forks":0,"open_issues":0,"watchers":0,"default_branch":"main"}},"base":{"label":"mergifyio-testing:20211203102340/test_no_strict_mode_brownout/main","ref":"20211203102340/test_no_strict_mode_brownout/main","sha":"f7d6232b27929313b04d0b688bdf23b1233d70de","user":{"login":"mergifyio-testing","id":40527191,"node_id":"MDEyOk9yZ2FuaXphdGlvbjQwNTI3MTkx","avatar_url":"https://avatars.githubusercontent.com/u/40527191?v=4","gravatar_id":"","url":"https://api.github.com/users/mergifyio-testing","html_url":"https://github.com/mergifyio-testing","followers_url":"https://api.github.com/users/mergifyio-testing/followers","following_url":"https://api.github.com/users/mergifyio-testing/following{/other_user}","gists_url":"https://api.github.com/users/mergifyio-testing/gists{/gist_id}","starred_url":"https://api.github.com/users/mergifyio-testing/starred{/owner}{/repo}","subscriptions_url":"https://api.github.com/users/mergifyio-testing/subscriptions","organizations_url":"https://api.github.com/users/mergifyio-testing/orgs","repos_url":"https://api.github.com/users/mergifyio-testing/repos","events_url":"https://api.github.com/users/mergifyio-testing/events{/privacy}","received_events_url":"https://api.github.com/users/mergifyio-testing/received_events","type":"Organization","site_admin":false},"repo":{"id":399426199,"node_id":"MDEwOlJlcG9zaXRvcnkzOTk0MjYxOTk=","name":"functional-testing-repo-sileht","full_name":"mergifyio-testing/functional-testing-repo-sileht","private":false,"owner":{"login":"mergifyio-testing","id":40527191,"node_id":"MDEyOk9yZ2FuaXphdGlvbjQwNTI3MTkx","avatar_url":"https://avatars.githubusercontent.com/u/40527191?v=4","gravatar_id":"","url":"https://api.github.com/users/mergifyio-testing","html_url":"https://github.com/mergifyio-testing","followers_url":"https://api.github.com/users/mergifyio-testing/followers","following_url":"https://api.github.com/users/mergifyio-testing/following{/other_user}","gists_url":"https://api.github.com/users/mergifyio-testing/gists{/gist_id}","starred_url":"https://api.github.com/users/mergifyio-testing/starred{/owner}{/repo}","subscriptions_url":"https://api.github.com/users/mergifyio-testing/subscriptions","organizations_url":"https://api.github.com/users/mergifyio-testing/orgs","repos_url":"https://api.github.com/users/mergifyio-testing/repos","events_url":"https://api.github.com/users/mergifyio-testing/events{/privacy}","received_events_url":"https://api.github.com/users/mergifyio-testing/received_events","type":"Organization","site_admin":false},"html_url":"https://github.com/mergifyio-testing/functional-testing-repo-sileht","description":null,"fork":false,"url":"https://api.github.com/repos/mergifyio-testing/functional-testing-repo-sileht","forks_url":"https://api.github.com/repos/mergifyio-testing/functional-testing-repo-sileht/forks","keys_url":"https://api.github.com/repos/mergifyio-testing/functional-testing-repo-sileht/keys{/key_id}","collaborators_url":"https://api.github.com/repos/mergifyio-testing/functional-testing-repo-sileht/collaborators{/collaborator}","teams_url":"https://api.github.com/repos/mergifyio-testing/functional-testing-repo-sileht/teams","hooks_url":"https://api.github.com/repos/mergifyio-testing/functional-testing-repo-sileht/hooks","issue_events_url":"https://api.github.com/repos/mergifyio-testing/functional-testing-repo-sileht/issues/events{/number}","events_url":"https://api.github.com/repos/mergifyio-testing/functional-testing-repo-sileht/events","assignees_url":"https://api.github.com/repos/mergifyio-testing/functional-testing-repo-sileht/assignees{/user}","branches_url":"https://api.github.com/repos/mergifyio-testing/functional-testing-repo-sileht/branches{/branch}","tags_url":"https://api.github.com/repos/mergifyio-testing/functional-testing-repo-sileht/tags","blobs_url":"https://api.github.com/repos/mergifyio-testing/functional-testing-repo-sileht/git/blobs{/sha}","git_tags_url":"https://api.github.com/repos/mergifyio-testing/functional-testing-repo-sileht/git/tags{/sha}","git_refs_url":"https://api.github.com/repos/mergifyio-testing/functional-testing-repo-sileht/git/refs{/sha}","trees_url":"https://api.github.com/repos/mergifyio-testing/functional-testing-repo-sileht/git/trees{/sha}","statuses_url":"https://api.github.com/repos/mergifyio-testing/functional-testing-repo-sileht/statuses/{sha}","languages_url":"https://api.github.com/repos/mergifyio-testing/functional-testing-repo-sileht/languages","stargazers_url":"https://api.github.com/repos/mergifyio-testing/functional-testing-repo-sileht/stargazers","contributors_url":"https://api.github.com/repos/mergifyio-testing/functional-testing-repo-sileht/contributors","subscribers_url":"https://api.github.com/repos/mergifyio-testing/functional-testing-repo-sileht/subscribers","subscription_url":"https://api.github.com/repos/mergifyio-testing/functional-testing-repo-sileht/subscription","commits_url":"https://api.github.com/repos/mergifyio-testing/functional-testing-repo-sileht/commits{/sha}","git_commits_url":"https://api.github.com/repos/mergifyio-testing/functional-testing-repo-sileht/git/commits{/sha}","comments_url":"https://api.github.com/repos/mergifyio-testing/functional-testing-repo-sileht/comments{/number}","issue_comment_url":"https://api.github.com/repos/mergifyio-testing/functional-testing-repo-sileht/issues/comments{/number}","contents_url":"https://api.github.com/repos/mergifyio-testing/functional-testing-repo-sileht/contents/{+path}","compare_url":"https://api.github.com/repos/mergifyio-testing/functional-testing-repo-sileht/compare/{base}...{head}","merges_url":"https://api.github.com/repos/mergifyio-testing/functional-testing-repo-sileht/merges","archive_url":"https://api.github.com/repos/mergifyio-testing/functional-testing-repo-sileht/{archive_format}{/ref}","downloads_url":"https://api.github.com/repos/mergifyio-testing/functional-testing-repo-sileht/downloads","issues_url":"https://api.github.com/repos/mergifyio-testing/functional-testing-repo-sileht/issues{/number}","pulls_url":"https://api.github.com/repos/mergifyio-testing/functional-testing-repo-sileht/pulls{/number}","milestones_url":"https://api.github.com/repos/mergifyio-testing/functional-testing-repo-sileht/milestones{/number}","notifications_url":"https://api.github.com/repos/mergifyio-testing/functional-testing-repo-sileht/notifications{?since,all,participating}","labels_url":"https://api.github.com/repos/mergifyio-testing/functional-testing-repo-sileht/labels{/name}","releases_url":"https://api.github.com/repos/mergifyio-testing/functional-testing-repo-sileht/releases{/id}","deployments_url":"https://api.github.com/repos/mergifyio-testing/functional-testing-repo-sileht/deployments","created_at":"2021-08-24T10:36:34Z","updated_at":"2021-11-30T09:38:27Z","pushed_at":"2021-12-03T10:23:49Z","git_url":"git://github.com/mergifyio-testing/functional-testing-repo-sileht.git","ssh_url":"git@github.com:mergifyio-testing/functional-testing-repo-sileht.git","clone_url":"https://github.com/mergifyio-testing/functional-testing-repo-sileht.git","svn_url":"https://github.com/mergifyio-testing/functional-testing-repo-sileht","homepage":null,"size":1,"stargazers_count":0,"watchers_count":0,"language":null,"has_issues":true,"has_projects":true,"has_downloads":true,"has_wiki":true,"has_pages":false,"forks_count":1,"mirror_url":null,"archived":false,"disabled":false,"open_issues_count":2,"license":null,"allow_forking":true,"is_template":false,"topics":[],"visibility":"public","forks":1,"open_issues":2,"watchers":0,"default_branch":"20211203102340/test_no_strict_mode_brownout/main"}},"_links":{"self":{"href":"https://api.github.com/repos/mergifyio-testing/functional-testing-repo-sileht/pulls/3137"},"html":{"href":"https://github.com/mergifyio-testing/functional-testing-repo-sileht/pull/3137"},"issue":{"href":"https://api.github.com/repos/mergifyio-testing/functional-testing-repo-sileht/issues/3137"},"comments":{"href":"https://api.github.com/repos/mergifyio-testing/functional-testing-repo-sileht/issues/3137/comments"},"review_comments":{"href":"https://api.github.com/repos/mergifyio-testing/functional-testing-repo-sileht/pulls/3137/comments"},"review_comment":{"href":"https://api.github.com/repos/mergifyio-testing/functional-testing-repo-sileht/pulls/comments{/number}"},"commits":{"href":"https://api.github.com/repos/mergifyio-testing/functional-testing-repo-sileht/pulls/3137/commits"},"statuses":{"href":"https://api.github.com/repos/mergifyio-testing/functional-testing-repo-sileht/statuses/600123f04577f9beeb2df75494f87c87e2a349e3"}},"author_association":"FIRST_TIME_CONTRIBUTOR","auto_merge":null,"active_lock_reason":null,"merged":false,"mergeable":true,"rebaseable":true,"mergeable_state":"clean","merged_by":null,"comments":0,"review_comments":0,"maintainer_can_modify":true,"commits":1,"additions":0,"deletions":0,"changed_files":1}'
    headers:
      Content-Encoding:
      - gzip
      Content-Type:
      - application/json; charset=utf-8
      Transfer-Encoding:
      - chunked
      X-Accepted-OAuth-Scopes:
      - ''
      X-GitHub-Media-Type:
      - github.v3; param=machine-man-preview; format=json
      X-OAuth-Scopes:
      - admin:org, delete_repo, read:public_key, repo, user, workflow
    http_version: HTTP/1.1
    status_code: 200
- request:
    body: ''
    headers:
      accept:
      - application/vnd.github.machine-man-preview+json
      host:
      - api.github.com
    method: GET
    uri: https://api.github.com/repos/mergifyio-testing/functional-testing-repo-sileht/pulls/3137/commits?per_page=100
  response:
    content: '[{"sha":"600123f04577f9beeb2df75494f87c87e2a349e3","node_id":"C_kwDOF883rtoAKDYwMDEyM2YwNDU3N2Y5YmVlYjJkZjc1NDk0Zjg3Yzg3ZTJhMzQ5ZTM","commit":{"author":{"name":"mergify-tester","email":"noreply@mergify.com","date":"2021-12-03T10:23:46Z"},"committer":{"name":"mergify-tester","email":"noreply@mergify.com","date":"2021-12-03T10:23:46Z"},"message":"test_no_strict_mode_brownout:
      pull request n1 from fork","tree":{"sha":"3839939c9883f907685b6692ee2aa65347d45695","url":"https://api.github.com/repos/mergifyio-testing/functional-testing-repo-sileht/git/trees/3839939c9883f907685b6692ee2aa65347d45695"},"url":"https://api.github.com/repos/mergifyio-testing/functional-testing-repo-sileht/git/commits/600123f04577f9beeb2df75494f87c87e2a349e3","comment_count":0,"verification":{"verified":false,"reason":"unsigned","signature":null,"payload":null}},"url":"https://api.github.com/repos/mergifyio-testing/functional-testing-repo-sileht/commits/600123f04577f9beeb2df75494f87c87e2a349e3","html_url":"https://github.com/mergifyio-testing/functional-testing-repo-sileht/commit/600123f04577f9beeb2df75494f87c87e2a349e3","comments_url":"https://api.github.com/repos/mergifyio-testing/functional-testing-repo-sileht/commits/600123f04577f9beeb2df75494f87c87e2a349e3/comments","author":null,"committer":null,"parents":[{"sha":"f7d6232b27929313b04d0b688bdf23b1233d70de","url":"https://api.github.com/repos/mergifyio-testing/functional-testing-repo-sileht/commits/f7d6232b27929313b04d0b688bdf23b1233d70de","html_url":"https://github.com/mergifyio-testing/functional-testing-repo-sileht/commit/f7d6232b27929313b04d0b688bdf23b1233d70de"}]}]'
    headers:
      Content-Encoding:
      - gzip
      Content-Type:
      - application/json; charset=utf-8
      Transfer-Encoding:
      - chunked
      X-Accepted-OAuth-Scopes:
      - ''
      X-GitHub-Media-Type:
      - github.v3; param=machine-man-preview; format=json
      X-OAuth-Scopes:
      - admin:org, delete_repo, read:public_key, repo, user, workflow
    http_version: HTTP/1.1
    status_code: 200
- request:
    body: ''
    headers:
      accept:
      - application/vnd.github.machine-man-preview+json
      host:
      - api.github.com
    method: GET
    uri: https://api.github.com/user/40527191/installation
  response:
    content: '{"id":15398551,"account":{"login":"mergifyio-testing","id":40527191,"node_id":"MDEyOk9yZ2FuaXphdGlvbjQwNTI3MTkx","avatar_url":"https://avatars.githubusercontent.com/u/40527191?v=4","gravatar_id":"","url":"https://api.github.com/users/mergifyio-testing","html_url":"https://github.com/mergifyio-testing","followers_url":"https://api.github.com/users/mergifyio-testing/followers","following_url":"https://api.github.com/users/mergifyio-testing/following{/other_user}","gists_url":"https://api.github.com/users/mergifyio-testing/gists{/gist_id}","starred_url":"https://api.github.com/users/mergifyio-testing/starred{/owner}{/repo}","subscriptions_url":"https://api.github.com/users/mergifyio-testing/subscriptions","organizations_url":"https://api.github.com/users/mergifyio-testing/orgs","repos_url":"https://api.github.com/users/mergifyio-testing/repos","events_url":"https://api.github.com/users/mergifyio-testing/events{/privacy}","received_events_url":"https://api.github.com/users/mergifyio-testing/received_events","type":"Organization","site_admin":false},"repository_selection":"all","access_tokens_url":"https://api.github.com/app/installations/15398551/access_tokens","repositories_url":"https://api.github.com/installation/repositories","html_url":"https://github.com/organizations/mergifyio-testing/settings/installations/15398551","app_id":11221,"app_slug":"mergify-test","target_id":40527191,"target_type":"Organization","permissions":{"pages":"write","checks":"write","issues":"write","members":"read","contents":"write","metadata":"read","statuses":"read","workflows":"write","pull_requests":"write","administration":"read"},"events":["check_run","check_suite","issue_comment","merge_queue_entry","pull_request","pull_request_review","pull_request_review_comment","push","status"],"created_at":"2021-03-15T16:12:17.000Z","updated_at":"2021-12-03T00:14:06.000Z","single_file_name":null,"has_multiple_single_files":false,"single_file_paths":[],"suspended_by":null,"suspended_at":null}'
    headers:
      Content-Encoding:
      - gzip
      Content-Type:
      - application/json; charset=utf-8
      Transfer-Encoding:
      - chunked
      X-GitHub-Media-Type:
      - github.v3; param=machine-man-preview; format=json
    http_version: HTTP/1.1
    status_code: 200
- request:
    body: ''
    headers:
      accept:
      - application/vnd.github.machine-man-preview+json
      host:
      - api.github.com
    method: GET
    uri: https://api.github.com/repositories/399426199/pulls?per_page=100
  response:
    content: '[{"url":"https://api.github.com/repos/mergifyio-testing/functional-testing-repo-sileht/pulls/3137","id":794459452,"node_id":"PR_kwDOF87Cl84vWn08","html_url":"https://github.com/mergifyio-testing/functional-testing-repo-sileht/pull/3137","diff_url":"https://github.com/mergifyio-testing/functional-testing-repo-sileht/pull/3137.diff","patch_url":"https://github.com/mergifyio-testing/functional-testing-repo-sileht/pull/3137.patch","issue_url":"https://api.github.com/repos/mergifyio-testing/functional-testing-repo-sileht/issues/3137","number":3137,"state":"open","locked":false,"title":"test_no_strict_mode_brownout:
      pull request n1 from fork","user":{"login":"mergify-test2","id":38495008,"node_id":"MDQ6VXNlcjM4NDk1MDA4","avatar_url":"https://avatars.githubusercontent.com/u/38495008?v=4","gravatar_id":"","url":"https://api.github.com/users/mergify-test2","html_url":"https://github.com/mergify-test2","followers_url":"https://api.github.com/users/mergify-test2/followers","following_url":"https://api.github.com/users/mergify-test2/following{/other_user}","gists_url":"https://api.github.com/users/mergify-test2/gists{/gist_id}","starred_url":"https://api.github.com/users/mergify-test2/starred{/owner}{/repo}","subscriptions_url":"https://api.github.com/users/mergify-test2/subscriptions","organizations_url":"https://api.github.com/users/mergify-test2/orgs","repos_url":"https://api.github.com/users/mergify-test2/repos","events_url":"https://api.github.com/users/mergify-test2/events{/privacy}","received_events_url":"https://api.github.com/users/mergify-test2/received_events","type":"User","site_admin":false},"body":"test_no_strict_mode_brownout:
      pull request n1 from fork","created_at":"2021-12-03T10:23:48Z","updated_at":"2021-12-03T10:23:48Z","closed_at":null,"merged_at":null,"merge_commit_sha":"1a229397a3395893d662eb08bf26373bfcbf5a8c","assignee":null,"assignees":[],"requested_reviewers":[],"requested_teams":[],"labels":[],"milestone":null,"draft":false,"commits_url":"https://api.github.com/repos/mergifyio-testing/functional-testing-repo-sileht/pulls/3137/commits","review_comments_url":"https://api.github.com/repos/mergifyio-testing/functional-testing-repo-sileht/pulls/3137/comments","review_comment_url":"https://api.github.com/repos/mergifyio-testing/functional-testing-repo-sileht/pulls/comments{/number}","comments_url":"https://api.github.com/repos/mergifyio-testing/functional-testing-repo-sileht/issues/3137/comments","statuses_url":"https://api.github.com/repos/mergifyio-testing/functional-testing-repo-sileht/statuses/600123f04577f9beeb2df75494f87c87e2a349e3","head":{"label":"mergify-test2:20211203102340/test_no_strict_mode_brownout/fork/pr1","ref":"20211203102340/test_no_strict_mode_brownout/fork/pr1","sha":"600123f04577f9beeb2df75494f87c87e2a349e3","user":{"login":"mergify-test2","id":38495008,"node_id":"MDQ6VXNlcjM4NDk1MDA4","avatar_url":"https://avatars.githubusercontent.com/u/38495008?v=4","gravatar_id":"","url":"https://api.github.com/users/mergify-test2","html_url":"https://github.com/mergify-test2","followers_url":"https://api.github.com/users/mergify-test2/followers","following_url":"https://api.github.com/users/mergify-test2/following{/other_user}","gists_url":"https://api.github.com/users/mergify-test2/gists{/gist_id}","starred_url":"https://api.github.com/users/mergify-test2/starred{/owner}{/repo}","subscriptions_url":"https://api.github.com/users/mergify-test2/subscriptions","organizations_url":"https://api.github.com/users/mergify-test2/orgs","repos_url":"https://api.github.com/users/mergify-test2/repos","events_url":"https://api.github.com/users/mergify-test2/events{/privacy}","received_events_url":"https://api.github.com/users/mergify-test2/received_events","type":"User","site_admin":false},"repo":{"id":399456174,"node_id":"MDEwOlJlcG9zaXRvcnkzOTk0NTYxNzQ=","name":"functional-testing-repo-sileht","full_name":"mergify-test2/functional-testing-repo-sileht","private":false,"owner":{"login":"mergify-test2","id":38495008,"node_id":"MDQ6VXNlcjM4NDk1MDA4","avatar_url":"https://avatars.githubusercontent.com/u/38495008?v=4","gravatar_id":"","url":"https://api.github.com/users/mergify-test2","html_url":"https://github.com/mergify-test2","followers_url":"https://api.github.com/users/mergify-test2/followers","following_url":"https://api.github.com/users/mergify-test2/following{/other_user}","gists_url":"https://api.github.com/users/mergify-test2/gists{/gist_id}","starred_url":"https://api.github.com/users/mergify-test2/starred{/owner}{/repo}","subscriptions_url":"https://api.github.com/users/mergify-test2/subscriptions","organizations_url":"https://api.github.com/users/mergify-test2/orgs","repos_url":"https://api.github.com/users/mergify-test2/repos","events_url":"https://api.github.com/users/mergify-test2/events{/privacy}","received_events_url":"https://api.github.com/users/mergify-test2/received_events","type":"User","site_admin":false},"html_url":"https://github.com/mergify-test2/functional-testing-repo-sileht","description":null,"fork":true,"url":"https://api.github.com/repos/mergify-test2/functional-testing-repo-sileht","forks_url":"https://api.github.com/repos/mergify-test2/functional-testing-repo-sileht/forks","keys_url":"https://api.github.com/repos/mergify-test2/functional-testing-repo-sileht/keys{/key_id}","collaborators_url":"https://api.github.com/repos/mergify-test2/functional-testing-repo-sileht/collaborators{/collaborator}","teams_url":"https://api.github.com/repos/mergify-test2/functional-testing-repo-sileht/teams","hooks_url":"https://api.github.com/repos/mergify-test2/functional-testing-repo-sileht/hooks","issue_events_url":"https://api.github.com/repos/mergify-test2/functional-testing-repo-sileht/issues/events{/number}","events_url":"https://api.github.com/repos/mergify-test2/functional-testing-repo-sileht/events","assignees_url":"https://api.github.com/repos/mergify-test2/functional-testing-repo-sileht/assignees{/user}","branches_url":"https://api.github.com/repos/mergify-test2/functional-testing-repo-sileht/branches{/branch}","tags_url":"https://api.github.com/repos/mergify-test2/functional-testing-repo-sileht/tags","blobs_url":"https://api.github.com/repos/mergify-test2/functional-testing-repo-sileht/git/blobs{/sha}","git_tags_url":"https://api.github.com/repos/mergify-test2/functional-testing-repo-sileht/git/tags{/sha}","git_refs_url":"https://api.github.com/repos/mergify-test2/functional-testing-repo-sileht/git/refs{/sha}","trees_url":"https://api.github.com/repos/mergify-test2/functional-testing-repo-sileht/git/trees{/sha}","statuses_url":"https://api.github.com/repos/mergify-test2/functional-testing-repo-sileht/statuses/{sha}","languages_url":"https://api.github.com/repos/mergify-test2/functional-testing-repo-sileht/languages","stargazers_url":"https://api.github.com/repos/mergify-test2/functional-testing-repo-sileht/stargazers","contributors_url":"https://api.github.com/repos/mergify-test2/functional-testing-repo-sileht/contributors","subscribers_url":"https://api.github.com/repos/mergify-test2/functional-testing-repo-sileht/subscribers","subscription_url":"https://api.github.com/repos/mergify-test2/functional-testing-repo-sileht/subscription","commits_url":"https://api.github.com/repos/mergify-test2/functional-testing-repo-sileht/commits{/sha}","git_commits_url":"https://api.github.com/repos/mergify-test2/functional-testing-repo-sileht/git/commits{/sha}","comments_url":"https://api.github.com/repos/mergify-test2/functional-testing-repo-sileht/comments{/number}","issue_comment_url":"https://api.github.com/repos/mergify-test2/functional-testing-repo-sileht/issues/comments{/number}","contents_url":"https://api.github.com/repos/mergify-test2/functional-testing-repo-sileht/contents/{+path}","compare_url":"https://api.github.com/repos/mergify-test2/functional-testing-repo-sileht/compare/{base}...{head}","merges_url":"https://api.github.com/repos/mergify-test2/functional-testing-repo-sileht/merges","archive_url":"https://api.github.com/repos/mergify-test2/functional-testing-repo-sileht/{archive_format}{/ref}","downloads_url":"https://api.github.com/repos/mergify-test2/functional-testing-repo-sileht/downloads","issues_url":"https://api.github.com/repos/mergify-test2/functional-testing-repo-sileht/issues{/number}","pulls_url":"https://api.github.com/repos/mergify-test2/functional-testing-repo-sileht/pulls{/number}","milestones_url":"https://api.github.com/repos/mergify-test2/functional-testing-repo-sileht/milestones{/number}","notifications_url":"https://api.github.com/repos/mergify-test2/functional-testing-repo-sileht/notifications{?since,all,participating}","labels_url":"https://api.github.com/repos/mergify-test2/functional-testing-repo-sileht/labels{/name}","releases_url":"https://api.github.com/repos/mergify-test2/functional-testing-repo-sileht/releases{/id}","deployments_url":"https://api.github.com/repos/mergify-test2/functional-testing-repo-sileht/deployments","created_at":"2021-08-24T12:26:26Z","updated_at":"2021-08-24T12:26:27Z","pushed_at":"2021-12-03T10:23:47Z","git_url":"git://github.com/mergify-test2/functional-testing-repo-sileht.git","ssh_url":"git@github.com:mergify-test2/functional-testing-repo-sileht.git","clone_url":"https://github.com/mergify-test2/functional-testing-repo-sileht.git","svn_url":"https://github.com/mergify-test2/functional-testing-repo-sileht","homepage":null,"size":1312,"stargazers_count":0,"watchers_count":0,"language":null,"has_issues":false,"has_projects":true,"has_downloads":true,"has_wiki":true,"has_pages":false,"forks_count":0,"mirror_url":null,"archived":false,"disabled":false,"open_issues_count":0,"license":null,"allow_forking":true,"is_template":false,"topics":[],"visibility":"public","forks":0,"open_issues":0,"watchers":0,"default_branch":"main"}},"base":{"label":"mergifyio-testing:20211203102340/test_no_strict_mode_brownout/main","ref":"20211203102340/test_no_strict_mode_brownout/main","sha":"f7d6232b27929313b04d0b688bdf23b1233d70de","user":{"login":"mergifyio-testing","id":40527191,"node_id":"MDEyOk9yZ2FuaXphdGlvbjQwNTI3MTkx","avatar_url":"https://avatars.githubusercontent.com/u/40527191?v=4","gravatar_id":"","url":"https://api.github.com/users/mergifyio-testing","html_url":"https://github.com/mergifyio-testing","followers_url":"https://api.github.com/users/mergifyio-testing/followers","following_url":"https://api.github.com/users/mergifyio-testing/following{/other_user}","gists_url":"https://api.github.com/users/mergifyio-testing/gists{/gist_id}","starred_url":"https://api.github.com/users/mergifyio-testing/starred{/owner}{/repo}","subscriptions_url":"https://api.github.com/users/mergifyio-testing/subscriptions","organizations_url":"https://api.github.com/users/mergifyio-testing/orgs","repos_url":"https://api.github.com/users/mergifyio-testing/repos","events_url":"https://api.github.com/users/mergifyio-testing/events{/privacy}","received_events_url":"https://api.github.com/users/mergifyio-testing/received_events","type":"Organization","site_admin":false},"repo":{"id":399426199,"node_id":"MDEwOlJlcG9zaXRvcnkzOTk0MjYxOTk=","name":"functional-testing-repo-sileht","full_name":"mergifyio-testing/functional-testing-repo-sileht","private":false,"owner":{"login":"mergifyio-testing","id":40527191,"node_id":"MDEyOk9yZ2FuaXphdGlvbjQwNTI3MTkx","avatar_url":"https://avatars.githubusercontent.com/u/40527191?v=4","gravatar_id":"","url":"https://api.github.com/users/mergifyio-testing","html_url":"https://github.com/mergifyio-testing","followers_url":"https://api.github.com/users/mergifyio-testing/followers","following_url":"https://api.github.com/users/mergifyio-testing/following{/other_user}","gists_url":"https://api.github.com/users/mergifyio-testing/gists{/gist_id}","starred_url":"https://api.github.com/users/mergifyio-testing/starred{/owner}{/repo}","subscriptions_url":"https://api.github.com/users/mergifyio-testing/subscriptions","organizations_url":"https://api.github.com/users/mergifyio-testing/orgs","repos_url":"https://api.github.com/users/mergifyio-testing/repos","events_url":"https://api.github.com/users/mergifyio-testing/events{/privacy}","received_events_url":"https://api.github.com/users/mergifyio-testing/received_events","type":"Organization","site_admin":false},"html_url":"https://github.com/mergifyio-testing/functional-testing-repo-sileht","description":null,"fork":false,"url":"https://api.github.com/repos/mergifyio-testing/functional-testing-repo-sileht","forks_url":"https://api.github.com/repos/mergifyio-testing/functional-testing-repo-sileht/forks","keys_url":"https://api.github.com/repos/mergifyio-testing/functional-testing-repo-sileht/keys{/key_id}","collaborators_url":"https://api.github.com/repos/mergifyio-testing/functional-testing-repo-sileht/collaborators{/collaborator}","teams_url":"https://api.github.com/repos/mergifyio-testing/functional-testing-repo-sileht/teams","hooks_url":"https://api.github.com/repos/mergifyio-testing/functional-testing-repo-sileht/hooks","issue_events_url":"https://api.github.com/repos/mergifyio-testing/functional-testing-repo-sileht/issues/events{/number}","events_url":"https://api.github.com/repos/mergifyio-testing/functional-testing-repo-sileht/events","assignees_url":"https://api.github.com/repos/mergifyio-testing/functional-testing-repo-sileht/assignees{/user}","branches_url":"https://api.github.com/repos/mergifyio-testing/functional-testing-repo-sileht/branches{/branch}","tags_url":"https://api.github.com/repos/mergifyio-testing/functional-testing-repo-sileht/tags","blobs_url":"https://api.github.com/repos/mergifyio-testing/functional-testing-repo-sileht/git/blobs{/sha}","git_tags_url":"https://api.github.com/repos/mergifyio-testing/functional-testing-repo-sileht/git/tags{/sha}","git_refs_url":"https://api.github.com/repos/mergifyio-testing/functional-testing-repo-sileht/git/refs{/sha}","trees_url":"https://api.github.com/repos/mergifyio-testing/functional-testing-repo-sileht/git/trees{/sha}","statuses_url":"https://api.github.com/repos/mergifyio-testing/functional-testing-repo-sileht/statuses/{sha}","languages_url":"https://api.github.com/repos/mergifyio-testing/functional-testing-repo-sileht/languages","stargazers_url":"https://api.github.com/repos/mergifyio-testing/functional-testing-repo-sileht/stargazers","contributors_url":"https://api.github.com/repos/mergifyio-testing/functional-testing-repo-sileht/contributors","subscribers_url":"https://api.github.com/repos/mergifyio-testing/functional-testing-repo-sileht/subscribers","subscription_url":"https://api.github.com/repos/mergifyio-testing/functional-testing-repo-sileht/subscription","commits_url":"https://api.github.com/repos/mergifyio-testing/functional-testing-repo-sileht/commits{/sha}","git_commits_url":"https://api.github.com/repos/mergifyio-testing/functional-testing-repo-sileht/git/commits{/sha}","comments_url":"https://api.github.com/repos/mergifyio-testing/functional-testing-repo-sileht/comments{/number}","issue_comment_url":"https://api.github.com/repos/mergifyio-testing/functional-testing-repo-sileht/issues/comments{/number}","contents_url":"https://api.github.com/repos/mergifyio-testing/functional-testing-repo-sileht/contents/{+path}","compare_url":"https://api.github.com/repos/mergifyio-testing/functional-testing-repo-sileht/compare/{base}...{head}","merges_url":"https://api.github.com/repos/mergifyio-testing/functional-testing-repo-sileht/merges","archive_url":"https://api.github.com/repos/mergifyio-testing/functional-testing-repo-sileht/{archive_format}{/ref}","downloads_url":"https://api.github.com/repos/mergifyio-testing/functional-testing-repo-sileht/downloads","issues_url":"https://api.github.com/repos/mergifyio-testing/functional-testing-repo-sileht/issues{/number}","pulls_url":"https://api.github.com/repos/mergifyio-testing/functional-testing-repo-sileht/pulls{/number}","milestones_url":"https://api.github.com/repos/mergifyio-testing/functional-testing-repo-sileht/milestones{/number}","notifications_url":"https://api.github.com/repos/mergifyio-testing/functional-testing-repo-sileht/notifications{?since,all,participating}","labels_url":"https://api.github.com/repos/mergifyio-testing/functional-testing-repo-sileht/labels{/name}","releases_url":"https://api.github.com/repos/mergifyio-testing/functional-testing-repo-sileht/releases{/id}","deployments_url":"https://api.github.com/repos/mergifyio-testing/functional-testing-repo-sileht/deployments","created_at":"2021-08-24T10:36:34Z","updated_at":"2021-11-30T09:38:27Z","pushed_at":"2021-12-03T10:23:49Z","git_url":"git://github.com/mergifyio-testing/functional-testing-repo-sileht.git","ssh_url":"git@github.com:mergifyio-testing/functional-testing-repo-sileht.git","clone_url":"https://github.com/mergifyio-testing/functional-testing-repo-sileht.git","svn_url":"https://github.com/mergifyio-testing/functional-testing-repo-sileht","homepage":null,"size":1,"stargazers_count":0,"watchers_count":0,"language":null,"has_issues":true,"has_projects":true,"has_downloads":true,"has_wiki":true,"has_pages":false,"forks_count":1,"mirror_url":null,"archived":false,"disabled":false,"open_issues_count":2,"license":null,"allow_forking":true,"is_template":false,"topics":[],"visibility":"public","forks":1,"open_issues":2,"watchers":0,"default_branch":"20211203102340/test_no_strict_mode_brownout/main"}},"_links":{"self":{"href":"https://api.github.com/repos/mergifyio-testing/functional-testing-repo-sileht/pulls/3137"},"html":{"href":"https://github.com/mergifyio-testing/functional-testing-repo-sileht/pull/3137"},"issue":{"href":"https://api.github.com/repos/mergifyio-testing/functional-testing-repo-sileht/issues/3137"},"comments":{"href":"https://api.github.com/repos/mergifyio-testing/functional-testing-repo-sileht/issues/3137/comments"},"review_comments":{"href":"https://api.github.com/repos/mergifyio-testing/functional-testing-repo-sileht/pulls/3137/comments"},"review_comment":{"href":"https://api.github.com/repos/mergifyio-testing/functional-testing-repo-sileht/pulls/comments{/number}"},"commits":{"href":"https://api.github.com/repos/mergifyio-testing/functional-testing-repo-sileht/pulls/3137/commits"},"statuses":{"href":"https://api.github.com/repos/mergifyio-testing/functional-testing-repo-sileht/statuses/600123f04577f9beeb2df75494f87c87e2a349e3"}},"author_association":"NONE","auto_merge":null,"active_lock_reason":null}]'
    headers:
      Content-Encoding:
      - gzip
      Content-Type:
      - application/json; charset=utf-8
      Transfer-Encoding:
      - chunked
      X-GitHub-Media-Type:
      - github.v3; param=machine-man-preview; format=json
    http_version: HTTP/1.1
    status_code: 200
- request:
    body: ''
    headers:
      accept:
      - application/vnd.github.machine-man-preview+json
      host:
      - api.github.com
    method: GET
    uri: https://api.github.com/repositories/399426199/pulls/3137
  response:
    content: '{"url":"https://api.github.com/repos/mergifyio-testing/functional-testing-repo-sileht/pulls/3137","id":794459452,"node_id":"PR_kwDOF87Cl84vWn08","html_url":"https://github.com/mergifyio-testing/functional-testing-repo-sileht/pull/3137","diff_url":"https://github.com/mergifyio-testing/functional-testing-repo-sileht/pull/3137.diff","patch_url":"https://github.com/mergifyio-testing/functional-testing-repo-sileht/pull/3137.patch","issue_url":"https://api.github.com/repos/mergifyio-testing/functional-testing-repo-sileht/issues/3137","number":3137,"state":"open","locked":false,"title":"test_no_strict_mode_brownout:
      pull request n1 from fork","user":{"login":"mergify-test2","id":38495008,"node_id":"MDQ6VXNlcjM4NDk1MDA4","avatar_url":"https://avatars.githubusercontent.com/u/38495008?v=4","gravatar_id":"","url":"https://api.github.com/users/mergify-test2","html_url":"https://github.com/mergify-test2","followers_url":"https://api.github.com/users/mergify-test2/followers","following_url":"https://api.github.com/users/mergify-test2/following{/other_user}","gists_url":"https://api.github.com/users/mergify-test2/gists{/gist_id}","starred_url":"https://api.github.com/users/mergify-test2/starred{/owner}{/repo}","subscriptions_url":"https://api.github.com/users/mergify-test2/subscriptions","organizations_url":"https://api.github.com/users/mergify-test2/orgs","repos_url":"https://api.github.com/users/mergify-test2/repos","events_url":"https://api.github.com/users/mergify-test2/events{/privacy}","received_events_url":"https://api.github.com/users/mergify-test2/received_events","type":"User","site_admin":false},"body":"test_no_strict_mode_brownout:
      pull request n1 from fork","created_at":"2021-12-03T10:23:48Z","updated_at":"2021-12-03T10:23:48Z","closed_at":null,"merged_at":null,"merge_commit_sha":"1a229397a3395893d662eb08bf26373bfcbf5a8c","assignee":null,"assignees":[],"requested_reviewers":[],"requested_teams":[],"labels":[],"milestone":null,"draft":false,"commits_url":"https://api.github.com/repos/mergifyio-testing/functional-testing-repo-sileht/pulls/3137/commits","review_comments_url":"https://api.github.com/repos/mergifyio-testing/functional-testing-repo-sileht/pulls/3137/comments","review_comment_url":"https://api.github.com/repos/mergifyio-testing/functional-testing-repo-sileht/pulls/comments{/number}","comments_url":"https://api.github.com/repos/mergifyio-testing/functional-testing-repo-sileht/issues/3137/comments","statuses_url":"https://api.github.com/repos/mergifyio-testing/functional-testing-repo-sileht/statuses/600123f04577f9beeb2df75494f87c87e2a349e3","head":{"label":"mergify-test2:20211203102340/test_no_strict_mode_brownout/fork/pr1","ref":"20211203102340/test_no_strict_mode_brownout/fork/pr1","sha":"600123f04577f9beeb2df75494f87c87e2a349e3","user":{"login":"mergify-test2","id":38495008,"node_id":"MDQ6VXNlcjM4NDk1MDA4","avatar_url":"https://avatars.githubusercontent.com/u/38495008?v=4","gravatar_id":"","url":"https://api.github.com/users/mergify-test2","html_url":"https://github.com/mergify-test2","followers_url":"https://api.github.com/users/mergify-test2/followers","following_url":"https://api.github.com/users/mergify-test2/following{/other_user}","gists_url":"https://api.github.com/users/mergify-test2/gists{/gist_id}","starred_url":"https://api.github.com/users/mergify-test2/starred{/owner}{/repo}","subscriptions_url":"https://api.github.com/users/mergify-test2/subscriptions","organizations_url":"https://api.github.com/users/mergify-test2/orgs","repos_url":"https://api.github.com/users/mergify-test2/repos","events_url":"https://api.github.com/users/mergify-test2/events{/privacy}","received_events_url":"https://api.github.com/users/mergify-test2/received_events","type":"User","site_admin":false},"repo":{"id":399456174,"node_id":"MDEwOlJlcG9zaXRvcnkzOTk0NTYxNzQ=","name":"functional-testing-repo-sileht","full_name":"mergify-test2/functional-testing-repo-sileht","private":false,"owner":{"login":"mergify-test2","id":38495008,"node_id":"MDQ6VXNlcjM4NDk1MDA4","avatar_url":"https://avatars.githubusercontent.com/u/38495008?v=4","gravatar_id":"","url":"https://api.github.com/users/mergify-test2","html_url":"https://github.com/mergify-test2","followers_url":"https://api.github.com/users/mergify-test2/followers","following_url":"https://api.github.com/users/mergify-test2/following{/other_user}","gists_url":"https://api.github.com/users/mergify-test2/gists{/gist_id}","starred_url":"https://api.github.com/users/mergify-test2/starred{/owner}{/repo}","subscriptions_url":"https://api.github.com/users/mergify-test2/subscriptions","organizations_url":"https://api.github.com/users/mergify-test2/orgs","repos_url":"https://api.github.com/users/mergify-test2/repos","events_url":"https://api.github.com/users/mergify-test2/events{/privacy}","received_events_url":"https://api.github.com/users/mergify-test2/received_events","type":"User","site_admin":false},"html_url":"https://github.com/mergify-test2/functional-testing-repo-sileht","description":null,"fork":true,"url":"https://api.github.com/repos/mergify-test2/functional-testing-repo-sileht","forks_url":"https://api.github.com/repos/mergify-test2/functional-testing-repo-sileht/forks","keys_url":"https://api.github.com/repos/mergify-test2/functional-testing-repo-sileht/keys{/key_id}","collaborators_url":"https://api.github.com/repos/mergify-test2/functional-testing-repo-sileht/collaborators{/collaborator}","teams_url":"https://api.github.com/repos/mergify-test2/functional-testing-repo-sileht/teams","hooks_url":"https://api.github.com/repos/mergify-test2/functional-testing-repo-sileht/hooks","issue_events_url":"https://api.github.com/repos/mergify-test2/functional-testing-repo-sileht/issues/events{/number}","events_url":"https://api.github.com/repos/mergify-test2/functional-testing-repo-sileht/events","assignees_url":"https://api.github.com/repos/mergify-test2/functional-testing-repo-sileht/assignees{/user}","branches_url":"https://api.github.com/repos/mergify-test2/functional-testing-repo-sileht/branches{/branch}","tags_url":"https://api.github.com/repos/mergify-test2/functional-testing-repo-sileht/tags","blobs_url":"https://api.github.com/repos/mergify-test2/functional-testing-repo-sileht/git/blobs{/sha}","git_tags_url":"https://api.github.com/repos/mergify-test2/functional-testing-repo-sileht/git/tags{/sha}","git_refs_url":"https://api.github.com/repos/mergify-test2/functional-testing-repo-sileht/git/refs{/sha}","trees_url":"https://api.github.com/repos/mergify-test2/functional-testing-repo-sileht/git/trees{/sha}","statuses_url":"https://api.github.com/repos/mergify-test2/functional-testing-repo-sileht/statuses/{sha}","languages_url":"https://api.github.com/repos/mergify-test2/functional-testing-repo-sileht/languages","stargazers_url":"https://api.github.com/repos/mergify-test2/functional-testing-repo-sileht/stargazers","contributors_url":"https://api.github.com/repos/mergify-test2/functional-testing-repo-sileht/contributors","subscribers_url":"https://api.github.com/repos/mergify-test2/functional-testing-repo-sileht/subscribers","subscription_url":"https://api.github.com/repos/mergify-test2/functional-testing-repo-sileht/subscription","commits_url":"https://api.github.com/repos/mergify-test2/functional-testing-repo-sileht/commits{/sha}","git_commits_url":"https://api.github.com/repos/mergify-test2/functional-testing-repo-sileht/git/commits{/sha}","comments_url":"https://api.github.com/repos/mergify-test2/functional-testing-repo-sileht/comments{/number}","issue_comment_url":"https://api.github.com/repos/mergify-test2/functional-testing-repo-sileht/issues/comments{/number}","contents_url":"https://api.github.com/repos/mergify-test2/functional-testing-repo-sileht/contents/{+path}","compare_url":"https://api.github.com/repos/mergify-test2/functional-testing-repo-sileht/compare/{base}...{head}","merges_url":"https://api.github.com/repos/mergify-test2/functional-testing-repo-sileht/merges","archive_url":"https://api.github.com/repos/mergify-test2/functional-testing-repo-sileht/{archive_format}{/ref}","downloads_url":"https://api.github.com/repos/mergify-test2/functional-testing-repo-sileht/downloads","issues_url":"https://api.github.com/repos/mergify-test2/functional-testing-repo-sileht/issues{/number}","pulls_url":"https://api.github.com/repos/mergify-test2/functional-testing-repo-sileht/pulls{/number}","milestones_url":"https://api.github.com/repos/mergify-test2/functional-testing-repo-sileht/milestones{/number}","notifications_url":"https://api.github.com/repos/mergify-test2/functional-testing-repo-sileht/notifications{?since,all,participating}","labels_url":"https://api.github.com/repos/mergify-test2/functional-testing-repo-sileht/labels{/name}","releases_url":"https://api.github.com/repos/mergify-test2/functional-testing-repo-sileht/releases{/id}","deployments_url":"https://api.github.com/repos/mergify-test2/functional-testing-repo-sileht/deployments","created_at":"2021-08-24T12:26:26Z","updated_at":"2021-08-24T12:26:27Z","pushed_at":"2021-12-03T10:23:47Z","git_url":"git://github.com/mergify-test2/functional-testing-repo-sileht.git","ssh_url":"git@github.com:mergify-test2/functional-testing-repo-sileht.git","clone_url":"https://github.com/mergify-test2/functional-testing-repo-sileht.git","svn_url":"https://github.com/mergify-test2/functional-testing-repo-sileht","homepage":null,"size":1312,"stargazers_count":0,"watchers_count":0,"language":null,"has_issues":false,"has_projects":true,"has_downloads":true,"has_wiki":true,"has_pages":false,"forks_count":0,"mirror_url":null,"archived":false,"disabled":false,"open_issues_count":0,"license":null,"allow_forking":true,"is_template":false,"topics":[],"visibility":"public","forks":0,"open_issues":0,"watchers":0,"default_branch":"main"}},"base":{"label":"mergifyio-testing:20211203102340/test_no_strict_mode_brownout/main","ref":"20211203102340/test_no_strict_mode_brownout/main","sha":"f7d6232b27929313b04d0b688bdf23b1233d70de","user":{"login":"mergifyio-testing","id":40527191,"node_id":"MDEyOk9yZ2FuaXphdGlvbjQwNTI3MTkx","avatar_url":"https://avatars.githubusercontent.com/u/40527191?v=4","gravatar_id":"","url":"https://api.github.com/users/mergifyio-testing","html_url":"https://github.com/mergifyio-testing","followers_url":"https://api.github.com/users/mergifyio-testing/followers","following_url":"https://api.github.com/users/mergifyio-testing/following{/other_user}","gists_url":"https://api.github.com/users/mergifyio-testing/gists{/gist_id}","starred_url":"https://api.github.com/users/mergifyio-testing/starred{/owner}{/repo}","subscriptions_url":"https://api.github.com/users/mergifyio-testing/subscriptions","organizations_url":"https://api.github.com/users/mergifyio-testing/orgs","repos_url":"https://api.github.com/users/mergifyio-testing/repos","events_url":"https://api.github.com/users/mergifyio-testing/events{/privacy}","received_events_url":"https://api.github.com/users/mergifyio-testing/received_events","type":"Organization","site_admin":false},"repo":{"id":399426199,"node_id":"MDEwOlJlcG9zaXRvcnkzOTk0MjYxOTk=","name":"functional-testing-repo-sileht","full_name":"mergifyio-testing/functional-testing-repo-sileht","private":false,"owner":{"login":"mergifyio-testing","id":40527191,"node_id":"MDEyOk9yZ2FuaXphdGlvbjQwNTI3MTkx","avatar_url":"https://avatars.githubusercontent.com/u/40527191?v=4","gravatar_id":"","url":"https://api.github.com/users/mergifyio-testing","html_url":"https://github.com/mergifyio-testing","followers_url":"https://api.github.com/users/mergifyio-testing/followers","following_url":"https://api.github.com/users/mergifyio-testing/following{/other_user}","gists_url":"https://api.github.com/users/mergifyio-testing/gists{/gist_id}","starred_url":"https://api.github.com/users/mergifyio-testing/starred{/owner}{/repo}","subscriptions_url":"https://api.github.com/users/mergifyio-testing/subscriptions","organizations_url":"https://api.github.com/users/mergifyio-testing/orgs","repos_url":"https://api.github.com/users/mergifyio-testing/repos","events_url":"https://api.github.com/users/mergifyio-testing/events{/privacy}","received_events_url":"https://api.github.com/users/mergifyio-testing/received_events","type":"Organization","site_admin":false},"html_url":"https://github.com/mergifyio-testing/functional-testing-repo-sileht","description":null,"fork":false,"url":"https://api.github.com/repos/mergifyio-testing/functional-testing-repo-sileht","forks_url":"https://api.github.com/repos/mergifyio-testing/functional-testing-repo-sileht/forks","keys_url":"https://api.github.com/repos/mergifyio-testing/functional-testing-repo-sileht/keys{/key_id}","collaborators_url":"https://api.github.com/repos/mergifyio-testing/functional-testing-repo-sileht/collaborators{/collaborator}","teams_url":"https://api.github.com/repos/mergifyio-testing/functional-testing-repo-sileht/teams","hooks_url":"https://api.github.com/repos/mergifyio-testing/functional-testing-repo-sileht/hooks","issue_events_url":"https://api.github.com/repos/mergifyio-testing/functional-testing-repo-sileht/issues/events{/number}","events_url":"https://api.github.com/repos/mergifyio-testing/functional-testing-repo-sileht/events","assignees_url":"https://api.github.com/repos/mergifyio-testing/functional-testing-repo-sileht/assignees{/user}","branches_url":"https://api.github.com/repos/mergifyio-testing/functional-testing-repo-sileht/branches{/branch}","tags_url":"https://api.github.com/repos/mergifyio-testing/functional-testing-repo-sileht/tags","blobs_url":"https://api.github.com/repos/mergifyio-testing/functional-testing-repo-sileht/git/blobs{/sha}","git_tags_url":"https://api.github.com/repos/mergifyio-testing/functional-testing-repo-sileht/git/tags{/sha}","git_refs_url":"https://api.github.com/repos/mergifyio-testing/functional-testing-repo-sileht/git/refs{/sha}","trees_url":"https://api.github.com/repos/mergifyio-testing/functional-testing-repo-sileht/git/trees{/sha}","statuses_url":"https://api.github.com/repos/mergifyio-testing/functional-testing-repo-sileht/statuses/{sha}","languages_url":"https://api.github.com/repos/mergifyio-testing/functional-testing-repo-sileht/languages","stargazers_url":"https://api.github.com/repos/mergifyio-testing/functional-testing-repo-sileht/stargazers","contributors_url":"https://api.github.com/repos/mergifyio-testing/functional-testing-repo-sileht/contributors","subscribers_url":"https://api.github.com/repos/mergifyio-testing/functional-testing-repo-sileht/subscribers","subscription_url":"https://api.github.com/repos/mergifyio-testing/functional-testing-repo-sileht/subscription","commits_url":"https://api.github.com/repos/mergifyio-testing/functional-testing-repo-sileht/commits{/sha}","git_commits_url":"https://api.github.com/repos/mergifyio-testing/functional-testing-repo-sileht/git/commits{/sha}","comments_url":"https://api.github.com/repos/mergifyio-testing/functional-testing-repo-sileht/comments{/number}","issue_comment_url":"https://api.github.com/repos/mergifyio-testing/functional-testing-repo-sileht/issues/comments{/number}","contents_url":"https://api.github.com/repos/mergifyio-testing/functional-testing-repo-sileht/contents/{+path}","compare_url":"https://api.github.com/repos/mergifyio-testing/functional-testing-repo-sileht/compare/{base}...{head}","merges_url":"https://api.github.com/repos/mergifyio-testing/functional-testing-repo-sileht/merges","archive_url":"https://api.github.com/repos/mergifyio-testing/functional-testing-repo-sileht/{archive_format}{/ref}","downloads_url":"https://api.github.com/repos/mergifyio-testing/functional-testing-repo-sileht/downloads","issues_url":"https://api.github.com/repos/mergifyio-testing/functional-testing-repo-sileht/issues{/number}","pulls_url":"https://api.github.com/repos/mergifyio-testing/functional-testing-repo-sileht/pulls{/number}","milestones_url":"https://api.github.com/repos/mergifyio-testing/functional-testing-repo-sileht/milestones{/number}","notifications_url":"https://api.github.com/repos/mergifyio-testing/functional-testing-repo-sileht/notifications{?since,all,participating}","labels_url":"https://api.github.com/repos/mergifyio-testing/functional-testing-repo-sileht/labels{/name}","releases_url":"https://api.github.com/repos/mergifyio-testing/functional-testing-repo-sileht/releases{/id}","deployments_url":"https://api.github.com/repos/mergifyio-testing/functional-testing-repo-sileht/deployments","created_at":"2021-08-24T10:36:34Z","updated_at":"2021-11-30T09:38:27Z","pushed_at":"2021-12-03T10:23:49Z","git_url":"git://github.com/mergifyio-testing/functional-testing-repo-sileht.git","ssh_url":"git@github.com:mergifyio-testing/functional-testing-repo-sileht.git","clone_url":"https://github.com/mergifyio-testing/functional-testing-repo-sileht.git","svn_url":"https://github.com/mergifyio-testing/functional-testing-repo-sileht","homepage":null,"size":1,"stargazers_count":0,"watchers_count":0,"language":null,"has_issues":true,"has_projects":true,"has_downloads":true,"has_wiki":true,"has_pages":false,"forks_count":1,"mirror_url":null,"archived":false,"disabled":false,"open_issues_count":2,"license":null,"allow_forking":true,"is_template":false,"topics":[],"visibility":"public","forks":1,"open_issues":2,"watchers":0,"default_branch":"20211203102340/test_no_strict_mode_brownout/main"}},"_links":{"self":{"href":"https://api.github.com/repos/mergifyio-testing/functional-testing-repo-sileht/pulls/3137"},"html":{"href":"https://github.com/mergifyio-testing/functional-testing-repo-sileht/pull/3137"},"issue":{"href":"https://api.github.com/repos/mergifyio-testing/functional-testing-repo-sileht/issues/3137"},"comments":{"href":"https://api.github.com/repos/mergifyio-testing/functional-testing-repo-sileht/issues/3137/comments"},"review_comments":{"href":"https://api.github.com/repos/mergifyio-testing/functional-testing-repo-sileht/pulls/3137/comments"},"review_comment":{"href":"https://api.github.com/repos/mergifyio-testing/functional-testing-repo-sileht/pulls/comments{/number}"},"commits":{"href":"https://api.github.com/repos/mergifyio-testing/functional-testing-repo-sileht/pulls/3137/commits"},"statuses":{"href":"https://api.github.com/repos/mergifyio-testing/functional-testing-repo-sileht/statuses/600123f04577f9beeb2df75494f87c87e2a349e3"}},"author_association":"NONE","auto_merge":null,"active_lock_reason":null,"merged":false,"mergeable":true,"rebaseable":true,"mergeable_state":"clean","merged_by":null,"comments":0,"review_comments":0,"maintainer_can_modify":true,"commits":1,"additions":0,"deletions":0,"changed_files":1}'
    headers:
      Content-Encoding:
      - gzip
      Content-Type:
      - application/json; charset=utf-8
      Transfer-Encoding:
      - chunked
      X-GitHub-Media-Type:
      - github.v3; param=machine-man-preview; format=json
    http_version: HTTP/1.1
    status_code: 200
- request:
    body: ''
    headers:
      accept:
      - application/vnd.github.machine-man-preview+json
      host:
      - api.github.com
    method: GET
    uri: https://api.github.com/repos/mergifyio-testing/functional-testing-repo-sileht/contents/.mergify.yml
  response:
    content: '{"name":".mergify.yml","path":".mergify.yml","sha":"106a86ed05537141fb7257f7db2833b084fcff1a","size":228,"url":"https://api.github.com/repos/mergifyio-testing/functional-testing-repo-sileht/contents/.mergify.yml?ref=20211203102340/test_no_strict_mode_brownout/main","html_url":"https://github.com/mergifyio-testing/functional-testing-repo-sileht/blob/20211203102340/test_no_strict_mode_brownout/main/.mergify.yml","git_url":"https://api.github.com/repos/mergifyio-testing/functional-testing-repo-sileht/git/blobs/106a86ed05537141fb7257f7db2833b084fcff1a","download_url":"https://raw.githubusercontent.com/mergifyio-testing/functional-testing-repo-sileht/20211203102340/test_no_strict_mode_brownout/main/.mergify.yml","type":"file","content":"cHVsbF9yZXF1ZXN0X3J1bGVzOgotIGFjdGlvbnM6CiAgICBtZXJnZToKICAg\nICAgcHJpb3JpdHk6IGhpZ2gKICBjb25kaXRpb25zOgogIC0gYmFzZT0yMDIx\nMTIwMzEwMjM0MC90ZXN0X25vX3N0cmljdF9tb2RlX2Jyb3dub3V0L21haW4K\nICAtIGxhYmVsPWhpZ2gKICAtIHN0YXR1cy1zdWNjZXNzPWNvbnRpbnVvdXMt\naW50ZWdyYXRpb24vZmFrZS1jaQogIG5hbWU6IE1lcmdlIHByaW9yaXR5IGhp\nZ2gK\n","encoding":"base64","_links":{"self":"https://api.github.com/repos/mergifyio-testing/functional-testing-repo-sileht/contents/.mergify.yml?ref=20211203102340/test_no_strict_mode_brownout/main","git":"https://api.github.com/repos/mergifyio-testing/functional-testing-repo-sileht/git/blobs/106a86ed05537141fb7257f7db2833b084fcff1a","html":"https://github.com/mergifyio-testing/functional-testing-repo-sileht/blob/20211203102340/test_no_strict_mode_brownout/main/.mergify.yml"}}'
    headers:
      Content-Encoding:
      - gzip
      Content-Type:
      - application/json; charset=utf-8
      Transfer-Encoding:
      - chunked
      X-GitHub-Media-Type:
      - github.v3; param=machine-man-preview; format=json
    http_version: HTTP/1.1
    status_code: 200
- request:
    body: ''
    headers:
      accept:
      - application/vnd.github.machine-man-preview+json
      host:
      - api.github.com
    method: GET
    uri: https://api.github.com/repos/mergifyio-testing/functional-testing-repo-sileht/pulls/3137/files?per_page=100
  response:
    content: '[{"sha":"e69de29bb2d1d6434b8b29ae775ad8c2e48c5391","filename":"test1","status":"added","additions":0,"deletions":0,"changes":0,"blob_url":"https://github.com/mergifyio-testing/functional-testing-repo-sileht/blob/600123f04577f9beeb2df75494f87c87e2a349e3/test1","raw_url":"https://github.com/mergifyio-testing/functional-testing-repo-sileht/raw/600123f04577f9beeb2df75494f87c87e2a349e3/test1","contents_url":"https://api.github.com/repos/mergifyio-testing/functional-testing-repo-sileht/contents/test1?ref=600123f04577f9beeb2df75494f87c87e2a349e3"}]'
    headers:
      Content-Encoding:
      - gzip
      Content-Type:
      - application/json; charset=utf-8
      Transfer-Encoding:
      - chunked
      X-GitHub-Media-Type:
      - github.v3; param=machine-man-preview; format=json
    http_version: HTTP/1.1
    status_code: 200
- request:
    body: ''
    headers:
      accept:
      - application/vnd.github.machine-man-preview+json
      host:
      - api.github.com
    method: GET
    uri: https://api.github.com/repos/mergifyio-testing/functional-testing-repo-sileht/issues/3137/comments?per_page=100
  response:
    content: '[]'
    headers:
      Content-Length:
      - '2'
      Content-Type:
      - application/json; charset=utf-8
      X-GitHub-Media-Type:
      - github.v3; param=machine-man-preview; format=json
    http_version: HTTP/1.1
    status_code: 200
- request:
    body: ''
    headers:
      accept:
      - application/vnd.github.antiope-preview+json
      host:
      - api.github.com
    method: GET
    uri: https://api.github.com/repos/mergifyio-testing/functional-testing-repo-sileht/commits/600123f04577f9beeb2df75494f87c87e2a349e3/check-runs?per_page=100
  response:
    content: '{"total_count":0,"check_runs":[]}'
    headers:
      Content-Encoding:
      - gzip
      Content-Type:
      - application/json; charset=utf-8
      Transfer-Encoding:
      - chunked
      X-GitHub-Media-Type:
      - github.v3; param=antiope-preview; format=json
    http_version: HTTP/1.1
    status_code: 200
- request:
    body: ''
    headers:
      accept:
      - application/vnd.github.luke-cage-preview+json
      host:
      - api.github.com
    method: GET
    uri: https://api.github.com/repos/mergifyio-testing/functional-testing-repo-sileht/branches/20211203102340%2Ftest_no_strict_mode_brownout%2Fmain/protection
  response:
    content: '{"message":"Branch not protected","documentation_url":"https://docs.github.com/rest/reference/repos#get-branch-protection"}'
    headers:
      Content-Encoding:
      - gzip
      Content-Type:
      - application/json; charset=utf-8
      Transfer-Encoding:
      - chunked
      X-GitHub-Media-Type:
      - github.v3; param=luke-cage-preview; format=json
    http_version: HTTP/1.1
    status_code: 404
- request:
    body: ''
    headers:
      accept:
      - application/vnd.github.machine-man-preview+json
      host:
      - api.github.com
    method: GET
    uri: https://api.github.com/repos/mergifyio-testing/functional-testing-repo-sileht/commits/600123f04577f9beeb2df75494f87c87e2a349e3/status?per_page=100
  response:
    content: '{"state":"pending","statuses":[],"sha":"600123f04577f9beeb2df75494f87c87e2a349e3","total_count":0,"repository":{"id":399426199,"node_id":"MDEwOlJlcG9zaXRvcnkzOTk0MjYxOTk=","name":"functional-testing-repo-sileht","full_name":"mergifyio-testing/functional-testing-repo-sileht","private":false,"owner":{"login":"mergifyio-testing","id":40527191,"node_id":"MDEyOk9yZ2FuaXphdGlvbjQwNTI3MTkx","avatar_url":"https://avatars.githubusercontent.com/u/40527191?v=4","gravatar_id":"","url":"https://api.github.com/users/mergifyio-testing","html_url":"https://github.com/mergifyio-testing","followers_url":"https://api.github.com/users/mergifyio-testing/followers","following_url":"https://api.github.com/users/mergifyio-testing/following{/other_user}","gists_url":"https://api.github.com/users/mergifyio-testing/gists{/gist_id}","starred_url":"https://api.github.com/users/mergifyio-testing/starred{/owner}{/repo}","subscriptions_url":"https://api.github.com/users/mergifyio-testing/subscriptions","organizations_url":"https://api.github.com/users/mergifyio-testing/orgs","repos_url":"https://api.github.com/users/mergifyio-testing/repos","events_url":"https://api.github.com/users/mergifyio-testing/events{/privacy}","received_events_url":"https://api.github.com/users/mergifyio-testing/received_events","type":"Organization","site_admin":false},"html_url":"https://github.com/mergifyio-testing/functional-testing-repo-sileht","description":null,"fork":false,"url":"https://api.github.com/repos/mergifyio-testing/functional-testing-repo-sileht","forks_url":"https://api.github.com/repos/mergifyio-testing/functional-testing-repo-sileht/forks","keys_url":"https://api.github.com/repos/mergifyio-testing/functional-testing-repo-sileht/keys{/key_id}","collaborators_url":"https://api.github.com/repos/mergifyio-testing/functional-testing-repo-sileht/collaborators{/collaborator}","teams_url":"https://api.github.com/repos/mergifyio-testing/functional-testing-repo-sileht/teams","hooks_url":"https://api.github.com/repos/mergifyio-testing/functional-testing-repo-sileht/hooks","issue_events_url":"https://api.github.com/repos/mergifyio-testing/functional-testing-repo-sileht/issues/events{/number}","events_url":"https://api.github.com/repos/mergifyio-testing/functional-testing-repo-sileht/events","assignees_url":"https://api.github.com/repos/mergifyio-testing/functional-testing-repo-sileht/assignees{/user}","branches_url":"https://api.github.com/repos/mergifyio-testing/functional-testing-repo-sileht/branches{/branch}","tags_url":"https://api.github.com/repos/mergifyio-testing/functional-testing-repo-sileht/tags","blobs_url":"https://api.github.com/repos/mergifyio-testing/functional-testing-repo-sileht/git/blobs{/sha}","git_tags_url":"https://api.github.com/repos/mergifyio-testing/functional-testing-repo-sileht/git/tags{/sha}","git_refs_url":"https://api.github.com/repos/mergifyio-testing/functional-testing-repo-sileht/git/refs{/sha}","trees_url":"https://api.github.com/repos/mergifyio-testing/functional-testing-repo-sileht/git/trees{/sha}","statuses_url":"https://api.github.com/repos/mergifyio-testing/functional-testing-repo-sileht/statuses/{sha}","languages_url":"https://api.github.com/repos/mergifyio-testing/functional-testing-repo-sileht/languages","stargazers_url":"https://api.github.com/repos/mergifyio-testing/functional-testing-repo-sileht/stargazers","contributors_url":"https://api.github.com/repos/mergifyio-testing/functional-testing-repo-sileht/contributors","subscribers_url":"https://api.github.com/repos/mergifyio-testing/functional-testing-repo-sileht/subscribers","subscription_url":"https://api.github.com/repos/mergifyio-testing/functional-testing-repo-sileht/subscription","commits_url":"https://api.github.com/repos/mergifyio-testing/functional-testing-repo-sileht/commits{/sha}","git_commits_url":"https://api.github.com/repos/mergifyio-testing/functional-testing-repo-sileht/git/commits{/sha}","comments_url":"https://api.github.com/repos/mergifyio-testing/functional-testing-repo-sileht/comments{/number}","issue_comment_url":"https://api.github.com/repos/mergifyio-testing/functional-testing-repo-sileht/issues/comments{/number}","contents_url":"https://api.github.com/repos/mergifyio-testing/functional-testing-repo-sileht/contents/{+path}","compare_url":"https://api.github.com/repos/mergifyio-testing/functional-testing-repo-sileht/compare/{base}...{head}","merges_url":"https://api.github.com/repos/mergifyio-testing/functional-testing-repo-sileht/merges","archive_url":"https://api.github.com/repos/mergifyio-testing/functional-testing-repo-sileht/{archive_format}{/ref}","downloads_url":"https://api.github.com/repos/mergifyio-testing/functional-testing-repo-sileht/downloads","issues_url":"https://api.github.com/repos/mergifyio-testing/functional-testing-repo-sileht/issues{/number}","pulls_url":"https://api.github.com/repos/mergifyio-testing/functional-testing-repo-sileht/pulls{/number}","milestones_url":"https://api.github.com/repos/mergifyio-testing/functional-testing-repo-sileht/milestones{/number}","notifications_url":"https://api.github.com/repos/mergifyio-testing/functional-testing-repo-sileht/notifications{?since,all,participating}","labels_url":"https://api.github.com/repos/mergifyio-testing/functional-testing-repo-sileht/labels{/name}","releases_url":"https://api.github.com/repos/mergifyio-testing/functional-testing-repo-sileht/releases{/id}","deployments_url":"https://api.github.com/repos/mergifyio-testing/functional-testing-repo-sileht/deployments"},"commit_url":"https://api.github.com/repos/mergifyio-testing/functional-testing-repo-sileht/commits/600123f04577f9beeb2df75494f87c87e2a349e3","url":"https://api.github.com/repos/mergifyio-testing/functional-testing-repo-sileht/commits/600123f04577f9beeb2df75494f87c87e2a349e3/status"}'
    headers:
      Content-Encoding:
      - gzip
      Content-Type:
      - application/json; charset=utf-8
      Transfer-Encoding:
      - chunked
      X-GitHub-Media-Type:
      - github.v3; param=machine-man-preview; format=json
    http_version: HTTP/1.1
    status_code: 200
- request:
    body: '{"name": "Summary", "head_sha": "600123f04577f9beeb2df75494f87c87e2a349e3",
      "status": "completed", "started_at": "2021-12-03T10:23:53.109043+00:00", "details_url":
      "https://github.com/mergifyio-testing/functional-testing-repo-sileht/pull/3137/checks",
      "output": {"title": "1 potential rule", "summary": "### Rule: Merge priority
      high (merge)\n- [X] `base=20211203102340/test_no_strict_mode_brownout/main`\n-
      [ ] `label=high`\n- [ ] `status-success=continuous-integration/fake-ci`\n\n<hr
      />\n:sparkling_heart:&nbsp;&nbsp;Mergify is proud to provide this service for
      free to open source projects.\n\n:rocket:&nbsp;&nbsp;You can help us by [becoming
      a sponsor](/sponsors/Mergifyio)!\n<hr />\n\n<details>\n<summary>Mergify commands
      and options</summary>\n\n<br />\n\nMore conditions and actions can be found
      in the [documentation](https://docs.mergify.com/).\n\nYou can also trigger Mergify
      actions by commenting on this pull request:\n\n- `@Mergifyio refresh` will re-evaluate
      the rules\n- `@Mergifyio rebase` will rebase this PR on its base branch\n- `@Mergifyio
      update` will merge the base branch into this PR\n- `@Mergifyio backport <destination>`
      will backport this PR on `<destination>` branch\n\nAdditionally, on Mergify
      [dashboard](https://dashboard.mergify.com/) you can:\n\n- look at your merge
      queues\n- generate the Mergify configuration with the config editor.\n\nFinally,
      you can contact us on https://mergify.com\n</details>\n<!-- J1J1bGU6IE1lcmdlIHByaW9yaXR5IGhpZ2ggKG1lcmdlKSc6IG5ldXRyYWwK
      -->"}, "external_id": "3137", "conclusion": "success", "completed_at": "2021-12-03T10:23:54.789022+00:00"}'
    headers:
      accept:
      - application/vnd.github.antiope-preview+json
      content-length:
      - '1609'
      content-type:
      - application/json
      host:
      - api.github.com
    method: POST
    uri: https://api.github.com/repos/mergifyio-testing/functional-testing-repo-sileht/check-runs
  response:
    content: '{"id":4406769888,"name":"Summary","node_id":"CR_kwDOF87Cl88AAAABBqn44A","head_sha":"600123f04577f9beeb2df75494f87c87e2a349e3","external_id":"3137","url":"https://api.github.com/repos/mergifyio-testing/functional-testing-repo-sileht/check-runs/4406769888","html_url":"https://github.com/mergifyio-testing/functional-testing-repo-sileht/runs/4406769888","details_url":"https://github.com/mergifyio-testing/functional-testing-repo-sileht/pull/3137/checks","status":"completed","conclusion":"success","started_at":"2021-12-03T10:23:53Z","completed_at":"2021-12-03T10:23:54Z","output":{"title":"1
      potential rule","summary":"### Rule: Merge priority high (merge)\n- [X] `base=20211203102340/test_no_strict_mode_brownout/main`\n-
      [ ] `label=high`\n- [ ] `status-success=continuous-integration/fake-ci`\n\n<hr
      />\n:sparkling_heart:&nbsp;&nbsp;Mergify is proud to provide this service for
      free to open source projects.\n\n:rocket:&nbsp;&nbsp;You can help us by [becoming
      a sponsor](/sponsors/Mergifyio)!\n<hr />\n\n<details>\n<summary>Mergify commands
      and options</summary>\n\n<br />\n\nMore conditions and actions can be found
      in the [documentation](https://docs.mergify.com/).\n\nYou can also trigger Mergify
      actions by commenting on this pull request:\n\n- `@Mergifyio refresh` will re-evaluate
      the rules\n- `@Mergifyio rebase` will rebase this PR on its base branch\n- `@Mergifyio
      update` will merge the base branch into this PR\n- `@Mergifyio backport <destination>`
      will backport this PR on `<destination>` branch\n\nAdditionally, on Mergify
      [dashboard](https://dashboard.mergify.com/) you can:\n\n- look at your merge
      queues\n- generate the Mergify configuration with the config editor.\n\nFinally,
      you can contact us on https://mergify.com\n</details>\n<!-- J1J1bGU6IE1lcmdlIHByaW9yaXR5IGhpZ2ggKG1lcmdlKSc6IG5ldXRyYWwK
      -->","text":null,"annotations_count":0,"annotations_url":"https://api.github.com/repos/mergifyio-testing/functional-testing-repo-sileht/check-runs/4406769888/annotations"},"check_suite":{"id":4543313608},"app":{"id":11221,"slug":"mergify-test","node_id":"MDM6QXBwMTEyMjE=","owner":{"login":"mergifyio-testing","id":40527191,"node_id":"MDEyOk9yZ2FuaXphdGlvbjQwNTI3MTkx","avatar_url":"https://avatars.githubusercontent.com/u/40527191?v=4","gravatar_id":"","url":"https://api.github.com/users/mergifyio-testing","html_url":"https://github.com/mergifyio-testing","followers_url":"https://api.github.com/users/mergifyio-testing/followers","following_url":"https://api.github.com/users/mergifyio-testing/following{/other_user}","gists_url":"https://api.github.com/users/mergifyio-testing/gists{/gist_id}","starred_url":"https://api.github.com/users/mergifyio-testing/starred{/owner}{/repo}","subscriptions_url":"https://api.github.com/users/mergifyio-testing/subscriptions","organizations_url":"https://api.github.com/users/mergifyio-testing/orgs","repos_url":"https://api.github.com/users/mergifyio-testing/repos","events_url":"https://api.github.com/users/mergifyio-testing/events{/privacy}","received_events_url":"https://api.github.com/users/mergifyio-testing/received_events","type":"Organization","site_admin":false},"name":"Mergify-test","description":"Test
      version of Mergify.","external_url":"https://mergify.io","html_url":"https://github.com/apps/mergify-test","created_at":"2018-04-18T13:55:11Z","updated_at":"2021-03-15T16:12:09Z","permissions":{"administration":"read","checks":"write","contents":"write","emails":"read","issues":"write","members":"read","metadata":"read","pages":"write","pull_requests":"write","statuses":"read","workflows":"write"},"events":["check_run","check_suite","issue_comment","merge_queue_entry","pull_request","pull_request_review","pull_request_review_comment","push","status"]},"pull_requests":[]}'
    headers:
      Content-Length:
      - '3754'
      Content-Type:
      - application/json; charset=utf-8
      Location:
      - https://api.github.com/repos/mergifyio-testing/functional-testing-repo-sileht/check-runs/4406769888
      X-GitHub-Media-Type:
      - github.v3; param=antiope-preview; format=json
    http_version: HTTP/1.1
    status_code: 201
- request:
    body: ''
    headers:
      accept:
      - application/vnd.github.antiope-preview+json
      host:
      - api.github.com
    method: GET
    uri: https://api.github.com/repos/mergifyio-testing/functional-testing-repo-sileht/commits/600123f04577f9beeb2df75494f87c87e2a349e3/check-runs?per_page=100
  response:
    content: '{"total_count":1,"check_runs":[{"id":4406769888,"name":"Summary","node_id":"CR_kwDOF87Cl88AAAABBqn44A","head_sha":"600123f04577f9beeb2df75494f87c87e2a349e3","external_id":"3137","url":"https://api.github.com/repos/mergifyio-testing/functional-testing-repo-sileht/check-runs/4406769888","html_url":"https://github.com/mergifyio-testing/functional-testing-repo-sileht/runs/4406769888","details_url":"https://github.com/mergifyio-testing/functional-testing-repo-sileht/pull/3137/checks","status":"completed","conclusion":"success","started_at":"2021-12-03T10:23:53Z","completed_at":"2021-12-03T10:23:54Z","output":{"title":"1
      potential rule","summary":"### Rule: Merge priority high (merge)\n- [X] `base=20211203102340/test_no_strict_mode_brownout/main`\n-
      [ ] `label=high`\n- [ ] `status-success=continuous-integration/fake-ci`\n\n<hr
      />\n:sparkling_heart:&nbsp;&nbsp;Mergify is proud to provide this service for
      free to open source projects.\n\n:rocket:&nbsp;&nbsp;You can help us by [becoming
      a sponsor](/sponsors/Mergifyio)!\n<hr />\n\n<details>\n<summary>Mergify commands
      and options</summary>\n\n<br />\n\nMore conditions and actions can be found
      in the [documentation](https://docs.mergify.com/).\n\nYou can also trigger Mergify
      actions by commenting on this pull request:\n\n- `@Mergifyio refresh` will re-evaluate
      the rules\n- `@Mergifyio rebase` will rebase this PR on its base branch\n- `@Mergifyio
      update` will merge the base branch into this PR\n- `@Mergifyio backport <destination>`
      will backport this PR on `<destination>` branch\n\nAdditionally, on Mergify
      [dashboard](https://dashboard.mergify.com/) you can:\n\n- look at your merge
      queues\n- generate the Mergify configuration with the config editor.\n\nFinally,
      you can contact us on https://mergify.com\n</details>\n<!-- J1J1bGU6IE1lcmdlIHByaW9yaXR5IGhpZ2ggKG1lcmdlKSc6IG5ldXRyYWwK
      -->","text":null,"annotations_count":0,"annotations_url":"https://api.github.com/repos/mergifyio-testing/functional-testing-repo-sileht/check-runs/4406769888/annotations"},"check_suite":{"id":4543313608},"app":{"id":11221,"slug":"mergify-test","node_id":"MDM6QXBwMTEyMjE=","owner":{"login":"mergifyio-testing","id":40527191,"node_id":"MDEyOk9yZ2FuaXphdGlvbjQwNTI3MTkx","avatar_url":"https://avatars.githubusercontent.com/u/40527191?v=4","gravatar_id":"","url":"https://api.github.com/users/mergifyio-testing","html_url":"https://github.com/mergifyio-testing","followers_url":"https://api.github.com/users/mergifyio-testing/followers","following_url":"https://api.github.com/users/mergifyio-testing/following{/other_user}","gists_url":"https://api.github.com/users/mergifyio-testing/gists{/gist_id}","starred_url":"https://api.github.com/users/mergifyio-testing/starred{/owner}{/repo}","subscriptions_url":"https://api.github.com/users/mergifyio-testing/subscriptions","organizations_url":"https://api.github.com/users/mergifyio-testing/orgs","repos_url":"https://api.github.com/users/mergifyio-testing/repos","events_url":"https://api.github.com/users/mergifyio-testing/events{/privacy}","received_events_url":"https://api.github.com/users/mergifyio-testing/received_events","type":"Organization","site_admin":false},"name":"Mergify-test","description":"Test
      version of Mergify.","external_url":"https://mergify.io","html_url":"https://github.com/apps/mergify-test","created_at":"2018-04-18T13:55:11Z","updated_at":"2021-03-15T16:12:09Z","permissions":{"administration":"read","checks":"write","contents":"write","emails":"read","issues":"write","members":"read","metadata":"read","pages":"write","pull_requests":"write","statuses":"read","workflows":"write"},"events":["check_run","check_suite","issue_comment","merge_queue_entry","pull_request","pull_request_review","pull_request_review_comment","push","status"]},"pull_requests":[]}]}'
    headers:
      Content-Encoding:
      - gzip
      Content-Type:
      - application/json; charset=utf-8
      Transfer-Encoding:
      - chunked
      X-GitHub-Media-Type:
      - github.v3; param=antiope-preview; format=json
    http_version: HTTP/1.1
    status_code: 200
- request:
    body: '{"default_branch": "main"}'
    headers:
      accept:
      - application/vnd.github.machine-man-preview+json
      content-length:
      - '26'
      content-type:
      - application/json
      host:
      - api.github.com
    method: PATCH
    uri: https://api.github.com/repos/mergifyio-testing/functional-testing-repo-sileht
  response:
    content: '{"id":399426199,"node_id":"MDEwOlJlcG9zaXRvcnkzOTk0MjYxOTk=","name":"functional-testing-repo-sileht","full_name":"mergifyio-testing/functional-testing-repo-sileht","private":false,"owner":{"login":"mergifyio-testing","id":40527191,"node_id":"MDEyOk9yZ2FuaXphdGlvbjQwNTI3MTkx","avatar_url":"https://avatars.githubusercontent.com/u/40527191?v=4","gravatar_id":"","url":"https://api.github.com/users/mergifyio-testing","html_url":"https://github.com/mergifyio-testing","followers_url":"https://api.github.com/users/mergifyio-testing/followers","following_url":"https://api.github.com/users/mergifyio-testing/following{/other_user}","gists_url":"https://api.github.com/users/mergifyio-testing/gists{/gist_id}","starred_url":"https://api.github.com/users/mergifyio-testing/starred{/owner}{/repo}","subscriptions_url":"https://api.github.com/users/mergifyio-testing/subscriptions","organizations_url":"https://api.github.com/users/mergifyio-testing/orgs","repos_url":"https://api.github.com/users/mergifyio-testing/repos","events_url":"https://api.github.com/users/mergifyio-testing/events{/privacy}","received_events_url":"https://api.github.com/users/mergifyio-testing/received_events","type":"Organization","site_admin":false},"html_url":"https://github.com/mergifyio-testing/functional-testing-repo-sileht","description":null,"fork":false,"url":"https://api.github.com/repos/mergifyio-testing/functional-testing-repo-sileht","forks_url":"https://api.github.com/repos/mergifyio-testing/functional-testing-repo-sileht/forks","keys_url":"https://api.github.com/repos/mergifyio-testing/functional-testing-repo-sileht/keys{/key_id}","collaborators_url":"https://api.github.com/repos/mergifyio-testing/functional-testing-repo-sileht/collaborators{/collaborator}","teams_url":"https://api.github.com/repos/mergifyio-testing/functional-testing-repo-sileht/teams","hooks_url":"https://api.github.com/repos/mergifyio-testing/functional-testing-repo-sileht/hooks","issue_events_url":"https://api.github.com/repos/mergifyio-testing/functional-testing-repo-sileht/issues/events{/number}","events_url":"https://api.github.com/repos/mergifyio-testing/functional-testing-repo-sileht/events","assignees_url":"https://api.github.com/repos/mergifyio-testing/functional-testing-repo-sileht/assignees{/user}","branches_url":"https://api.github.com/repos/mergifyio-testing/functional-testing-repo-sileht/branches{/branch}","tags_url":"https://api.github.com/repos/mergifyio-testing/functional-testing-repo-sileht/tags","blobs_url":"https://api.github.com/repos/mergifyio-testing/functional-testing-repo-sileht/git/blobs{/sha}","git_tags_url":"https://api.github.com/repos/mergifyio-testing/functional-testing-repo-sileht/git/tags{/sha}","git_refs_url":"https://api.github.com/repos/mergifyio-testing/functional-testing-repo-sileht/git/refs{/sha}","trees_url":"https://api.github.com/repos/mergifyio-testing/functional-testing-repo-sileht/git/trees{/sha}","statuses_url":"https://api.github.com/repos/mergifyio-testing/functional-testing-repo-sileht/statuses/{sha}","languages_url":"https://api.github.com/repos/mergifyio-testing/functional-testing-repo-sileht/languages","stargazers_url":"https://api.github.com/repos/mergifyio-testing/functional-testing-repo-sileht/stargazers","contributors_url":"https://api.github.com/repos/mergifyio-testing/functional-testing-repo-sileht/contributors","subscribers_url":"https://api.github.com/repos/mergifyio-testing/functional-testing-repo-sileht/subscribers","subscription_url":"https://api.github.com/repos/mergifyio-testing/functional-testing-repo-sileht/subscription","commits_url":"https://api.github.com/repos/mergifyio-testing/functional-testing-repo-sileht/commits{/sha}","git_commits_url":"https://api.github.com/repos/mergifyio-testing/functional-testing-repo-sileht/git/commits{/sha}","comments_url":"https://api.github.com/repos/mergifyio-testing/functional-testing-repo-sileht/comments{/number}","issue_comment_url":"https://api.github.com/repos/mergifyio-testing/functional-testing-repo-sileht/issues/comments{/number}","contents_url":"https://api.github.com/repos/mergifyio-testing/functional-testing-repo-sileht/contents/{+path}","compare_url":"https://api.github.com/repos/mergifyio-testing/functional-testing-repo-sileht/compare/{base}...{head}","merges_url":"https://api.github.com/repos/mergifyio-testing/functional-testing-repo-sileht/merges","archive_url":"https://api.github.com/repos/mergifyio-testing/functional-testing-repo-sileht/{archive_format}{/ref}","downloads_url":"https://api.github.com/repos/mergifyio-testing/functional-testing-repo-sileht/downloads","issues_url":"https://api.github.com/repos/mergifyio-testing/functional-testing-repo-sileht/issues{/number}","pulls_url":"https://api.github.com/repos/mergifyio-testing/functional-testing-repo-sileht/pulls{/number}","milestones_url":"https://api.github.com/repos/mergifyio-testing/functional-testing-repo-sileht/milestones{/number}","notifications_url":"https://api.github.com/repos/mergifyio-testing/functional-testing-repo-sileht/notifications{?since,all,participating}","labels_url":"https://api.github.com/repos/mergifyio-testing/functional-testing-repo-sileht/labels{/name}","releases_url":"https://api.github.com/repos/mergifyio-testing/functional-testing-repo-sileht/releases{/id}","deployments_url":"https://api.github.com/repos/mergifyio-testing/functional-testing-repo-sileht/deployments","created_at":"2021-08-24T10:36:34Z","updated_at":"2021-11-30T09:38:27Z","pushed_at":"2021-12-03T10:23:49Z","git_url":"git://github.com/mergifyio-testing/functional-testing-repo-sileht.git","ssh_url":"git@github.com:mergifyio-testing/functional-testing-repo-sileht.git","clone_url":"https://github.com/mergifyio-testing/functional-testing-repo-sileht.git","svn_url":"https://github.com/mergifyio-testing/functional-testing-repo-sileht","homepage":null,"size":1,"stargazers_count":0,"watchers_count":0,"language":null,"has_issues":true,"has_projects":true,"has_downloads":true,"has_wiki":true,"has_pages":false,"forks_count":1,"mirror_url":null,"archived":false,"disabled":false,"open_issues_count":2,"license":null,"allow_forking":true,"is_template":false,"topics":[],"visibility":"public","forks":1,"open_issues":2,"watchers":0,"default_branch":"main","permissions":{"admin":true,"maintain":true,"push":true,"triage":true,"pull":true},"allow_squash_merge":true,"allow_merge_commit":true,"allow_rebase_merge":true,"allow_auto_merge":false,"delete_branch_on_merge":false,"allow_update_branch":false,"organization":{"login":"mergifyio-testing","id":40527191,"node_id":"MDEyOk9yZ2FuaXphdGlvbjQwNTI3MTkx","avatar_url":"https://avatars.githubusercontent.com/u/40527191?v=4","gravatar_id":"","url":"https://api.github.com/users/mergifyio-testing","html_url":"https://github.com/mergifyio-testing","followers_url":"https://api.github.com/users/mergifyio-testing/followers","following_url":"https://api.github.com/users/mergifyio-testing/following{/other_user}","gists_url":"https://api.github.com/users/mergifyio-testing/gists{/gist_id}","starred_url":"https://api.github.com/users/mergifyio-testing/starred{/owner}{/repo}","subscriptions_url":"https://api.github.com/users/mergifyio-testing/subscriptions","organizations_url":"https://api.github.com/users/mergifyio-testing/orgs","repos_url":"https://api.github.com/users/mergifyio-testing/repos","events_url":"https://api.github.com/users/mergifyio-testing/events{/privacy}","received_events_url":"https://api.github.com/users/mergifyio-testing/received_events","type":"Organization","site_admin":false},"network_count":1,"subscribers_count":1}'
    headers:
      Content-Encoding:
      - gzip
      Content-Type:
      - application/json; charset=utf-8
      Transfer-Encoding:
      - chunked
      X-Accepted-OAuth-Scopes:
      - ''
      X-GitHub-Media-Type:
      - github.v3; param=machine-man-preview; format=json
      X-OAuth-Scopes:
      - admin:org, delete_repo, read:public_key, repo, user, workflow
    http_version: HTTP/1.1
    status_code: 200
- request:
    body: ''
    headers:
      accept:
      - application/vnd.github.machine-man-preview+json
      host:
      - api.github.com
    method: GET
    uri: https://api.github.com/repos/mergifyio-testing/functional-testing-repo-sileht/branches?per_page=100
  response:
    content: '[{"name":"20211203102340/test_no_strict_mode_brownout/main","commit":{"sha":"f7d6232b27929313b04d0b688bdf23b1233d70de","url":"https://api.github.com/repos/mergifyio-testing/functional-testing-repo-sileht/commits/f7d6232b27929313b04d0b688bdf23b1233d70de"},"protected":false,"protection":{"enabled":false,"required_status_checks":{"enforcement_level":"off","contexts":[],"checks":[]}},"protection_url":"https://api.github.com/repos/mergifyio-testing/functional-testing-repo-sileht/branches/20211203102340/test_no_strict_mode_brownout/main/protection"},{"name":"main","commit":{"sha":"2bfdcec5e797ff68253f2168a151c164dd1a8322","url":"https://api.github.com/repos/mergifyio-testing/functional-testing-repo-sileht/commits/2bfdcec5e797ff68253f2168a151c164dd1a8322"},"protected":true,"protection":{"enabled":true,"required_status_checks":{"enforcement_level":"off","contexts":[],"checks":[]}},"protection_url":"https://api.github.com/repos/mergifyio-testing/functional-testing-repo-sileht/branches/main/protection"},{"name":"sileht-patch-1","commit":{"sha":"6237180e73f44f69230c80c94d75f78a65dc4ad0","url":"https://api.github.com/repos/mergifyio-testing/functional-testing-repo-sileht/commits/6237180e73f44f69230c80c94d75f78a65dc4ad0"},"protected":false,"protection":{"enabled":false,"required_status_checks":{"enforcement_level":"off","contexts":[],"checks":[]}},"protection_url":"https://api.github.com/repos/mergifyio-testing/functional-testing-repo-sileht/branches/sileht-patch-1/protection"}]'
    headers:
      Content-Encoding:
      - gzip
      Content-Type:
      - application/json; charset=utf-8
      Transfer-Encoding:
      - chunked
      X-Accepted-OAuth-Scopes:
      - ''
      X-GitHub-Media-Type:
      - github.v3; param=machine-man-preview; format=json
      X-OAuth-Scopes:
      - admin:org, delete_repo, read:public_key, repo, user, workflow
    http_version: HTTP/1.1
    status_code: 200
- request:
    body: ''
    headers:
      accept:
      - application/vnd.github.machine-man-preview+json
      host:
      - api.github.com
    method: DELETE
    uri: https://api.github.com/repos/mergifyio-testing/functional-testing-repo-sileht/git/refs/heads/20211203102340/test_no_strict_mode_brownout/main
  response:
    content: ''
    headers:
      X-Accepted-OAuth-Scopes:
      - repo
      X-GitHub-Media-Type:
      - github.v3; param=machine-man-preview; format=json
      X-OAuth-Scopes:
      - admin:org, delete_repo, read:public_key, repo, user, workflow
    http_version: HTTP/1.1
    status_code: 204
- request:
    body: ''
    headers:
      accept:
      - application/vnd.github.machine-man-preview+json
      host:
      - api.github.com
    method: GET
    uri: https://api.github.com/repos/mergifyio-testing/functional-testing-repo-sileht/labels?per_page=100
  response:
    content: '[]'
    headers:
      Content-Length:
      - '2'
      Content-Type:
      - application/json; charset=utf-8
      X-Accepted-OAuth-Scopes:
      - repo
      X-GitHub-Media-Type:
      - github.v3; param=machine-man-preview; format=json
      X-OAuth-Scopes:
      - admin:org, delete_repo, read:public_key, repo, user, workflow
    http_version: HTTP/1.1
    status_code: 200
- request:
    body: ''
    headers:
      accept:
      - application/vnd.github.machine-man-preview+json
      host:
      - api.github.com
    method: GET
    uri: https://api.github.com/repos/mergifyio-testing/functional-testing-repo-sileht/pulls?per_page=100
  response:
    content: '[]'
    headers:
      Content-Length:
      - '2'
      Content-Type:
      - application/json; charset=utf-8
      X-Accepted-OAuth-Scopes:
      - ''
      X-GitHub-Media-Type:
      - github.v3; param=machine-man-preview; format=json
      X-OAuth-Scopes:
      - admin:org, delete_repo, read:public_key, repo, user, workflow
    http_version: HTTP/1.1
    status_code: 200
- request:
    body: whatdataisthat
    headers:
      X-Hub-Signature:
      - <SIGNATURE>
      accept:
      - '*/*'
      content-length:
      - '14'
      host:
      - test-forwarder.mergify.io
    method: DELETE
    uri: https://test-forwarder.mergify.io/events/github.com/11221/399426199
  response:
    content: Event queued
    headers:
      Connection:
      - keep-alive
      Content-Length:
      - '12'
      alt-svc:
      - h3=":443"; ma=86400, h3-29=":443"; ma=86400, h3-28=":443"; ma=86400, h3-27=":443";
        ma=86400
      via:
      - 1.1 vegur
    http_version: HTTP/1.1
    status_code: 202
version: 1
